Archive member included to satisfy reference by file (symbol)

.pio/build/adafruit_feather_m0/libf4c/libfeather.a(font.o)
                              .pio/build/adafruit_feather_m0/src/main.o (DEFAULT_PALETTE)
.pio/build/adafruit_feather_m0/libf4c/libfeather.a(init.o)
                              .pio/build/adafruit_feather_m0/src/main.o (Feather::init())
.pio/build/adafruit_feather_m0/libf4c/libfeather.a(input.o)
                              .pio/build/adafruit_feather_m0/libf4c/libfeather.a(init.o) (Input::init())
.pio/build/adafruit_feather_m0/libf4c/libfeather.a(lcd.o)
                              .pio/build/adafruit_feather_m0/libf4c/libfeather.a(init.o) (LCD::init())
.pio/build/adafruit_feather_m0/libf4c/libfeather.a(sd.o)
                              .pio/build/adafruit_feather_m0/libf4c/libfeather.a(init.o) (SD::init())
.pio/build/adafruit_feather_m0/libf4c/libfeather.a(sound.o)
                              .pio/build/adafruit_feather_m0/src/main.o (Sound::init())
.pio/build/adafruit_feather_m0/libf4c/libfeather.a(startup.o)
                              (Reset_Handler)
.pio/build/adafruit_feather_m0/libf4c/libfeather.a(text.o)
                              .pio/build/adafruit_feather_m0/src/main.o (LCD::print(unsigned char const*, unsigned short const*, unsigned short, unsigned short, char const*))
.pio/build/adafruit_feather_m0/libf4c/libfeather.a(timer.o)
                              .pio/build/adafruit_feather_m0/libf4c/libfeather.a(init.o) (initSleep())
.pio/build/adafruit_feather_m0/libf4c/libfeather.a(usb.o)
                              .pio/build/adafruit_feather_m0/libf4c/libfeather.a(init.o) (USB_Type::init())
.pio/build/adafruit_feather_m0/libf4c/libfeather.a(usb_handlers.o)
                              .pio/build/adafruit_feather_m0/libf4c/libfeather.a(usb.o) (USB_Type::Handler_OUT(Serial*))
.pio/build/adafruit_feather_m0/libf4c/libfeather.a(debug.o)
                              .pio/build/adafruit_feather_m0/libf4c/libfeather.a(usb.o) (Debug::input(Serial*, char*, unsigned char))
.pio/build/adafruit_feather_m0/libf4c/libfeather.a(dma.o)
                              .pio/build/adafruit_feather_m0/libf4c/libfeather.a(init.o) (DMA::start())
.pio/build/adafruit_feather_m0/libf4c/libfeather.a(error.o)
                              .pio/build/adafruit_feather_m0/libf4c/libfeather.a(sd.o) (error(char const*, char const*))
.pio/build/adafruit_feather_m0/libf4c/libfeather.a(program.o)
                              .pio/build/adafruit_feather_m0/libf4c/libfeather.a(debug.o) (Program::setResetModeProgram())
.pio/build/adafruit_feather_m0/libf4c/libfeather.a(serial.o)
                              .pio/build/adafruit_feather_m0/libf4c/libfeather.a(usb.o) (Serial::Serial(USB_Type*, unsigned char))
.pio/build/adafruit_feather_m0/libf4c/libfeather.a(usb_descriptors.o)
                              .pio/build/adafruit_feather_m0/libf4c/libfeather.a(usb_handlers.o) (USB_Type::cfgDescriptor)
/Users/gregory/.platformio/packages/toolchain-gccarmnoneeabi/bin/../lib/gcc/arm-none-eabi/7.2.1/../../../../arm-none-eabi/lib/thumb/v6-m/libstdc++_nano.a(new_op.o)
                              .pio/build/adafruit_feather_m0/libf4c/libfeather.a(input.o) (operator new(unsigned int))
/Users/gregory/.platformio/packages/toolchain-gccarmnoneeabi/bin/../lib/gcc/arm-none-eabi/7.2.1/../../../../arm-none-eabi/lib/thumb/v6-m/libstdc++_nano.a(new_handler.o)
                              /Users/gregory/.platformio/packages/toolchain-gccarmnoneeabi/bin/../lib/gcc/arm-none-eabi/7.2.1/../../../../arm-none-eabi/lib/thumb/v6-m/libstdc++_nano.a(new_op.o) (std::get_new_handler())
/Users/gregory/.platformio/packages/toolchain-gccarmnoneeabi/bin/../lib/gcc/arm-none-eabi/7.2.1/../../../../arm-none-eabi/lib/thumb/v6-m/libc_nano.a(lib_a-abort.o)
                              /Users/gregory/.platformio/packages/toolchain-gccarmnoneeabi/bin/../lib/gcc/arm-none-eabi/7.2.1/../../../../arm-none-eabi/lib/thumb/v6-m/libstdc++_nano.a(new_op.o) (abort)
/Users/gregory/.platformio/packages/toolchain-gccarmnoneeabi/bin/../lib/gcc/arm-none-eabi/7.2.1/../../../../arm-none-eabi/lib/thumb/v6-m/libc_nano.a(lib_a-exit.o)
                              /Users/gregory/.platformio/packages/toolchain-gccarmnoneeabi/bin/../lib/gcc/arm-none-eabi/7.2.1/../../../../arm-none-eabi/lib/thumb/v6-m/crt0.o (exit)
/Users/gregory/.platformio/packages/toolchain-gccarmnoneeabi/bin/../lib/gcc/arm-none-eabi/7.2.1/../../../../arm-none-eabi/lib/thumb/v6-m/libc_nano.a(lib_a-impure.o)
                              /Users/gregory/.platformio/packages/toolchain-gccarmnoneeabi/bin/../lib/gcc/arm-none-eabi/7.2.1/../../../../arm-none-eabi/lib/thumb/v6-m/libc_nano.a(lib_a-exit.o) (_global_impure_ptr)
/Users/gregory/.platformio/packages/toolchain-gccarmnoneeabi/bin/../lib/gcc/arm-none-eabi/7.2.1/../../../../arm-none-eabi/lib/thumb/v6-m/libc_nano.a(lib_a-init.o)
                              /Users/gregory/.platformio/packages/toolchain-gccarmnoneeabi/bin/../lib/gcc/arm-none-eabi/7.2.1/../../../../arm-none-eabi/lib/thumb/v6-m/crt0.o (__libc_init_array)
/Users/gregory/.platformio/packages/toolchain-gccarmnoneeabi/bin/../lib/gcc/arm-none-eabi/7.2.1/../../../../arm-none-eabi/lib/thumb/v6-m/libc_nano.a(lib_a-malloc.o)
                              /Users/gregory/.platformio/packages/toolchain-gccarmnoneeabi/bin/../lib/gcc/arm-none-eabi/7.2.1/../../../../arm-none-eabi/lib/thumb/v6-m/libstdc++_nano.a(new_op.o) (malloc)
/Users/gregory/.platformio/packages/toolchain-gccarmnoneeabi/bin/../lib/gcc/arm-none-eabi/7.2.1/../../../../arm-none-eabi/lib/thumb/v6-m/libc_nano.a(lib_a-memcpy-stub.o)
                              .pio/build/adafruit_feather_m0/libf4c/libfeather.a(lcd.o) (memcpy)
/Users/gregory/.platformio/packages/toolchain-gccarmnoneeabi/bin/../lib/gcc/arm-none-eabi/7.2.1/../../../../arm-none-eabi/lib/thumb/v6-m/libc_nano.a(lib_a-memset.o)
                              /Users/gregory/.platformio/packages/toolchain-gccarmnoneeabi/bin/../lib/gcc/arm-none-eabi/7.2.1/../../../../arm-none-eabi/lib/thumb/v6-m/crt0.o (memset)
/Users/gregory/.platformio/packages/toolchain-gccarmnoneeabi/bin/../lib/gcc/arm-none-eabi/7.2.1/../../../../arm-none-eabi/lib/thumb/v6-m/libc_nano.a(lib_a-nano-freer.o)
                              /Users/gregory/.platformio/packages/toolchain-gccarmnoneeabi/bin/../lib/gcc/arm-none-eabi/7.2.1/../../../../arm-none-eabi/lib/thumb/v6-m/libc_nano.a(lib_a-malloc.o) (_free_r)
/Users/gregory/.platformio/packages/toolchain-gccarmnoneeabi/bin/../lib/gcc/arm-none-eabi/7.2.1/../../../../arm-none-eabi/lib/thumb/v6-m/libc_nano.a(lib_a-nano-mallocr.o)
                              /Users/gregory/.platformio/packages/toolchain-gccarmnoneeabi/bin/../lib/gcc/arm-none-eabi/7.2.1/../../../../arm-none-eabi/lib/thumb/v6-m/libc_nano.a(lib_a-malloc.o) (_malloc_r)
/Users/gregory/.platformio/packages/toolchain-gccarmnoneeabi/bin/../lib/gcc/arm-none-eabi/7.2.1/../../../../arm-none-eabi/lib/thumb/v6-m/libc_nano.a(lib_a-sbrkr.o)
                              /Users/gregory/.platformio/packages/toolchain-gccarmnoneeabi/bin/../lib/gcc/arm-none-eabi/7.2.1/../../../../arm-none-eabi/lib/thumb/v6-m/libc_nano.a(lib_a-nano-mallocr.o) (_sbrk_r)
/Users/gregory/.platformio/packages/toolchain-gccarmnoneeabi/bin/../lib/gcc/arm-none-eabi/7.2.1/../../../../arm-none-eabi/lib/thumb/v6-m/libc_nano.a(lib_a-signal.o)
                              /Users/gregory/.platformio/packages/toolchain-gccarmnoneeabi/bin/../lib/gcc/arm-none-eabi/7.2.1/../../../../arm-none-eabi/lib/thumb/v6-m/libc_nano.a(lib_a-abort.o) (raise)
/Users/gregory/.platformio/packages/toolchain-gccarmnoneeabi/bin/../lib/gcc/arm-none-eabi/7.2.1/../../../../arm-none-eabi/lib/thumb/v6-m/libc_nano.a(lib_a-signalr.o)
                              /Users/gregory/.platformio/packages/toolchain-gccarmnoneeabi/bin/../lib/gcc/arm-none-eabi/7.2.1/../../../../arm-none-eabi/lib/thumb/v6-m/libc_nano.a(lib_a-signal.o) (_kill_r)
/Users/gregory/.platformio/packages/toolchain-gccarmnoneeabi/bin/../lib/gcc/arm-none-eabi/7.2.1/../../../../arm-none-eabi/lib/thumb/v6-m/libc_nano.a(lib_a-mlock.o)
                              /Users/gregory/.platformio/packages/toolchain-gccarmnoneeabi/bin/../lib/gcc/arm-none-eabi/7.2.1/../../../../arm-none-eabi/lib/thumb/v6-m/libc_nano.a(lib_a-nano-freer.o) (__malloc_lock)
/Users/gregory/.platformio/packages/toolchain-gccarmnoneeabi/bin/../lib/gcc/arm-none-eabi/7.2.1/../../../../arm-none-eabi/lib/thumb/v6-m/libc_nano.a(lib_a-reent.o)
                              /Users/gregory/.platformio/packages/toolchain-gccarmnoneeabi/bin/../lib/gcc/arm-none-eabi/7.2.1/../../../../arm-none-eabi/lib/thumb/v6-m/libc_nano.a(lib_a-sbrkr.o) (errno)
/Users/gregory/.platformio/packages/toolchain-gccarmnoneeabi/bin/../lib/gcc/arm-none-eabi/7.2.1/../../../../arm-none-eabi/lib/thumb/v6-m/libnosys.a(getpid.o)
                              /Users/gregory/.platformio/packages/toolchain-gccarmnoneeabi/bin/../lib/gcc/arm-none-eabi/7.2.1/../../../../arm-none-eabi/lib/thumb/v6-m/libc_nano.a(lib_a-signalr.o) (_getpid)
/Users/gregory/.platformio/packages/toolchain-gccarmnoneeabi/bin/../lib/gcc/arm-none-eabi/7.2.1/../../../../arm-none-eabi/lib/thumb/v6-m/libnosys.a(kill.o)
                              /Users/gregory/.platformio/packages/toolchain-gccarmnoneeabi/bin/../lib/gcc/arm-none-eabi/7.2.1/../../../../arm-none-eabi/lib/thumb/v6-m/libc_nano.a(lib_a-signalr.o) (_kill)
/Users/gregory/.platformio/packages/toolchain-gccarmnoneeabi/bin/../lib/gcc/arm-none-eabi/7.2.1/../../../../arm-none-eabi/lib/thumb/v6-m/libnosys.a(sbrk.o)
                              /Users/gregory/.platformio/packages/toolchain-gccarmnoneeabi/bin/../lib/gcc/arm-none-eabi/7.2.1/../../../../arm-none-eabi/lib/thumb/v6-m/libc_nano.a(lib_a-sbrkr.o) (_sbrk)
/Users/gregory/.platformio/packages/toolchain-gccarmnoneeabi/bin/../lib/gcc/arm-none-eabi/7.2.1/../../../../arm-none-eabi/lib/thumb/v6-m/libnosys.a(_exit.o)
                              /Users/gregory/.platformio/packages/toolchain-gccarmnoneeabi/bin/../lib/gcc/arm-none-eabi/7.2.1/../../../../arm-none-eabi/lib/thumb/v6-m/libc_nano.a(lib_a-abort.o) (_exit)

Allocating common symbols
Common symbol       size              file

errno               0x4               /Users/gregory/.platformio/packages/toolchain-gccarmnoneeabi/bin/../lib/gcc/arm-none-eabi/7.2.1/../../../../arm-none-eabi/lib/thumb/v6-m/libc_nano.a(lib_a-reent.o)

Discarded input sections

 .text          0x0000000000000000        0x0 /Users/gregory/.platformio/packages/toolchain-gccarmnoneeabi/bin/../lib/gcc/arm-none-eabi/7.2.1/thumb/v6-m/crti.o
 .data          0x0000000000000000        0x0 /Users/gregory/.platformio/packages/toolchain-gccarmnoneeabi/bin/../lib/gcc/arm-none-eabi/7.2.1/thumb/v6-m/crti.o
 .bss           0x0000000000000000        0x0 /Users/gregory/.platformio/packages/toolchain-gccarmnoneeabi/bin/../lib/gcc/arm-none-eabi/7.2.1/thumb/v6-m/crti.o
 .data          0x0000000000000000        0x4 /Users/gregory/.platformio/packages/toolchain-gccarmnoneeabi/bin/../lib/gcc/arm-none-eabi/7.2.1/thumb/v6-m/crtbegin.o
 .text          0x0000000000000000       0x78 /Users/gregory/.platformio/packages/toolchain-gccarmnoneeabi/bin/../lib/gcc/arm-none-eabi/7.2.1/../../../../arm-none-eabi/lib/thumb/v6-m/crt0.o
 .data          0x0000000000000000        0x0 /Users/gregory/.platformio/packages/toolchain-gccarmnoneeabi/bin/../lib/gcc/arm-none-eabi/7.2.1/../../../../arm-none-eabi/lib/thumb/v6-m/crt0.o
 .bss           0x0000000000000000        0x0 /Users/gregory/.platformio/packages/toolchain-gccarmnoneeabi/bin/../lib/gcc/arm-none-eabi/7.2.1/../../../../arm-none-eabi/lib/thumb/v6-m/crt0.o
 .ARM.extab     0x0000000000000000        0x0 /Users/gregory/.platformio/packages/toolchain-gccarmnoneeabi/bin/../lib/gcc/arm-none-eabi/7.2.1/../../../../arm-none-eabi/lib/thumb/v6-m/crt0.o
 .ARM.exidx     0x0000000000000000        0x8 /Users/gregory/.platformio/packages/toolchain-gccarmnoneeabi/bin/../lib/gcc/arm-none-eabi/7.2.1/../../../../arm-none-eabi/lib/thumb/v6-m/crt0.o
 .ARM.attributes
                0x0000000000000000       0x1b /Users/gregory/.platformio/packages/toolchain-gccarmnoneeabi/bin/../lib/gcc/arm-none-eabi/7.2.1/../../../../arm-none-eabi/lib/thumb/v6-m/crt0.o
 .text          0x0000000000000000        0x0 .pio/build/adafruit_feather_m0/src/main.o
 .data          0x0000000000000000        0x0 .pio/build/adafruit_feather_m0/src/main.o
 .bss           0x0000000000000000        0x0 .pio/build/adafruit_feather_m0/src/main.o
 .text          0x0000000000000000        0x0 .pio/build/adafruit_feather_m0/libf4c/libfeather.a(font.o)
 .data          0x0000000000000000        0x0 .pio/build/adafruit_feather_m0/libf4c/libfeather.a(font.o)
 .bss           0x0000000000000000        0x0 .pio/build/adafruit_feather_m0/libf4c/libfeather.a(font.o)
 .text          0x0000000000000000        0x0 .pio/build/adafruit_feather_m0/libf4c/libfeather.a(init.o)
 .data          0x0000000000000000        0x0 .pio/build/adafruit_feather_m0/libf4c/libfeather.a(init.o)
 .bss           0x0000000000000000        0x0 .pio/build/adafruit_feather_m0/libf4c/libfeather.a(init.o)
 .text          0x0000000000000000        0x0 .pio/build/adafruit_feather_m0/libf4c/libfeather.a(input.o)
 .data          0x0000000000000000        0x0 .pio/build/adafruit_feather_m0/libf4c/libfeather.a(input.o)
 .bss           0x0000000000000000        0x0 .pio/build/adafruit_feather_m0/libf4c/libfeather.a(input.o)
 .text          0x0000000000000000        0x0 .pio/build/adafruit_feather_m0/libf4c/libfeather.a(lcd.o)
 .data          0x0000000000000000        0x0 .pio/build/adafruit_feather_m0/libf4c/libfeather.a(lcd.o)
 .bss           0x0000000000000000        0x0 .pio/build/adafruit_feather_m0/libf4c/libfeather.a(lcd.o)
 .group         0x0000000000000000        0xc .pio/build/adafruit_feather_m0/libf4c/libfeather.a(sd.o)
 .text          0x0000000000000000        0x0 .pio/build/adafruit_feather_m0/libf4c/libfeather.a(sd.o)
 .data          0x0000000000000000        0x0 .pio/build/adafruit_feather_m0/libf4c/libfeather.a(sd.o)
 .bss           0x0000000000000000        0x0 .pio/build/adafruit_feather_m0/libf4c/libfeather.a(sd.o)
 .text._ZN2SD7readFatEPm
                0x0000000000000000       0x20 .pio/build/adafruit_feather_m0/libf4c/libfeather.a(sd.o)
 .text._ZN2SD12nextDirEntryEP5FSDir
                0x0000000000000000       0x3c .pio/build/adafruit_feather_m0/libf4c/libfeather.a(sd.o)
 .text._ZN2SD12prevDirEntryEP5FSDirm
                0x0000000000000000       0x4c .pio/build/adafruit_feather_m0/libf4c/libfeather.a(sd.o)
 .text          0x0000000000000000        0x0 .pio/build/adafruit_feather_m0/libf4c/libfeather.a(sound.o)
 .data          0x0000000000000000        0x0 .pio/build/adafruit_feather_m0/libf4c/libfeather.a(sound.o)
 .bss           0x0000000000000000        0x0 .pio/build/adafruit_feather_m0/libf4c/libfeather.a(sound.o)
 .text          0x0000000000000000        0x0 .pio/build/adafruit_feather_m0/libf4c/libfeather.a(startup.o)
 .data          0x0000000000000000        0x0 .pio/build/adafruit_feather_m0/libf4c/libfeather.a(startup.o)
 .bss           0x0000000000000000        0x0 .pio/build/adafruit_feather_m0/libf4c/libfeather.a(startup.o)
 .text          0x0000000000000000        0x0 .pio/build/adafruit_feather_m0/libf4c/libfeather.a(text.o)
 .data          0x0000000000000000        0x0 .pio/build/adafruit_feather_m0/libf4c/libfeather.a(text.o)
 .bss           0x0000000000000000        0x0 .pio/build/adafruit_feather_m0/libf4c/libfeather.a(text.o)
 .text._ZN3LCD8printHexEPKhPKttth
                0x0000000000000000       0xc0 .pio/build/adafruit_feather_m0/libf4c/libfeather.a(text.o)
 .text._ZN3LCD8printlnsEPKhPKtttPKc
                0x0000000000000000       0x6c .pio/build/adafruit_feather_m0/libf4c/libfeather.a(text.o)
 .text          0x0000000000000000        0x0 .pio/build/adafruit_feather_m0/libf4c/libfeather.a(timer.o)
 .data          0x0000000000000000        0x0 .pio/build/adafruit_feather_m0/libf4c/libfeather.a(timer.o)
 .bss           0x0000000000000000        0x0 .pio/build/adafruit_feather_m0/libf4c/libfeather.a(timer.o)
 .text._Z8sleep_mst
                0x0000000000000000       0x38 .pio/build/adafruit_feather_m0/libf4c/libfeather.a(timer.o)
 .text          0x0000000000000000        0x0 .pio/build/adafruit_feather_m0/libf4c/libfeather.a(usb.o)
 .data          0x0000000000000000        0x0 .pio/build/adafruit_feather_m0/libf4c/libfeather.a(usb.o)
 .bss           0x0000000000000000        0x0 .pio/build/adafruit_feather_m0/libf4c/libfeather.a(usb.o)
 .text._ZN8USB_Type17waitForConnectionEv
                0x0000000000000000        0xe .pio/build/adafruit_feather_m0/libf4c/libfeather.a(usb.o)
 .text          0x0000000000000000        0x0 .pio/build/adafruit_feather_m0/libf4c/libfeather.a(usb_handlers.o)
 .data          0x0000000000000000        0x0 .pio/build/adafruit_feather_m0/libf4c/libfeather.a(usb_handlers.o)
 .bss           0x0000000000000000        0x0 .pio/build/adafruit_feather_m0/libf4c/libfeather.a(usb_handlers.o)
 .text          0x0000000000000000        0x0 .pio/build/adafruit_feather_m0/libf4c/libfeather.a(debug.o)
 .data          0x0000000000000000        0x0 .pio/build/adafruit_feather_m0/libf4c/libfeather.a(debug.o)
 .bss           0x0000000000000000        0x0 .pio/build/adafruit_feather_m0/libf4c/libfeather.a(debug.o)
 .bss._ZN5Debug5stateE
                0x0000000000000000        0x1 .pio/build/adafruit_feather_m0/libf4c/libfeather.a(debug.o)
 .bss._ZN5Debug6lengthE
                0x0000000000000000        0x4 .pio/build/adafruit_feather_m0/libf4c/libfeather.a(debug.o)
 .bss._ZN5Debug7destptrE
                0x0000000000000000        0x4 .pio/build/adafruit_feather_m0/libf4c/libfeather.a(debug.o)
 .text          0x0000000000000000        0x0 .pio/build/adafruit_feather_m0/libf4c/libfeather.a(dma.o)
 .data          0x0000000000000000        0x0 .pio/build/adafruit_feather_m0/libf4c/libfeather.a(dma.o)
 .bss           0x0000000000000000        0x0 .pio/build/adafruit_feather_m0/libf4c/libfeather.a(dma.o)
 .text          0x0000000000000000        0x0 .pio/build/adafruit_feather_m0/libf4c/libfeather.a(error.o)
 .data          0x0000000000000000        0x0 .pio/build/adafruit_feather_m0/libf4c/libfeather.a(error.o)
 .bss           0x0000000000000000        0x0 .pio/build/adafruit_feather_m0/libf4c/libfeather.a(error.o)
 .text          0x0000000000000000        0x0 .pio/build/adafruit_feather_m0/libf4c/libfeather.a(program.o)
 .data          0x0000000000000000        0x0 .pio/build/adafruit_feather_m0/libf4c/libfeather.a(program.o)
 .bss           0x0000000000000000        0x0 .pio/build/adafruit_feather_m0/libf4c/libfeather.a(program.o)
 .text._ZN7Program10runProgramEv
                0x0000000000000000       0x20 .pio/build/adafruit_feather_m0/libf4c/libfeather.a(program.o)
 .text._ZN7Program18checkProgramAndRunEv
                0x0000000000000000       0x68 .pio/build/adafruit_feather_m0/libf4c/libfeather.a(program.o)
 .data._ZN7Program14currentProgramE
                0x0000000000000000        0x4 .pio/build/adafruit_feather_m0/libf4c/libfeather.a(program.o)
 .text          0x0000000000000000        0x0 .pio/build/adafruit_feather_m0/libf4c/libfeather.a(serial.o)
 .data          0x0000000000000000        0x0 .pio/build/adafruit_feather_m0/libf4c/libfeather.a(serial.o)
 .bss           0x0000000000000000        0x0 .pio/build/adafruit_feather_m0/libf4c/libfeather.a(serial.o)
 .ramfuncBLOnly
                0x0000000000000000       0x38 .pio/build/adafruit_feather_m0/libf4c/libfeather.a(serial.o)
 .text._ZN6Serial4sendEPKcm
                0x0000000000000000       0x44 .pio/build/adafruit_feather_m0/libf4c/libfeather.a(serial.o)
 .text._ZN6Serial9isSendingEv
                0x0000000000000000       0x20 .pio/build/adafruit_feather_m0/libf4c/libfeather.a(serial.o)
 .text._ZN6Serial16setRecvInterruptEPFbPS_PchE
                0x0000000000000000        0x4 .pio/build/adafruit_feather_m0/libf4c/libfeather.a(serial.o)
 .text          0x0000000000000000        0x0 .pio/build/adafruit_feather_m0/libf4c/libfeather.a(usb_descriptors.o)
 .data          0x0000000000000000        0x0 .pio/build/adafruit_feather_m0/libf4c/libfeather.a(usb_descriptors.o)
 .bss           0x0000000000000000        0x0 .pio/build/adafruit_feather_m0/libf4c/libfeather.a(usb_descriptors.o)
 .text          0x0000000000000000        0x0 /Users/gregory/.platformio/packages/toolchain-gccarmnoneeabi/bin/../lib/gcc/arm-none-eabi/7.2.1/../../../../arm-none-eabi/lib/thumb/v6-m/libstdc++_nano.a(new_op.o)
 .data          0x0000000000000000        0x0 /Users/gregory/.platformio/packages/toolchain-gccarmnoneeabi/bin/../lib/gcc/arm-none-eabi/7.2.1/../../../../arm-none-eabi/lib/thumb/v6-m/libstdc++_nano.a(new_op.o)
 .bss           0x0000000000000000        0x0 /Users/gregory/.platformio/packages/toolchain-gccarmnoneeabi/bin/../lib/gcc/arm-none-eabi/7.2.1/../../../../arm-none-eabi/lib/thumb/v6-m/libstdc++_nano.a(new_op.o)
 .text          0x0000000000000000        0x0 /Users/gregory/.platformio/packages/toolchain-gccarmnoneeabi/bin/../lib/gcc/arm-none-eabi/7.2.1/../../../../arm-none-eabi/lib/thumb/v6-m/libstdc++_nano.a(new_handler.o)
 .data          0x0000000000000000        0x0 /Users/gregory/.platformio/packages/toolchain-gccarmnoneeabi/bin/../lib/gcc/arm-none-eabi/7.2.1/../../../../arm-none-eabi/lib/thumb/v6-m/libstdc++_nano.a(new_handler.o)
 .bss           0x0000000000000000        0x0 /Users/gregory/.platformio/packages/toolchain-gccarmnoneeabi/bin/../lib/gcc/arm-none-eabi/7.2.1/../../../../arm-none-eabi/lib/thumb/v6-m/libstdc++_nano.a(new_handler.o)
 .text._ZSt15set_new_handlerPFvvE
                0x0000000000000000       0x10 /Users/gregory/.platformio/packages/toolchain-gccarmnoneeabi/bin/../lib/gcc/arm-none-eabi/7.2.1/../../../../arm-none-eabi/lib/thumb/v6-m/libstdc++_nano.a(new_handler.o)
 .rodata._ZSt7nothrow
                0x0000000000000000        0x1 /Users/gregory/.platformio/packages/toolchain-gccarmnoneeabi/bin/../lib/gcc/arm-none-eabi/7.2.1/../../../../arm-none-eabi/lib/thumb/v6-m/libstdc++_nano.a(new_handler.o)
 .text          0x0000000000000000        0x0 /Users/gregory/.platformio/packages/toolchain-gccarmnoneeabi/bin/../lib/gcc/arm-none-eabi/7.2.1/../../../../arm-none-eabi/lib/thumb/v6-m/libc_nano.a(lib_a-abort.o)
 .data          0x0000000000000000        0x0 /Users/gregory/.platformio/packages/toolchain-gccarmnoneeabi/bin/../lib/gcc/arm-none-eabi/7.2.1/../../../../arm-none-eabi/lib/thumb/v6-m/libc_nano.a(lib_a-abort.o)
 .bss           0x0000000000000000        0x0 /Users/gregory/.platformio/packages/toolchain-gccarmnoneeabi/bin/../lib/gcc/arm-none-eabi/7.2.1/../../../../arm-none-eabi/lib/thumb/v6-m/libc_nano.a(lib_a-abort.o)
 .text          0x0000000000000000        0x0 /Users/gregory/.platformio/packages/toolchain-gccarmnoneeabi/bin/../lib/gcc/arm-none-eabi/7.2.1/../../../../arm-none-eabi/lib/thumb/v6-m/libc_nano.a(lib_a-exit.o)
 .data          0x0000000000000000        0x0 /Users/gregory/.platformio/packages/toolchain-gccarmnoneeabi/bin/../lib/gcc/arm-none-eabi/7.2.1/../../../../arm-none-eabi/lib/thumb/v6-m/libc_nano.a(lib_a-exit.o)
 .bss           0x0000000000000000        0x0 /Users/gregory/.platformio/packages/toolchain-gccarmnoneeabi/bin/../lib/gcc/arm-none-eabi/7.2.1/../../../../arm-none-eabi/lib/thumb/v6-m/libc_nano.a(lib_a-exit.o)
 .text.exit     0x0000000000000000       0x2c /Users/gregory/.platformio/packages/toolchain-gccarmnoneeabi/bin/../lib/gcc/arm-none-eabi/7.2.1/../../../../arm-none-eabi/lib/thumb/v6-m/libc_nano.a(lib_a-exit.o)
 .debug_frame   0x0000000000000000       0x28 /Users/gregory/.platformio/packages/toolchain-gccarmnoneeabi/bin/../lib/gcc/arm-none-eabi/7.2.1/../../../../arm-none-eabi/lib/thumb/v6-m/libc_nano.a(lib_a-exit.o)
 .ARM.attributes
                0x0000000000000000       0x2c /Users/gregory/.platformio/packages/toolchain-gccarmnoneeabi/bin/../lib/gcc/arm-none-eabi/7.2.1/../../../../arm-none-eabi/lib/thumb/v6-m/libc_nano.a(lib_a-exit.o)
 .text          0x0000000000000000        0x0 /Users/gregory/.platformio/packages/toolchain-gccarmnoneeabi/bin/../lib/gcc/arm-none-eabi/7.2.1/../../../../arm-none-eabi/lib/thumb/v6-m/libc_nano.a(lib_a-impure.o)
 .data          0x0000000000000000        0x0 /Users/gregory/.platformio/packages/toolchain-gccarmnoneeabi/bin/../lib/gcc/arm-none-eabi/7.2.1/../../../../arm-none-eabi/lib/thumb/v6-m/libc_nano.a(lib_a-impure.o)
 .bss           0x0000000000000000        0x0 /Users/gregory/.platformio/packages/toolchain-gccarmnoneeabi/bin/../lib/gcc/arm-none-eabi/7.2.1/../../../../arm-none-eabi/lib/thumb/v6-m/libc_nano.a(lib_a-impure.o)
 .rodata._global_impure_ptr
                0x0000000000000000        0x4 /Users/gregory/.platformio/packages/toolchain-gccarmnoneeabi/bin/../lib/gcc/arm-none-eabi/7.2.1/../../../../arm-none-eabi/lib/thumb/v6-m/libc_nano.a(lib_a-impure.o)
 .text          0x0000000000000000        0x0 /Users/gregory/.platformio/packages/toolchain-gccarmnoneeabi/bin/../lib/gcc/arm-none-eabi/7.2.1/../../../../arm-none-eabi/lib/thumb/v6-m/libc_nano.a(lib_a-init.o)
 .data          0x0000000000000000        0x0 /Users/gregory/.platformio/packages/toolchain-gccarmnoneeabi/bin/../lib/gcc/arm-none-eabi/7.2.1/../../../../arm-none-eabi/lib/thumb/v6-m/libc_nano.a(lib_a-init.o)
 .bss           0x0000000000000000        0x0 /Users/gregory/.platformio/packages/toolchain-gccarmnoneeabi/bin/../lib/gcc/arm-none-eabi/7.2.1/../../../../arm-none-eabi/lib/thumb/v6-m/libc_nano.a(lib_a-init.o)
 .text          0x0000000000000000        0x0 /Users/gregory/.platformio/packages/toolchain-gccarmnoneeabi/bin/../lib/gcc/arm-none-eabi/7.2.1/../../../../arm-none-eabi/lib/thumb/v6-m/libc_nano.a(lib_a-malloc.o)
 .data          0x0000000000000000        0x0 /Users/gregory/.platformio/packages/toolchain-gccarmnoneeabi/bin/../lib/gcc/arm-none-eabi/7.2.1/../../../../arm-none-eabi/lib/thumb/v6-m/libc_nano.a(lib_a-malloc.o)
 .bss           0x0000000000000000        0x0 /Users/gregory/.platformio/packages/toolchain-gccarmnoneeabi/bin/../lib/gcc/arm-none-eabi/7.2.1/../../../../arm-none-eabi/lib/thumb/v6-m/libc_nano.a(lib_a-malloc.o)
 .text.free     0x0000000000000000       0x14 /Users/gregory/.platformio/packages/toolchain-gccarmnoneeabi/bin/../lib/gcc/arm-none-eabi/7.2.1/../../../../arm-none-eabi/lib/thumb/v6-m/libc_nano.a(lib_a-malloc.o)
 .text          0x0000000000000000        0x0 /Users/gregory/.platformio/packages/toolchain-gccarmnoneeabi/bin/../lib/gcc/arm-none-eabi/7.2.1/../../../../arm-none-eabi/lib/thumb/v6-m/libc_nano.a(lib_a-memcpy-stub.o)
 .data          0x0000000000000000        0x0 /Users/gregory/.platformio/packages/toolchain-gccarmnoneeabi/bin/../lib/gcc/arm-none-eabi/7.2.1/../../../../arm-none-eabi/lib/thumb/v6-m/libc_nano.a(lib_a-memcpy-stub.o)
 .bss           0x0000000000000000        0x0 /Users/gregory/.platformio/packages/toolchain-gccarmnoneeabi/bin/../lib/gcc/arm-none-eabi/7.2.1/../../../../arm-none-eabi/lib/thumb/v6-m/libc_nano.a(lib_a-memcpy-stub.o)
 .text          0x0000000000000000        0x0 /Users/gregory/.platformio/packages/toolchain-gccarmnoneeabi/bin/../lib/gcc/arm-none-eabi/7.2.1/../../../../arm-none-eabi/lib/thumb/v6-m/libc_nano.a(lib_a-memset.o)
 .data          0x0000000000000000        0x0 /Users/gregory/.platformio/packages/toolchain-gccarmnoneeabi/bin/../lib/gcc/arm-none-eabi/7.2.1/../../../../arm-none-eabi/lib/thumb/v6-m/libc_nano.a(lib_a-memset.o)
 .bss           0x0000000000000000        0x0 /Users/gregory/.platformio/packages/toolchain-gccarmnoneeabi/bin/../lib/gcc/arm-none-eabi/7.2.1/../../../../arm-none-eabi/lib/thumb/v6-m/libc_nano.a(lib_a-memset.o)
 .text          0x0000000000000000        0x0 /Users/gregory/.platformio/packages/toolchain-gccarmnoneeabi/bin/../lib/gcc/arm-none-eabi/7.2.1/../../../../arm-none-eabi/lib/thumb/v6-m/libc_nano.a(lib_a-nano-freer.o)
 .data          0x0000000000000000        0x0 /Users/gregory/.platformio/packages/toolchain-gccarmnoneeabi/bin/../lib/gcc/arm-none-eabi/7.2.1/../../../../arm-none-eabi/lib/thumb/v6-m/libc_nano.a(lib_a-nano-freer.o)
 .bss           0x0000000000000000        0x0 /Users/gregory/.platformio/packages/toolchain-gccarmnoneeabi/bin/../lib/gcc/arm-none-eabi/7.2.1/../../../../arm-none-eabi/lib/thumb/v6-m/libc_nano.a(lib_a-nano-freer.o)
 .text._free_r  0x0000000000000000       0x94 /Users/gregory/.platformio/packages/toolchain-gccarmnoneeabi/bin/../lib/gcc/arm-none-eabi/7.2.1/../../../../arm-none-eabi/lib/thumb/v6-m/libc_nano.a(lib_a-nano-freer.o)
 .debug_frame   0x0000000000000000       0x2c /Users/gregory/.platformio/packages/toolchain-gccarmnoneeabi/bin/../lib/gcc/arm-none-eabi/7.2.1/../../../../arm-none-eabi/lib/thumb/v6-m/libc_nano.a(lib_a-nano-freer.o)
 .ARM.attributes
                0x0000000000000000       0x2c /Users/gregory/.platformio/packages/toolchain-gccarmnoneeabi/bin/../lib/gcc/arm-none-eabi/7.2.1/../../../../arm-none-eabi/lib/thumb/v6-m/libc_nano.a(lib_a-nano-freer.o)
 .text          0x0000000000000000        0x0 /Users/gregory/.platformio/packages/toolchain-gccarmnoneeabi/bin/../lib/gcc/arm-none-eabi/7.2.1/../../../../arm-none-eabi/lib/thumb/v6-m/libc_nano.a(lib_a-nano-mallocr.o)
 .data          0x0000000000000000        0x0 /Users/gregory/.platformio/packages/toolchain-gccarmnoneeabi/bin/../lib/gcc/arm-none-eabi/7.2.1/../../../../arm-none-eabi/lib/thumb/v6-m/libc_nano.a(lib_a-nano-mallocr.o)
 .bss           0x0000000000000000        0x0 /Users/gregory/.platformio/packages/toolchain-gccarmnoneeabi/bin/../lib/gcc/arm-none-eabi/7.2.1/../../../../arm-none-eabi/lib/thumb/v6-m/libc_nano.a(lib_a-nano-mallocr.o)
 .text          0x0000000000000000        0x0 /Users/gregory/.platformio/packages/toolchain-gccarmnoneeabi/bin/../lib/gcc/arm-none-eabi/7.2.1/../../../../arm-none-eabi/lib/thumb/v6-m/libc_nano.a(lib_a-sbrkr.o)
 .data          0x0000000000000000        0x0 /Users/gregory/.platformio/packages/toolchain-gccarmnoneeabi/bin/../lib/gcc/arm-none-eabi/7.2.1/../../../../arm-none-eabi/lib/thumb/v6-m/libc_nano.a(lib_a-sbrkr.o)
 .bss           0x0000000000000000        0x0 /Users/gregory/.platformio/packages/toolchain-gccarmnoneeabi/bin/../lib/gcc/arm-none-eabi/7.2.1/../../../../arm-none-eabi/lib/thumb/v6-m/libc_nano.a(lib_a-sbrkr.o)
 .text          0x0000000000000000        0x0 /Users/gregory/.platformio/packages/toolchain-gccarmnoneeabi/bin/../lib/gcc/arm-none-eabi/7.2.1/../../../../arm-none-eabi/lib/thumb/v6-m/libc_nano.a(lib_a-signal.o)
 .data          0x0000000000000000        0x0 /Users/gregory/.platformio/packages/toolchain-gccarmnoneeabi/bin/../lib/gcc/arm-none-eabi/7.2.1/../../../../arm-none-eabi/lib/thumb/v6-m/libc_nano.a(lib_a-signal.o)
 .bss           0x0000000000000000        0x0 /Users/gregory/.platformio/packages/toolchain-gccarmnoneeabi/bin/../lib/gcc/arm-none-eabi/7.2.1/../../../../arm-none-eabi/lib/thumb/v6-m/libc_nano.a(lib_a-signal.o)
 .text._init_signal_r
                0x0000000000000000       0x2a /Users/gregory/.platformio/packages/toolchain-gccarmnoneeabi/bin/../lib/gcc/arm-none-eabi/7.2.1/../../../../arm-none-eabi/lib/thumb/v6-m/libc_nano.a(lib_a-signal.o)
 .text._signal_r
                0x0000000000000000       0x32 /Users/gregory/.platformio/packages/toolchain-gccarmnoneeabi/bin/../lib/gcc/arm-none-eabi/7.2.1/../../../../arm-none-eabi/lib/thumb/v6-m/libc_nano.a(lib_a-signal.o)
 .text.__sigtramp_r
                0x0000000000000000       0x46 /Users/gregory/.platformio/packages/toolchain-gccarmnoneeabi/bin/../lib/gcc/arm-none-eabi/7.2.1/../../../../arm-none-eabi/lib/thumb/v6-m/libc_nano.a(lib_a-signal.o)
 .text.signal   0x0000000000000000       0x14 /Users/gregory/.platformio/packages/toolchain-gccarmnoneeabi/bin/../lib/gcc/arm-none-eabi/7.2.1/../../../../arm-none-eabi/lib/thumb/v6-m/libc_nano.a(lib_a-signal.o)
 .text._init_signal
                0x0000000000000000       0x10 /Users/gregory/.platformio/packages/toolchain-gccarmnoneeabi/bin/../lib/gcc/arm-none-eabi/7.2.1/../../../../arm-none-eabi/lib/thumb/v6-m/libc_nano.a(lib_a-signal.o)
 .text.__sigtramp
                0x0000000000000000       0x14 /Users/gregory/.platformio/packages/toolchain-gccarmnoneeabi/bin/../lib/gcc/arm-none-eabi/7.2.1/../../../../arm-none-eabi/lib/thumb/v6-m/libc_nano.a(lib_a-signal.o)
 .text          0x0000000000000000        0x0 /Users/gregory/.platformio/packages/toolchain-gccarmnoneeabi/bin/../lib/gcc/arm-none-eabi/7.2.1/../../../../arm-none-eabi/lib/thumb/v6-m/libc_nano.a(lib_a-signalr.o)
 .data          0x0000000000000000        0x0 /Users/gregory/.platformio/packages/toolchain-gccarmnoneeabi/bin/../lib/gcc/arm-none-eabi/7.2.1/../../../../arm-none-eabi/lib/thumb/v6-m/libc_nano.a(lib_a-signalr.o)
 .bss           0x0000000000000000        0x0 /Users/gregory/.platformio/packages/toolchain-gccarmnoneeabi/bin/../lib/gcc/arm-none-eabi/7.2.1/../../../../arm-none-eabi/lib/thumb/v6-m/libc_nano.a(lib_a-signalr.o)
 .text          0x0000000000000000        0x0 /Users/gregory/.platformio/packages/toolchain-gccarmnoneeabi/bin/../lib/gcc/arm-none-eabi/7.2.1/../../../../arm-none-eabi/lib/thumb/v6-m/libc_nano.a(lib_a-mlock.o)
 .data          0x0000000000000000        0x0 /Users/gregory/.platformio/packages/toolchain-gccarmnoneeabi/bin/../lib/gcc/arm-none-eabi/7.2.1/../../../../arm-none-eabi/lib/thumb/v6-m/libc_nano.a(lib_a-mlock.o)
 .bss           0x0000000000000000        0x0 /Users/gregory/.platformio/packages/toolchain-gccarmnoneeabi/bin/../lib/gcc/arm-none-eabi/7.2.1/../../../../arm-none-eabi/lib/thumb/v6-m/libc_nano.a(lib_a-mlock.o)
 .text          0x0000000000000000        0x0 /Users/gregory/.platformio/packages/toolchain-gccarmnoneeabi/bin/../lib/gcc/arm-none-eabi/7.2.1/../../../../arm-none-eabi/lib/thumb/v6-m/libc_nano.a(lib_a-reent.o)
 .data          0x0000000000000000        0x0 /Users/gregory/.platformio/packages/toolchain-gccarmnoneeabi/bin/../lib/gcc/arm-none-eabi/7.2.1/../../../../arm-none-eabi/lib/thumb/v6-m/libc_nano.a(lib_a-reent.o)
 .bss           0x0000000000000000        0x0 /Users/gregory/.platformio/packages/toolchain-gccarmnoneeabi/bin/../lib/gcc/arm-none-eabi/7.2.1/../../../../arm-none-eabi/lib/thumb/v6-m/libc_nano.a(lib_a-reent.o)
 .text.cleanup_glue
                0x0000000000000000       0x1a /Users/gregory/.platformio/packages/toolchain-gccarmnoneeabi/bin/../lib/gcc/arm-none-eabi/7.2.1/../../../../arm-none-eabi/lib/thumb/v6-m/libc_nano.a(lib_a-reent.o)
 .text._reclaim_reent
                0x0000000000000000       0xcc /Users/gregory/.platformio/packages/toolchain-gccarmnoneeabi/bin/../lib/gcc/arm-none-eabi/7.2.1/../../../../arm-none-eabi/lib/thumb/v6-m/libc_nano.a(lib_a-reent.o)
 .text          0x0000000000000000        0x0 /Users/gregory/.platformio/packages/toolchain-gccarmnoneeabi/bin/../lib/gcc/arm-none-eabi/7.2.1/../../../../arm-none-eabi/lib/thumb/v6-m/libnosys.a(getpid.o)
 .data          0x0000000000000000        0x0 /Users/gregory/.platformio/packages/toolchain-gccarmnoneeabi/bin/../lib/gcc/arm-none-eabi/7.2.1/../../../../arm-none-eabi/lib/thumb/v6-m/libnosys.a(getpid.o)
 .bss           0x0000000000000000        0x0 /Users/gregory/.platformio/packages/toolchain-gccarmnoneeabi/bin/../lib/gcc/arm-none-eabi/7.2.1/../../../../arm-none-eabi/lib/thumb/v6-m/libnosys.a(getpid.o)
 .text          0x0000000000000000        0x0 /Users/gregory/.platformio/packages/toolchain-gccarmnoneeabi/bin/../lib/gcc/arm-none-eabi/7.2.1/../../../../arm-none-eabi/lib/thumb/v6-m/libnosys.a(kill.o)
 .data          0x0000000000000000        0x0 /Users/gregory/.platformio/packages/toolchain-gccarmnoneeabi/bin/../lib/gcc/arm-none-eabi/7.2.1/../../../../arm-none-eabi/lib/thumb/v6-m/libnosys.a(kill.o)
 .bss           0x0000000000000000        0x0 /Users/gregory/.platformio/packages/toolchain-gccarmnoneeabi/bin/../lib/gcc/arm-none-eabi/7.2.1/../../../../arm-none-eabi/lib/thumb/v6-m/libnosys.a(kill.o)
 .text          0x0000000000000000        0x0 /Users/gregory/.platformio/packages/toolchain-gccarmnoneeabi/bin/../lib/gcc/arm-none-eabi/7.2.1/../../../../arm-none-eabi/lib/thumb/v6-m/libnosys.a(sbrk.o)
 .data          0x0000000000000000        0x0 /Users/gregory/.platformio/packages/toolchain-gccarmnoneeabi/bin/../lib/gcc/arm-none-eabi/7.2.1/../../../../arm-none-eabi/lib/thumb/v6-m/libnosys.a(sbrk.o)
 .bss           0x0000000000000000        0x0 /Users/gregory/.platformio/packages/toolchain-gccarmnoneeabi/bin/../lib/gcc/arm-none-eabi/7.2.1/../../../../arm-none-eabi/lib/thumb/v6-m/libnosys.a(sbrk.o)
 .text          0x0000000000000000        0x0 /Users/gregory/.platformio/packages/toolchain-gccarmnoneeabi/bin/../lib/gcc/arm-none-eabi/7.2.1/../../../../arm-none-eabi/lib/thumb/v6-m/libnosys.a(_exit.o)
 .data          0x0000000000000000        0x0 /Users/gregory/.platformio/packages/toolchain-gccarmnoneeabi/bin/../lib/gcc/arm-none-eabi/7.2.1/../../../../arm-none-eabi/lib/thumb/v6-m/libnosys.a(_exit.o)
 .bss           0x0000000000000000        0x0 /Users/gregory/.platformio/packages/toolchain-gccarmnoneeabi/bin/../lib/gcc/arm-none-eabi/7.2.1/../../../../arm-none-eabi/lib/thumb/v6-m/libnosys.a(_exit.o)
 .text          0x0000000000000000        0x0 /Users/gregory/.platformio/packages/toolchain-gccarmnoneeabi/bin/../lib/gcc/arm-none-eabi/7.2.1/thumb/v6-m/crtend.o
 .data          0x0000000000000000        0x0 /Users/gregory/.platformio/packages/toolchain-gccarmnoneeabi/bin/../lib/gcc/arm-none-eabi/7.2.1/thumb/v6-m/crtend.o
 .bss           0x0000000000000000        0x0 /Users/gregory/.platformio/packages/toolchain-gccarmnoneeabi/bin/../lib/gcc/arm-none-eabi/7.2.1/thumb/v6-m/crtend.o
 .eh_frame      0x0000000000000000        0x4 /Users/gregory/.platformio/packages/toolchain-gccarmnoneeabi/bin/../lib/gcc/arm-none-eabi/7.2.1/thumb/v6-m/crtend.o
 .ARM.attributes
                0x0000000000000000       0x2c /Users/gregory/.platformio/packages/toolchain-gccarmnoneeabi/bin/../lib/gcc/arm-none-eabi/7.2.1/thumb/v6-m/crtend.o
 .text          0x0000000000000000        0x0 /Users/gregory/.platformio/packages/toolchain-gccarmnoneeabi/bin/../lib/gcc/arm-none-eabi/7.2.1/thumb/v6-m/crtn.o
 .data          0x0000000000000000        0x0 /Users/gregory/.platformio/packages/toolchain-gccarmnoneeabi/bin/../lib/gcc/arm-none-eabi/7.2.1/thumb/v6-m/crtn.o
 .bss           0x0000000000000000        0x0 /Users/gregory/.platformio/packages/toolchain-gccarmnoneeabi/bin/../lib/gcc/arm-none-eabi/7.2.1/thumb/v6-m/crtn.o

Memory Configuration

Name             Origin             Length             Attributes
progid           0x0000000000006000 0x0000000000000004 xr
progmem          0x0000000000006004 0x0000000000001ffc xr
rom              0x0000000000008000 0x0000000000038000 xr
ram              0x0000000020000000 0x0000000000007ffc xrw
proginfo         0x0000000000000000 0xffffffffffffffff
*default*        0x0000000000000000 0xffffffffffffffff

Linker script and memory map

LOAD /Users/gregory/.platformio/packages/toolchain-gccarmnoneeabi/bin/../lib/gcc/arm-none-eabi/7.2.1/thumb/v6-m/crti.o
LOAD /Users/gregory/.platformio/packages/toolchain-gccarmnoneeabi/bin/../lib/gcc/arm-none-eabi/7.2.1/thumb/v6-m/crtbegin.o
LOAD /Users/gregory/.platformio/packages/toolchain-gccarmnoneeabi/bin/../lib/gcc/arm-none-eabi/7.2.1/../../../../arm-none-eabi/lib/thumb/v6-m/crt0.o
                0x0000000000002000                STACK_SIZE = DEFINED (STACK_SIZE)?STACK_SIZE:DEFINED (__stack_size__)?__stack_size__:0x2000
                0x0000000000006000                . = ORIGIN (progid)

.progid         0x0000000000006000        0x4
 *(.progid)
 .progid        0x0000000000006000        0x4 .pio/build/adafruit_feather_m0/libf4c/libfeather.a(startup.o)
                0x0000000000006000                prog_id
                0x0000000000000000                . = ORIGIN (proginfo)

.prog
 *(.proginfo)
                0x0000000000008000                . = ORIGIN (rom)
                0x0000000000008000                _svectors = .

.vector         0x0000000020000000       0xb4 load address 0x0000000000008000
                0x0000000020000000                . = ALIGN (0x4)
                0x0000000020000000                _sramvectors = .
 *(.vectors .vectors.*)
 .vectors       0x0000000020000000       0xb4 .pio/build/adafruit_feather_m0/libf4c/libfeather.a(startup.o)
                0x0000000020000000                exception_table
                0x00000000200000b4                _eramvectors = .

.text           0x00000000000080b4     0x1a8c
                0x00000000000080b4                . = ALIGN (0x4)
                0x00000000000080b4                _sfixed = .
 *(.text .text.* .gnu.linkonce.t.*)
 .text          0x00000000000080b4       0x48 /Users/gregory/.platformio/packages/toolchain-gccarmnoneeabi/bin/../lib/gcc/arm-none-eabi/7.2.1/thumb/v6-m/crtbegin.o
 .text.startup.main
                0x00000000000080fc       0x94 .pio/build/adafruit_feather_m0/src/main.o
                0x00000000000080fc                main
 .text._ZN7Feather4initEv
                0x0000000000008190      0x10c .pio/build/adafruit_feather_m0/libf4c/libfeather.a(init.o)
                0x0000000000008190                Feather::init()
 .text._ZN5Input4initEv
                0x000000000000829c      0x13c .pio/build/adafruit_feather_m0/libf4c/libfeather.a(input.o)
                0x000000000000829c                Input::init()
 .text.startup._GLOBAL__sub_I__ZN5Input6AnalogE
                0x00000000000083d8       0x1c .pio/build/adafruit_feather_m0/libf4c/libfeather.a(input.o)
 .text._ZN3LCD9setWindowEPt
                0x00000000000083f4       0xe4 .pio/build/adafruit_feather_m0/libf4c/libfeather.a(lcd.o)
                0x00000000000083f4                LCD::setWindow(unsigned short*)
 .text._ZN3LCD10fillWindowEt
                0x00000000000084d8       0x64 .pio/build/adafruit_feather_m0/libf4c/libfeather.a(lcd.o)
                0x00000000000084d8                LCD::fillWindow(unsigned short)
 .text._ZN3LCD4initEv
                0x000000000000853c      0x10c .pio/build/adafruit_feather_m0/libf4c/libfeather.a(lcd.o)
                0x000000000000853c                LCD::init()
 .text._ZN3LCD10fillWindowEttttt
                0x0000000000008648       0x20 .pio/build/adafruit_feather_m0/libf4c/libfeather.a(lcd.o)
                0x0000000000008648                LCD::fillWindow(unsigned short, unsigned short, unsigned short, unsigned short, unsigned short)
 .text.HardFault_Handler
                0x0000000000008668       0x14 .pio/build/adafruit_feather_m0/libf4c/libfeather.a(sd.o)
                0x0000000000008668                HardFault_Handler
 .text.DMAC_Handler
                0x000000000000867c       0x54 .pio/build/adafruit_feather_m0/libf4c/libfeather.a(sd.o)
                0x000000000000867c                DMAC_Handler
 .text._Z10sd_executev
                0x00000000000086d0       0x1c .pio/build/adafruit_feather_m0/libf4c/libfeather.a(sd.o)
                0x00000000000086d0                sd_execute()
 .text._Z14sd_sendCommandhmh
                0x00000000000086ec       0xe8 .pio/build/adafruit_feather_m0/libf4c/libfeather.a(sd.o)
                0x00000000000086ec                sd_sendCommand(unsigned char, unsigned long, unsigned char)
 .text._ZN2SD4readEmttPv
                0x00000000000087d4      0x12c .pio/build/adafruit_feather_m0/libf4c/libfeather.a(sd.o)
                0x00000000000087d4                SD::read(unsigned long, unsigned short, unsigned short, void*)
 .text._ZN2SD4initEv
                0x0000000000008900      0x1d0 .pio/build/adafruit_feather_m0/libf4c/libfeather.a(sd.o)
                0x0000000000008900                SD::init()
 .text._ZN5Sound4initEv
                0x0000000000008ad0       0x4c .pio/build/adafruit_feather_m0/libf4c/libfeather.a(sound.o)
                0x0000000000008ad0                Sound::init()
 .text._ZN5Sound4beepEv
                0x0000000000008b1c       0x24 .pio/build/adafruit_feather_m0/libf4c/libfeather.a(sound.o)
                0x0000000000008b1c                Sound::beep()
 .text._ZN5Sound9setPeriodEm
                0x0000000000008b40        0xc .pio/build/adafruit_feather_m0/libf4c/libfeather.a(sound.o)
                0x0000000000008b40                Sound::setPeriod(unsigned long)
 .text._ZN5Sound12setDutyCycleEm
                0x0000000000008b4c        0xc .pio/build/adafruit_feather_m0/libf4c/libfeather.a(sound.o)
                0x0000000000008b4c                Sound::setDutyCycle(unsigned long)
 .text._ZN5Sound4stopEv
                0x0000000000008b58       0x14 .pio/build/adafruit_feather_m0/libf4c/libfeather.a(sound.o)
                0x0000000000008b58                Sound::stop()
 .text.Dummy_Handler
                0x0000000000008b6c        0x2 .pio/build/adafruit_feather_m0/libf4c/libfeather.a(startup.o)
                0x0000000000008b6c                SYSCTRL_Handler
                0x0000000000008b6c                AC_Handler
                0x0000000000008b6c                SysTick_Handler
                0x0000000000008b6c                PendSV_Handler
                0x0000000000008b6c                SERCOM1_Handler
                0x0000000000008b6c                ADC_Handler
                0x0000000000008b6c                NonMaskableInt_Handler
                0x0000000000008b6c                TCC1_Handler
                0x0000000000008b6c                SERCOM2_Handler
                0x0000000000008b6c                TCC0_Handler
                0x0000000000008b6c                RTC_Handler
                0x0000000000008b6c                EIC_Handler
                0x0000000000008b6c                WDT_Handler
                0x0000000000008b6c                TC4_Handler
                0x0000000000008b6c                Dummy_Handler
                0x0000000000008b6c                PM_Handler
                0x0000000000008b6c                SERCOM5_Handler
                0x0000000000008b6c                TCC2_Handler
                0x0000000000008b6c                EVSYS_Handler
                0x0000000000008b6c                SERCOM3_Handler
                0x0000000000008b6c                SERCOM4_Handler
                0x0000000000008b6c                I2S_Handler
                0x0000000000008b6c                NVMCTRL_Handler
                0x0000000000008b6c                SERCOM0_Handler
                0x0000000000008b6c                DAC_Handler
                0x0000000000008b6c                PTC_Handler
                0x0000000000008b6c                TC5_Handler
                0x0000000000008b6c                SVCall_Handler
 *fill*         0x0000000000008b6e        0x2 
 .text.Reset_Handler
                0x0000000000008b70       0xcc .pio/build/adafruit_feather_m0/libf4c/libfeather.a(startup.o)
                0x0000000000008b70                Reset_Handler
 .text._ZN3LCD5printEPKhPKtttPKch
                0x0000000000008c3c       0xbc .pio/build/adafruit_feather_m0/libf4c/libfeather.a(text.o)
                0x0000000000008c3c                LCD::print(unsigned char const*, unsigned short const*, unsigned short, unsigned short, char const*, unsigned char)
 .text._ZN3LCD5printEPKhPKtttPKc
                0x0000000000008cf8       0x20 .pio/build/adafruit_feather_m0/libf4c/libfeather.a(text.o)
                0x0000000000008cf8                LCD::print(unsigned char const*, unsigned short const*, unsigned short, unsigned short, char const*)
 .text._ZN3LCD8printHexEPKhPKtttm
                0x0000000000008d18       0xb0 .pio/build/adafruit_feather_m0/libf4c/libfeather.a(text.o)
                0x0000000000008d18                LCD::printHex(unsigned char const*, unsigned short const*, unsigned short, unsigned short, unsigned long)
 .text.TC3_Handler
                0x0000000000008dc8       0x18 .pio/build/adafruit_feather_m0/libf4c/libfeather.a(timer.o)
                0x0000000000008dc8                TC3_Handler
 .text._Z9initSleepv
                0x0000000000008de0       0x50 .pio/build/adafruit_feather_m0/libf4c/libfeather.a(timer.o)
                0x0000000000008de0                initSleep()
 .text._ZN8USB_Type4initEv
                0x0000000000008e30       0xa0 .pio/build/adafruit_feather_m0/libf4c/libfeather.a(usb.o)
                0x0000000000008e30                USB_Type::init()
 .text._ZN8USB_Type3zlpEv
                0x0000000000008ed0       0x28 .pio/build/adafruit_feather_m0/libf4c/libfeather.a(usb.o)
                0x0000000000008ed0                USB_Type::zlp()
 .text._ZN8USB_Type5stallEv
                0x0000000000008ef8        0xc .pio/build/adafruit_feather_m0/libf4c/libfeather.a(usb.o)
                0x0000000000008ef8                USB_Type::stall()
 .text._ZN8USB_Type5writeEPKcmh
                0x0000000000008f04       0x3c .pio/build/adafruit_feather_m0/libf4c/libfeather.a(usb.o)
                0x0000000000008f04                USB_Type::write(char const*, unsigned long, unsigned char)
 .text._ZN8USB_Type15configureSerialEhh
                0x0000000000008f40       0x68 .pio/build/adafruit_feather_m0/libf4c/libfeather.a(usb.o)
                0x0000000000008f40                USB_Type::configureSerial(unsigned char, unsigned char)
 .text._ZN8USB_Type11writeStringEPKcmh
                0x0000000000008fa8       0x4c .pio/build/adafruit_feather_m0/libf4c/libfeather.a(usb.o)
                0x0000000000008fa8                USB_Type::writeString(char const*, unsigned long, unsigned char)
 .text.startup._GLOBAL__sub_I__ZN8USB_Type3usbE
                0x0000000000008ff4       0x40 .pio/build/adafruit_feather_m0/libf4c/libfeather.a(usb.o)
 .text._ZN8USB_Type13Handler_RXSTPEv
                0x0000000000009034      0x1a0 .pio/build/adafruit_feather_m0/libf4c/libfeather.a(usb_handlers.o)
                0x0000000000009034                USB_Type::Handler_RXSTP()
 .text._ZN8USB_Type13Handler_EORSTEv
                0x00000000000091d4       0x70 .pio/build/adafruit_feather_m0/libf4c/libfeather.a(usb_handlers.o)
                0x00000000000091d4                USB_Type::Handler_EORST()
 .text._ZN5Debug5inputEP6SerialPch
                0x0000000000009244       0x38 .pio/build/adafruit_feather_m0/libf4c/libfeather.a(debug.o)
                0x0000000000009244                Debug::input(Serial*, char*, unsigned char)
 .text._ZN3DMA5startEv
                0x000000000000927c       0x20 .pio/build/adafruit_feather_m0/libf4c/libfeather.a(dma.o)
                0x000000000000927c                DMA::start()
 .text._Z5errorPKcS0_
                0x000000000000929c       0x70 .pio/build/adafruit_feather_m0/libf4c/libfeather.a(error.o)
                0x000000000000929c                error(char const*, char const*)
 .text._Z5errorPPKch
                0x000000000000930c       0x74 .pio/build/adafruit_feather_m0/libf4c/libfeather.a(error.o)
                0x000000000000930c                error(char const**, unsigned char)
 .text._ZN7Program19setResetModeProgramEv
                0x0000000000009380       0x10 .pio/build/adafruit_feather_m0/libf4c/libfeather.a(program.o)
                0x0000000000009380                Program::setResetModeProgram()
 .text._ZN6Serial13DefaultRecvCBEPS_Pch
                0x0000000000009390        0x8 .pio/build/adafruit_feather_m0/libf4c/libfeather.a(serial.o)
                0x0000000000009390                Serial::DefaultRecvCB(Serial*, char*, unsigned char)
 .text._ZN6SerialC2EP8USB_Typeh
                0x0000000000009398       0x10 .pio/build/adafruit_feather_m0/libf4c/libfeather.a(serial.o)
                0x0000000000009398                Serial::Serial(USB_Type*, unsigned char)
                0x0000000000009398                Serial::Serial(USB_Type*, unsigned char)
 .text._ZN6SerialC2EP8USB_TypehPFbPS_PchE
                0x00000000000093a8        0x8 .pio/build/adafruit_feather_m0/libf4c/libfeather.a(serial.o)
                0x00000000000093a8                Serial::Serial(USB_Type*, unsigned char, bool (*)(Serial*, char*, unsigned char))
                0x00000000000093a8                Serial::Serial(USB_Type*, unsigned char, bool (*)(Serial*, char*, unsigned char))
 .text.startup._GLOBAL__sub_I__ZN8USB_Type7stringsE
                0x00000000000093b0       0xfc .pio/build/adafruit_feather_m0/libf4c/libfeather.a(usb_descriptors.o)
 .text._Znwj    0x00000000000094ac       0x24 /Users/gregory/.platformio/packages/toolchain-gccarmnoneeabi/bin/../lib/gcc/arm-none-eabi/7.2.1/../../../../arm-none-eabi/lib/thumb/v6-m/libstdc++_nano.a(new_op.o)
                0x00000000000094ac                operator new(unsigned int)
 .text._ZSt15get_new_handlerv
                0x00000000000094d0        0xc /Users/gregory/.platformio/packages/toolchain-gccarmnoneeabi/bin/../lib/gcc/arm-none-eabi/7.2.1/../../../../arm-none-eabi/lib/thumb/v6-m/libstdc++_nano.a(new_handler.o)
                0x00000000000094d0                std::get_new_handler()
 .text.abort    0x00000000000094dc        0xe /Users/gregory/.platformio/packages/toolchain-gccarmnoneeabi/bin/../lib/gcc/arm-none-eabi/7.2.1/../../../../arm-none-eabi/lib/thumb/v6-m/libc_nano.a(lib_a-abort.o)
                0x00000000000094dc                abort
 *fill*         0x00000000000094ea        0x2 
 .text.__libc_init_array
                0x00000000000094ec       0x48 /Users/gregory/.platformio/packages/toolchain-gccarmnoneeabi/bin/../lib/gcc/arm-none-eabi/7.2.1/../../../../arm-none-eabi/lib/thumb/v6-m/libc_nano.a(lib_a-init.o)
                0x00000000000094ec                __libc_init_array
 .text.malloc   0x0000000000009534       0x14 /Users/gregory/.platformio/packages/toolchain-gccarmnoneeabi/bin/../lib/gcc/arm-none-eabi/7.2.1/../../../../arm-none-eabi/lib/thumb/v6-m/libc_nano.a(lib_a-malloc.o)
                0x0000000000009534                malloc
 .text.memcpy   0x0000000000009548       0x12 /Users/gregory/.platformio/packages/toolchain-gccarmnoneeabi/bin/../lib/gcc/arm-none-eabi/7.2.1/../../../../arm-none-eabi/lib/thumb/v6-m/libc_nano.a(lib_a-memcpy-stub.o)
                0x0000000000009548                memcpy
 .text.memset   0x000000000000955a       0x10 /Users/gregory/.platformio/packages/toolchain-gccarmnoneeabi/bin/../lib/gcc/arm-none-eabi/7.2.1/../../../../arm-none-eabi/lib/thumb/v6-m/libc_nano.a(lib_a-memset.o)
                0x000000000000955a                memset
 *fill*         0x000000000000956a        0x2 
 .text._malloc_r
                0x000000000000956c       0xbc /Users/gregory/.platformio/packages/toolchain-gccarmnoneeabi/bin/../lib/gcc/arm-none-eabi/7.2.1/../../../../arm-none-eabi/lib/thumb/v6-m/libc_nano.a(lib_a-nano-mallocr.o)
                0x000000000000956c                _malloc_r
 .text._sbrk_r  0x0000000000009628       0x24 /Users/gregory/.platformio/packages/toolchain-gccarmnoneeabi/bin/../lib/gcc/arm-none-eabi/7.2.1/../../../../arm-none-eabi/lib/thumb/v6-m/libc_nano.a(lib_a-sbrkr.o)
                0x0000000000009628                _sbrk_r
 .text._raise_r
                0x000000000000964c       0x54 /Users/gregory/.platformio/packages/toolchain-gccarmnoneeabi/bin/../lib/gcc/arm-none-eabi/7.2.1/../../../../arm-none-eabi/lib/thumb/v6-m/libc_nano.a(lib_a-signal.o)
                0x000000000000964c                _raise_r
 .text.raise    0x00000000000096a0       0x14 /Users/gregory/.platformio/packages/toolchain-gccarmnoneeabi/bin/../lib/gcc/arm-none-eabi/7.2.1/../../../../arm-none-eabi/lib/thumb/v6-m/libc_nano.a(lib_a-signal.o)
                0x00000000000096a0                raise
 .text._kill_r  0x00000000000096b4       0x24 /Users/gregory/.platformio/packages/toolchain-gccarmnoneeabi/bin/../lib/gcc/arm-none-eabi/7.2.1/../../../../arm-none-eabi/lib/thumb/v6-m/libc_nano.a(lib_a-signalr.o)
                0x00000000000096b4                _kill_r
 .text._getpid_r
                0x00000000000096d8        0x8 /Users/gregory/.platformio/packages/toolchain-gccarmnoneeabi/bin/../lib/gcc/arm-none-eabi/7.2.1/../../../../arm-none-eabi/lib/thumb/v6-m/libc_nano.a(lib_a-signalr.o)
                0x00000000000096d8                _getpid_r
 .text.__malloc_lock
                0x00000000000096e0        0x2 /Users/gregory/.platformio/packages/toolchain-gccarmnoneeabi/bin/../lib/gcc/arm-none-eabi/7.2.1/../../../../arm-none-eabi/lib/thumb/v6-m/libc_nano.a(lib_a-mlock.o)
                0x00000000000096e0                __malloc_lock
 .text.__malloc_unlock
                0x00000000000096e2        0x2 /Users/gregory/.platformio/packages/toolchain-gccarmnoneeabi/bin/../lib/gcc/arm-none-eabi/7.2.1/../../../../arm-none-eabi/lib/thumb/v6-m/libc_nano.a(lib_a-mlock.o)
                0x00000000000096e2                __malloc_unlock
 .text._getpid  0x00000000000096e4       0x10 /Users/gregory/.platformio/packages/toolchain-gccarmnoneeabi/bin/../lib/gcc/arm-none-eabi/7.2.1/../../../../arm-none-eabi/lib/thumb/v6-m/libnosys.a(getpid.o)
                0x00000000000096e4                _getpid
 .text._kill    0x00000000000096f4       0x10 /Users/gregory/.platformio/packages/toolchain-gccarmnoneeabi/bin/../lib/gcc/arm-none-eabi/7.2.1/../../../../arm-none-eabi/lib/thumb/v6-m/libnosys.a(kill.o)
                0x00000000000096f4                _kill
 .text._sbrk    0x0000000000009704       0x1c /Users/gregory/.platformio/packages/toolchain-gccarmnoneeabi/bin/../lib/gcc/arm-none-eabi/7.2.1/../../../../arm-none-eabi/lib/thumb/v6-m/libnosys.a(sbrk.o)
                0x0000000000009704                _sbrk
 .text._exit    0x0000000000009720        0x4 /Users/gregory/.platformio/packages/toolchain-gccarmnoneeabi/bin/../lib/gcc/arm-none-eabi/7.2.1/../../../../arm-none-eabi/lib/thumb/v6-m/libnosys.a(_exit.o)
                0x0000000000009720                _exit
 *(.rodata .rodata* .gnu.linkonce.r.*)
 .rodata.main.str1.1
                0x0000000000009724       0x11 .pio/build/adafruit_feather_m0/src/main.o
 .rodata.DEFAULT_FONT
                0x0000000000009735      0x2f8 .pio/build/adafruit_feather_m0/libf4c/libfeather.a(font.o)
                0x0000000000009735                DEFAULT_FONT
 *fill*         0x0000000000009a2d        0x1 
 .rodata.DEFAULT_PALETTE
                0x0000000000009a2e        0x4 .pio/build/adafruit_feather_m0/libf4c/libfeather.a(font.o)
                0x0000000000009a2e                DEFAULT_PALETTE
 .rodata        0x0000000000009a32        0x8 .pio/build/adafruit_feather_m0/libf4c/libfeather.a(lcd.o)
 *fill*         0x0000000000009a3a        0x2 
 .rodata        0x0000000000009a3c       0x18 .pio/build/adafruit_feather_m0/libf4c/libfeather.a(sd.o)
 .rodata.HardFault_Handler.str1.1
                0x0000000000009a54        0xd .pio/build/adafruit_feather_m0/libf4c/libfeather.a(sd.o)
 .rodata.str1.1
                0x0000000000009a61       0x5c .pio/build/adafruit_feather_m0/libf4c/libfeather.a(sd.o)
                                         0x5d (size before relaxing)
 .rodata        0x0000000000009abd        0x4 .pio/build/adafruit_feather_m0/libf4c/libfeather.a(usb_handlers.o)
 .rodata._ZN8USB_Type13Handler_RXSTPEv.str1.1
                0x0000000000009ac1       0x2b .pio/build/adafruit_feather_m0/libf4c/libfeather.a(usb_handlers.o)
 .rodata._Z5errorPKcS0_.str1.1
                0x0000000000009aec        0x7 .pio/build/adafruit_feather_m0/libf4c/libfeather.a(error.o)
 .rodata._ZL6vendor
                0x0000000000009af3        0xd .pio/build/adafruit_feather_m0/libf4c/libfeather.a(usb_descriptors.o)
 .rodata._ZL7product
                0x0000000000009b00        0xc .pio/build/adafruit_feather_m0/libf4c/libfeather.a(usb_descriptors.o)
 .rodata._ZL8serialno
                0x0000000000009b0c        0x5 .pio/build/adafruit_feather_m0/libf4c/libfeather.a(usb_descriptors.o)
 *(.ARM.extab* .gnu.linkonce.armextab.*)
                0x0000000000009b14                . = ALIGN (0x4)
 *fill*         0x0000000000009b11        0x3 
 *(.init)
 .init          0x0000000000009b14        0x4 /Users/gregory/.platformio/packages/toolchain-gccarmnoneeabi/bin/../lib/gcc/arm-none-eabi/7.2.1/thumb/v6-m/crti.o
                0x0000000000009b14                _init
 .init          0x0000000000009b18        0x8 /Users/gregory/.platformio/packages/toolchain-gccarmnoneeabi/bin/../lib/gcc/arm-none-eabi/7.2.1/thumb/v6-m/crtn.o
                0x0000000000009b20                . = ALIGN (0x4)
                0x0000000000009b20                __preinit_array_start = .
 *(.preinit_array)
                0x0000000000009b20                __preinit_array_end = .
                0x0000000000009b20                . = ALIGN (0x4)
                0x0000000000009b20                __init_array_start = .
 *(SORT_BY_NAME(.init_array.*))
 *(.init_array)
 .init_array    0x0000000000009b20        0x4 /Users/gregory/.platformio/packages/toolchain-gccarmnoneeabi/bin/../lib/gcc/arm-none-eabi/7.2.1/thumb/v6-m/crtbegin.o
 .init_array    0x0000000000009b24        0x4 .pio/build/adafruit_feather_m0/libf4c/libfeather.a(input.o)
 .init_array    0x0000000000009b28        0x4 .pio/build/adafruit_feather_m0/libf4c/libfeather.a(usb.o)
 .init_array    0x0000000000009b2c        0x4 .pio/build/adafruit_feather_m0/libf4c/libfeather.a(usb_descriptors.o)
                0x0000000000009b30                __init_array_end = .
                0x0000000000009b30                . = ALIGN (0x4)
 *crtbegin.o(.ctors)
 *(EXCLUDE_FILE(*crtend.o) .ctors)
 *(SORT_BY_NAME(.ctors.*))
 *crtend.o(.ctors)
                0x0000000000009b30                . = ALIGN (0x4)
 *(.fini)
 .fini          0x0000000000009b30        0x4 /Users/gregory/.platformio/packages/toolchain-gccarmnoneeabi/bin/../lib/gcc/arm-none-eabi/7.2.1/thumb/v6-m/crti.o
                0x0000000000009b30                _fini
 .fini          0x0000000000009b34        0x8 /Users/gregory/.platformio/packages/toolchain-gccarmnoneeabi/bin/../lib/gcc/arm-none-eabi/7.2.1/thumb/v6-m/crtn.o
                0x0000000000009b3c                . = ALIGN (0x4)
                0x0000000000009b3c                __fini_array_start = .
 *(.fini_array)
 .fini_array    0x0000000000009b3c        0x4 /Users/gregory/.platformio/packages/toolchain-gccarmnoneeabi/bin/../lib/gcc/arm-none-eabi/7.2.1/thumb/v6-m/crtbegin.o
 *(SORT_BY_NAME(.fini_array.*))
                0x0000000000009b40                __fini_array_end = .
 *crtbegin.o(.dtors)
 *(EXCLUDE_FILE(*crtend.o) .dtors)
 *(SORT_BY_NAME(.dtors.*))
 *crtend.o(.dtors)
                0x0000000000009b40                . = ALIGN (0x4)
                0x0000000000009b40                _efixed = .
                [!provide]                        PROVIDE (__exidx_start, .)

.glue_7         0x0000000000009b40        0x0
 .glue_7        0x0000000000009b40        0x0 linker stubs

.glue_7t        0x0000000000009b40        0x0
 .glue_7t       0x0000000000009b40        0x0 linker stubs

.vfp11_veneer   0x0000000000009b40        0x0
 .vfp11_veneer  0x0000000000009b40        0x0 linker stubs

.v4_bx          0x0000000000009b40        0x0
 .v4_bx         0x0000000000009b40        0x0 linker stubs

.iplt           0x0000000000009b40        0x0
 .iplt          0x0000000000009b40        0x0 /Users/gregory/.platformio/packages/toolchain-gccarmnoneeabi/bin/../lib/gcc/arm-none-eabi/7.2.1/thumb/v6-m/crtbegin.o

.ramfuncBLOnly  0x0000000000009b40       0xfc
 .ramfuncBLOnly
                0x0000000000009b40       0x88 .pio/build/adafruit_feather_m0/libf4c/libfeather.a(usb.o)
                0x0000000000009b40                USB_Type::writeAsync(char const*, unsigned long, unsigned char)
                0x0000000000009b70                USB_Handler
 .ramfuncBLOnly
                0x0000000000009bc8       0x64 .pio/build/adafruit_feather_m0/libf4c/libfeather.a(usb_handlers.o)
                0x0000000000009bc8                USB_Type::Handler_OUT(Serial*)
 .ramfuncBLOnly
                0x0000000000009c2c       0x10 .pio/build/adafruit_feather_m0/libf4c/libfeather.a(program.o)
                0x0000000000009c2c                Program::setResetModeBootloader()

.igot.plt       0x0000000000009c3c        0x0
 .igot.plt      0x0000000000009c3c        0x0 /Users/gregory/.platformio/packages/toolchain-gccarmnoneeabi/bin/../lib/gcc/arm-none-eabi/7.2.1/thumb/v6-m/crtbegin.o

.eh_frame       0x0000000000009c3c        0x0
 .eh_frame      0x0000000000009c3c        0x0 /Users/gregory/.platformio/packages/toolchain-gccarmnoneeabi/bin/../lib/gcc/arm-none-eabi/7.2.1/thumb/v6-m/crtbegin.o

.rel.dyn        0x0000000000009c3c        0x0
 .rel.iplt      0x0000000000009c3c        0x0 /Users/gregory/.platformio/packages/toolchain-gccarmnoneeabi/bin/../lib/gcc/arm-none-eabi/7.2.1/thumb/v6-m/crtbegin.o

.ARM.exidx
 *(.ARM.exidx* .gnu.linkonce.armexidx.*)
                [!provide]                        PROVIDE (__exidx_end, .)
                0x0000000000009c3c                . = ALIGN (0x4)
                0x0000000000009c3c                _etext = .

.relocate       0x00000000200000b4      0x120 load address 0x0000000000009c3c
                0x00000000200000b4                . = ALIGN (0x4)
                0x00000000200000b4                _srelocate = .
 *(.ramfunc .ramfunc.*)
 *(.data .data.*)
 .data._ZN5Input7DigitalE
                0x00000000200000b4        0x4 .pio/build/adafruit_feather_m0/libf4c/libfeather.a(input.o)
                0x00000000200000b4                Input::Digital
 .data.numPixels
                0x00000000200000b8        0x4 .pio/build/adafruit_feather_m0/libf4c/libfeather.a(lcd.o)
                0x00000000200000b8                numPixels
 .data.SD_FILLER_BYTE
                0x00000000200000bc        0x1 .pio/build/adafruit_feather_m0/libf4c/libfeather.a(sd.o)
                0x00000000200000bc                SD_FILLER_BYTE
 .data._sleep_idling
                0x00000000200000bd        0x1 .pio/build/adafruit_feather_m0/libf4c/libfeather.a(timer.o)
                0x00000000200000bd                _sleep_idling
 *fill*         0x00000000200000be        0x2 
 .data._ZN8USB_Type13devDescriptorE
                0x00000000200000c0       0x12 .pio/build/adafruit_feather_m0/libf4c/libfeather.a(usb_descriptors.o)
                0x00000000200000c0                USB_Type::devDescriptor
 *fill*         0x00000000200000d2        0x2 
 .data._ZN8USB_Type7stringsE
                0x00000000200000d4        0xc .pio/build/adafruit_feather_m0/libf4c/libfeather.a(usb_descriptors.o)
                0x00000000200000d4                USB_Type::strings
 .data.debug_assoc
                0x00000000200000e0        0x8 .pio/build/adafruit_feather_m0/libf4c/libfeather.a(usb_descriptors.o)
                0x00000000200000e0                debug_assoc
 .data.debug_comm_desc
                0x00000000200000e8       0x13 .pio/build/adafruit_feather_m0/libf4c/libfeather.a(usb_descriptors.o)
                0x00000000200000e8                debug_comm_desc
 .data.debug_comm_endp
                0x00000000200000fb        0x7 .pio/build/adafruit_feather_m0/libf4c/libfeather.a(usb_descriptors.o)
                0x00000000200000fb                debug_comm_endp
 .data.debug_comm_iface
                0x0000000020000102        0x9 .pio/build/adafruit_feather_m0/libf4c/libfeather.a(usb_descriptors.o)
                0x0000000020000102                debug_comm_iface
 .data.debug_data_iface
                0x000000002000010b        0x9 .pio/build/adafruit_feather_m0/libf4c/libfeather.a(usb_descriptors.o)
                0x000000002000010b                debug_data_iface
 .data.debug_data_in_endp
                0x0000000020000114        0x7 .pio/build/adafruit_feather_m0/libf4c/libfeather.a(usb_descriptors.o)
                0x0000000020000114                debug_data_in_endp
 .data.debug_data_out_endp
                0x000000002000011b        0x7 .pio/build/adafruit_feather_m0/libf4c/libfeather.a(usb_descriptors.o)
                0x000000002000011b                debug_data_out_endp
 .data.serial_assoc
                0x0000000020000122        0x8 .pio/build/adafruit_feather_m0/libf4c/libfeather.a(usb_descriptors.o)
                0x0000000020000122                serial_assoc
 .data.serial_comm_desc
                0x000000002000012a       0x13 .pio/build/adafruit_feather_m0/libf4c/libfeather.a(usb_descriptors.o)
                0x000000002000012a                serial_comm_desc
 .data.serial_comm_endp
                0x000000002000013d        0x7 .pio/build/adafruit_feather_m0/libf4c/libfeather.a(usb_descriptors.o)
                0x000000002000013d                serial_comm_endp
 .data.serial_comm_iface
                0x0000000020000144        0x9 .pio/build/adafruit_feather_m0/libf4c/libfeather.a(usb_descriptors.o)
                0x0000000020000144                serial_comm_iface
 .data.serial_data_iface
                0x000000002000014d        0x9 .pio/build/adafruit_feather_m0/libf4c/libfeather.a(usb_descriptors.o)
                0x000000002000014d                serial_data_iface
 .data.serial_data_in_endp
                0x0000000020000156        0x7 .pio/build/adafruit_feather_m0/libf4c/libfeather.a(usb_descriptors.o)
                0x0000000020000156                serial_data_in_endp
 .data.serial_data_out_endp
                0x000000002000015d        0x7 .pio/build/adafruit_feather_m0/libf4c/libfeather.a(usb_descriptors.o)
                0x000000002000015d                serial_data_out_endp
 .data.usb_cfg  0x0000000020000164        0x9 .pio/build/adafruit_feather_m0/libf4c/libfeather.a(usb_descriptors.o)
                0x0000000020000164                usb_cfg
 *fill*         0x000000002000016d        0x3 
 .data._impure_ptr
                0x0000000020000170        0x4 /Users/gregory/.platformio/packages/toolchain-gccarmnoneeabi/bin/../lib/gcc/arm-none-eabi/7.2.1/../../../../arm-none-eabi/lib/thumb/v6-m/libc_nano.a(lib_a-impure.o)
                0x0000000020000170                _impure_ptr
 .data.impure_data
                0x0000000020000174       0x60 /Users/gregory/.platformio/packages/toolchain-gccarmnoneeabi/bin/../lib/gcc/arm-none-eabi/7.2.1/../../../../arm-none-eabi/lib/thumb/v6-m/libc_nano.a(lib_a-impure.o)
                0x00000000200001d4                . = ALIGN (0x4)
                0x00000000200001d4                _erelocate = .

.bss            0x00000000200001e0      0x3f4 load address 0x0000000000009d70
                0x00000000200001e0                . = ALIGN (0x4)
                0x00000000200001e0                _sbss = .
                0x00000000200001e0                _szero = .
 *(.bss .bss.*)
 .bss           0x00000000200001e0       0x1c /Users/gregory/.platformio/packages/toolchain-gccarmnoneeabi/bin/../lib/gcc/arm-none-eabi/7.2.1/thumb/v6-m/crtbegin.o
 .bss._ZN5Input6AnalogE
                0x00000000200001fc        0x4 .pio/build/adafruit_feather_m0/libf4c/libfeather.a(input.o)
                0x00000000200001fc                Input::Analog
 .bss.SD_DMA_TRASH
                0x0000000020000200        0x1 .pio/build/adafruit_feather_m0/libf4c/libfeather.a(sd.o)
                0x0000000020000200                SD_DMA_TRASH
 *fill*         0x0000000020000201        0x3 
 .bss._ZN2SD10fatAddressE
                0x0000000020000204        0x4 .pio/build/adafruit_feather_m0/libf4c/libfeather.a(sd.o)
                0x0000000020000204                SD::fatAddress
 .bss._ZN2SD10volAddressE
                0x0000000020000208        0x4 .pio/build/adafruit_feather_m0/libf4c/libfeather.a(sd.o)
                0x0000000020000208                SD::volAddress
 .bss._ZN2SD11rootAddressE
                0x000000002000020c        0x4 .pio/build/adafruit_feather_m0/libf4c/libfeather.a(sd.o)
                0x000000002000020c                SD::rootAddress
 .bss._ZN2SD19sectors_per_clusterE
                0x0000000020000210        0x1 .pio/build/adafruit_feather_m0/libf4c/libfeather.a(sd.o)
                0x0000000020000210                SD::sectors_per_cluster
 .bss.sd_data   0x0000000020000211        0x6 .pio/build/adafruit_feather_m0/libf4c/libfeather.a(sd.o)
                0x0000000020000211                sd_data
 .bss.sd_dma_state
                0x0000000020000217        0x1 .pio/build/adafruit_feather_m0/libf4c/libfeather.a(sd.o)
                0x0000000020000217                sd_dma_state
 .bss.sd_long_response
                0x0000000020000218        0x4 .pio/build/adafruit_feather_m0/libf4c/libfeather.a(sd.o)
                0x0000000020000218                sd_long_response
 .bss.sd_response
                0x000000002000021c        0x1 .pio/build/adafruit_feather_m0/libf4c/libfeather.a(sd.o)
                0x000000002000021c                sd_response
 *fill*         0x000000002000021d        0x3 
 .bss.sd_rx_descriptors
                0x0000000020000220       0x40 .pio/build/adafruit_feather_m0/libf4c/libfeather.a(sd.o)
                0x0000000020000220                sd_rx_descriptors
 .bss.sd_tx_descriptors
                0x0000000020000260       0x40 .pio/build/adafruit_feather_m0/libf4c/libfeather.a(sd.o)
                0x0000000020000260                sd_tx_descriptors
 .bss._ZN8USB_Type3usbE
                0x00000000200002a0        0x4 .pio/build/adafruit_feather_m0/libf4c/libfeather.a(usb.o)
                0x00000000200002a0                USB_Type::usb
 .bss.usb       0x00000000200002a4      0x22c .pio/build/adafruit_feather_m0/libf4c/libfeather.a(usb.o)
                0x00000000200002a4                usb
 .bss.DMACFG    0x00000000200004d0       0x30 .pio/build/adafruit_feather_m0/libf4c/libfeather.a(dma.o)
                0x00000000200004d0                DMACFG
 .bss._DMAWRB   0x0000000020000500       0x30 .pio/build/adafruit_feather_m0/libf4c/libfeather.a(dma.o)
                0x0000000020000500                _DMAWRB
 .bss._ZN8USB_Type13cfgDescriptorE
                0x0000000020000530       0x8d .pio/build/adafruit_feather_m0/libf4c/libfeather.a(usb_descriptors.o)
                0x0000000020000530                USB_Type::cfgDescriptor
 *fill*         0x00000000200005bd        0x3 
 .bss._ZN12_GLOBAL__N_113__new_handlerE
                0x00000000200005c0        0x4 /Users/gregory/.platformio/packages/toolchain-gccarmnoneeabi/bin/../lib/gcc/arm-none-eabi/7.2.1/../../../../arm-none-eabi/lib/thumb/v6-m/libstdc++_nano.a(new_handler.o)
 .bss.__malloc_free_list
                0x00000000200005c4        0x4 /Users/gregory/.platformio/packages/toolchain-gccarmnoneeabi/bin/../lib/gcc/arm-none-eabi/7.2.1/../../../../arm-none-eabi/lib/thumb/v6-m/libc_nano.a(lib_a-nano-mallocr.o)
                0x00000000200005c4                __malloc_free_list
 .bss.__malloc_sbrk_start
                0x00000000200005c8        0x4 /Users/gregory/.platformio/packages/toolchain-gccarmnoneeabi/bin/../lib/gcc/arm-none-eabi/7.2.1/../../../../arm-none-eabi/lib/thumb/v6-m/libc_nano.a(lib_a-nano-mallocr.o)
                0x00000000200005c8                __malloc_sbrk_start
 .bss.heap_end.4102
                0x00000000200005cc        0x4 /Users/gregory/.platformio/packages/toolchain-gccarmnoneeabi/bin/../lib/gcc/arm-none-eabi/7.2.1/../../../../arm-none-eabi/lib/thumb/v6-m/libnosys.a(sbrk.o)
 *(COMMON)
 COMMON         0x00000000200005d0        0x4 /Users/gregory/.platformio/packages/toolchain-gccarmnoneeabi/bin/../lib/gcc/arm-none-eabi/7.2.1/../../../../arm-none-eabi/lib/thumb/v6-m/libc_nano.a(lib_a-reent.o)
                0x00000000200005d0                errno
                0x00000000200005d4                . = ALIGN (0x4)
                0x00000000200005d4                _ebss = .
                0x00000000200005d4                _ezero = .

.stack          0x00000000200005d4     0x2004 load address 0x000000000000a164
                0x00000000200005d8                . = ALIGN (0x8)
 *fill*         0x00000000200005d4        0x4 
                0x00000000200005d8                _sstack = .
                0x00000000200025d8                . = (. + STACK_SIZE)
 *fill*         0x00000000200005d8     0x2000 
                0x00000000200025d8                . = ALIGN (0x8)
                0x00000000200025d8                _estack = .
                0x00000000200025d8                . = ALIGN (0x4)
                0x00000000200025d8                _end = .
                0x00000000200025d8                end = _end
LOAD .pio/build/adafruit_feather_m0/src/main.o
START GROUP
LOAD .pio/build/adafruit_feather_m0/libf4c/libfeather.a
END GROUP
LOAD /Users/gregory/.platformio/packages/toolchain-gccarmnoneeabi/bin/../lib/gcc/arm-none-eabi/7.2.1/../../../../arm-none-eabi/lib/thumb/v6-m/libstdc++_nano.a
LOAD /Users/gregory/.platformio/packages/toolchain-gccarmnoneeabi/bin/../lib/gcc/arm-none-eabi/7.2.1/../../../../arm-none-eabi/lib/thumb/v6-m/libm.a
START GROUP
LOAD /Users/gregory/.platformio/packages/toolchain-gccarmnoneeabi/bin/../lib/gcc/arm-none-eabi/7.2.1/thumb/v6-m/libgcc.a
LOAD /Users/gregory/.platformio/packages/toolchain-gccarmnoneeabi/bin/../lib/gcc/arm-none-eabi/7.2.1/../../../../arm-none-eabi/lib/thumb/v6-m/libc_nano.a
END GROUP
START GROUP
LOAD /Users/gregory/.platformio/packages/toolchain-gccarmnoneeabi/bin/../lib/gcc/arm-none-eabi/7.2.1/thumb/v6-m/libgcc.a
LOAD /Users/gregory/.platformio/packages/toolchain-gccarmnoneeabi/bin/../lib/gcc/arm-none-eabi/7.2.1/../../../../arm-none-eabi/lib/thumb/v6-m/libc_nano.a
LOAD /Users/gregory/.platformio/packages/toolchain-gccarmnoneeabi/bin/../lib/gcc/arm-none-eabi/7.2.1/../../../../arm-none-eabi/lib/thumb/v6-m/libnosys.a
END GROUP
START GROUP
LOAD /Users/gregory/.platformio/packages/toolchain-gccarmnoneeabi/bin/../lib/gcc/arm-none-eabi/7.2.1/thumb/v6-m/libgcc.a
LOAD /Users/gregory/.platformio/packages/toolchain-gccarmnoneeabi/bin/../lib/gcc/arm-none-eabi/7.2.1/../../../../arm-none-eabi/lib/thumb/v6-m/libc_nano.a
LOAD /Users/gregory/.platformio/packages/toolchain-gccarmnoneeabi/bin/../lib/gcc/arm-none-eabi/7.2.1/../../../../arm-none-eabi/lib/thumb/v6-m/libnosys.a
END GROUP
LOAD /Users/gregory/.platformio/packages/toolchain-gccarmnoneeabi/bin/../lib/gcc/arm-none-eabi/7.2.1/thumb/v6-m/crtend.o
LOAD /Users/gregory/.platformio/packages/toolchain-gccarmnoneeabi/bin/../lib/gcc/arm-none-eabi/7.2.1/thumb/v6-m/crtn.o
OUTPUT(.pio/build/adafruit_feather_m0/firmware.elf elf32-littlearm)

.ARM.attributes
                0x0000000000000000       0x28
 .ARM.attributes
                0x0000000000000000       0x1e /Users/gregory/.platformio/packages/toolchain-gccarmnoneeabi/bin/../lib/gcc/arm-none-eabi/7.2.1/thumb/v6-m/crti.o
 .ARM.attributes
                0x000000000000001e       0x2c /Users/gregory/.platformio/packages/toolchain-gccarmnoneeabi/bin/../lib/gcc/arm-none-eabi/7.2.1/thumb/v6-m/crtbegin.o
 .ARM.attributes
                0x000000000000004a       0x32 .pio/build/adafruit_feather_m0/src/main.o
 .ARM.attributes
                0x000000000000007c       0x32 .pio/build/adafruit_feather_m0/libf4c/libfeather.a(font.o)
 .ARM.attributes
                0x00000000000000ae       0x32 .pio/build/adafruit_feather_m0/libf4c/libfeather.a(init.o)
 .ARM.attributes
                0x00000000000000e0       0x32 .pio/build/adafruit_feather_m0/libf4c/libfeather.a(input.o)
 .ARM.attributes
                0x0000000000000112       0x32 .pio/build/adafruit_feather_m0/libf4c/libfeather.a(lcd.o)
 .ARM.attributes
                0x0000000000000144       0x32 .pio/build/adafruit_feather_m0/libf4c/libfeather.a(sd.o)
 .ARM.attributes
                0x0000000000000176       0x32 .pio/build/adafruit_feather_m0/libf4c/libfeather.a(sound.o)
 .ARM.attributes
                0x00000000000001a8       0x32 .pio/build/adafruit_feather_m0/libf4c/libfeather.a(startup.o)
 .ARM.attributes
                0x00000000000001da       0x32 .pio/build/adafruit_feather_m0/libf4c/libfeather.a(text.o)
 .ARM.attributes
                0x000000000000020c       0x32 .pio/build/adafruit_feather_m0/libf4c/libfeather.a(timer.o)
 .ARM.attributes
                0x000000000000023e       0x32 .pio/build/adafruit_feather_m0/libf4c/libfeather.a(usb.o)
 .ARM.attributes
                0x0000000000000270       0x32 .pio/build/adafruit_feather_m0/libf4c/libfeather.a(usb_handlers.o)
 .ARM.attributes
                0x00000000000002a2       0x32 .pio/build/adafruit_feather_m0/libf4c/libfeather.a(debug.o)
 .ARM.attributes
                0x00000000000002d4       0x32 .pio/build/adafruit_feather_m0/libf4c/libfeather.a(dma.o)
 .ARM.attributes
                0x0000000000000306       0x32 .pio/build/adafruit_feather_m0/libf4c/libfeather.a(error.o)
 .ARM.attributes
                0x0000000000000338       0x32 .pio/build/adafruit_feather_m0/libf4c/libfeather.a(program.o)
 .ARM.attributes
                0x000000000000036a       0x32 .pio/build/adafruit_feather_m0/libf4c/libfeather.a(serial.o)
 .ARM.attributes
                0x000000000000039c       0x32 .pio/build/adafruit_feather_m0/libf4c/libfeather.a(usb_descriptors.o)
 .ARM.attributes
                0x00000000000003ce       0x2c /Users/gregory/.platformio/packages/toolchain-gccarmnoneeabi/bin/../lib/gcc/arm-none-eabi/7.2.1/../../../../arm-none-eabi/lib/thumb/v6-m/libstdc++_nano.a(new_op.o)
 .ARM.attributes
                0x00000000000003fa       0x2c /Users/gregory/.platformio/packages/toolchain-gccarmnoneeabi/bin/../lib/gcc/arm-none-eabi/7.2.1/../../../../arm-none-eabi/lib/thumb/v6-m/libstdc++_nano.a(new_handler.o)
 .ARM.attributes
                0x0000000000000426       0x2c /Users/gregory/.platformio/packages/toolchain-gccarmnoneeabi/bin/../lib/gcc/arm-none-eabi/7.2.1/../../../../arm-none-eabi/lib/thumb/v6-m/libc_nano.a(lib_a-abort.o)
 .ARM.attributes
                0x0000000000000452       0x2c /Users/gregory/.platformio/packages/toolchain-gccarmnoneeabi/bin/../lib/gcc/arm-none-eabi/7.2.1/../../../../arm-none-eabi/lib/thumb/v6-m/libc_nano.a(lib_a-impure.o)
 .ARM.attributes
                0x000000000000047e       0x2c /Users/gregory/.platformio/packages/toolchain-gccarmnoneeabi/bin/../lib/gcc/arm-none-eabi/7.2.1/../../../../arm-none-eabi/lib/thumb/v6-m/libc_nano.a(lib_a-init.o)
 .ARM.attributes
                0x00000000000004aa       0x2c /Users/gregory/.platformio/packages/toolchain-gccarmnoneeabi/bin/../lib/gcc/arm-none-eabi/7.2.1/../../../../arm-none-eabi/lib/thumb/v6-m/libc_nano.a(lib_a-malloc.o)
 .ARM.attributes
                0x00000000000004d6       0x2c /Users/gregory/.platformio/packages/toolchain-gccarmnoneeabi/bin/../lib/gcc/arm-none-eabi/7.2.1/../../../../arm-none-eabi/lib/thumb/v6-m/libc_nano.a(lib_a-memcpy-stub.o)
 .ARM.attributes
                0x0000000000000502       0x2c /Users/gregory/.platformio/packages/toolchain-gccarmnoneeabi/bin/../lib/gcc/arm-none-eabi/7.2.1/../../../../arm-none-eabi/lib/thumb/v6-m/libc_nano.a(lib_a-memset.o)
 .ARM.attributes
                0x000000000000052e       0x2c /Users/gregory/.platformio/packages/toolchain-gccarmnoneeabi/bin/../lib/gcc/arm-none-eabi/7.2.1/../../../../arm-none-eabi/lib/thumb/v6-m/libc_nano.a(lib_a-nano-mallocr.o)
 .ARM.attributes
                0x000000000000055a       0x2c /Users/gregory/.platformio/packages/toolchain-gccarmnoneeabi/bin/../lib/gcc/arm-none-eabi/7.2.1/../../../../arm-none-eabi/lib/thumb/v6-m/libc_nano.a(lib_a-sbrkr.o)
 .ARM.attributes
                0x0000000000000586       0x2c /Users/gregory/.platformio/packages/toolchain-gccarmnoneeabi/bin/../lib/gcc/arm-none-eabi/7.2.1/../../../../arm-none-eabi/lib/thumb/v6-m/libc_nano.a(lib_a-signal.o)
 .ARM.attributes
                0x00000000000005b2       0x2c /Users/gregory/.platformio/packages/toolchain-gccarmnoneeabi/bin/../lib/gcc/arm-none-eabi/7.2.1/../../../../arm-none-eabi/lib/thumb/v6-m/libc_nano.a(lib_a-signalr.o)
 .ARM.attributes
                0x00000000000005de       0x2c /Users/gregory/.platformio/packages/toolchain-gccarmnoneeabi/bin/../lib/gcc/arm-none-eabi/7.2.1/../../../../arm-none-eabi/lib/thumb/v6-m/libc_nano.a(lib_a-mlock.o)
 .ARM.attributes
                0x000000000000060a       0x2c /Users/gregory/.platformio/packages/toolchain-gccarmnoneeabi/bin/../lib/gcc/arm-none-eabi/7.2.1/../../../../arm-none-eabi/lib/thumb/v6-m/libc_nano.a(lib_a-reent.o)
 .ARM.attributes
                0x0000000000000636       0x2c /Users/gregory/.platformio/packages/toolchain-gccarmnoneeabi/bin/../lib/gcc/arm-none-eabi/7.2.1/../../../../arm-none-eabi/lib/thumb/v6-m/libnosys.a(getpid.o)
 .ARM.attributes
                0x0000000000000662       0x2c /Users/gregory/.platformio/packages/toolchain-gccarmnoneeabi/bin/../lib/gcc/arm-none-eabi/7.2.1/../../../../arm-none-eabi/lib/thumb/v6-m/libnosys.a(kill.o)
 .ARM.attributes
                0x000000000000068e       0x2c /Users/gregory/.platformio/packages/toolchain-gccarmnoneeabi/bin/../lib/gcc/arm-none-eabi/7.2.1/../../../../arm-none-eabi/lib/thumb/v6-m/libnosys.a(sbrk.o)
 .ARM.attributes
                0x00000000000006ba       0x2c /Users/gregory/.platformio/packages/toolchain-gccarmnoneeabi/bin/../lib/gcc/arm-none-eabi/7.2.1/../../../../arm-none-eabi/lib/thumb/v6-m/libnosys.a(_exit.o)
 .ARM.attributes
                0x00000000000006e6       0x1e /Users/gregory/.platformio/packages/toolchain-gccarmnoneeabi/bin/../lib/gcc/arm-none-eabi/7.2.1/thumb/v6-m/crtn.o

.comment        0x0000000000000000       0x7e
 .comment       0x0000000000000000       0x7e .pio/build/adafruit_feather_m0/src/main.o
                                         0x7f (size before relaxing)
 .comment       0x000000000000007e       0x7f .pio/build/adafruit_feather_m0/libf4c/libfeather.a(font.o)
 .comment       0x000000000000007e       0x7f .pio/build/adafruit_feather_m0/libf4c/libfeather.a(init.o)
 .comment       0x000000000000007e       0x7f .pio/build/adafruit_feather_m0/libf4c/libfeather.a(input.o)
 .comment       0x000000000000007e       0x7f .pio/build/adafruit_feather_m0/libf4c/libfeather.a(lcd.o)
 .comment       0x000000000000007e       0x7f .pio/build/adafruit_feather_m0/libf4c/libfeather.a(sd.o)
 .comment       0x000000000000007e       0x7f .pio/build/adafruit_feather_m0/libf4c/libfeather.a(sound.o)
 .comment       0x000000000000007e       0x7f .pio/build/adafruit_feather_m0/libf4c/libfeather.a(startup.o)
 .comment       0x000000000000007e       0x7f .pio/build/adafruit_feather_m0/libf4c/libfeather.a(text.o)
 .comment       0x000000000000007e       0x7f .pio/build/adafruit_feather_m0/libf4c/libfeather.a(timer.o)
 .comment       0x000000000000007e       0x7f .pio/build/adafruit_feather_m0/libf4c/libfeather.a(usb.o)
 .comment       0x000000000000007e       0x7f .pio/build/adafruit_feather_m0/libf4c/libfeather.a(usb_handlers.o)
 .comment       0x000000000000007e       0x7f .pio/build/adafruit_feather_m0/libf4c/libfeather.a(debug.o)
 .comment       0x000000000000007e       0x7f .pio/build/adafruit_feather_m0/libf4c/libfeather.a(dma.o)
 .comment       0x000000000000007e       0x7f .pio/build/adafruit_feather_m0/libf4c/libfeather.a(error.o)
 .comment       0x000000000000007e       0x7f .pio/build/adafruit_feather_m0/libf4c/libfeather.a(program.o)
 .comment       0x000000000000007e       0x7f .pio/build/adafruit_feather_m0/libf4c/libfeather.a(serial.o)
 .comment       0x000000000000007e       0x7f .pio/build/adafruit_feather_m0/libf4c/libfeather.a(usb_descriptors.o)

.debug_frame    0x0000000000000000      0x3a8
 .debug_frame   0x0000000000000000       0x28 /Users/gregory/.platformio/packages/toolchain-gccarmnoneeabi/bin/../lib/gcc/arm-none-eabi/7.2.1/../../../../arm-none-eabi/lib/thumb/v6-m/libstdc++_nano.a(new_op.o)
 .debug_frame   0x0000000000000028       0x30 /Users/gregory/.platformio/packages/toolchain-gccarmnoneeabi/bin/../lib/gcc/arm-none-eabi/7.2.1/../../../../arm-none-eabi/lib/thumb/v6-m/libstdc++_nano.a(new_handler.o)
 .debug_frame   0x0000000000000058       0x28 /Users/gregory/.platformio/packages/toolchain-gccarmnoneeabi/bin/../lib/gcc/arm-none-eabi/7.2.1/../../../../arm-none-eabi/lib/thumb/v6-m/libc_nano.a(lib_a-abort.o)
 .debug_frame   0x0000000000000080       0x2c /Users/gregory/.platformio/packages/toolchain-gccarmnoneeabi/bin/../lib/gcc/arm-none-eabi/7.2.1/../../../../arm-none-eabi/lib/thumb/v6-m/libc_nano.a(lib_a-init.o)
 .debug_frame   0x00000000000000ac       0x40 /Users/gregory/.platformio/packages/toolchain-gccarmnoneeabi/bin/../lib/gcc/arm-none-eabi/7.2.1/../../../../arm-none-eabi/lib/thumb/v6-m/libc_nano.a(lib_a-malloc.o)
 .debug_frame   0x00000000000000ec       0x28 /Users/gregory/.platformio/packages/toolchain-gccarmnoneeabi/bin/../lib/gcc/arm-none-eabi/7.2.1/../../../../arm-none-eabi/lib/thumb/v6-m/libc_nano.a(lib_a-memcpy-stub.o)
 .debug_frame   0x0000000000000114       0x20 /Users/gregory/.platformio/packages/toolchain-gccarmnoneeabi/bin/../lib/gcc/arm-none-eabi/7.2.1/../../../../arm-none-eabi/lib/thumb/v6-m/libc_nano.a(lib_a-memset.o)
 .debug_frame   0x0000000000000134       0x2c /Users/gregory/.platformio/packages/toolchain-gccarmnoneeabi/bin/../lib/gcc/arm-none-eabi/7.2.1/../../../../arm-none-eabi/lib/thumb/v6-m/libc_nano.a(lib_a-nano-mallocr.o)
 .debug_frame   0x0000000000000160       0x2c /Users/gregory/.platformio/packages/toolchain-gccarmnoneeabi/bin/../lib/gcc/arm-none-eabi/7.2.1/../../../../arm-none-eabi/lib/thumb/v6-m/libc_nano.a(lib_a-sbrkr.o)
 .debug_frame   0x000000000000018c       0xe0 /Users/gregory/.platformio/packages/toolchain-gccarmnoneeabi/bin/../lib/gcc/arm-none-eabi/7.2.1/../../../../arm-none-eabi/lib/thumb/v6-m/libc_nano.a(lib_a-signal.o)
 .debug_frame   0x000000000000026c       0x44 /Users/gregory/.platformio/packages/toolchain-gccarmnoneeabi/bin/../lib/gcc/arm-none-eabi/7.2.1/../../../../arm-none-eabi/lib/thumb/v6-m/libc_nano.a(lib_a-signalr.o)
 .debug_frame   0x00000000000002b0       0x30 /Users/gregory/.platformio/packages/toolchain-gccarmnoneeabi/bin/../lib/gcc/arm-none-eabi/7.2.1/../../../../arm-none-eabi/lib/thumb/v6-m/libc_nano.a(lib_a-mlock.o)
 .debug_frame   0x00000000000002e0       0x48 /Users/gregory/.platformio/packages/toolchain-gccarmnoneeabi/bin/../lib/gcc/arm-none-eabi/7.2.1/../../../../arm-none-eabi/lib/thumb/v6-m/libc_nano.a(lib_a-reent.o)
 .debug_frame   0x0000000000000328       0x20 /Users/gregory/.platformio/packages/toolchain-gccarmnoneeabi/bin/../lib/gcc/arm-none-eabi/7.2.1/../../../../arm-none-eabi/lib/thumb/v6-m/libnosys.a(getpid.o)
 .debug_frame   0x0000000000000348       0x20 /Users/gregory/.platformio/packages/toolchain-gccarmnoneeabi/bin/../lib/gcc/arm-none-eabi/7.2.1/../../../../arm-none-eabi/lib/thumb/v6-m/libnosys.a(kill.o)
 .debug_frame   0x0000000000000368       0x20 /Users/gregory/.platformio/packages/toolchain-gccarmnoneeabi/bin/../lib/gcc/arm-none-eabi/7.2.1/../../../../arm-none-eabi/lib/thumb/v6-m/libnosys.a(sbrk.o)
 .debug_frame   0x0000000000000388       0x20 /Users/gregory/.platformio/packages/toolchain-gccarmnoneeabi/bin/../lib/gcc/arm-none-eabi/7.2.1/../../../../arm-none-eabi/lib/thumb/v6-m/libnosys.a(_exit.o)

.stab           0x0000000000000000       0x3c
 .stab          0x0000000000000000       0x24 /Users/gregory/.platformio/packages/toolchain-gccarmnoneeabi/bin/../lib/gcc/arm-none-eabi/7.2.1/../../../../arm-none-eabi/lib/thumb/v6-m/libnosys.a(getpid.o)
 .stab          0x0000000000000024       0x18 /Users/gregory/.platformio/packages/toolchain-gccarmnoneeabi/bin/../lib/gcc/arm-none-eabi/7.2.1/../../../../arm-none-eabi/lib/thumb/v6-m/libnosys.a(kill.o)
                                         0x24 (size before relaxing)

.stabstr        0x0000000000000000       0x76
 .stabstr       0x0000000000000000       0x76 /Users/gregory/.platformio/packages/toolchain-gccarmnoneeabi/bin/../lib/gcc/arm-none-eabi/7.2.1/../../../../arm-none-eabi/lib/thumb/v6-m/libnosys.a(getpid.o)
