Archive member included to satisfy reference by file (symbol)

.pio/build/adafruit_feather_m0/lib674/libfeather.a(font.o)
                              .pio/build/adafruit_feather_m0/src/main.o (DEFAULT_PALETTE)
.pio/build/adafruit_feather_m0/lib674/libfeather.a(init.o)
                              .pio/build/adafruit_feather_m0/src/main.o (Feather::init())
.pio/build/adafruit_feather_m0/lib674/libfeather.a(input.o)
                              .pio/build/adafruit_feather_m0/lib674/libfeather.a(init.o) (Input::init())
.pio/build/adafruit_feather_m0/lib674/libfeather.a(lcd.o)
                              .pio/build/adafruit_feather_m0/lib674/libfeather.a(init.o) (LCD::init())
.pio/build/adafruit_feather_m0/lib674/libfeather.a(sd.o)
                              .pio/build/adafruit_feather_m0/src/main.o (SD::read(unsigned long, unsigned short, unsigned short, void*))
.pio/build/adafruit_feather_m0/lib674/libfeather.a(startup.o)
                              (exception_table)
.pio/build/adafruit_feather_m0/lib674/libfeather.a(text.o)
                              .pio/build/adafruit_feather_m0/src/main.o (LCD::print(unsigned char const*, unsigned short const*, unsigned short, unsigned short, char const*, unsigned char))
.pio/build/adafruit_feather_m0/lib674/libfeather.a(timer.o)
                              .pio/build/adafruit_feather_m0/lib674/libfeather.a(init.o) (initSleep())
.pio/build/adafruit_feather_m0/lib674/libfeather.a(usb.o)
                              .pio/build/adafruit_feather_m0/lib674/libfeather.a(init.o) (USB_CONN::init())
.pio/build/adafruit_feather_m0/lib674/libfeather.a(dma.o)
                              .pio/build/adafruit_feather_m0/lib674/libfeather.a(init.o) (DMA::start())
.pio/build/adafruit_feather_m0/lib674/libfeather.a(error.o)
                              .pio/build/adafruit_feather_m0/lib674/libfeather.a(startup.o) (error)
.pio/build/adafruit_feather_m0/lib674/libfeather.a(serial.o)
                              .pio/build/adafruit_feather_m0/lib674/libfeather.a(usb.o) (Serial_t::debug)
.pio/build/adafruit_feather_m0/lib674/libfeather.a(handlers.o)
                              .pio/build/adafruit_feather_m0/lib674/libfeather.a(usb.o) (USB_CONN::Handler_OUT(Serial_t*))
.pio/build/adafruit_feather_m0/lib674/libfeather.a(debug.o)
                              .pio/build/adafruit_feather_m0/lib674/libfeather.a(serial.o) (Debug::input(Serial_t*, char*, unsigned char))
.pio/build/adafruit_feather_m0/lib674/libfeather.a(descriptors.o)
                              .pio/build/adafruit_feather_m0/lib674/libfeather.a(handlers.o) (USB_CONN::cfgDescriptor)
.pio/build/adafruit_feather_m0/lib674/libfeather.a(program.o)
                              .pio/build/adafruit_feather_m0/lib674/libfeather.a(debug.o) (Program::resetToProgram())
/Users/gregory/.platformio/packages/toolchain-gccarmnoneeabi/bin/../lib/gcc/arm-none-eabi/7.2.1/../../../../arm-none-eabi/lib/thumb/v6-m/libstdc++_nano.a(new_op.o)
                              .pio/build/adafruit_feather_m0/lib674/libfeather.a(input.o) (operator new(unsigned int))
/Users/gregory/.platformio/packages/toolchain-gccarmnoneeabi/bin/../lib/gcc/arm-none-eabi/7.2.1/../../../../arm-none-eabi/lib/thumb/v6-m/libstdc++_nano.a(new_handler.o)
                              /Users/gregory/.platformio/packages/toolchain-gccarmnoneeabi/bin/../lib/gcc/arm-none-eabi/7.2.1/../../../../arm-none-eabi/lib/thumb/v6-m/libstdc++_nano.a(new_op.o) (std::get_new_handler())
/Users/gregory/.platformio/packages/toolchain-gccarmnoneeabi/bin/../lib/gcc/arm-none-eabi/7.2.1/../../../../arm-none-eabi/lib/thumb/v6-m/libc_nano.a(lib_a-abort.o)
                              /Users/gregory/.platformio/packages/toolchain-gccarmnoneeabi/bin/../lib/gcc/arm-none-eabi/7.2.1/../../../../arm-none-eabi/lib/thumb/v6-m/libstdc++_nano.a(new_op.o) (abort)
/Users/gregory/.platformio/packages/toolchain-gccarmnoneeabi/bin/../lib/gcc/arm-none-eabi/7.2.1/../../../../arm-none-eabi/lib/thumb/v6-m/libc_nano.a(lib_a-exit.o)
                              /Users/gregory/.platformio/packages/toolchain-gccarmnoneeabi/bin/../lib/gcc/arm-none-eabi/7.2.1/../../../../arm-none-eabi/lib/thumb/v6-m/crt0.o (exit)
/Users/gregory/.platformio/packages/toolchain-gccarmnoneeabi/bin/../lib/gcc/arm-none-eabi/7.2.1/../../../../arm-none-eabi/lib/thumb/v6-m/libc_nano.a(lib_a-impure.o)
                              /Users/gregory/.platformio/packages/toolchain-gccarmnoneeabi/bin/../lib/gcc/arm-none-eabi/7.2.1/../../../../arm-none-eabi/lib/thumb/v6-m/libc_nano.a(lib_a-exit.o) (_global_impure_ptr)
/Users/gregory/.platformio/packages/toolchain-gccarmnoneeabi/bin/../lib/gcc/arm-none-eabi/7.2.1/../../../../arm-none-eabi/lib/thumb/v6-m/libc_nano.a(lib_a-init.o)
                              /Users/gregory/.platformio/packages/toolchain-gccarmnoneeabi/bin/../lib/gcc/arm-none-eabi/7.2.1/../../../../arm-none-eabi/lib/thumb/v6-m/crt0.o (__libc_init_array)
/Users/gregory/.platformio/packages/toolchain-gccarmnoneeabi/bin/../lib/gcc/arm-none-eabi/7.2.1/../../../../arm-none-eabi/lib/thumb/v6-m/libc_nano.a(lib_a-malloc.o)
                              /Users/gregory/.platformio/packages/toolchain-gccarmnoneeabi/bin/../lib/gcc/arm-none-eabi/7.2.1/../../../../arm-none-eabi/lib/thumb/v6-m/libstdc++_nano.a(new_op.o) (malloc)
/Users/gregory/.platformio/packages/toolchain-gccarmnoneeabi/bin/../lib/gcc/arm-none-eabi/7.2.1/../../../../arm-none-eabi/lib/thumb/v6-m/libc_nano.a(lib_a-memcpy-stub.o)
                              .pio/build/adafruit_feather_m0/lib674/libfeather.a(lcd.o) (memcpy)
/Users/gregory/.platformio/packages/toolchain-gccarmnoneeabi/bin/../lib/gcc/arm-none-eabi/7.2.1/../../../../arm-none-eabi/lib/thumb/v6-m/libc_nano.a(lib_a-memset.o)
                              /Users/gregory/.platformio/packages/toolchain-gccarmnoneeabi/bin/../lib/gcc/arm-none-eabi/7.2.1/../../../../arm-none-eabi/lib/thumb/v6-m/crt0.o (memset)
/Users/gregory/.platformio/packages/toolchain-gccarmnoneeabi/bin/../lib/gcc/arm-none-eabi/7.2.1/../../../../arm-none-eabi/lib/thumb/v6-m/libc_nano.a(lib_a-nano-freer.o)
                              /Users/gregory/.platformio/packages/toolchain-gccarmnoneeabi/bin/../lib/gcc/arm-none-eabi/7.2.1/../../../../arm-none-eabi/lib/thumb/v6-m/libc_nano.a(lib_a-malloc.o) (_free_r)
/Users/gregory/.platformio/packages/toolchain-gccarmnoneeabi/bin/../lib/gcc/arm-none-eabi/7.2.1/../../../../arm-none-eabi/lib/thumb/v6-m/libc_nano.a(lib_a-nano-mallocr.o)
                              /Users/gregory/.platformio/packages/toolchain-gccarmnoneeabi/bin/../lib/gcc/arm-none-eabi/7.2.1/../../../../arm-none-eabi/lib/thumb/v6-m/libc_nano.a(lib_a-malloc.o) (_malloc_r)
/Users/gregory/.platformio/packages/toolchain-gccarmnoneeabi/bin/../lib/gcc/arm-none-eabi/7.2.1/../../../../arm-none-eabi/lib/thumb/v6-m/libc_nano.a(lib_a-sbrkr.o)
                              /Users/gregory/.platformio/packages/toolchain-gccarmnoneeabi/bin/../lib/gcc/arm-none-eabi/7.2.1/../../../../arm-none-eabi/lib/thumb/v6-m/libc_nano.a(lib_a-nano-mallocr.o) (_sbrk_r)
/Users/gregory/.platformio/packages/toolchain-gccarmnoneeabi/bin/../lib/gcc/arm-none-eabi/7.2.1/../../../../arm-none-eabi/lib/thumb/v6-m/libc_nano.a(lib_a-signal.o)
                              /Users/gregory/.platformio/packages/toolchain-gccarmnoneeabi/bin/../lib/gcc/arm-none-eabi/7.2.1/../../../../arm-none-eabi/lib/thumb/v6-m/libc_nano.a(lib_a-abort.o) (raise)
/Users/gregory/.platformio/packages/toolchain-gccarmnoneeabi/bin/../lib/gcc/arm-none-eabi/7.2.1/../../../../arm-none-eabi/lib/thumb/v6-m/libc_nano.a(lib_a-signalr.o)
                              /Users/gregory/.platformio/packages/toolchain-gccarmnoneeabi/bin/../lib/gcc/arm-none-eabi/7.2.1/../../../../arm-none-eabi/lib/thumb/v6-m/libc_nano.a(lib_a-signal.o) (_kill_r)
/Users/gregory/.platformio/packages/toolchain-gccarmnoneeabi/bin/../lib/gcc/arm-none-eabi/7.2.1/../../../../arm-none-eabi/lib/thumb/v6-m/libc_nano.a(lib_a-mlock.o)
                              /Users/gregory/.platformio/packages/toolchain-gccarmnoneeabi/bin/../lib/gcc/arm-none-eabi/7.2.1/../../../../arm-none-eabi/lib/thumb/v6-m/libc_nano.a(lib_a-nano-freer.o) (__malloc_lock)
/Users/gregory/.platformio/packages/toolchain-gccarmnoneeabi/bin/../lib/gcc/arm-none-eabi/7.2.1/../../../../arm-none-eabi/lib/thumb/v6-m/libc_nano.a(lib_a-reent.o)
                              /Users/gregory/.platformio/packages/toolchain-gccarmnoneeabi/bin/../lib/gcc/arm-none-eabi/7.2.1/../../../../arm-none-eabi/lib/thumb/v6-m/libc_nano.a(lib_a-sbrkr.o) (errno)
/Users/gregory/.platformio/packages/toolchain-gccarmnoneeabi/bin/../lib/gcc/arm-none-eabi/7.2.1/../../../../arm-none-eabi/lib/thumb/v6-m/libnosys.a(getpid.o)
                              /Users/gregory/.platformio/packages/toolchain-gccarmnoneeabi/bin/../lib/gcc/arm-none-eabi/7.2.1/../../../../arm-none-eabi/lib/thumb/v6-m/libc_nano.a(lib_a-signalr.o) (_getpid)
/Users/gregory/.platformio/packages/toolchain-gccarmnoneeabi/bin/../lib/gcc/arm-none-eabi/7.2.1/../../../../arm-none-eabi/lib/thumb/v6-m/libnosys.a(kill.o)
                              /Users/gregory/.platformio/packages/toolchain-gccarmnoneeabi/bin/../lib/gcc/arm-none-eabi/7.2.1/../../../../arm-none-eabi/lib/thumb/v6-m/libc_nano.a(lib_a-signalr.o) (_kill)
/Users/gregory/.platformio/packages/toolchain-gccarmnoneeabi/bin/../lib/gcc/arm-none-eabi/7.2.1/../../../../arm-none-eabi/lib/thumb/v6-m/libnosys.a(sbrk.o)
                              /Users/gregory/.platformio/packages/toolchain-gccarmnoneeabi/bin/../lib/gcc/arm-none-eabi/7.2.1/../../../../arm-none-eabi/lib/thumb/v6-m/libc_nano.a(lib_a-sbrkr.o) (_sbrk)
/Users/gregory/.platformio/packages/toolchain-gccarmnoneeabi/bin/../lib/gcc/arm-none-eabi/7.2.1/../../../../arm-none-eabi/lib/thumb/v6-m/libnosys.a(_exit.o)
                              /Users/gregory/.platformio/packages/toolchain-gccarmnoneeabi/bin/../lib/gcc/arm-none-eabi/7.2.1/../../../../arm-none-eabi/lib/thumb/v6-m/libc_nano.a(lib_a-abort.o) (_exit)

Allocating common symbols
Common symbol       size              file

errno               0x4               /Users/gregory/.platformio/packages/toolchain-gccarmnoneeabi/bin/../lib/gcc/arm-none-eabi/7.2.1/../../../../arm-none-eabi/lib/thumb/v6-m/libc_nano.a(lib_a-reent.o)

Discarded input sections

 .text          0x0000000000000000        0x0 /Users/gregory/.platformio/packages/toolchain-gccarmnoneeabi/bin/../lib/gcc/arm-none-eabi/7.2.1/thumb/v6-m/crti.o
 .data          0x0000000000000000        0x0 /Users/gregory/.platformio/packages/toolchain-gccarmnoneeabi/bin/../lib/gcc/arm-none-eabi/7.2.1/thumb/v6-m/crti.o
 .bss           0x0000000000000000        0x0 /Users/gregory/.platformio/packages/toolchain-gccarmnoneeabi/bin/../lib/gcc/arm-none-eabi/7.2.1/thumb/v6-m/crti.o
 .data          0x0000000000000000        0x4 /Users/gregory/.platformio/packages/toolchain-gccarmnoneeabi/bin/../lib/gcc/arm-none-eabi/7.2.1/thumb/v6-m/crtbegin.o
 .text          0x0000000000000000       0x78 /Users/gregory/.platformio/packages/toolchain-gccarmnoneeabi/bin/../lib/gcc/arm-none-eabi/7.2.1/../../../../arm-none-eabi/lib/thumb/v6-m/crt0.o
 .data          0x0000000000000000        0x0 /Users/gregory/.platformio/packages/toolchain-gccarmnoneeabi/bin/../lib/gcc/arm-none-eabi/7.2.1/../../../../arm-none-eabi/lib/thumb/v6-m/crt0.o
 .bss           0x0000000000000000        0x0 /Users/gregory/.platformio/packages/toolchain-gccarmnoneeabi/bin/../lib/gcc/arm-none-eabi/7.2.1/../../../../arm-none-eabi/lib/thumb/v6-m/crt0.o
 .ARM.extab     0x0000000000000000        0x0 /Users/gregory/.platformio/packages/toolchain-gccarmnoneeabi/bin/../lib/gcc/arm-none-eabi/7.2.1/../../../../arm-none-eabi/lib/thumb/v6-m/crt0.o
 .ARM.exidx     0x0000000000000000        0x8 /Users/gregory/.platformio/packages/toolchain-gccarmnoneeabi/bin/../lib/gcc/arm-none-eabi/7.2.1/../../../../arm-none-eabi/lib/thumb/v6-m/crt0.o
 .ARM.attributes
                0x0000000000000000       0x1b /Users/gregory/.platformio/packages/toolchain-gccarmnoneeabi/bin/../lib/gcc/arm-none-eabi/7.2.1/../../../../arm-none-eabi/lib/thumb/v6-m/crt0.o
 .group         0x0000000000000000        0xc .pio/build/adafruit_feather_m0/src/main.o
 .text          0x0000000000000000        0x0 .pio/build/adafruit_feather_m0/src/main.o
 .data          0x0000000000000000        0x0 .pio/build/adafruit_feather_m0/src/main.o
 .bss           0x0000000000000000        0x0 .pio/build/adafruit_feather_m0/src/main.o
 .text          0x0000000000000000        0x0 .pio/build/adafruit_feather_m0/src/progmeta.o
 .data          0x0000000000000000        0x0 .pio/build/adafruit_feather_m0/src/progmeta.o
 .bss           0x0000000000000000        0x0 .pio/build/adafruit_feather_m0/src/progmeta.o
 .text          0x0000000000000000        0x0 .pio/build/adafruit_feather_m0/lib674/libfeather.a(font.o)
 .data          0x0000000000000000        0x0 .pio/build/adafruit_feather_m0/lib674/libfeather.a(font.o)
 .bss           0x0000000000000000        0x0 .pio/build/adafruit_feather_m0/lib674/libfeather.a(font.o)
 .rodata.INVERTED_PALETTE
                0x0000000000000000        0x4 .pio/build/adafruit_feather_m0/lib674/libfeather.a(font.o)
 .rodata.UNFOCUSED_PALETTE
                0x0000000000000000        0x4 .pio/build/adafruit_feather_m0/lib674/libfeather.a(font.o)
 .text          0x0000000000000000        0x0 .pio/build/adafruit_feather_m0/lib674/libfeather.a(init.o)
 .data          0x0000000000000000        0x0 .pio/build/adafruit_feather_m0/lib674/libfeather.a(init.o)
 .bss           0x0000000000000000        0x0 .pio/build/adafruit_feather_m0/lib674/libfeather.a(init.o)
 .text          0x0000000000000000        0x0 .pio/build/adafruit_feather_m0/lib674/libfeather.a(input.o)
 .data          0x0000000000000000        0x0 .pio/build/adafruit_feather_m0/lib674/libfeather.a(input.o)
 .bss           0x0000000000000000        0x0 .pio/build/adafruit_feather_m0/lib674/libfeather.a(input.o)
 .text          0x0000000000000000        0x0 .pio/build/adafruit_feather_m0/lib674/libfeather.a(lcd.o)
 .data          0x0000000000000000        0x0 .pio/build/adafruit_feather_m0/lib674/libfeather.a(lcd.o)
 .bss           0x0000000000000000        0x0 .pio/build/adafruit_feather_m0/lib674/libfeather.a(lcd.o)
 .text._ZN3LCD13setBrightnessEh
                0x0000000000000000        0x2 .pio/build/adafruit_feather_m0/lib674/libfeather.a(lcd.o)
 .group         0x0000000000000000        0xc .pio/build/adafruit_feather_m0/lib674/libfeather.a(sd.o)
 .text          0x0000000000000000        0x0 .pio/build/adafruit_feather_m0/lib674/libfeather.a(sd.o)
 .data          0x0000000000000000        0x0 .pio/build/adafruit_feather_m0/lib674/libfeather.a(sd.o)
 .bss           0x0000000000000000        0x0 .pio/build/adafruit_feather_m0/lib674/libfeather.a(sd.o)
 .text._ZN2SD5writeEmttPv
                0x0000000000000000       0xd0 .pio/build/adafruit_feather_m0/lib674/libfeather.a(sd.o)
 .text._ZN2SD10newClusterEv
                0x0000000000000000       0xac .pio/build/adafruit_feather_m0/lib674/libfeather.a(sd.o)
 .text._ZN2SD10addClusterEPm
                0x0000000000000000       0x44 .pio/build/adafruit_feather_m0/lib674/libfeather.a(sd.o)
 .bss._ZN2SD6bufferE
                0x0000000000000000      0x200 .pio/build/adafruit_feather_m0/lib674/libfeather.a(sd.o)
 .bss.sd_debug  0x0000000000000000        0x1 .pio/build/adafruit_feather_m0/lib674/libfeather.a(sd.o)
 .bss.sd_dma_state
                0x0000000000000000        0x1 .pio/build/adafruit_feather_m0/lib674/libfeather.a(sd.o)
 .text          0x0000000000000000        0x0 .pio/build/adafruit_feather_m0/lib674/libfeather.a(startup.o)
 .data          0x0000000000000000        0x0 .pio/build/adafruit_feather_m0/lib674/libfeather.a(startup.o)
 .bss           0x0000000000000000        0x0 .pio/build/adafruit_feather_m0/lib674/libfeather.a(startup.o)
 .text          0x0000000000000000        0x0 .pio/build/adafruit_feather_m0/lib674/libfeather.a(text.o)
 .data          0x0000000000000000        0x0 .pio/build/adafruit_feather_m0/lib674/libfeather.a(text.o)
 .bss           0x0000000000000000        0x0 .pio/build/adafruit_feather_m0/lib674/libfeather.a(text.o)
 .text._ZN3LCD8printlnsEPKhPKtttPKc
                0x0000000000000000       0x6c .pio/build/adafruit_feather_m0/lib674/libfeather.a(text.o)
 .text          0x0000000000000000        0x0 .pio/build/adafruit_feather_m0/lib674/libfeather.a(timer.o)
 .data          0x0000000000000000        0x0 .pio/build/adafruit_feather_m0/lib674/libfeather.a(timer.o)
 .bss           0x0000000000000000        0x0 .pio/build/adafruit_feather_m0/lib674/libfeather.a(timer.o)
 .text._Z8sleep_mst
                0x0000000000000000       0x38 .pio/build/adafruit_feather_m0/lib674/libfeather.a(timer.o)
 .text          0x0000000000000000        0x0 .pio/build/adafruit_feather_m0/lib674/libfeather.a(usb.o)
 .data          0x0000000000000000        0x0 .pio/build/adafruit_feather_m0/lib674/libfeather.a(usb.o)
 .bss           0x0000000000000000        0x0 .pio/build/adafruit_feather_m0/lib674/libfeather.a(usb.o)
 .text._ZN8USB_CONN17waitForConnectionEv
                0x0000000000000000       0x14 .pio/build/adafruit_feather_m0/lib674/libfeather.a(usb.o)
 .text          0x0000000000000000        0x0 .pio/build/adafruit_feather_m0/lib674/libfeather.a(dma.o)
 .data          0x0000000000000000        0x0 .pio/build/adafruit_feather_m0/lib674/libfeather.a(dma.o)
 .bss           0x0000000000000000        0x0 .pio/build/adafruit_feather_m0/lib674/libfeather.a(dma.o)
 .text          0x0000000000000000        0x0 .pio/build/adafruit_feather_m0/lib674/libfeather.a(error.o)
 .data          0x0000000000000000        0x0 .pio/build/adafruit_feather_m0/lib674/libfeather.a(error.o)
 .bss           0x0000000000000000        0x0 .pio/build/adafruit_feather_m0/lib674/libfeather.a(error.o)
 .text          0x0000000000000000        0x0 .pio/build/adafruit_feather_m0/lib674/libfeather.a(serial.o)
 .data          0x0000000000000000        0x0 .pio/build/adafruit_feather_m0/lib674/libfeather.a(serial.o)
 .bss           0x0000000000000000        0x0 .pio/build/adafruit_feather_m0/lib674/libfeather.a(serial.o)
 .text._ZN8Serial_tC2Eh
                0x0000000000000000        0xc .pio/build/adafruit_feather_m0/lib674/libfeather.a(serial.o)
 .text._ZN8Serial_tC2EhPFbPS_PchE
                0x0000000000000000        0x6 .pio/build/adafruit_feather_m0/lib674/libfeather.a(serial.o)
 .ramfuncBLOnly
                0x0000000000000000       0x30 .pio/build/adafruit_feather_m0/lib674/libfeather.a(serial.o)
 .text._ZN8Serial_t4sendEPKcm
                0x0000000000000000       0x40 .pio/build/adafruit_feather_m0/lib674/libfeather.a(serial.o)
 .text._ZN8Serial_t9isSendingEv
                0x0000000000000000       0x20 .pio/build/adafruit_feather_m0/lib674/libfeather.a(serial.o)
 .text._ZN8Serial_t16setRecvInterruptEPFbPS_PchE
                0x0000000000000000        0x4 .pio/build/adafruit_feather_m0/lib674/libfeather.a(serial.o)
 .text          0x0000000000000000        0x0 .pio/build/adafruit_feather_m0/lib674/libfeather.a(handlers.o)
 .data          0x0000000000000000        0x0 .pio/build/adafruit_feather_m0/lib674/libfeather.a(handlers.o)
 .bss           0x0000000000000000        0x0 .pio/build/adafruit_feather_m0/lib674/libfeather.a(handlers.o)
 .text          0x0000000000000000        0x0 .pio/build/adafruit_feather_m0/lib674/libfeather.a(debug.o)
 .data          0x0000000000000000        0x0 .pio/build/adafruit_feather_m0/lib674/libfeather.a(debug.o)
 .bss           0x0000000000000000        0x0 .pio/build/adafruit_feather_m0/lib674/libfeather.a(debug.o)
 .text          0x0000000000000000        0x0 .pio/build/adafruit_feather_m0/lib674/libfeather.a(descriptors.o)
 .data          0x0000000000000000        0x0 .pio/build/adafruit_feather_m0/lib674/libfeather.a(descriptors.o)
 .bss           0x0000000000000000        0x0 .pio/build/adafruit_feather_m0/lib674/libfeather.a(descriptors.o)
 .text          0x0000000000000000        0x0 .pio/build/adafruit_feather_m0/lib674/libfeather.a(program.o)
 .data          0x0000000000000000        0x0 .pio/build/adafruit_feather_m0/lib674/libfeather.a(program.o)
 .bss           0x0000000000000000        0x0 .pio/build/adafruit_feather_m0/lib674/libfeather.a(program.o)
 .text          0x0000000000000000        0x0 /Users/gregory/.platformio/packages/toolchain-gccarmnoneeabi/bin/../lib/gcc/arm-none-eabi/7.2.1/../../../../arm-none-eabi/lib/thumb/v6-m/libstdc++_nano.a(new_op.o)
 .data          0x0000000000000000        0x0 /Users/gregory/.platformio/packages/toolchain-gccarmnoneeabi/bin/../lib/gcc/arm-none-eabi/7.2.1/../../../../arm-none-eabi/lib/thumb/v6-m/libstdc++_nano.a(new_op.o)
 .bss           0x0000000000000000        0x0 /Users/gregory/.platformio/packages/toolchain-gccarmnoneeabi/bin/../lib/gcc/arm-none-eabi/7.2.1/../../../../arm-none-eabi/lib/thumb/v6-m/libstdc++_nano.a(new_op.o)
 .text          0x0000000000000000        0x0 /Users/gregory/.platformio/packages/toolchain-gccarmnoneeabi/bin/../lib/gcc/arm-none-eabi/7.2.1/../../../../arm-none-eabi/lib/thumb/v6-m/libstdc++_nano.a(new_handler.o)
 .data          0x0000000000000000        0x0 /Users/gregory/.platformio/packages/toolchain-gccarmnoneeabi/bin/../lib/gcc/arm-none-eabi/7.2.1/../../../../arm-none-eabi/lib/thumb/v6-m/libstdc++_nano.a(new_handler.o)
 .bss           0x0000000000000000        0x0 /Users/gregory/.platformio/packages/toolchain-gccarmnoneeabi/bin/../lib/gcc/arm-none-eabi/7.2.1/../../../../arm-none-eabi/lib/thumb/v6-m/libstdc++_nano.a(new_handler.o)
 .text._ZSt15set_new_handlerPFvvE
                0x0000000000000000       0x10 /Users/gregory/.platformio/packages/toolchain-gccarmnoneeabi/bin/../lib/gcc/arm-none-eabi/7.2.1/../../../../arm-none-eabi/lib/thumb/v6-m/libstdc++_nano.a(new_handler.o)
 .rodata._ZSt7nothrow
                0x0000000000000000        0x1 /Users/gregory/.platformio/packages/toolchain-gccarmnoneeabi/bin/../lib/gcc/arm-none-eabi/7.2.1/../../../../arm-none-eabi/lib/thumb/v6-m/libstdc++_nano.a(new_handler.o)
 .text          0x0000000000000000        0x0 /Users/gregory/.platformio/packages/toolchain-gccarmnoneeabi/bin/../lib/gcc/arm-none-eabi/7.2.1/../../../../arm-none-eabi/lib/thumb/v6-m/libc_nano.a(lib_a-abort.o)
 .data          0x0000000000000000        0x0 /Users/gregory/.platformio/packages/toolchain-gccarmnoneeabi/bin/../lib/gcc/arm-none-eabi/7.2.1/../../../../arm-none-eabi/lib/thumb/v6-m/libc_nano.a(lib_a-abort.o)
 .bss           0x0000000000000000        0x0 /Users/gregory/.platformio/packages/toolchain-gccarmnoneeabi/bin/../lib/gcc/arm-none-eabi/7.2.1/../../../../arm-none-eabi/lib/thumb/v6-m/libc_nano.a(lib_a-abort.o)
 .text          0x0000000000000000        0x0 /Users/gregory/.platformio/packages/toolchain-gccarmnoneeabi/bin/../lib/gcc/arm-none-eabi/7.2.1/../../../../arm-none-eabi/lib/thumb/v6-m/libc_nano.a(lib_a-exit.o)
 .data          0x0000000000000000        0x0 /Users/gregory/.platformio/packages/toolchain-gccarmnoneeabi/bin/../lib/gcc/arm-none-eabi/7.2.1/../../../../arm-none-eabi/lib/thumb/v6-m/libc_nano.a(lib_a-exit.o)
 .bss           0x0000000000000000        0x0 /Users/gregory/.platformio/packages/toolchain-gccarmnoneeabi/bin/../lib/gcc/arm-none-eabi/7.2.1/../../../../arm-none-eabi/lib/thumb/v6-m/libc_nano.a(lib_a-exit.o)
 .text.exit     0x0000000000000000       0x2c /Users/gregory/.platformio/packages/toolchain-gccarmnoneeabi/bin/../lib/gcc/arm-none-eabi/7.2.1/../../../../arm-none-eabi/lib/thumb/v6-m/libc_nano.a(lib_a-exit.o)
 .debug_frame   0x0000000000000000       0x28 /Users/gregory/.platformio/packages/toolchain-gccarmnoneeabi/bin/../lib/gcc/arm-none-eabi/7.2.1/../../../../arm-none-eabi/lib/thumb/v6-m/libc_nano.a(lib_a-exit.o)
 .ARM.attributes
                0x0000000000000000       0x2c /Users/gregory/.platformio/packages/toolchain-gccarmnoneeabi/bin/../lib/gcc/arm-none-eabi/7.2.1/../../../../arm-none-eabi/lib/thumb/v6-m/libc_nano.a(lib_a-exit.o)
 .text          0x0000000000000000        0x0 /Users/gregory/.platformio/packages/toolchain-gccarmnoneeabi/bin/../lib/gcc/arm-none-eabi/7.2.1/../../../../arm-none-eabi/lib/thumb/v6-m/libc_nano.a(lib_a-impure.o)
 .data          0x0000000000000000        0x0 /Users/gregory/.platformio/packages/toolchain-gccarmnoneeabi/bin/../lib/gcc/arm-none-eabi/7.2.1/../../../../arm-none-eabi/lib/thumb/v6-m/libc_nano.a(lib_a-impure.o)
 .bss           0x0000000000000000        0x0 /Users/gregory/.platformio/packages/toolchain-gccarmnoneeabi/bin/../lib/gcc/arm-none-eabi/7.2.1/../../../../arm-none-eabi/lib/thumb/v6-m/libc_nano.a(lib_a-impure.o)
 .rodata._global_impure_ptr
                0x0000000000000000        0x4 /Users/gregory/.platformio/packages/toolchain-gccarmnoneeabi/bin/../lib/gcc/arm-none-eabi/7.2.1/../../../../arm-none-eabi/lib/thumb/v6-m/libc_nano.a(lib_a-impure.o)
 .text          0x0000000000000000        0x0 /Users/gregory/.platformio/packages/toolchain-gccarmnoneeabi/bin/../lib/gcc/arm-none-eabi/7.2.1/../../../../arm-none-eabi/lib/thumb/v6-m/libc_nano.a(lib_a-init.o)
 .data          0x0000000000000000        0x0 /Users/gregory/.platformio/packages/toolchain-gccarmnoneeabi/bin/../lib/gcc/arm-none-eabi/7.2.1/../../../../arm-none-eabi/lib/thumb/v6-m/libc_nano.a(lib_a-init.o)
 .bss           0x0000000000000000        0x0 /Users/gregory/.platformio/packages/toolchain-gccarmnoneeabi/bin/../lib/gcc/arm-none-eabi/7.2.1/../../../../arm-none-eabi/lib/thumb/v6-m/libc_nano.a(lib_a-init.o)
 .text          0x0000000000000000        0x0 /Users/gregory/.platformio/packages/toolchain-gccarmnoneeabi/bin/../lib/gcc/arm-none-eabi/7.2.1/../../../../arm-none-eabi/lib/thumb/v6-m/libc_nano.a(lib_a-malloc.o)
 .data          0x0000000000000000        0x0 /Users/gregory/.platformio/packages/toolchain-gccarmnoneeabi/bin/../lib/gcc/arm-none-eabi/7.2.1/../../../../arm-none-eabi/lib/thumb/v6-m/libc_nano.a(lib_a-malloc.o)
 .bss           0x0000000000000000        0x0 /Users/gregory/.platformio/packages/toolchain-gccarmnoneeabi/bin/../lib/gcc/arm-none-eabi/7.2.1/../../../../arm-none-eabi/lib/thumb/v6-m/libc_nano.a(lib_a-malloc.o)
 .text.free     0x0000000000000000       0x14 /Users/gregory/.platformio/packages/toolchain-gccarmnoneeabi/bin/../lib/gcc/arm-none-eabi/7.2.1/../../../../arm-none-eabi/lib/thumb/v6-m/libc_nano.a(lib_a-malloc.o)
 .text          0x0000000000000000        0x0 /Users/gregory/.platformio/packages/toolchain-gccarmnoneeabi/bin/../lib/gcc/arm-none-eabi/7.2.1/../../../../arm-none-eabi/lib/thumb/v6-m/libc_nano.a(lib_a-memcpy-stub.o)
 .data          0x0000000000000000        0x0 /Users/gregory/.platformio/packages/toolchain-gccarmnoneeabi/bin/../lib/gcc/arm-none-eabi/7.2.1/../../../../arm-none-eabi/lib/thumb/v6-m/libc_nano.a(lib_a-memcpy-stub.o)
 .bss           0x0000000000000000        0x0 /Users/gregory/.platformio/packages/toolchain-gccarmnoneeabi/bin/../lib/gcc/arm-none-eabi/7.2.1/../../../../arm-none-eabi/lib/thumb/v6-m/libc_nano.a(lib_a-memcpy-stub.o)
 .text          0x0000000000000000        0x0 /Users/gregory/.platformio/packages/toolchain-gccarmnoneeabi/bin/../lib/gcc/arm-none-eabi/7.2.1/../../../../arm-none-eabi/lib/thumb/v6-m/libc_nano.a(lib_a-memset.o)
 .data          0x0000000000000000        0x0 /Users/gregory/.platformio/packages/toolchain-gccarmnoneeabi/bin/../lib/gcc/arm-none-eabi/7.2.1/../../../../arm-none-eabi/lib/thumb/v6-m/libc_nano.a(lib_a-memset.o)
 .bss           0x0000000000000000        0x0 /Users/gregory/.platformio/packages/toolchain-gccarmnoneeabi/bin/../lib/gcc/arm-none-eabi/7.2.1/../../../../arm-none-eabi/lib/thumb/v6-m/libc_nano.a(lib_a-memset.o)
 .text          0x0000000000000000        0x0 /Users/gregory/.platformio/packages/toolchain-gccarmnoneeabi/bin/../lib/gcc/arm-none-eabi/7.2.1/../../../../arm-none-eabi/lib/thumb/v6-m/libc_nano.a(lib_a-nano-freer.o)
 .data          0x0000000000000000        0x0 /Users/gregory/.platformio/packages/toolchain-gccarmnoneeabi/bin/../lib/gcc/arm-none-eabi/7.2.1/../../../../arm-none-eabi/lib/thumb/v6-m/libc_nano.a(lib_a-nano-freer.o)
 .bss           0x0000000000000000        0x0 /Users/gregory/.platformio/packages/toolchain-gccarmnoneeabi/bin/../lib/gcc/arm-none-eabi/7.2.1/../../../../arm-none-eabi/lib/thumb/v6-m/libc_nano.a(lib_a-nano-freer.o)
 .text._free_r  0x0000000000000000       0x94 /Users/gregory/.platformio/packages/toolchain-gccarmnoneeabi/bin/../lib/gcc/arm-none-eabi/7.2.1/../../../../arm-none-eabi/lib/thumb/v6-m/libc_nano.a(lib_a-nano-freer.o)
 .debug_frame   0x0000000000000000       0x2c /Users/gregory/.platformio/packages/toolchain-gccarmnoneeabi/bin/../lib/gcc/arm-none-eabi/7.2.1/../../../../arm-none-eabi/lib/thumb/v6-m/libc_nano.a(lib_a-nano-freer.o)
 .ARM.attributes
                0x0000000000000000       0x2c /Users/gregory/.platformio/packages/toolchain-gccarmnoneeabi/bin/../lib/gcc/arm-none-eabi/7.2.1/../../../../arm-none-eabi/lib/thumb/v6-m/libc_nano.a(lib_a-nano-freer.o)
 .text          0x0000000000000000        0x0 /Users/gregory/.platformio/packages/toolchain-gccarmnoneeabi/bin/../lib/gcc/arm-none-eabi/7.2.1/../../../../arm-none-eabi/lib/thumb/v6-m/libc_nano.a(lib_a-nano-mallocr.o)
 .data          0x0000000000000000        0x0 /Users/gregory/.platformio/packages/toolchain-gccarmnoneeabi/bin/../lib/gcc/arm-none-eabi/7.2.1/../../../../arm-none-eabi/lib/thumb/v6-m/libc_nano.a(lib_a-nano-mallocr.o)
 .bss           0x0000000000000000        0x0 /Users/gregory/.platformio/packages/toolchain-gccarmnoneeabi/bin/../lib/gcc/arm-none-eabi/7.2.1/../../../../arm-none-eabi/lib/thumb/v6-m/libc_nano.a(lib_a-nano-mallocr.o)
 .text          0x0000000000000000        0x0 /Users/gregory/.platformio/packages/toolchain-gccarmnoneeabi/bin/../lib/gcc/arm-none-eabi/7.2.1/../../../../arm-none-eabi/lib/thumb/v6-m/libc_nano.a(lib_a-sbrkr.o)
 .data          0x0000000000000000        0x0 /Users/gregory/.platformio/packages/toolchain-gccarmnoneeabi/bin/../lib/gcc/arm-none-eabi/7.2.1/../../../../arm-none-eabi/lib/thumb/v6-m/libc_nano.a(lib_a-sbrkr.o)
 .bss           0x0000000000000000        0x0 /Users/gregory/.platformio/packages/toolchain-gccarmnoneeabi/bin/../lib/gcc/arm-none-eabi/7.2.1/../../../../arm-none-eabi/lib/thumb/v6-m/libc_nano.a(lib_a-sbrkr.o)
 .text          0x0000000000000000        0x0 /Users/gregory/.platformio/packages/toolchain-gccarmnoneeabi/bin/../lib/gcc/arm-none-eabi/7.2.1/../../../../arm-none-eabi/lib/thumb/v6-m/libc_nano.a(lib_a-signal.o)
 .data          0x0000000000000000        0x0 /Users/gregory/.platformio/packages/toolchain-gccarmnoneeabi/bin/../lib/gcc/arm-none-eabi/7.2.1/../../../../arm-none-eabi/lib/thumb/v6-m/libc_nano.a(lib_a-signal.o)
 .bss           0x0000000000000000        0x0 /Users/gregory/.platformio/packages/toolchain-gccarmnoneeabi/bin/../lib/gcc/arm-none-eabi/7.2.1/../../../../arm-none-eabi/lib/thumb/v6-m/libc_nano.a(lib_a-signal.o)
 .text._init_signal_r
                0x0000000000000000       0x2a /Users/gregory/.platformio/packages/toolchain-gccarmnoneeabi/bin/../lib/gcc/arm-none-eabi/7.2.1/../../../../arm-none-eabi/lib/thumb/v6-m/libc_nano.a(lib_a-signal.o)
 .text._signal_r
                0x0000000000000000       0x32 /Users/gregory/.platformio/packages/toolchain-gccarmnoneeabi/bin/../lib/gcc/arm-none-eabi/7.2.1/../../../../arm-none-eabi/lib/thumb/v6-m/libc_nano.a(lib_a-signal.o)
 .text.__sigtramp_r
                0x0000000000000000       0x46 /Users/gregory/.platformio/packages/toolchain-gccarmnoneeabi/bin/../lib/gcc/arm-none-eabi/7.2.1/../../../../arm-none-eabi/lib/thumb/v6-m/libc_nano.a(lib_a-signal.o)
 .text.signal   0x0000000000000000       0x14 /Users/gregory/.platformio/packages/toolchain-gccarmnoneeabi/bin/../lib/gcc/arm-none-eabi/7.2.1/../../../../arm-none-eabi/lib/thumb/v6-m/libc_nano.a(lib_a-signal.o)
 .text._init_signal
                0x0000000000000000       0x10 /Users/gregory/.platformio/packages/toolchain-gccarmnoneeabi/bin/../lib/gcc/arm-none-eabi/7.2.1/../../../../arm-none-eabi/lib/thumb/v6-m/libc_nano.a(lib_a-signal.o)
 .text.__sigtramp
                0x0000000000000000       0x14 /Users/gregory/.platformio/packages/toolchain-gccarmnoneeabi/bin/../lib/gcc/arm-none-eabi/7.2.1/../../../../arm-none-eabi/lib/thumb/v6-m/libc_nano.a(lib_a-signal.o)
 .text          0x0000000000000000        0x0 /Users/gregory/.platformio/packages/toolchain-gccarmnoneeabi/bin/../lib/gcc/arm-none-eabi/7.2.1/../../../../arm-none-eabi/lib/thumb/v6-m/libc_nano.a(lib_a-signalr.o)
 .data          0x0000000000000000        0x0 /Users/gregory/.platformio/packages/toolchain-gccarmnoneeabi/bin/../lib/gcc/arm-none-eabi/7.2.1/../../../../arm-none-eabi/lib/thumb/v6-m/libc_nano.a(lib_a-signalr.o)
 .bss           0x0000000000000000        0x0 /Users/gregory/.platformio/packages/toolchain-gccarmnoneeabi/bin/../lib/gcc/arm-none-eabi/7.2.1/../../../../arm-none-eabi/lib/thumb/v6-m/libc_nano.a(lib_a-signalr.o)
 .text          0x0000000000000000        0x0 /Users/gregory/.platformio/packages/toolchain-gccarmnoneeabi/bin/../lib/gcc/arm-none-eabi/7.2.1/../../../../arm-none-eabi/lib/thumb/v6-m/libc_nano.a(lib_a-mlock.o)
 .data          0x0000000000000000        0x0 /Users/gregory/.platformio/packages/toolchain-gccarmnoneeabi/bin/../lib/gcc/arm-none-eabi/7.2.1/../../../../arm-none-eabi/lib/thumb/v6-m/libc_nano.a(lib_a-mlock.o)
 .bss           0x0000000000000000        0x0 /Users/gregory/.platformio/packages/toolchain-gccarmnoneeabi/bin/../lib/gcc/arm-none-eabi/7.2.1/../../../../arm-none-eabi/lib/thumb/v6-m/libc_nano.a(lib_a-mlock.o)
 .text          0x0000000000000000        0x0 /Users/gregory/.platformio/packages/toolchain-gccarmnoneeabi/bin/../lib/gcc/arm-none-eabi/7.2.1/../../../../arm-none-eabi/lib/thumb/v6-m/libc_nano.a(lib_a-reent.o)
 .data          0x0000000000000000        0x0 /Users/gregory/.platformio/packages/toolchain-gccarmnoneeabi/bin/../lib/gcc/arm-none-eabi/7.2.1/../../../../arm-none-eabi/lib/thumb/v6-m/libc_nano.a(lib_a-reent.o)
 .bss           0x0000000000000000        0x0 /Users/gregory/.platformio/packages/toolchain-gccarmnoneeabi/bin/../lib/gcc/arm-none-eabi/7.2.1/../../../../arm-none-eabi/lib/thumb/v6-m/libc_nano.a(lib_a-reent.o)
 .text.cleanup_glue
                0x0000000000000000       0x1a /Users/gregory/.platformio/packages/toolchain-gccarmnoneeabi/bin/../lib/gcc/arm-none-eabi/7.2.1/../../../../arm-none-eabi/lib/thumb/v6-m/libc_nano.a(lib_a-reent.o)
 .text._reclaim_reent
                0x0000000000000000       0xcc /Users/gregory/.platformio/packages/toolchain-gccarmnoneeabi/bin/../lib/gcc/arm-none-eabi/7.2.1/../../../../arm-none-eabi/lib/thumb/v6-m/libc_nano.a(lib_a-reent.o)
 .text          0x0000000000000000        0x0 /Users/gregory/.platformio/packages/toolchain-gccarmnoneeabi/bin/../lib/gcc/arm-none-eabi/7.2.1/../../../../arm-none-eabi/lib/thumb/v6-m/libnosys.a(getpid.o)
 .data          0x0000000000000000        0x0 /Users/gregory/.platformio/packages/toolchain-gccarmnoneeabi/bin/../lib/gcc/arm-none-eabi/7.2.1/../../../../arm-none-eabi/lib/thumb/v6-m/libnosys.a(getpid.o)
 .bss           0x0000000000000000        0x0 /Users/gregory/.platformio/packages/toolchain-gccarmnoneeabi/bin/../lib/gcc/arm-none-eabi/7.2.1/../../../../arm-none-eabi/lib/thumb/v6-m/libnosys.a(getpid.o)
 .text          0x0000000000000000        0x0 /Users/gregory/.platformio/packages/toolchain-gccarmnoneeabi/bin/../lib/gcc/arm-none-eabi/7.2.1/../../../../arm-none-eabi/lib/thumb/v6-m/libnosys.a(kill.o)
 .data          0x0000000000000000        0x0 /Users/gregory/.platformio/packages/toolchain-gccarmnoneeabi/bin/../lib/gcc/arm-none-eabi/7.2.1/../../../../arm-none-eabi/lib/thumb/v6-m/libnosys.a(kill.o)
 .bss           0x0000000000000000        0x0 /Users/gregory/.platformio/packages/toolchain-gccarmnoneeabi/bin/../lib/gcc/arm-none-eabi/7.2.1/../../../../arm-none-eabi/lib/thumb/v6-m/libnosys.a(kill.o)
 .text          0x0000000000000000        0x0 /Users/gregory/.platformio/packages/toolchain-gccarmnoneeabi/bin/../lib/gcc/arm-none-eabi/7.2.1/../../../../arm-none-eabi/lib/thumb/v6-m/libnosys.a(sbrk.o)
 .data          0x0000000000000000        0x0 /Users/gregory/.platformio/packages/toolchain-gccarmnoneeabi/bin/../lib/gcc/arm-none-eabi/7.2.1/../../../../arm-none-eabi/lib/thumb/v6-m/libnosys.a(sbrk.o)
 .bss           0x0000000000000000        0x0 /Users/gregory/.platformio/packages/toolchain-gccarmnoneeabi/bin/../lib/gcc/arm-none-eabi/7.2.1/../../../../arm-none-eabi/lib/thumb/v6-m/libnosys.a(sbrk.o)
 .text          0x0000000000000000        0x0 /Users/gregory/.platformio/packages/toolchain-gccarmnoneeabi/bin/../lib/gcc/arm-none-eabi/7.2.1/../../../../arm-none-eabi/lib/thumb/v6-m/libnosys.a(_exit.o)
 .data          0x0000000000000000        0x0 /Users/gregory/.platformio/packages/toolchain-gccarmnoneeabi/bin/../lib/gcc/arm-none-eabi/7.2.1/../../../../arm-none-eabi/lib/thumb/v6-m/libnosys.a(_exit.o)
 .bss           0x0000000000000000        0x0 /Users/gregory/.platformio/packages/toolchain-gccarmnoneeabi/bin/../lib/gcc/arm-none-eabi/7.2.1/../../../../arm-none-eabi/lib/thumb/v6-m/libnosys.a(_exit.o)
 .text          0x0000000000000000        0x0 /Users/gregory/.platformio/packages/toolchain-gccarmnoneeabi/bin/../lib/gcc/arm-none-eabi/7.2.1/thumb/v6-m/crtend.o
 .data          0x0000000000000000        0x0 /Users/gregory/.platformio/packages/toolchain-gccarmnoneeabi/bin/../lib/gcc/arm-none-eabi/7.2.1/thumb/v6-m/crtend.o
 .bss           0x0000000000000000        0x0 /Users/gregory/.platformio/packages/toolchain-gccarmnoneeabi/bin/../lib/gcc/arm-none-eabi/7.2.1/thumb/v6-m/crtend.o
 .eh_frame      0x0000000000000000        0x4 /Users/gregory/.platformio/packages/toolchain-gccarmnoneeabi/bin/../lib/gcc/arm-none-eabi/7.2.1/thumb/v6-m/crtend.o
 .ARM.attributes
                0x0000000000000000       0x2c /Users/gregory/.platformio/packages/toolchain-gccarmnoneeabi/bin/../lib/gcc/arm-none-eabi/7.2.1/thumb/v6-m/crtend.o
 .text          0x0000000000000000        0x0 /Users/gregory/.platformio/packages/toolchain-gccarmnoneeabi/bin/../lib/gcc/arm-none-eabi/7.2.1/thumb/v6-m/crtn.o
 .data          0x0000000000000000        0x0 /Users/gregory/.platformio/packages/toolchain-gccarmnoneeabi/bin/../lib/gcc/arm-none-eabi/7.2.1/thumb/v6-m/crtn.o
 .bss           0x0000000000000000        0x0 /Users/gregory/.platformio/packages/toolchain-gccarmnoneeabi/bin/../lib/gcc/arm-none-eabi/7.2.1/thumb/v6-m/crtn.o

Memory Configuration

Name             Origin             Length             Attributes
progmeta         0x0000000000008000 0x00000000000001ff xr
rom              0x0000000000008200 0x0000000000037e00 xr
ram              0x0000000020000000 0x0000000000007ffc xrw
*default*        0x0000000000000000 0xffffffffffffffff

Linker script and memory map

LOAD /Users/gregory/.platformio/packages/toolchain-gccarmnoneeabi/bin/../lib/gcc/arm-none-eabi/7.2.1/thumb/v6-m/crti.o
LOAD /Users/gregory/.platformio/packages/toolchain-gccarmnoneeabi/bin/../lib/gcc/arm-none-eabi/7.2.1/thumb/v6-m/crtbegin.o
LOAD /Users/gregory/.platformio/packages/toolchain-gccarmnoneeabi/bin/../lib/gcc/arm-none-eabi/7.2.1/../../../../arm-none-eabi/lib/thumb/v6-m/crt0.o
                0x0000000000002000                STACK_SIZE = DEFINED (STACK_SIZE)?STACK_SIZE:DEFINED (__stack_size__)?__stack_size__:0x2000
                0x0000000000008000                . = ORIGIN (progmeta)
                0x0000000000008000                _srom = .

.prog           0x0000000000008000      0x1f0
 *(.progmeta)
 .progmeta      0x0000000000008000      0x1f0 .pio/build/adafruit_feather_m0/src/progmeta.o
                0x0000000000008000                _progmeta

.eh_frame       0x00000000000081f0        0x0
 .eh_frame      0x00000000000081f0        0x0 /Users/gregory/.platformio/packages/toolchain-gccarmnoneeabi/bin/../lib/gcc/arm-none-eabi/7.2.1/thumb/v6-m/crtbegin.o
                0x0000000000008200                . = ORIGIN (rom)
                0x0000000000008200                _svectors = .

.vector         0x0000000020000000       0xb4 load address 0x0000000000008200
                0x0000000020000000                . = ALIGN (0x4)
                0x0000000020000000                _sramvectors = .
 *(.vectors .vectors.*)
 .vectors       0x0000000020000000       0xb4 .pio/build/adafruit_feather_m0/lib674/libfeather.a(startup.o)
                0x0000000020000000                exception_table
                0x00000000200000b4                _eramvectors = .

.text           0x00000000000082b4     0x1d38
                0x00000000000082b4                . = ALIGN (0x4)
                0x00000000000082b4                _sfixed = .
 *(.text .text.* .gnu.linkonce.t.*)
 .text          0x00000000000082b4       0x48 /Users/gregory/.platformio/packages/toolchain-gccarmnoneeabi/bin/../lib/gcc/arm-none-eabi/7.2.1/thumb/v6-m/crtbegin.o
 .text._ZN2SD12readDirEntryEP5FSDirP10FSDirEntry
                0x00000000000082fc       0x28 .pio/build/adafruit_feather_m0/src/main.o
                0x00000000000082fc                SD::readDirEntry(FSDir*, FSDirEntry*)
 .text._Z12printHeadersv
                0x0000000000008324       0xd0 .pio/build/adafruit_feather_m0/src/main.o
                0x0000000000008324                printHeaders()
 .text._Z13nextRealEntryP5FSDirP10FSDirEntry
                0x00000000000083f4       0x32 .pio/build/adafruit_feather_m0/src/main.o
                0x00000000000083f4                nextRealEntry(FSDir*, FSDirEntry*)
 .text._Z13prevRealEntryP5FSDirmP10FSDirEntry
                0x0000000000008426       0x36 .pio/build/adafruit_feather_m0/src/main.o
                0x0000000000008426                prevRealEntry(FSDir*, unsigned long, FSDirEntry*)
 .text.startup.main
                0x000000000000845c      0x2b0 .pio/build/adafruit_feather_m0/src/main.o
                0x000000000000845c                main
 .text._ZN7Feather4initEv
                0x000000000000870c      0x100 .pio/build/adafruit_feather_m0/lib674/libfeather.a(init.o)
                0x000000000000870c                Feather::init()
 .text._ZN5Input4initEv
                0x000000000000880c      0x138 .pio/build/adafruit_feather_m0/lib674/libfeather.a(input.o)
                0x000000000000880c                Input::init()
 .text.startup._GLOBAL__sub_I__ZN5Input6AnalogE
                0x0000000000008944       0x1c .pio/build/adafruit_feather_m0/lib674/libfeather.a(input.o)
 .text._ZN3LCD9setWindowEPt
                0x0000000000008960       0xe4 .pio/build/adafruit_feather_m0/lib674/libfeather.a(lcd.o)
                0x0000000000008960                LCD::setWindow(unsigned short*)
 .text._ZN3LCD10fillWindowEt
                0x0000000000008a44       0x64 .pio/build/adafruit_feather_m0/lib674/libfeather.a(lcd.o)
                0x0000000000008a44                LCD::fillWindow(unsigned short)
 .text._ZN3LCD4initEv
                0x0000000000008aa8      0x114 .pio/build/adafruit_feather_m0/lib674/libfeather.a(lcd.o)
                0x0000000000008aa8                LCD::init()
 .text._ZN3LCD10fillWindowEttttt
                0x0000000000008bbc       0x20 .pio/build/adafruit_feather_m0/lib674/libfeather.a(lcd.o)
                0x0000000000008bbc                LCD::fillWindow(unsigned short, unsigned short, unsigned short, unsigned short, unsigned short)
 .text._Z10sd_executev
                0x0000000000008bdc       0x2c .pio/build/adafruit_feather_m0/lib674/libfeather.a(sd.o)
                0x0000000000008bdc                sd_execute()
 .text._Z14sd_sendCommandhmh
                0x0000000000008c08       0xac .pio/build/adafruit_feather_m0/lib674/libfeather.a(sd.o)
                0x0000000000008c08                sd_sendCommand(unsigned char, unsigned long, unsigned char)
 .text._ZN2SD4readEmttPv
                0x0000000000008cb4       0xb8 .pio/build/adafruit_feather_m0/lib674/libfeather.a(sd.o)
                0x0000000000008cb4                SD::read(unsigned long, unsigned short, unsigned short, void*)
 .text._ZN2SD11nextClusterEPm
                0x0000000000008d6c       0x20 .pio/build/adafruit_feather_m0/lib674/libfeather.a(sd.o)
                0x0000000000008d6c                SD::nextCluster(unsigned long*)
 .text._ZN2SD7preInitEv
                0x0000000000008d8c       0xd8 .pio/build/adafruit_feather_m0/lib674/libfeather.a(sd.o)
                0x0000000000008d8c                SD::preInit()
 .text._ZN2SD4initEv
                0x0000000000008e64       0xbc .pio/build/adafruit_feather_m0/lib674/libfeather.a(sd.o)
                0x0000000000008e64                SD::init()
 .text._ZN2SD12nextDirEntryEP5FSDir
                0x0000000000008f20       0x3c .pio/build/adafruit_feather_m0/lib674/libfeather.a(sd.o)
                0x0000000000008f20                SD::nextDirEntry(FSDir*)
 .text._ZN2SD12prevDirEntryEP5FSDirm
                0x0000000000008f5c       0x4c .pio/build/adafruit_feather_m0/lib674/libfeather.a(sd.o)
                0x0000000000008f5c                SD::prevDirEntry(FSDir*, unsigned long)
 .text.Dummy_Handler
                0x0000000000008fa8        0x2 .pio/build/adafruit_feather_m0/lib674/libfeather.a(startup.o)
                0x0000000000008fa8                SYSCTRL_Handler
                0x0000000000008fa8                DMAC_Handler
                0x0000000000008fa8                AC_Handler
                0x0000000000008fa8                SysTick_Handler
                0x0000000000008fa8                PendSV_Handler
                0x0000000000008fa8                SERCOM1_Handler
                0x0000000000008fa8                ADC_Handler
                0x0000000000008fa8                NonMaskableInt_Handler
                0x0000000000008fa8                TCC1_Handler
                0x0000000000008fa8                SERCOM2_Handler
                0x0000000000008fa8                TCC0_Handler
                0x0000000000008fa8                RTC_Handler
                0x0000000000008fa8                EIC_Handler
                0x0000000000008fa8                WDT_Handler
                0x0000000000008fa8                TC4_Handler
                0x0000000000008fa8                Dummy_Handler
                0x0000000000008fa8                PM_Handler
                0x0000000000008fa8                SERCOM5_Handler
                0x0000000000008fa8                TCC2_Handler
                0x0000000000008fa8                EVSYS_Handler
                0x0000000000008fa8                SERCOM3_Handler
                0x0000000000008fa8                SERCOM4_Handler
                0x0000000000008fa8                I2S_Handler
                0x0000000000008fa8                NVMCTRL_Handler
                0x0000000000008fa8                SERCOM0_Handler
                0x0000000000008fa8                DAC_Handler
                0x0000000000008fa8                PTC_Handler
                0x0000000000008fa8                TC5_Handler
                0x0000000000008fa8                SVCall_Handler
 *fill*         0x0000000000008faa        0x2 
 .text.HardFault_Handler
                0x0000000000008fac       0x14 .pio/build/adafruit_feather_m0/lib674/libfeather.a(startup.o)
                0x0000000000008fac                HardFault_Handler
 .text.Reset_Handler
                0x0000000000008fc0       0xc0 .pio/build/adafruit_feather_m0/lib674/libfeather.a(startup.o)
                0x0000000000008fc0                Reset_Handler
 .text._ZN3LCD5printEPKhPKtttPKch
                0x0000000000009080       0xc0 .pio/build/adafruit_feather_m0/lib674/libfeather.a(text.o)
                0x0000000000009080                LCD::print(unsigned char const*, unsigned short const*, unsigned short, unsigned short, char const*, unsigned char)
 .text._ZN3LCD5printEPKhPKtttPKc
                0x0000000000009140       0x20 .pio/build/adafruit_feather_m0/lib674/libfeather.a(text.o)
                0x0000000000009140                LCD::print(unsigned char const*, unsigned short const*, unsigned short, unsigned short, char const*)
 .text._ZN3LCD8printHexEPKhPKttth
                0x0000000000009160       0xc0 .pio/build/adafruit_feather_m0/lib674/libfeather.a(text.o)
                0x0000000000009160                LCD::printHex(unsigned char const*, unsigned short const*, unsigned short, unsigned short, unsigned char)
 .text._ZN3LCD8printHexEPKhPKtttm
                0x0000000000009220       0xb0 .pio/build/adafruit_feather_m0/lib674/libfeather.a(text.o)
                0x0000000000009220                LCD::printHex(unsigned char const*, unsigned short const*, unsigned short, unsigned short, unsigned long)
 .text.TC3_Handler
                0x00000000000092d0       0x18 .pio/build/adafruit_feather_m0/lib674/libfeather.a(timer.o)
                0x00000000000092d0                TC3_Handler
 .text._Z9initSleepv
                0x00000000000092e8       0x50 .pio/build/adafruit_feather_m0/lib674/libfeather.a(timer.o)
                0x00000000000092e8                initSleep()
 .text._ZN8USB_CONN5resetEv
                0x0000000000009338       0x58 .pio/build/adafruit_feather_m0/lib674/libfeather.a(usb.o)
                0x0000000000009338                USB_CONN::reset()
 .text._ZN8USB_CONN4initEv
                0x0000000000009390       0x50 .pio/build/adafruit_feather_m0/lib674/libfeather.a(usb.o)
                0x0000000000009390                USB_CONN::init()
 .text._ZN8USB_CONN3zlpEv
                0x00000000000093e0       0x30 .pio/build/adafruit_feather_m0/lib674/libfeather.a(usb.o)
                0x00000000000093e0                USB_CONN::zlp()
 .text._ZN8USB_CONN5stallEv
                0x0000000000009410        0xc .pio/build/adafruit_feather_m0/lib674/libfeather.a(usb.o)
                0x0000000000009410                USB_CONN::stall()
 .text._ZN8USB_CONN5writeEPKcmh
                0x000000000000941c       0x20 .pio/build/adafruit_feather_m0/lib674/libfeather.a(usb.o)
                0x000000000000941c                USB_CONN::write(char const*, unsigned long, unsigned char)
 .text._ZN8USB_CONN15configureSerialEhh
                0x000000000000943c       0x74 .pio/build/adafruit_feather_m0/lib674/libfeather.a(usb.o)
                0x000000000000943c                USB_CONN::configureSerial(unsigned char, unsigned char)
 .text._ZN8USB_CONN11writeStringEPKcmh
                0x00000000000094b0       0x40 .pio/build/adafruit_feather_m0/lib674/libfeather.a(usb.o)
                0x00000000000094b0                USB_CONN::writeString(char const*, unsigned long, unsigned char)
 .text._ZN3DMA5startEv
                0x00000000000094f0       0x20 .pio/build/adafruit_feather_m0/lib674/libfeather.a(dma.o)
                0x00000000000094f0                DMA::start()
 .text.error    0x0000000000009510       0x70 .pio/build/adafruit_feather_m0/lib674/libfeather.a(error.o)
                0x0000000000009510                error
 .text._Z15error_multilinePPKch
                0x0000000000009580       0x74 .pio/build/adafruit_feather_m0/lib674/libfeather.a(error.o)
                0x0000000000009580                error_multiline(char const**, unsigned char)
 .text._ZN8Serial_t13DefaultRecvCBEPS_Pch
                0x00000000000095f4        0x8 .pio/build/adafruit_feather_m0/lib674/libfeather.a(serial.o)
                0x00000000000095f4                Serial_t::DefaultRecvCB(Serial_t*, char*, unsigned char)
 .text.startup._GLOBAL__sub_I__ZN8Serial_t6serialE
                0x00000000000095fc       0x28 .pio/build/adafruit_feather_m0/lib674/libfeather.a(serial.o)
 .text._ZN8USB_CONN13Handler_RXSTPEv
                0x0000000000009624      0x17c .pio/build/adafruit_feather_m0/lib674/libfeather.a(handlers.o)
                0x0000000000009624                USB_CONN::Handler_RXSTP()
 .text._ZN8USB_CONN13Handler_EORSTEv
                0x00000000000097a0       0x70 .pio/build/adafruit_feather_m0/lib674/libfeather.a(handlers.o)
                0x00000000000097a0                USB_CONN::Handler_EORST()
 .text._ZN5Debug5inputEP8Serial_tPch
                0x0000000000009810       0x18 .pio/build/adafruit_feather_m0/lib674/libfeather.a(debug.o)
                0x0000000000009810                Debug::input(Serial_t*, char*, unsigned char)
 .text.startup._GLOBAL__sub_I__ZN8USB_CONN7stringsE
                0x0000000000009828       0xfc .pio/build/adafruit_feather_m0/lib674/libfeather.a(descriptors.o)
 .text._ZN7Program14resetToProgramEv
                0x0000000000009924       0x28 .pio/build/adafruit_feather_m0/lib674/libfeather.a(program.o)
                0x0000000000009924                Program::resetToProgram()
 .text._Znwj    0x000000000000994c       0x24 /Users/gregory/.platformio/packages/toolchain-gccarmnoneeabi/bin/../lib/gcc/arm-none-eabi/7.2.1/../../../../arm-none-eabi/lib/thumb/v6-m/libstdc++_nano.a(new_op.o)
                0x000000000000994c                operator new(unsigned int)
 .text._ZSt15get_new_handlerv
                0x0000000000009970        0xc /Users/gregory/.platformio/packages/toolchain-gccarmnoneeabi/bin/../lib/gcc/arm-none-eabi/7.2.1/../../../../arm-none-eabi/lib/thumb/v6-m/libstdc++_nano.a(new_handler.o)
                0x0000000000009970                std::get_new_handler()
 .text.abort    0x000000000000997c        0xe /Users/gregory/.platformio/packages/toolchain-gccarmnoneeabi/bin/../lib/gcc/arm-none-eabi/7.2.1/../../../../arm-none-eabi/lib/thumb/v6-m/libc_nano.a(lib_a-abort.o)
                0x000000000000997c                abort
 *fill*         0x000000000000998a        0x2 
 .text.__libc_init_array
                0x000000000000998c       0x48 /Users/gregory/.platformio/packages/toolchain-gccarmnoneeabi/bin/../lib/gcc/arm-none-eabi/7.2.1/../../../../arm-none-eabi/lib/thumb/v6-m/libc_nano.a(lib_a-init.o)
                0x000000000000998c                __libc_init_array
 .text.malloc   0x00000000000099d4       0x14 /Users/gregory/.platformio/packages/toolchain-gccarmnoneeabi/bin/../lib/gcc/arm-none-eabi/7.2.1/../../../../arm-none-eabi/lib/thumb/v6-m/libc_nano.a(lib_a-malloc.o)
                0x00000000000099d4                malloc
 .text.memcpy   0x00000000000099e8       0x12 /Users/gregory/.platformio/packages/toolchain-gccarmnoneeabi/bin/../lib/gcc/arm-none-eabi/7.2.1/../../../../arm-none-eabi/lib/thumb/v6-m/libc_nano.a(lib_a-memcpy-stub.o)
                0x00000000000099e8                memcpy
 .text.memset   0x00000000000099fa       0x10 /Users/gregory/.platformio/packages/toolchain-gccarmnoneeabi/bin/../lib/gcc/arm-none-eabi/7.2.1/../../../../arm-none-eabi/lib/thumb/v6-m/libc_nano.a(lib_a-memset.o)
                0x00000000000099fa                memset
 *fill*         0x0000000000009a0a        0x2 
 .text._malloc_r
                0x0000000000009a0c       0xbc /Users/gregory/.platformio/packages/toolchain-gccarmnoneeabi/bin/../lib/gcc/arm-none-eabi/7.2.1/../../../../arm-none-eabi/lib/thumb/v6-m/libc_nano.a(lib_a-nano-mallocr.o)
                0x0000000000009a0c                _malloc_r
 .text._sbrk_r  0x0000000000009ac8       0x24 /Users/gregory/.platformio/packages/toolchain-gccarmnoneeabi/bin/../lib/gcc/arm-none-eabi/7.2.1/../../../../arm-none-eabi/lib/thumb/v6-m/libc_nano.a(lib_a-sbrkr.o)
                0x0000000000009ac8                _sbrk_r
 .text._raise_r
                0x0000000000009aec       0x54 /Users/gregory/.platformio/packages/toolchain-gccarmnoneeabi/bin/../lib/gcc/arm-none-eabi/7.2.1/../../../../arm-none-eabi/lib/thumb/v6-m/libc_nano.a(lib_a-signal.o)
                0x0000000000009aec                _raise_r
 .text.raise    0x0000000000009b40       0x14 /Users/gregory/.platformio/packages/toolchain-gccarmnoneeabi/bin/../lib/gcc/arm-none-eabi/7.2.1/../../../../arm-none-eabi/lib/thumb/v6-m/libc_nano.a(lib_a-signal.o)
                0x0000000000009b40                raise
 .text._kill_r  0x0000000000009b54       0x24 /Users/gregory/.platformio/packages/toolchain-gccarmnoneeabi/bin/../lib/gcc/arm-none-eabi/7.2.1/../../../../arm-none-eabi/lib/thumb/v6-m/libc_nano.a(lib_a-signalr.o)
                0x0000000000009b54                _kill_r
 .text._getpid_r
                0x0000000000009b78        0x8 /Users/gregory/.platformio/packages/toolchain-gccarmnoneeabi/bin/../lib/gcc/arm-none-eabi/7.2.1/../../../../arm-none-eabi/lib/thumb/v6-m/libc_nano.a(lib_a-signalr.o)
                0x0000000000009b78                _getpid_r
 .text.__malloc_lock
                0x0000000000009b80        0x2 /Users/gregory/.platformio/packages/toolchain-gccarmnoneeabi/bin/../lib/gcc/arm-none-eabi/7.2.1/../../../../arm-none-eabi/lib/thumb/v6-m/libc_nano.a(lib_a-mlock.o)
                0x0000000000009b80                __malloc_lock
 .text.__malloc_unlock
                0x0000000000009b82        0x2 /Users/gregory/.platformio/packages/toolchain-gccarmnoneeabi/bin/../lib/gcc/arm-none-eabi/7.2.1/../../../../arm-none-eabi/lib/thumb/v6-m/libc_nano.a(lib_a-mlock.o)
                0x0000000000009b82                __malloc_unlock
 .text._getpid  0x0000000000009b84       0x10 /Users/gregory/.platformio/packages/toolchain-gccarmnoneeabi/bin/../lib/gcc/arm-none-eabi/7.2.1/../../../../arm-none-eabi/lib/thumb/v6-m/libnosys.a(getpid.o)
                0x0000000000009b84                _getpid
 .text._kill    0x0000000000009b94       0x10 /Users/gregory/.platformio/packages/toolchain-gccarmnoneeabi/bin/../lib/gcc/arm-none-eabi/7.2.1/../../../../arm-none-eabi/lib/thumb/v6-m/libnosys.a(kill.o)
                0x0000000000009b94                _kill
 .text._sbrk    0x0000000000009ba4       0x1c /Users/gregory/.platformio/packages/toolchain-gccarmnoneeabi/bin/../lib/gcc/arm-none-eabi/7.2.1/../../../../arm-none-eabi/lib/thumb/v6-m/libnosys.a(sbrk.o)
                0x0000000000009ba4                _sbrk
 .text._exit    0x0000000000009bc0        0x4 /Users/gregory/.platformio/packages/toolchain-gccarmnoneeabi/bin/../lib/gcc/arm-none-eabi/7.2.1/../../../../arm-none-eabi/lib/thumb/v6-m/libnosys.a(_exit.o)
                0x0000000000009bc0                _exit
 *(.rodata .rodata* .gnu.linkonce.r.*)
 .rodata._Z12printHeadersv.str1.1
                0x0000000000009bc4       0x2e .pio/build/adafruit_feather_m0/src/main.o
 .rodata.main.str1.1
                0x0000000000009bf2        0x6 .pio/build/adafruit_feather_m0/src/main.o
                                          0xa (size before relaxing)
 .rodata.DEFAULT_FONT
                0x0000000000009bf8      0x2f8 .pio/build/adafruit_feather_m0/lib674/libfeather.a(font.o)
                0x0000000000009bf8                DEFAULT_FONT
 .rodata.DEFAULT_PALETTE
                0x0000000000009ef0        0x4 .pio/build/adafruit_feather_m0/lib674/libfeather.a(font.o)
                0x0000000000009ef0                DEFAULT_PALETTE
 .rodata        0x0000000000009ef4        0x8 .pio/build/adafruit_feather_m0/lib674/libfeather.a(lcd.o)
 .rodata        0x0000000000009efc       0x18 .pio/build/adafruit_feather_m0/lib674/libfeather.a(sd.o)
 .rodata.str1.1
                0x0000000000009f14       0x69 .pio/build/adafruit_feather_m0/lib674/libfeather.a(sd.o)
 .rodata.HardFault_Handler.str1.1
                0x0000000000009f7d        0xd .pio/build/adafruit_feather_m0/lib674/libfeather.a(startup.o)
                                          0xe (size before relaxing)
 .rodata.error.str1.1
                0x0000000000009f8a        0x7 .pio/build/adafruit_feather_m0/lib674/libfeather.a(error.o)
 .rodata        0x0000000000009f91        0x4 .pio/build/adafruit_feather_m0/lib674/libfeather.a(handlers.o)
 .rodata._ZN8USB_CONN13Handler_RXSTPEv.str1.1
                0x0000000000009f95        0xa .pio/build/adafruit_feather_m0/lib674/libfeather.a(handlers.o)
                                          0xb (size before relaxing)
 .rodata._ZN8USB_CONNL6vendorE
                0x0000000000009f9f        0xd .pio/build/adafruit_feather_m0/lib674/libfeather.a(descriptors.o)
 .rodata._ZN8USB_CONNL7productE
                0x0000000000009fac        0xc .pio/build/adafruit_feather_m0/lib674/libfeather.a(descriptors.o)
 .rodata._ZN8USB_CONNL8serialnoE
                0x0000000000009fb8        0x5 .pio/build/adafruit_feather_m0/lib674/libfeather.a(descriptors.o)
 *(.ARM.extab* .gnu.linkonce.armextab.*)
                0x0000000000009fc0                . = ALIGN (0x4)
 *fill*         0x0000000000009fbd        0x3 
 *(.init)
 .init          0x0000000000009fc0        0x4 /Users/gregory/.platformio/packages/toolchain-gccarmnoneeabi/bin/../lib/gcc/arm-none-eabi/7.2.1/thumb/v6-m/crti.o
                0x0000000000009fc0                _init
 .init          0x0000000000009fc4        0x8 /Users/gregory/.platformio/packages/toolchain-gccarmnoneeabi/bin/../lib/gcc/arm-none-eabi/7.2.1/thumb/v6-m/crtn.o
                0x0000000000009fcc                . = ALIGN (0x4)
                0x0000000000009fcc                __preinit_array_start = .
 *(.preinit_array)
                0x0000000000009fcc                __preinit_array_end = .
                0x0000000000009fcc                . = ALIGN (0x4)
                0x0000000000009fcc                __init_array_start = .
 *(SORT_BY_NAME(.init_array.*))
 *(.init_array)
 .init_array    0x0000000000009fcc        0x4 /Users/gregory/.platformio/packages/toolchain-gccarmnoneeabi/bin/../lib/gcc/arm-none-eabi/7.2.1/thumb/v6-m/crtbegin.o
 .init_array    0x0000000000009fd0        0x4 .pio/build/adafruit_feather_m0/lib674/libfeather.a(input.o)
 .init_array    0x0000000000009fd4        0x4 .pio/build/adafruit_feather_m0/lib674/libfeather.a(serial.o)
 .init_array    0x0000000000009fd8        0x4 .pio/build/adafruit_feather_m0/lib674/libfeather.a(descriptors.o)
                0x0000000000009fdc                __init_array_end = .
                0x0000000000009fdc                . = ALIGN (0x4)
 *crtbegin.o(.ctors)
 *(EXCLUDE_FILE(*crtend.o) .ctors)
 *(SORT_BY_NAME(.ctors.*))
 *crtend.o(.ctors)
                0x0000000000009fdc                . = ALIGN (0x4)
 *(.fini)
 .fini          0x0000000000009fdc        0x4 /Users/gregory/.platformio/packages/toolchain-gccarmnoneeabi/bin/../lib/gcc/arm-none-eabi/7.2.1/thumb/v6-m/crti.o
                0x0000000000009fdc                _fini
 .fini          0x0000000000009fe0        0x8 /Users/gregory/.platformio/packages/toolchain-gccarmnoneeabi/bin/../lib/gcc/arm-none-eabi/7.2.1/thumb/v6-m/crtn.o
                0x0000000000009fe8                . = ALIGN (0x4)
                0x0000000000009fe8                __fini_array_start = .
 *(.fini_array)
 .fini_array    0x0000000000009fe8        0x4 /Users/gregory/.platformio/packages/toolchain-gccarmnoneeabi/bin/../lib/gcc/arm-none-eabi/7.2.1/thumb/v6-m/crtbegin.o
 *(SORT_BY_NAME(.fini_array.*))
                0x0000000000009fec                __fini_array_end = .
 *crtbegin.o(.dtors)
 *(EXCLUDE_FILE(*crtend.o) .dtors)
 *(SORT_BY_NAME(.dtors.*))
 *crtend.o(.dtors)
                0x0000000000009fec                . = ALIGN (0x4)
                0x0000000000009fec                _efixed = .
                [!provide]                        PROVIDE (__exidx_start, .)

.glue_7         0x0000000000009fec        0x0
 .glue_7        0x0000000000009fec        0x0 linker stubs

.glue_7t        0x0000000000009fec        0x0
 .glue_7t       0x0000000000009fec        0x0 linker stubs

.vfp11_veneer   0x0000000000009fec        0x0
 .vfp11_veneer  0x0000000000009fec        0x0 linker stubs

.v4_bx          0x0000000000009fec        0x0
 .v4_bx         0x0000000000009fec        0x0 linker stubs

.iplt           0x0000000000009fec        0x0
 .iplt          0x0000000000009fec        0x0 /Users/gregory/.platformio/packages/toolchain-gccarmnoneeabi/bin/../lib/gcc/arm-none-eabi/7.2.1/thumb/v6-m/crtbegin.o

.ramfuncBLOnly  0x0000000000009fec      0x144
 .ramfuncBLOnly
                0x0000000000009fec       0xb8 .pio/build/adafruit_feather_m0/lib674/libfeather.a(usb.o)
                0x0000000000009fec                USB_CONN::writeAsync(char const*, unsigned long, unsigned char)
                0x000000000000a024                USB_Handler
 .ramfuncBLOnly
                0x000000000000a0a4       0x64 .pio/build/adafruit_feather_m0/lib674/libfeather.a(handlers.o)
                0x000000000000a0a4                USB_CONN::Handler_OUT(Serial_t*)
 .ramfuncBLOnly
                0x000000000000a108       0x28 .pio/build/adafruit_feather_m0/lib674/libfeather.a(program.o)
                0x000000000000a108                Program::resetToBootloader()

.igot.plt       0x000000000000a130        0x0
 .igot.plt      0x000000000000a130        0x0 /Users/gregory/.platformio/packages/toolchain-gccarmnoneeabi/bin/../lib/gcc/arm-none-eabi/7.2.1/thumb/v6-m/crtbegin.o

.rel.dyn        0x000000000000a130        0x0
 .rel.iplt      0x000000000000a130        0x0 /Users/gregory/.platformio/packages/toolchain-gccarmnoneeabi/bin/../lib/gcc/arm-none-eabi/7.2.1/thumb/v6-m/crtbegin.o

.ARM.exidx
 *(.ARM.exidx* .gnu.linkonce.armexidx.*)
                [!provide]                        PROVIDE (__exidx_end, .)
                0x000000000000a130                . = ALIGN (0x4)
                0x000000000000a130                _etext = .

.relocate       0x00000000200000b4      0x120 load address 0x000000000000a130
                0x00000000200000b4                . = ALIGN (0x4)
                0x00000000200000b4                _srelocate = .
 *(.ramfunc .ramfunc.*)
 *(.data .data.*)
 .data._ZN5Input7DigitalE
                0x00000000200000b4        0x4 .pio/build/adafruit_feather_m0/lib674/libfeather.a(input.o)
                0x00000000200000b4                Input::Digital
 .data.numPixels
                0x00000000200000b8        0x4 .pio/build/adafruit_feather_m0/lib674/libfeather.a(lcd.o)
                0x00000000200000b8                numPixels
 .data.SD_FILLER_BYTE
                0x00000000200000bc        0x1 .pio/build/adafruit_feather_m0/lib674/libfeather.a(sd.o)
                0x00000000200000bc                SD_FILLER_BYTE
 .data._sleep_idling
                0x00000000200000bd        0x1 .pio/build/adafruit_feather_m0/lib674/libfeather.a(timer.o)
                0x00000000200000bd                _sleep_idling
 .data._ZN8USB_CONN11debug_assocE
                0x00000000200000be        0x8 .pio/build/adafruit_feather_m0/lib674/libfeather.a(descriptors.o)
                0x00000000200000be                USB_CONN::debug_assoc
 .data._ZN8USB_CONN12serial_assocE
                0x00000000200000c6        0x8 .pio/build/adafruit_feather_m0/lib674/libfeather.a(descriptors.o)
                0x00000000200000c6                USB_CONN::serial_assoc
 *fill*         0x00000000200000ce        0x2 
 .data._ZN8USB_CONN13devDescriptorE
                0x00000000200000d0       0x12 .pio/build/adafruit_feather_m0/lib674/libfeather.a(descriptors.o)
                0x00000000200000d0                USB_CONN::devDescriptor
 .data._ZN8USB_CONN15debug_comm_descE
                0x00000000200000e2       0x13 .pio/build/adafruit_feather_m0/lib674/libfeather.a(descriptors.o)
                0x00000000200000e2                USB_CONN::debug_comm_desc
 .data._ZN8USB_CONN15debug_comm_endpE
                0x00000000200000f5        0x7 .pio/build/adafruit_feather_m0/lib674/libfeather.a(descriptors.o)
                0x00000000200000f5                USB_CONN::debug_comm_endp
 .data._ZN8USB_CONN16debug_comm_ifaceE
                0x00000000200000fc        0x9 .pio/build/adafruit_feather_m0/lib674/libfeather.a(descriptors.o)
                0x00000000200000fc                USB_CONN::debug_comm_iface
 .data._ZN8USB_CONN16debug_data_ifaceE
                0x0000000020000105        0x9 .pio/build/adafruit_feather_m0/lib674/libfeather.a(descriptors.o)
                0x0000000020000105                USB_CONN::debug_data_iface
 .data._ZN8USB_CONN16serial_comm_descE
                0x000000002000010e       0x13 .pio/build/adafruit_feather_m0/lib674/libfeather.a(descriptors.o)
                0x000000002000010e                USB_CONN::serial_comm_desc
 .data._ZN8USB_CONN16serial_comm_endpE
                0x0000000020000121        0x7 .pio/build/adafruit_feather_m0/lib674/libfeather.a(descriptors.o)
                0x0000000020000121                USB_CONN::serial_comm_endp
 .data._ZN8USB_CONN17serial_comm_ifaceE
                0x0000000020000128        0x9 .pio/build/adafruit_feather_m0/lib674/libfeather.a(descriptors.o)
                0x0000000020000128                USB_CONN::serial_comm_iface
 .data._ZN8USB_CONN17serial_data_ifaceE
                0x0000000020000131        0x9 .pio/build/adafruit_feather_m0/lib674/libfeather.a(descriptors.o)
                0x0000000020000131                USB_CONN::serial_data_iface
 .data._ZN8USB_CONN18debug_data_in_endpE
                0x000000002000013a        0x7 .pio/build/adafruit_feather_m0/lib674/libfeather.a(descriptors.o)
                0x000000002000013a                USB_CONN::debug_data_in_endp
 .data._ZN8USB_CONN19debug_data_out_endpE
                0x0000000020000141        0x7 .pio/build/adafruit_feather_m0/lib674/libfeather.a(descriptors.o)
                0x0000000020000141                USB_CONN::debug_data_out_endp
 .data._ZN8USB_CONN19serial_data_in_endpE
                0x0000000020000148        0x7 .pio/build/adafruit_feather_m0/lib674/libfeather.a(descriptors.o)
                0x0000000020000148                USB_CONN::serial_data_in_endp
 .data._ZN8USB_CONN20serial_data_out_endpE
                0x000000002000014f        0x7 .pio/build/adafruit_feather_m0/lib674/libfeather.a(descriptors.o)
                0x000000002000014f                USB_CONN::serial_data_out_endp
 *fill*         0x0000000020000156        0x2 
 .data._ZN8USB_CONN7stringsE
                0x0000000020000158        0xc .pio/build/adafruit_feather_m0/lib674/libfeather.a(descriptors.o)
                0x0000000020000158                USB_CONN::strings
 .data._ZN8USB_CONN7usb_cfgE
                0x0000000020000164        0x9 .pio/build/adafruit_feather_m0/lib674/libfeather.a(descriptors.o)
                0x0000000020000164                USB_CONN::usb_cfg
 *fill*         0x000000002000016d        0x3 
 .data._impure_ptr
                0x0000000020000170        0x4 /Users/gregory/.platformio/packages/toolchain-gccarmnoneeabi/bin/../lib/gcc/arm-none-eabi/7.2.1/../../../../arm-none-eabi/lib/thumb/v6-m/libc_nano.a(lib_a-impure.o)
                0x0000000020000170                _impure_ptr
 .data.impure_data
                0x0000000020000174       0x60 /Users/gregory/.platformio/packages/toolchain-gccarmnoneeabi/bin/../lib/gcc/arm-none-eabi/7.2.1/../../../../arm-none-eabi/lib/thumb/v6-m/libc_nano.a(lib_a-impure.o)
                0x00000000200001d4                . = ALIGN (0x4)
                0x00000000200001d4                _erelocate = .

.bss            0x00000000200001e0      0x3d4 load address 0x000000000000a260
                0x00000000200001e0                . = ALIGN (0x4)
                0x00000000200001e0                _sbss = .
                0x00000000200001e0                _szero = .
 *(.bss .bss.*)
 .bss           0x00000000200001e0       0x1c /Users/gregory/.platformio/packages/toolchain-gccarmnoneeabi/bin/../lib/gcc/arm-none-eabi/7.2.1/thumb/v6-m/crtbegin.o
 .bss._ZN5Input6AnalogE
                0x00000000200001fc        0x4 .pio/build/adafruit_feather_m0/lib674/libfeather.a(input.o)
                0x00000000200001fc                Input::Analog
 .bss.SD_DMA_TRASH
                0x0000000020000200        0x1 .pio/build/adafruit_feather_m0/lib674/libfeather.a(sd.o)
                0x0000000020000200                SD_DMA_TRASH
 *fill*         0x0000000020000201        0x3 
 .bss._ZN2SD10fatAddressE
                0x0000000020000204        0x4 .pio/build/adafruit_feather_m0/lib674/libfeather.a(sd.o)
                0x0000000020000204                SD::fatAddress
 .bss._ZN2SD10volAddressE
                0x0000000020000208        0x4 .pio/build/adafruit_feather_m0/lib674/libfeather.a(sd.o)
                0x0000000020000208                SD::volAddress
 .bss._ZN2SD11rootAddressE
                0x000000002000020c        0x4 .pio/build/adafruit_feather_m0/lib674/libfeather.a(sd.o)
                0x000000002000020c                SD::rootAddress
 .bss._ZN2SD19sectors_per_clusterE
                0x0000000020000210        0x1 .pio/build/adafruit_feather_m0/lib674/libfeather.a(sd.o)
                0x0000000020000210                SD::sectors_per_cluster
 .bss.sd_data   0x0000000020000211        0x6 .pio/build/adafruit_feather_m0/lib674/libfeather.a(sd.o)
                0x0000000020000211                sd_data
 *fill*         0x0000000020000217        0x9 
 .bss.sd_dma_descriptors
                0x0000000020000220       0x40 .pio/build/adafruit_feather_m0/lib674/libfeather.a(sd.o)
                0x0000000020000220                sd_dma_descriptors
 .bss.sd_response
                0x0000000020000260        0x5 .pio/build/adafruit_feather_m0/lib674/libfeather.a(sd.o)
                0x0000000020000260                sd_response
 .bss._ZN8USB_CONN15endpoint_in_bfrE
                0x0000000020000265       0xc0 .pio/build/adafruit_feather_m0/lib674/libfeather.a(usb.o)
                0x0000000020000265                USB_CONN::endpoint_in_bfr
 .bss._ZN8USB_CONN16endpoint_out_bfrE
                0x0000000020000325       0xc0 .pio/build/adafruit_feather_m0/lib674/libfeather.a(usb.o)
                0x0000000020000325                USB_CONN::endpoint_out_bfr
 .bss._ZN8USB_CONN20currentConfigurationE
                0x00000000200003e5        0x1 .pio/build/adafruit_feather_m0/lib674/libfeather.a(usb.o)
                0x00000000200003e5                USB_CONN::currentConfiguration
 *fill*         0x00000000200003e6        0x2 
 .bss._ZN8USB_CONN9endpointsE
                0x00000000200003e8       0xa0 .pio/build/adafruit_feather_m0/lib674/libfeather.a(usb.o)
                0x00000000200003e8                USB_CONN::endpoints
 .bss.usb_debug
                0x0000000020000488        0x1 .pio/build/adafruit_feather_m0/lib674/libfeather.a(usb.o)
                0x0000000020000488                usb_debug
 *fill*         0x0000000020000489        0x7 
 .bss.DMACFG    0x0000000020000490       0x30 .pio/build/adafruit_feather_m0/lib674/libfeather.a(dma.o)
                0x0000000020000490                DMACFG
 .bss._DMAWRB   0x00000000200004c0       0x30 .pio/build/adafruit_feather_m0/lib674/libfeather.a(dma.o)
                0x00000000200004c0                _DMAWRB
 .bss._ZN8Serial_t5debugE
                0x00000000200004f0       0x10 .pio/build/adafruit_feather_m0/lib674/libfeather.a(serial.o)
                0x00000000200004f0                Serial_t::debug
 .bss._ZN8Serial_t6serialE
                0x0000000020000500       0x10 .pio/build/adafruit_feather_m0/lib674/libfeather.a(serial.o)
                0x0000000020000500                Serial_t::serial
 .bss._ZN8USB_CONN13cfgDescriptorE
                0x0000000020000510       0x8d .pio/build/adafruit_feather_m0/lib674/libfeather.a(descriptors.o)
                0x0000000020000510                USB_CONN::cfgDescriptor
 *fill*         0x000000002000059d        0x3 
 .bss._ZN12_GLOBAL__N_113__new_handlerE
                0x00000000200005a0        0x4 /Users/gregory/.platformio/packages/toolchain-gccarmnoneeabi/bin/../lib/gcc/arm-none-eabi/7.2.1/../../../../arm-none-eabi/lib/thumb/v6-m/libstdc++_nano.a(new_handler.o)
 .bss.__malloc_free_list
                0x00000000200005a4        0x4 /Users/gregory/.platformio/packages/toolchain-gccarmnoneeabi/bin/../lib/gcc/arm-none-eabi/7.2.1/../../../../arm-none-eabi/lib/thumb/v6-m/libc_nano.a(lib_a-nano-mallocr.o)
                0x00000000200005a4                __malloc_free_list
 .bss.__malloc_sbrk_start
                0x00000000200005a8        0x4 /Users/gregory/.platformio/packages/toolchain-gccarmnoneeabi/bin/../lib/gcc/arm-none-eabi/7.2.1/../../../../arm-none-eabi/lib/thumb/v6-m/libc_nano.a(lib_a-nano-mallocr.o)
                0x00000000200005a8                __malloc_sbrk_start
 .bss.heap_end.4102
                0x00000000200005ac        0x4 /Users/gregory/.platformio/packages/toolchain-gccarmnoneeabi/bin/../lib/gcc/arm-none-eabi/7.2.1/../../../../arm-none-eabi/lib/thumb/v6-m/libnosys.a(sbrk.o)
 *(COMMON)
 COMMON         0x00000000200005b0        0x4 /Users/gregory/.platformio/packages/toolchain-gccarmnoneeabi/bin/../lib/gcc/arm-none-eabi/7.2.1/../../../../arm-none-eabi/lib/thumb/v6-m/libc_nano.a(lib_a-reent.o)
                0x00000000200005b0                errno
                0x00000000200005b4                . = ALIGN (0x4)
                0x00000000200005b4                _ebss = .
                0x00000000200005b4                _ezero = .

.stack          0x00000000200005b4     0x2004 load address 0x000000000000a634
                0x00000000200005b8                . = ALIGN (0x8)
 *fill*         0x00000000200005b4        0x4 
                0x00000000200005b8                _sstack = .
                0x00000000200025b8                . = (. + STACK_SIZE)
 *fill*         0x00000000200005b8     0x2000 
                0x00000000200025b8                . = ALIGN (0x8)
                0x00000000200025b8                _estack = .
                0x0000000000002250                _size = ((_etext - _srom) + (_erelocate - _srelocate))
                0x00000000200025b8                . = ALIGN (0x4)
                0x00000000200025b8                _end = .
                0x00000000200025b8                end = _end
LOAD .pio/build/adafruit_feather_m0/src/main.o
LOAD .pio/build/adafruit_feather_m0/src/progmeta.o
START GROUP
LOAD .pio/build/adafruit_feather_m0/lib674/libfeather.a
END GROUP
LOAD /Users/gregory/.platformio/packages/toolchain-gccarmnoneeabi/bin/../lib/gcc/arm-none-eabi/7.2.1/../../../../arm-none-eabi/lib/thumb/v6-m/libstdc++_nano.a
LOAD /Users/gregory/.platformio/packages/toolchain-gccarmnoneeabi/bin/../lib/gcc/arm-none-eabi/7.2.1/../../../../arm-none-eabi/lib/thumb/v6-m/libm.a
START GROUP
LOAD /Users/gregory/.platformio/packages/toolchain-gccarmnoneeabi/bin/../lib/gcc/arm-none-eabi/7.2.1/thumb/v6-m/libgcc.a
LOAD /Users/gregory/.platformio/packages/toolchain-gccarmnoneeabi/bin/../lib/gcc/arm-none-eabi/7.2.1/../../../../arm-none-eabi/lib/thumb/v6-m/libc_nano.a
END GROUP
START GROUP
LOAD /Users/gregory/.platformio/packages/toolchain-gccarmnoneeabi/bin/../lib/gcc/arm-none-eabi/7.2.1/thumb/v6-m/libgcc.a
LOAD /Users/gregory/.platformio/packages/toolchain-gccarmnoneeabi/bin/../lib/gcc/arm-none-eabi/7.2.1/../../../../arm-none-eabi/lib/thumb/v6-m/libc_nano.a
LOAD /Users/gregory/.platformio/packages/toolchain-gccarmnoneeabi/bin/../lib/gcc/arm-none-eabi/7.2.1/../../../../arm-none-eabi/lib/thumb/v6-m/libnosys.a
END GROUP
START GROUP
LOAD /Users/gregory/.platformio/packages/toolchain-gccarmnoneeabi/bin/../lib/gcc/arm-none-eabi/7.2.1/thumb/v6-m/libgcc.a
LOAD /Users/gregory/.platformio/packages/toolchain-gccarmnoneeabi/bin/../lib/gcc/arm-none-eabi/7.2.1/../../../../arm-none-eabi/lib/thumb/v6-m/libc_nano.a
LOAD /Users/gregory/.platformio/packages/toolchain-gccarmnoneeabi/bin/../lib/gcc/arm-none-eabi/7.2.1/../../../../arm-none-eabi/lib/thumb/v6-m/libnosys.a
END GROUP
LOAD /Users/gregory/.platformio/packages/toolchain-gccarmnoneeabi/bin/../lib/gcc/arm-none-eabi/7.2.1/thumb/v6-m/crtend.o
LOAD /Users/gregory/.platformio/packages/toolchain-gccarmnoneeabi/bin/../lib/gcc/arm-none-eabi/7.2.1/thumb/v6-m/crtn.o
OUTPUT(.pio/build/adafruit_feather_m0/firmware.elf elf32-littlearm)

.ARM.attributes
                0x0000000000000000       0x28
 .ARM.attributes
                0x0000000000000000       0x1e /Users/gregory/.platformio/packages/toolchain-gccarmnoneeabi/bin/../lib/gcc/arm-none-eabi/7.2.1/thumb/v6-m/crti.o
 .ARM.attributes
                0x000000000000001e       0x2c /Users/gregory/.platformio/packages/toolchain-gccarmnoneeabi/bin/../lib/gcc/arm-none-eabi/7.2.1/thumb/v6-m/crtbegin.o
 .ARM.attributes
                0x000000000000004a       0x32 .pio/build/adafruit_feather_m0/src/main.o
 .ARM.attributes
                0x000000000000007c       0x32 .pio/build/adafruit_feather_m0/src/progmeta.o
 .ARM.attributes
                0x00000000000000ae       0x32 .pio/build/adafruit_feather_m0/lib674/libfeather.a(font.o)
 .ARM.attributes
                0x00000000000000e0       0x32 .pio/build/adafruit_feather_m0/lib674/libfeather.a(init.o)
 .ARM.attributes
                0x0000000000000112       0x32 .pio/build/adafruit_feather_m0/lib674/libfeather.a(input.o)
 .ARM.attributes
                0x0000000000000144       0x32 .pio/build/adafruit_feather_m0/lib674/libfeather.a(lcd.o)
 .ARM.attributes
                0x0000000000000176       0x32 .pio/build/adafruit_feather_m0/lib674/libfeather.a(sd.o)
 .ARM.attributes
                0x00000000000001a8       0x32 .pio/build/adafruit_feather_m0/lib674/libfeather.a(startup.o)
 .ARM.attributes
                0x00000000000001da       0x32 .pio/build/adafruit_feather_m0/lib674/libfeather.a(text.o)
 .ARM.attributes
                0x000000000000020c       0x32 .pio/build/adafruit_feather_m0/lib674/libfeather.a(timer.o)
 .ARM.attributes
                0x000000000000023e       0x32 .pio/build/adafruit_feather_m0/lib674/libfeather.a(usb.o)
 .ARM.attributes
                0x0000000000000270       0x32 .pio/build/adafruit_feather_m0/lib674/libfeather.a(dma.o)
 .ARM.attributes
                0x00000000000002a2       0x32 .pio/build/adafruit_feather_m0/lib674/libfeather.a(error.o)
 .ARM.attributes
                0x00000000000002d4       0x32 .pio/build/adafruit_feather_m0/lib674/libfeather.a(serial.o)
 .ARM.attributes
                0x0000000000000306       0x32 .pio/build/adafruit_feather_m0/lib674/libfeather.a(handlers.o)
 .ARM.attributes
                0x0000000000000338       0x32 .pio/build/adafruit_feather_m0/lib674/libfeather.a(debug.o)
 .ARM.attributes
                0x000000000000036a       0x32 .pio/build/adafruit_feather_m0/lib674/libfeather.a(descriptors.o)
 .ARM.attributes
                0x000000000000039c       0x32 .pio/build/adafruit_feather_m0/lib674/libfeather.a(program.o)
 .ARM.attributes
                0x00000000000003ce       0x2c /Users/gregory/.platformio/packages/toolchain-gccarmnoneeabi/bin/../lib/gcc/arm-none-eabi/7.2.1/../../../../arm-none-eabi/lib/thumb/v6-m/libstdc++_nano.a(new_op.o)
 .ARM.attributes
                0x00000000000003fa       0x2c /Users/gregory/.platformio/packages/toolchain-gccarmnoneeabi/bin/../lib/gcc/arm-none-eabi/7.2.1/../../../../arm-none-eabi/lib/thumb/v6-m/libstdc++_nano.a(new_handler.o)
 .ARM.attributes
                0x0000000000000426       0x2c /Users/gregory/.platformio/packages/toolchain-gccarmnoneeabi/bin/../lib/gcc/arm-none-eabi/7.2.1/../../../../arm-none-eabi/lib/thumb/v6-m/libc_nano.a(lib_a-abort.o)
 .ARM.attributes
                0x0000000000000452       0x2c /Users/gregory/.platformio/packages/toolchain-gccarmnoneeabi/bin/../lib/gcc/arm-none-eabi/7.2.1/../../../../arm-none-eabi/lib/thumb/v6-m/libc_nano.a(lib_a-impure.o)
 .ARM.attributes
                0x000000000000047e       0x2c /Users/gregory/.platformio/packages/toolchain-gccarmnoneeabi/bin/../lib/gcc/arm-none-eabi/7.2.1/../../../../arm-none-eabi/lib/thumb/v6-m/libc_nano.a(lib_a-init.o)
 .ARM.attributes
                0x00000000000004aa       0x2c /Users/gregory/.platformio/packages/toolchain-gccarmnoneeabi/bin/../lib/gcc/arm-none-eabi/7.2.1/../../../../arm-none-eabi/lib/thumb/v6-m/libc_nano.a(lib_a-malloc.o)
 .ARM.attributes
                0x00000000000004d6       0x2c /Users/gregory/.platformio/packages/toolchain-gccarmnoneeabi/bin/../lib/gcc/arm-none-eabi/7.2.1/../../../../arm-none-eabi/lib/thumb/v6-m/libc_nano.a(lib_a-memcpy-stub.o)
 .ARM.attributes
                0x0000000000000502       0x2c /Users/gregory/.platformio/packages/toolchain-gccarmnoneeabi/bin/../lib/gcc/arm-none-eabi/7.2.1/../../../../arm-none-eabi/lib/thumb/v6-m/libc_nano.a(lib_a-memset.o)
 .ARM.attributes
                0x000000000000052e       0x2c /Users/gregory/.platformio/packages/toolchain-gccarmnoneeabi/bin/../lib/gcc/arm-none-eabi/7.2.1/../../../../arm-none-eabi/lib/thumb/v6-m/libc_nano.a(lib_a-nano-mallocr.o)
 .ARM.attributes
                0x000000000000055a       0x2c /Users/gregory/.platformio/packages/toolchain-gccarmnoneeabi/bin/../lib/gcc/arm-none-eabi/7.2.1/../../../../arm-none-eabi/lib/thumb/v6-m/libc_nano.a(lib_a-sbrkr.o)
 .ARM.attributes
                0x0000000000000586       0x2c /Users/gregory/.platformio/packages/toolchain-gccarmnoneeabi/bin/../lib/gcc/arm-none-eabi/7.2.1/../../../../arm-none-eabi/lib/thumb/v6-m/libc_nano.a(lib_a-signal.o)
 .ARM.attributes
                0x00000000000005b2       0x2c /Users/gregory/.platformio/packages/toolchain-gccarmnoneeabi/bin/../lib/gcc/arm-none-eabi/7.2.1/../../../../arm-none-eabi/lib/thumb/v6-m/libc_nano.a(lib_a-signalr.o)
 .ARM.attributes
                0x00000000000005de       0x2c /Users/gregory/.platformio/packages/toolchain-gccarmnoneeabi/bin/../lib/gcc/arm-none-eabi/7.2.1/../../../../arm-none-eabi/lib/thumb/v6-m/libc_nano.a(lib_a-mlock.o)
 .ARM.attributes
                0x000000000000060a       0x2c /Users/gregory/.platformio/packages/toolchain-gccarmnoneeabi/bin/../lib/gcc/arm-none-eabi/7.2.1/../../../../arm-none-eabi/lib/thumb/v6-m/libc_nano.a(lib_a-reent.o)
 .ARM.attributes
                0x0000000000000636       0x2c /Users/gregory/.platformio/packages/toolchain-gccarmnoneeabi/bin/../lib/gcc/arm-none-eabi/7.2.1/../../../../arm-none-eabi/lib/thumb/v6-m/libnosys.a(getpid.o)
 .ARM.attributes
                0x0000000000000662       0x2c /Users/gregory/.platformio/packages/toolchain-gccarmnoneeabi/bin/../lib/gcc/arm-none-eabi/7.2.1/../../../../arm-none-eabi/lib/thumb/v6-m/libnosys.a(kill.o)
 .ARM.attributes
                0x000000000000068e       0x2c /Users/gregory/.platformio/packages/toolchain-gccarmnoneeabi/bin/../lib/gcc/arm-none-eabi/7.2.1/../../../../arm-none-eabi/lib/thumb/v6-m/libnosys.a(sbrk.o)
 .ARM.attributes
                0x00000000000006ba       0x2c /Users/gregory/.platformio/packages/toolchain-gccarmnoneeabi/bin/../lib/gcc/arm-none-eabi/7.2.1/../../../../arm-none-eabi/lib/thumb/v6-m/libnosys.a(_exit.o)
 .ARM.attributes
                0x00000000000006e6       0x1e /Users/gregory/.platformio/packages/toolchain-gccarmnoneeabi/bin/../lib/gcc/arm-none-eabi/7.2.1/thumb/v6-m/crtn.o

.comment        0x0000000000000000       0x7e
 .comment       0x0000000000000000       0x7e .pio/build/adafruit_feather_m0/src/main.o
                                         0x7f (size before relaxing)
 .comment       0x000000000000007e       0x7f .pio/build/adafruit_feather_m0/src/progmeta.o
 .comment       0x000000000000007e       0x7f .pio/build/adafruit_feather_m0/lib674/libfeather.a(font.o)
 .comment       0x000000000000007e       0x7f .pio/build/adafruit_feather_m0/lib674/libfeather.a(init.o)
 .comment       0x000000000000007e       0x7f .pio/build/adafruit_feather_m0/lib674/libfeather.a(input.o)
 .comment       0x000000000000007e       0x7f .pio/build/adafruit_feather_m0/lib674/libfeather.a(lcd.o)
 .comment       0x000000000000007e       0x7f .pio/build/adafruit_feather_m0/lib674/libfeather.a(sd.o)
 .comment       0x000000000000007e       0x7f .pio/build/adafruit_feather_m0/lib674/libfeather.a(startup.o)
 .comment       0x000000000000007e       0x7f .pio/build/adafruit_feather_m0/lib674/libfeather.a(text.o)
 .comment       0x000000000000007e       0x7f .pio/build/adafruit_feather_m0/lib674/libfeather.a(timer.o)
 .comment       0x000000000000007e       0x7f .pio/build/adafruit_feather_m0/lib674/libfeather.a(usb.o)
 .comment       0x000000000000007e       0x7f .pio/build/adafruit_feather_m0/lib674/libfeather.a(dma.o)
 .comment       0x000000000000007e       0x7f .pio/build/adafruit_feather_m0/lib674/libfeather.a(error.o)
 .comment       0x000000000000007e       0x7f .pio/build/adafruit_feather_m0/lib674/libfeather.a(serial.o)
 .comment       0x000000000000007e       0x7f .pio/build/adafruit_feather_m0/lib674/libfeather.a(handlers.o)
 .comment       0x000000000000007e       0x7f .pio/build/adafruit_feather_m0/lib674/libfeather.a(debug.o)
 .comment       0x000000000000007e       0x7f .pio/build/adafruit_feather_m0/lib674/libfeather.a(descriptors.o)
 .comment       0x000000000000007e       0x7f .pio/build/adafruit_feather_m0/lib674/libfeather.a(program.o)

.debug_frame    0x0000000000000000      0x3a8
 .debug_frame   0x0000000000000000       0x28 /Users/gregory/.platformio/packages/toolchain-gccarmnoneeabi/bin/../lib/gcc/arm-none-eabi/7.2.1/../../../../arm-none-eabi/lib/thumb/v6-m/libstdc++_nano.a(new_op.o)
 .debug_frame   0x0000000000000028       0x30 /Users/gregory/.platformio/packages/toolchain-gccarmnoneeabi/bin/../lib/gcc/arm-none-eabi/7.2.1/../../../../arm-none-eabi/lib/thumb/v6-m/libstdc++_nano.a(new_handler.o)
 .debug_frame   0x0000000000000058       0x28 /Users/gregory/.platformio/packages/toolchain-gccarmnoneeabi/bin/../lib/gcc/arm-none-eabi/7.2.1/../../../../arm-none-eabi/lib/thumb/v6-m/libc_nano.a(lib_a-abort.o)
 .debug_frame   0x0000000000000080       0x2c /Users/gregory/.platformio/packages/toolchain-gccarmnoneeabi/bin/../lib/gcc/arm-none-eabi/7.2.1/../../../../arm-none-eabi/lib/thumb/v6-m/libc_nano.a(lib_a-init.o)
 .debug_frame   0x00000000000000ac       0x40 /Users/gregory/.platformio/packages/toolchain-gccarmnoneeabi/bin/../lib/gcc/arm-none-eabi/7.2.1/../../../../arm-none-eabi/lib/thumb/v6-m/libc_nano.a(lib_a-malloc.o)
 .debug_frame   0x00000000000000ec       0x28 /Users/gregory/.platformio/packages/toolchain-gccarmnoneeabi/bin/../lib/gcc/arm-none-eabi/7.2.1/../../../../arm-none-eabi/lib/thumb/v6-m/libc_nano.a(lib_a-memcpy-stub.o)
 .debug_frame   0x0000000000000114       0x20 /Users/gregory/.platformio/packages/toolchain-gccarmnoneeabi/bin/../lib/gcc/arm-none-eabi/7.2.1/../../../../arm-none-eabi/lib/thumb/v6-m/libc_nano.a(lib_a-memset.o)
 .debug_frame   0x0000000000000134       0x2c /Users/gregory/.platformio/packages/toolchain-gccarmnoneeabi/bin/../lib/gcc/arm-none-eabi/7.2.1/../../../../arm-none-eabi/lib/thumb/v6-m/libc_nano.a(lib_a-nano-mallocr.o)
 .debug_frame   0x0000000000000160       0x2c /Users/gregory/.platformio/packages/toolchain-gccarmnoneeabi/bin/../lib/gcc/arm-none-eabi/7.2.1/../../../../arm-none-eabi/lib/thumb/v6-m/libc_nano.a(lib_a-sbrkr.o)
 .debug_frame   0x000000000000018c       0xe0 /Users/gregory/.platformio/packages/toolchain-gccarmnoneeabi/bin/../lib/gcc/arm-none-eabi/7.2.1/../../../../arm-none-eabi/lib/thumb/v6-m/libc_nano.a(lib_a-signal.o)
 .debug_frame   0x000000000000026c       0x44 /Users/gregory/.platformio/packages/toolchain-gccarmnoneeabi/bin/../lib/gcc/arm-none-eabi/7.2.1/../../../../arm-none-eabi/lib/thumb/v6-m/libc_nano.a(lib_a-signalr.o)
 .debug_frame   0x00000000000002b0       0x30 /Users/gregory/.platformio/packages/toolchain-gccarmnoneeabi/bin/../lib/gcc/arm-none-eabi/7.2.1/../../../../arm-none-eabi/lib/thumb/v6-m/libc_nano.a(lib_a-mlock.o)
 .debug_frame   0x00000000000002e0       0x48 /Users/gregory/.platformio/packages/toolchain-gccarmnoneeabi/bin/../lib/gcc/arm-none-eabi/7.2.1/../../../../arm-none-eabi/lib/thumb/v6-m/libc_nano.a(lib_a-reent.o)
 .debug_frame   0x0000000000000328       0x20 /Users/gregory/.platformio/packages/toolchain-gccarmnoneeabi/bin/../lib/gcc/arm-none-eabi/7.2.1/../../../../arm-none-eabi/lib/thumb/v6-m/libnosys.a(getpid.o)
 .debug_frame   0x0000000000000348       0x20 /Users/gregory/.platformio/packages/toolchain-gccarmnoneeabi/bin/../lib/gcc/arm-none-eabi/7.2.1/../../../../arm-none-eabi/lib/thumb/v6-m/libnosys.a(kill.o)
 .debug_frame   0x0000000000000368       0x20 /Users/gregory/.platformio/packages/toolchain-gccarmnoneeabi/bin/../lib/gcc/arm-none-eabi/7.2.1/../../../../arm-none-eabi/lib/thumb/v6-m/libnosys.a(sbrk.o)
 .debug_frame   0x0000000000000388       0x20 /Users/gregory/.platformio/packages/toolchain-gccarmnoneeabi/bin/../lib/gcc/arm-none-eabi/7.2.1/../../../../arm-none-eabi/lib/thumb/v6-m/libnosys.a(_exit.o)

.stab           0x0000000000000000       0x3c
 .stab          0x0000000000000000       0x24 /Users/gregory/.platformio/packages/toolchain-gccarmnoneeabi/bin/../lib/gcc/arm-none-eabi/7.2.1/../../../../arm-none-eabi/lib/thumb/v6-m/libnosys.a(getpid.o)
 .stab          0x0000000000000024       0x18 /Users/gregory/.platformio/packages/toolchain-gccarmnoneeabi/bin/../lib/gcc/arm-none-eabi/7.2.1/../../../../arm-none-eabi/lib/thumb/v6-m/libnosys.a(kill.o)
                                         0x24 (size before relaxing)

.stabstr        0x0000000000000000       0x76
 .stabstr       0x0000000000000000       0x76 /Users/gregory/.platformio/packages/toolchain-gccarmnoneeabi/bin/../lib/gcc/arm-none-eabi/7.2.1/../../../../arm-none-eabi/lib/thumb/v6-m/libnosys.a(getpid.o)
