Archive member included to satisfy reference by file (symbol)

.pio/build/adafruit_feather_m0/lib674/libfeather.a(font.o)
                              .pio/build/adafruit_feather_m0/src/debug.o (DEFAULT_PALETTE)
.pio/build/adafruit_feather_m0/lib674/libfeather.a(image.o)
                              .pio/build/adafruit_feather_m0/src/main.o (LCD::print2bitImage(unsigned char const*, unsigned short const*, unsigned short, unsigned short, unsigned short, unsigned short))
.pio/build/adafruit_feather_m0/lib674/libfeather.a(init.o)
                              .pio/build/adafruit_feather_m0/src/main.o (Feather::init())
.pio/build/adafruit_feather_m0/lib674/libfeather.a(input.o)
                              .pio/build/adafruit_feather_m0/lib674/libfeather.a(init.o) (Input::init())
.pio/build/adafruit_feather_m0/lib674/libfeather.a(lcd.o)
                              .pio/build/adafruit_feather_m0/lib674/libfeather.a(image.o) (LCD::setWindow(unsigned short*))
.pio/build/adafruit_feather_m0/lib674/libfeather.a(program.o)
                              .pio/build/adafruit_feather_m0/src/debug.o (Program::resetToProgram())
.pio/build/adafruit_feather_m0/lib674/libfeather.a(sd.o)
                              .pio/build/adafruit_feather_m0/src/programChooser.o (SD::read(unsigned long, unsigned short, unsigned short, void*))
.pio/build/adafruit_feather_m0/lib674/libfeather.a(serial.o)
                              .pio/build/adafruit_feather_m0/src/debug.o (Serial_t::send(char const*))
.pio/build/adafruit_feather_m0/lib674/libfeather.a(startup.o)
                              (exception_table)
.pio/build/adafruit_feather_m0/lib674/libfeather.a(text.o)
                              .pio/build/adafruit_feather_m0/src/log.o (LCD::print(unsigned char const*, unsigned short const*, unsigned short, unsigned short, char const*, unsigned char))
.pio/build/adafruit_feather_m0/lib674/libfeather.a(timer.o)
                              .pio/build/adafruit_feather_m0/lib674/libfeather.a(init.o) (initSleep())
.pio/build/adafruit_feather_m0/lib674/libfeather.a(usb.o)
                              .pio/build/adafruit_feather_m0/lib674/libfeather.a(init.o) (USB_CONN::init())
.pio/build/adafruit_feather_m0/lib674/libfeather.a(dma.o)
                              .pio/build/adafruit_feather_m0/lib674/libfeather.a(init.o) (DMA::start())
.pio/build/adafruit_feather_m0/lib674/libfeather.a(error.o)
                              .pio/build/adafruit_feather_m0/lib674/libfeather.a(startup.o) (error)
.pio/build/adafruit_feather_m0/lib674/libfeather.a(handlers.o)
                              .pio/build/adafruit_feather_m0/lib674/libfeather.a(usb.o) (USB_CONN::Handler_OUT(Serial_t*))
.pio/build/adafruit_feather_m0/lib674/libfeather.a(descriptors.o)
                              .pio/build/adafruit_feather_m0/lib674/libfeather.a(handlers.o) (USB_CONN::cfgDescriptor)
/Users/gregory/.platformio/packages/toolchain-gccarmnoneeabi/bin/../lib/gcc/arm-none-eabi/7.2.1/../../../../arm-none-eabi/lib/thumb/v6-m/libstdc++_nano.a(new_op.o)
                              .pio/build/adafruit_feather_m0/lib674/libfeather.a(input.o) (operator new(unsigned int))
/Users/gregory/.platformio/packages/toolchain-gccarmnoneeabi/bin/../lib/gcc/arm-none-eabi/7.2.1/../../../../arm-none-eabi/lib/thumb/v6-m/libstdc++_nano.a(new_handler.o)
                              /Users/gregory/.platformio/packages/toolchain-gccarmnoneeabi/bin/../lib/gcc/arm-none-eabi/7.2.1/../../../../arm-none-eabi/lib/thumb/v6-m/libstdc++_nano.a(new_op.o) (std::get_new_handler())
/Users/gregory/.platformio/packages/toolchain-gccarmnoneeabi/bin/../lib/gcc/arm-none-eabi/7.2.1/thumb/v6-m/libgcc.a(_divsi3.o)
                              .pio/build/adafruit_feather_m0/src/log.o (__aeabi_idivmod)
/Users/gregory/.platformio/packages/toolchain-gccarmnoneeabi/bin/../lib/gcc/arm-none-eabi/7.2.1/thumb/v6-m/libgcc.a(_dvmd_tls.o)
                              /Users/gregory/.platformio/packages/toolchain-gccarmnoneeabi/bin/../lib/gcc/arm-none-eabi/7.2.1/thumb/v6-m/libgcc.a(_divsi3.o) (__aeabi_idiv0)
/Users/gregory/.platformio/packages/toolchain-gccarmnoneeabi/bin/../lib/gcc/arm-none-eabi/7.2.1/../../../../arm-none-eabi/lib/thumb/v6-m/libg_nano.a(lib_a-abort.o)
                              /Users/gregory/.platformio/packages/toolchain-gccarmnoneeabi/bin/../lib/gcc/arm-none-eabi/7.2.1/../../../../arm-none-eabi/lib/thumb/v6-m/libstdc++_nano.a(new_op.o) (abort)
/Users/gregory/.platformio/packages/toolchain-gccarmnoneeabi/bin/../lib/gcc/arm-none-eabi/7.2.1/../../../../arm-none-eabi/lib/thumb/v6-m/libg_nano.a(lib_a-exit.o)
                              /Users/gregory/.platformio/packages/toolchain-gccarmnoneeabi/bin/../lib/gcc/arm-none-eabi/7.2.1/../../../../arm-none-eabi/lib/thumb/v6-m/crt0.o (exit)
/Users/gregory/.platformio/packages/toolchain-gccarmnoneeabi/bin/../lib/gcc/arm-none-eabi/7.2.1/../../../../arm-none-eabi/lib/thumb/v6-m/libg_nano.a(lib_a-impure.o)
[...]
Memory Configuration

Name             Origin             Length             Attributes
rom              0x0000000000000000 0x0000000000004000 xr
ram              0x0000000020000000 0x0000000000007ffc xrw
*default*        0x0000000000000000 0xffffffffffffffff

Linker script and memory map

LOAD /Users/gregory/.platformio/packages/toolchain-gccarmnoneeabi/bin/../lib/gcc/arm-none-eabi/7.2.1/thumb/v6-m/crti.o
LOAD /Users/gregory/.platformio/packages/toolchain-gccarmnoneeabi/bin/../lib/gcc/arm-none-eabi/7.2.1/thumb/v6-m/crtbegin.o
LOAD /Users/gregory/.platformio/packages/toolchain-gccarmnoneeabi/bin/../lib/gcc/arm-none-eabi/7.2.1/../../../../arm-none-eabi/lib/thumb/v6-m/crt0.o
                0x0000000000002000                STACK_SIZE = DEFINED (STACK_SIZE)?STACK_SIZE:DEFINED (__stack_size__)?__stack_size__:0x2000
                0x0000000000000000                . = ORIGIN (rom)
                0x0000000000000000                _svectors = .

.vector         0x0000000020000000       0xb4 load address 0x0000000000000000
                0x0000000020000000                . = ALIGN (0x4)
                0x0000000020000000                _sramvectors = .
 *(.vectors .vectors.*)
 .vectors       0x0000000020000000       0xb4 .pio/build/adafruit_feather_m0/lib674/libfeather.a(startup.o)
                0x0000000020000000                exception_table
                0x00000000200000b4                _eramvectors = .

.text           0x00000000000000b4     0x2d60
                0x00000000000000b4                . = ALIGN (0x4)
                0x00000000000000b4                _sfixed = .
 *(.text .text.* .gnu.linkonce.t.*)
 .text          0x00000000000000b4       0x48 /Users/gregory/.platformio/packages/toolchain-gccarmnoneeabi/bin/../lib/gcc/arm-none-eabi/7.2.1/thumb/v6-m/crtbegin.o
 .text._ZN4Help9checkHelpEv
                0x00000000000000fc       0x74 .pio/build/adafruit_feather_m0/src/help.o
                0x00000000000000fc                Help::checkHelp()
 .text._Z13drawUsbStatusv
                0x0000000000000170       0x48 .pio/build/adafruit_feather_m0/src/main.o
                0x0000000000000170                drawUsbStatus()
 .text._Z8drawHomev
                0x00000000000001b8       0x6c .pio/build/adafruit_feather_m0/src/main.o
                0x00000000000001b8                drawHome()
 .text.main     0x0000000000000224      0x174 .pio/build/adafruit_feather_m0/src/main.o
                0x0000000000000224                main
 .text._ZN7Program10runProgramEv
                0x0000000000000398       0x54 .pio/build/adafruit_feather_m0/src/program.o
                0x0000000000000398                Program::runProgram()
 .text._ZN7Program18checkProgramAndRunEv
                0x00000000000003ec       0x78 .pio/build/adafruit_feather_m0/src/program.o
                0x00000000000003ec                Program::checkProgramAndRun()
 .text._Z41__static_initialization_and_destruction_0ii
                0x0000000000000464       0x24 .pio/build/adafruit_feather_m0/src/programChooser.o
 .text._ZN7Program11nextProgramEP8ProgMeta
                0x0000000000000488       0xdc .pio/build/adafruit_feather_m0/src/programChooser.o
                0x0000000000000488                Program::nextProgram(ProgMeta*)
 .text._ZN7Program16goToFirstProgramEv
                0x0000000000000564       0x14 .pio/build/adafruit_feather_m0/src/programChooser.o
                0x0000000000000564                Program::goToFirstProgram()
 .text._GLOBAL__sub_I__ZN7Program5firstE
                0x0000000000000578       0x10 .pio/build/adafruit_feather_m0/src/programChooser.o
 .text._ZN3LCD14print2bitImageEPKhPKttttt
                0x0000000000000588       0xbc .pio/build/adafruit_feather_m0/lib674/libfeather.a(image.o)
                0x0000000000000588                LCD::print2bitImage(unsigned char const*, unsigned short const*, unsigned short, unsigned short, unsigned short, unsigned short)
 .text._ZN7Feather4initEv
                0x0000000000000644      0x104 .pio/build/adafruit_feather_m0/lib674/libfeather.a(init.o)
                0x0000000000000644                Feather::init()
 .text._Z41__static_initialization_and_destruction_0ii
                0x0000000000000748       0x2c .pio/build/adafruit_feather_m0/lib674/libfeather.a(input.o)
 .text._ZN5Input4initEv
                0x0000000000000774      0x128 .pio/build/adafruit_feather_m0/lib674/libfeather.a(input.o)
                0x0000000000000774                Input::init()
 .text._GLOBAL__sub_I__ZN5Input6AnalogE
                0x000000000000089c       0x10 .pio/build/adafruit_feather_m0/lib674/libfeather.a(input.o)
 .text._ZN3LCD9setWindowEPt
                0x00000000000008ac       0xe0 .pio/build/adafruit_feather_m0/lib674/libfeather.a(lcd.o)
                0x00000000000008ac                LCD::setWindow(unsigned short*)
 .text._ZN3LCD10fillWindowEt
                0x000000000000098c       0x68 .pio/build/adafruit_feather_m0/lib674/libfeather.a(lcd.o)
                0x000000000000098c                LCD::fillWindow(unsigned short)
 .text._ZN3LCD4initEv
                0x00000000000009f4      0x118 .pio/build/adafruit_feather_m0/lib674/libfeather.a(lcd.o)
                0x00000000000009f4                LCD::init()
 .text._ZN3LCD10fillWindowEttttt
                0x0000000000000b0c       0x24 .pio/build/adafruit_feather_m0/lib674/libfeather.a(lcd.o)
                0x0000000000000b0c                LCD::fillWindow(unsigned short, unsigned short, unsigned short, unsigned short, unsigned short)
 .text._ZN7Program14resetToProgramEv
                0x0000000000000b30       0x28 .pio/build/adafruit_feather_m0/lib674/libfeather.a(program.o)
                0x0000000000000b30                Program::resetToProgram()
 .text.DMAC_Handler
                0x0000000000000b58       0x58 .pio/build/adafruit_feather_m0/lib674/libfeather.a(sd.o)
                0x0000000000000b58                DMAC_Handler
 .text._Z10sd_executev
                0x0000000000000bb0       0x1c .pio/build/adafruit_feather_m0/lib674/libfeather.a(sd.o)
                0x0000000000000bb0                sd_execute()
 .text._Z14sd_sendCommandhmh
                0x0000000000000bcc      0x104 .pio/build/adafruit_feather_m0/lib674/libfeather.a(sd.o)
                0x0000000000000bcc                sd_sendCommand(unsigned char, unsigned long, unsigned char)
 .text._ZN2SD4readEmttPv
                0x0000000000000cd0      0x150 .pio/build/adafruit_feather_m0/lib674/libfeather.a(sd.o)
                0x0000000000000cd0                SD::read(unsigned long, unsigned short, unsigned short, void*)
 .text._ZN2SD4initEv
                0x0000000000000e20      0x1cc .pio/build/adafruit_feather_m0/lib674/libfeather.a(sd.o)
                0x0000000000000e20                SD::init()
 .text._ZN2SD12nextDirEntryEP5FSDir
                0x0000000000000fec       0x58 .pio/build/adafruit_feather_m0/lib674/libfeather.a(sd.o)
                0x0000000000000fec                SD::nextDirEntry(FSDir*)
 .text._ZN8Serial_t13DefaultRecvCBEPS_Pch
                0x0000000000001044        0x8 .pio/build/adafruit_feather_m0/lib674/libfeather.a(serial.o)
                0x0000000000001044                Serial_t::DefaultRecvCB(Serial_t*, char*, unsigned char)
 .text._ZN8Serial_tC2EhPFbPS_PchE
                0x000000000000104c        0x6 .pio/build/adafruit_feather_m0/lib674/libfeather.a(serial.o)
                0x000000000000104c                Serial_t::Serial_t(unsigned char, bool (*)(Serial_t*, char*, unsigned char))
                0x000000000000104c                Serial_t::Serial_t(unsigned char, bool (*)(Serial_t*, char*, unsigned char))
 *fill*         0x0000000000001052        0x2 
 .text._ZN8Serial_tC2Eh
                0x0000000000001054       0x14 .pio/build/adafruit_feather_m0/lib674/libfeather.a(serial.o)
                0x0000000000001054                Serial_t::Serial_t(unsigned char)
                0x0000000000001054                Serial_t::Serial_t(unsigned char)
 .text._Z41__static_initialization_and_destruction_0ii
                0x0000000000001068       0x34 .pio/build/adafruit_feather_m0/lib674/libfeather.a(serial.o)
 .text._GLOBAL__sub_I__ZN8Serial_t6serialE
                0x000000000000109c       0x10 .pio/build/adafruit_feather_m0/lib674/libfeather.a(serial.o)
 .text.Dummy_Handler
                0x00000000000010ac        0x2 .pio/build/adafruit_feather_m0/lib674/libfeather.a(startup.o)
                0x00000000000010ac                SYSCTRL_Handler
                0x00000000000010ac                AC_Handler
                0x00000000000010ac                SysTick_Handler
                0x00000000000010ac                PendSV_Handler
                0x00000000000010ac                SERCOM1_Handler
                0x00000000000010ac                ADC_Handler
                0x00000000000010ac                NonMaskableInt_Handler
                0x00000000000010ac                TCC1_Handler
                0x00000000000010ac                SERCOM2_Handler
                0x00000000000010ac                TCC0_Handler
                0x00000000000010ac                RTC_Handler
                0x00000000000010ac                EIC_Handler
                0x00000000000010ac                WDT_Handler
                0x00000000000010ac                TC4_Handler
                0x00000000000010ac                Dummy_Handler
                0x00000000000010ac                PM_Handler
                0x00000000000010ac                SERCOM5_Handler
                0x00000000000010ac                TCC2_Handler
                0x00000000000010ac                EVSYS_Handler
                0x00000000000010ac                SERCOM3_Handler
                0x00000000000010ac                SERCOM4_Handler
                0x00000000000010ac                I2S_Handler
                0x00000000000010ac                NVMCTRL_Handler
                0x00000000000010ac                SERCOM0_Handler
                0x00000000000010ac                DAC_Handler
                0x00000000000010ac                PTC_Handler
                0x00000000000010ac                TC5_Handler
                0x00000000000010ac                SVCall_Handler
 *fill*         0x00000000000010ae        0x2 
 .text.HardFault_Handler
                0x00000000000010b0       0x14 .pio/build/adafruit_feather_m0/lib674/libfeather.a(startup.o)
                0x00000000000010b0                HardFault_Handler
 .text.Reset_Handler
                0x00000000000010c4       0xd4 .pio/build/adafruit_feather_m0/lib674/libfeather.a(startup.o)
                0x00000000000010c4                Reset_Handler
 .text._ZN3LCD5printEPKhPKtttPKch
                0x0000000000001198       0xd4 .pio/build/adafruit_feather_m0/lib674/libfeather.a(text.o)
                0x0000000000001198                LCD::print(unsigned char const*, unsigned short const*, unsigned short, unsigned short, char const*, unsigned char)
 .text._ZN3LCD5printEPKhPKtttPKc
                0x000000000000126c       0x24 .pio/build/adafruit_feather_m0/lib674/libfeather.a(text.o)
                0x000000000000126c                LCD::print(unsigned char const*, unsigned short const*, unsigned short, unsigned short, char const*)
 .text._ZN3LCD8printHexEPKhPKtttm
                0x0000000000001290       0xd0 .pio/build/adafruit_feather_m0/lib674/libfeather.a(text.o)
                0x0000000000001290                LCD::printHex(unsigned char const*, unsigned short const*, unsigned short, unsigned short, unsigned long)
 .text._ZN3LCD8printlnsEPKhPKtttPKc
                0x0000000000001360       0x6a .pio/build/adafruit_feather_m0/lib674/libfeather.a(text.o)
                0x0000000000001360                LCD::printlns(unsigned char const*, unsigned short const*, unsigned short, unsigned short, char const*)
 *fill*         0x00000000000013ca        0x2 
 .text.TC3_Handler
                0x00000000000013cc       0x18 .pio/build/adafruit_feather_m0/lib674/libfeather.a(timer.o)
                0x00000000000013cc                TC3_Handler
 .text._Z9initSleepv
                0x00000000000013e4       0x5c .pio/build/adafruit_feather_m0/lib674/libfeather.a(timer.o)
                0x00000000000013e4                initSleep()
 .text._ZN8USB_CONN4initEv
                0x0000000000001440       0xa0 .pio/build/adafruit_feather_m0/lib674/libfeather.a(usb.o)
                0x0000000000001440                USB_CONN::init()
 .text._ZN8USB_CONN3zlpEv
                0x00000000000014e0       0x44 .pio/build/adafruit_feather_m0/lib674/libfeather.a(usb.o)
                0x00000000000014e0                USB_CONN::zlp()
 .text._ZN8USB_CONN5stallEv
                0x0000000000001524       0x10 .pio/build/adafruit_feather_m0/lib674/libfeather.a(usb.o)
                0x0000000000001524                USB_CONN::stall()
 .text._ZN8USB_CONN5writeEPKcmh
                0x0000000000001534       0x30 .pio/build/adafruit_feather_m0/lib674/libfeather.a(usb.o)
                0x0000000000001534                USB_CONN::write(char const*, unsigned long, unsigned char)
 .text._ZN8USB_CONN15configureSerialEhh
                0x0000000000001564       0xbc .pio/build/adafruit_feather_m0/lib674/libfeather.a(usb.o)
                0x0000000000001564                USB_CONN::configureSerial(unsigned char, unsigned char)
 .text._ZN8USB_CONN11writeStringEPKcmh
                0x0000000000001620       0x48 .pio/build/adafruit_feather_m0/lib674/libfeather.a(usb.o)
                0x0000000000001620                USB_CONN::writeString(char const*, unsigned long, unsigned char)
 .text._ZN3DMA5startEv
                0x0000000000001668       0x20 .pio/build/adafruit_feather_m0/lib674/libfeather.a(dma.o)
                0x0000000000001668                DMA::start()
 .text.error    0x0000000000001688       0x7c .pio/build/adafruit_feather_m0/lib674/libfeather.a(error.o)
                0x0000000000001688                error
 .text._Z15error_multilinePPKch
                0x0000000000001704       0x80 .pio/build/adafruit_feather_m0/lib674/libfeather.a(error.o)
                0x0000000000001704                error_multiline(char const**, unsigned char)
 .text._ZN8USB_CONN13Handler_RXSTPEv
                0x0000000000001784      0x1b4 .pio/build/adafruit_feather_m0/lib674/libfeather.a(handlers.o)
                0x0000000000001784                USB_CONN::Handler_RXSTP()
 .text._ZN8USB_CONN13Handler_EORSTEv
                0x0000000000001938       0x80 .pio/build/adafruit_feather_m0/lib674/libfeather.a(handlers.o)
                0x0000000000001938                USB_CONN::Handler_EORST()
 .text._Z41__static_initialization_and_destruction_0ii
                0x00000000000019b8      0x124 .pio/build/adafruit_feather_m0/lib674/libfeather.a(descriptors.o)
 .text._GLOBAL__sub_I__ZN8USB_CONN7stringsE
                0x0000000000001adc       0x10 .pio/build/adafruit_feather_m0/lib674/libfeather.a(descriptors.o)
 .text._Znwj    0x0000000000001aec       0x24 /Users/gregory/.platformio/packages/toolchain-gccarmnoneeabi/bin/../lib/gcc/arm-none-eabi/7.2.1/../../../../arm-none-eabi/lib/thumb/v6-m/libstdc++_nano.a(new_op.o)
                0x0000000000001aec                operator new(unsigned int)
 .text._ZSt15get_new_handlerv
                0x0000000000001b10        0xc /Users/gregory/.platformio/packages/toolchain-gccarmnoneeabi/bin/../lib/gcc/arm-none-eabi/7.2.1/../../../../arm-none-eabi/lib/thumb/v6-m/libstdc++_nano.a(new_handler.o)
                0x0000000000001b10                std::get_new_handler()
 .text.abort    0x0000000000001b1c        0xe /Users/gregory/.platformio/packages/toolchain-gccarmnoneeabi/bin/../lib/gcc/arm-none-eabi/7.2.1/../../../../arm-none-eabi/lib/thumb/v6-m/libg_nano.a(lib_a-abort.o)
                0x0000000000001b1c                abort
 *fill*         0x0000000000001b2a        0x2 
 .text.__libc_init_array
                0x0000000000001b2c       0x48 /Users/gregory/.platformio/packages/toolchain-gccarmnoneeabi/bin/../lib/gcc/arm-none-eabi/7.2.1/../../../../arm-none-eabi/lib/thumb/v6-m/libg_nano.a(lib_a-init.o)
                0x0000000000001b2c                __libc_init_array
 .text.malloc   0x0000000000001b74       0x14 /Users/gregory/.platformio/packages/toolchain-gccarmnoneeabi/bin/../lib/gcc/arm-none-eabi/7.2.1/../../../../arm-none-eabi/lib/thumb/v6-m/libg_nano.a(lib_a-malloc.o)
                0x0000000000001b74                malloc
 .text.memcpy   0x0000000000001b88       0x12 /Users/gregory/.platformio/packages/toolchain-gccarmnoneeabi/bin/../lib/gcc/arm-none-eabi/7.2.1/../../../../arm-none-eabi/lib/thumb/v6-m/libg_nano.a(lib_a-memcpy-stub.o)
                0x0000000000001b88                memcpy
 .text.memset   0x0000000000001b9a       0x10 /Users/gregory/.platformio/packages/toolchain-gccarmnoneeabi/bin/../lib/gcc/arm-none-eabi/7.2.1/../../../../arm-none-eabi/lib/thumb/v6-m/libg_nano.a(lib_a-memset.o)
                0x0000000000001b9a                memset
 *fill*         0x0000000000001baa        0x2 
 .text._malloc_r
                0x0000000000001bac       0xbc /Users/gregory/.platformio/packages/toolchain-gccarmnoneeabi/bin/../lib/gcc/arm-none-eabi/7.2.1/../../../../arm-none-eabi/lib/thumb/v6-m/libg_nano.a(lib_a-nano-mallocr.o)
                0x0000000000001bac                _malloc_r
 .text._sbrk_r  0x0000000000001c68       0x24 /Users/gregory/.platformio/packages/toolchain-gccarmnoneeabi/bin/../lib/gcc/arm-none-eabi/7.2.1/../../../../arm-none-eabi/lib/thumb/v6-m/libg_nano.a(lib_a-sbrkr.o)
                0x0000000000001c68                _sbrk_r
 .text._raise_r
                0x0000000000001c8c       0x54 /Users/gregory/.platformio/packages/toolchain-gccarmnoneeabi/bin/../lib/gcc/arm-none-eabi/7.2.1/../../../../arm-none-eabi/lib/thumb/v6-m/libg_nano.a(lib_a-signal.o)
                0x0000000000001c8c                _raise_r
 .text.raise    0x0000000000001ce0       0x14 /Users/gregory/.platformio/packages/toolchain-gccarmnoneeabi/bin/../lib/gcc/arm-none-eabi/7.2.1/../../../../arm-none-eabi/lib/thumb/v6-m/libg_nano.a(lib_a-signal.o)
                0x0000000000001ce0                raise
 .text._kill_r  0x0000000000001cf4       0x24 /Users/gregory/.platformio/packages/toolchain-gccarmnoneeabi/bin/../lib/gcc/arm-none-eabi/7.2.1/../../../../arm-none-eabi/lib/thumb/v6-m/libg_nano.a(lib_a-signalr.o)
                0x0000000000001cf4                _kill_r
 .text._getpid_r
                0x0000000000001d18        0x8 /Users/gregory/.platformio/packages/toolchain-gccarmnoneeabi/bin/../lib/gcc/arm-none-eabi/7.2.1/../../../../arm-none-eabi/lib/thumb/v6-m/libg_nano.a(lib_a-signalr.o)
                0x0000000000001d18                _getpid_r
 .text.__malloc_lock
                0x0000000000001d20        0x2 /Users/gregory/.platformio/packages/toolchain-gccarmnoneeabi/bin/../lib/gcc/arm-none-eabi/7.2.1/../../../../arm-none-eabi/lib/thumb/v6-m/libg_nano.a(lib_a-mlock.o)
                0x0000000000001d20                __malloc_lock
 .text.__malloc_unlock
                0x0000000000001d22        0x2 /Users/gregory/.platformio/packages/toolchain-gccarmnoneeabi/bin/../lib/gcc/arm-none-eabi/7.2.1/../../../../arm-none-eabi/lib/thumb/v6-m/libg_nano.a(lib_a-mlock.o)
                0x0000000000001d22                __malloc_unlock
 .text._getpid  0x0000000000001d24       0x10 /Users/gregory/.platformio/packages/toolchain-gccarmnoneeabi/bin/../lib/gcc/arm-none-eabi/7.2.1/../../../../arm-none-eabi/lib/thumb/v6-m/libnosys.a(getpid.o)
                0x0000000000001d24                _getpid
 .text._kill    0x0000000000001d34       0x10 /Users/gregory/.platformio/packages/toolchain-gccarmnoneeabi/bin/../lib/gcc/arm-none-eabi/7.2.1/../../../../arm-none-eabi/lib/thumb/v6-m/libnosys.a(kill.o)
                0x0000000000001d34                _kill
 .text._sbrk    0x0000000000001d44       0x1c /Users/gregory/.platformio/packages/toolchain-gccarmnoneeabi/bin/../lib/gcc/arm-none-eabi/7.2.1/../../../../arm-none-eabi/lib/thumb/v6-m/libnosys.a(sbrk.o)
                0x0000000000001d44                _sbrk
 .text._exit    0x0000000000001d60        0x4 /Users/gregory/.platformio/packages/toolchain-gccarmnoneeabi/bin/../lib/gcc/arm-none-eabi/7.2.1/../../../../arm-none-eabi/lib/thumb/v6-m/libnosys.a(_exit.o)
                0x0000000000001d60                _exit
 *(.rodata .rodata* .gnu.linkonce.r.*)
 .rodata        0x0000000000001d64       0x44 .pio/build/adafruit_feather_m0/src/debug.o
 .rodata.str1.4
                0x0000000000001da8       0x62 .pio/build/adafruit_feather_m0/src/debug.o
 *fill*         0x0000000000001e0a        0x2 
 .rodata._ZL10helpScreen
                0x0000000000001e0c      0x1ab .pio/build/adafruit_feather_m0/src/help.o
 *fill*         0x0000000000001fb7        0x1 
 .rodata._Z13drawUsbStatusv.str1.4
                0x0000000000001fb8       0x26 .pio/build/adafruit_feather_m0/src/main.o
 *fill*         0x0000000000001fde        0x2 
 .rodata._Z8drawHomev.str1.4
                0x0000000000001fe0       0x32 .pio/build/adafruit_feather_m0/src/main.o
 *fill*         0x0000000000002012        0x2 
 .rodata._ZL13green_palette
                0x0000000000002014        0x4 .pio/build/adafruit_feather_m0/src/main.o
 .rodata._ZL16SELECTED_PALETTE
                0x0000000000002018        0x4 .pio/build/adafruit_feather_m0/src/main.o
 .rodata.main.str1.4
                0x000000000000201c       0x15 .pio/build/adafruit_feather_m0/src/main.o
 *fill*         0x0000000000002031        0x3 
 .rodata.turtle
                0x0000000000002034      0x9ab .pio/build/adafruit_feather_m0/src/turtle.o
                0x0000000000002034                turtle
 *fill*         0x00000000000029df        0x1 
 .rodata.DEFAULT_FONT
                0x00000000000029e0      0x2f8 .pio/build/adafruit_feather_m0/lib674/libfeather.a(font.o)
                0x00000000000029e0                DEFAULT_FONT
 .rodata.DEFAULT_PALETTE
                0x0000000000002cd8        0x4 .pio/build/adafruit_feather_m0/lib674/libfeather.a(font.o)
                0x0000000000002cd8                DEFAULT_PALETTE
 .rodata        0x0000000000002cdc        0x8 .pio/build/adafruit_feather_m0/lib674/libfeather.a(lcd.o)
 .rodata        0x0000000000002ce4       0x18 .pio/build/adafruit_feather_m0/lib674/libfeather.a(sd.o)
 .rodata.str1.4
                0x0000000000002cfc       0x62 .pio/build/adafruit_feather_m0/lib674/libfeather.a(sd.o)
                                         0x66 (size before relaxing)
 *fill*         0x0000000000002d5e        0x2 
 .rodata.HardFault_Handler.str1.4
                0x0000000000002d60        0xd .pio/build/adafruit_feather_m0/lib674/libfeather.a(startup.o)
                                         0x11 (size before relaxing)
 .rodata.error.str1.4
                0x0000000000002d6d        0x7 .pio/build/adafruit_feather_m0/lib674/libfeather.a(error.o)
 *fill*         0x0000000000002d6d        0x3 
 .rodata        0x0000000000002d70        0x4 .pio/build/adafruit_feather_m0/lib674/libfeather.a(handlers.o)
 .rodata._ZN8USB_CONN13Handler_RXSTPEv.str1.4
                0x0000000000002d74       0x2c .pio/build/adafruit_feather_m0/lib674/libfeather.a(handlers.o)
 .rodata._ZL6vendor
                0x0000000000002da0        0xd .pio/build/adafruit_feather_m0/lib674/libfeather.a(descriptors.o)
 *fill*         0x0000000000002dad        0x3 
 .rodata._ZL7product
                0x0000000000002db0        0xc .pio/build/adafruit_feather_m0/lib674/libfeather.a(descriptors.o)
 .rodata._ZL8serialno
                0x0000000000002dbc        0x5 .pio/build/adafruit_feather_m0/lib674/libfeather.a(descriptors.o)
 *(.ARM.extab* .gnu.linkonce.armextab.*)
                0x0000000000002dc4                . = ALIGN (0x4)
 *fill*         0x0000000000002dc1        0x3 
 *(.init)
 .init          0x0000000000002dc4        0x4 /Users/gregory/.platformio/packages/toolchain-gccarmnoneeabi/bin/../lib/gcc/arm-none-eabi/7.2.1/thumb/v6-m/crti.o
                0x0000000000002dc4                _init
 .init          0x0000000000002dc8        0x8 /Users/gregory/.platformio/packages/toolchain-gccarmnoneeabi/bin/../lib/gcc/arm-none-eabi/7.2.1/thumb/v6-m/crtn.o
                0x0000000000002dd0                . = ALIGN (0x4)
                0x0000000000002dd0                __preinit_array_start = .
 *(.preinit_array)
                0x0000000000002dd0                __preinit_array_end = .
                0x0000000000002dd0                . = ALIGN (0x4)
                0x0000000000002dd0                __init_array_start = .
 *(SORT_BY_NAME(.init_array.*))
 *(.init_array)
 .init_array    0x0000000000002dd0        0x4 /Users/gregory/.platformio/packages/toolchain-gccarmnoneeabi/bin/../lib/gcc/arm-none-eabi/7.2.1/thumb/v6-m/crtbegin.o
 .init_array    0x0000000000002dd4        0x4 .pio/build/adafruit_feather_m0/src/programChooser.o
 .init_array    0x0000000000002dd8        0x4 .pio/build/adafruit_feather_m0/lib674/libfeather.a(input.o)
 .init_array    0x0000000000002ddc        0x4 .pio/build/adafruit_feather_m0/lib674/libfeather.a(serial.o)
 .init_array    0x0000000000002de0        0x4 .pio/build/adafruit_feather_m0/lib674/libfeather.a(descriptors.o)
                0x0000000000002de4                __init_array_end = .
                0x0000000000002de4                . = ALIGN (0x4)
 *crtbegin.o(.ctors)
 *(EXCLUDE_FILE(*crtend.o) .ctors)
 *(SORT_BY_NAME(.ctors.*))
 *crtend.o(.ctors)
                0x0000000000002de4                . = ALIGN (0x4)
 *(.fini)
 .fini          0x0000000000002de4        0x4 /Users/gregory/.platformio/packages/toolchain-gccarmnoneeabi/bin/../lib/gcc/arm-none-eabi/7.2.1/thumb/v6-m/crti.o
                0x0000000000002de4                _fini
 .fini          0x0000000000002de8        0x8 /Users/gregory/.platformio/packages/toolchain-gccarmnoneeabi/bin/../lib/gcc/arm-none-eabi/7.2.1/thumb/v6-m/crtn.o
 .fini.__stub   0x0000000000002df0       0x20 linker stubs
                0x0000000000002e10                . = ALIGN (0x4)
                0x0000000000002e10                __fini_array_start = .
 *(.fini_array)
 .fini_array    0x0000000000002e10        0x4 /Users/gregory/.platformio/packages/toolchain-gccarmnoneeabi/bin/../lib/gcc/arm-none-eabi/7.2.1/thumb/v6-m/crtbegin.o
 *(SORT_BY_NAME(.fini_array.*))
                0x0000000000002e14                __fini_array_end = .
 *crtbegin.o(.dtors)
 *(EXCLUDE_FILE(*crtend.o) .dtors)
 *(SORT_BY_NAME(.dtors.*))
 *crtend.o(.dtors)
                0x0000000000002e14                . = ALIGN (0x4)
                0x0000000000002e14                _efixed = .
                [!provide]                        PROVIDE (__exidx_start, .)

.glue_7         0x0000000000002e14        0x0
 .glue_7        0x0000000000002e14        0x0 linker stubs

.glue_7t        0x0000000000002e14        0x0
 .glue_7t       0x0000000000002e14        0x0 linker stubs

.vfp11_veneer   0x0000000000002e14        0x0
 .vfp11_veneer  0x0000000000002e14        0x0 linker stubs

.v4_bx          0x0000000000002e14        0x0
 .v4_bx         0x0000000000002e14        0x0 linker stubs

.iplt           0x0000000000002e14        0x0
 .iplt          0x0000000000002e14        0x0 /Users/gregory/.platformio/packages/toolchain-gccarmnoneeabi/bin/../lib/gcc/arm-none-eabi/7.2.1/thumb/v6-m/crtbegin.o

.igot.plt       0x0000000000002e14        0x0
 .igot.plt      0x0000000000002e14        0x0 /Users/gregory/.platformio/packages/toolchain-gccarmnoneeabi/bin/../lib/gcc/arm-none-eabi/7.2.1/thumb/v6-m/crtbegin.o

.eh_frame       0x0000000000002e14        0x0
 .eh_frame      0x0000000000002e14        0x0 /Users/gregory/.platformio/packages/toolchain-gccarmnoneeabi/bin/../lib/gcc/arm-none-eabi/7.2.1/thumb/v6-m/crtbegin.o

.rel.dyn        0x0000000000002e14        0x0
 .rel.iplt      0x0000000000002e14        0x0 /Users/gregory/.platformio/packages/toolchain-gccarmnoneeabi/bin/../lib/gcc/arm-none-eabi/7.2.1/thumb/v6-m/crtbegin.o

.ARM.exidx
 *(.ARM.exidx* .gnu.linkonce.armexidx.*)
                [!provide]                        PROVIDE (__exidx_end, .)
                0x0000000000002e14                . = ALIGN (0x4)
                0x0000000000002e14                _etext = .

.relocate       0x00000000200000b8      0x574 load address 0x0000000000002e14
                0x00000000200000b8                . = ALIGN (0x4)
                0x00000000200000b8                _srelocate = .
 *(.ramfunc .ramfunc.*)
 *(.ramfuncBLOnly .ramfuncBLOnly.*)
 .ramfuncBLOnly
                0x00000000200000b8      0x268 .pio/build/adafruit_feather_m0/src/debug.o
                0x00000000200000b8                Debug::input(Serial_t*, char*, unsigned char)
                0x0000000020000300                Debug::updateBootloader()
 .ramfuncBLOnly.0
                0x0000000020000320        0x4 .pio/build/adafruit_feather_m0/src/debug.o
                0x0000000020000320                gotDataStr
 .ramfuncBLOnly
                0x0000000020000324       0x28 .pio/build/adafruit_feather_m0/lib674/libfeather.a(program.o)
                0x0000000020000324                Program::resetToBootloader()
 .ramfuncBLOnly
                0x000000002000034c       0x38 .pio/build/adafruit_feather_m0/lib674/libfeather.a(serial.o)
                0x000000002000034c                Serial_t::send(char const*)
 .ramfuncBLOnly
                0x0000000020000384       0x94 .pio/build/adafruit_feather_m0/lib674/libfeather.a(usb.o)
                0x0000000020000384                USB_CONN::writeAsync(char const*, unsigned long, unsigned char)
                0x00000000200003c0                USB_Handler
 .ramfuncBLOnly
                0x0000000020000418       0x74 .pio/build/adafruit_feather_m0/lib674/libfeather.a(handlers.o)
                0x0000000020000418                USB_CONN::Handler_OUT(Serial_t*)
 *fill*         0x000000002000048c        0x4 
 .ramfuncBLOnly.__stub
                0x0000000020000490       0x60 linker stubs
 *(.data .data.*)
 .data._ZN7Program5firstE
                0x00000000200004f0        0x8 .pio/build/adafruit_feather_m0/src/programChooser.o
                0x00000000200004f0                Program::first
 .data._ZN5Input7DigitalE
                0x00000000200004f8        0x4 .pio/build/adafruit_feather_m0/lib674/libfeather.a(input.o)
                0x00000000200004f8                Input::Digital
 .data.numPixels
                0x00000000200004fc        0x4 .pio/build/adafruit_feather_m0/lib674/libfeather.a(lcd.o)
                0x00000000200004fc                numPixels
 .data.SD_FILLER_BYTE
                0x0000000020000500        0x1 .pio/build/adafruit_feather_m0/lib674/libfeather.a(sd.o)
                0x0000000020000500                SD_FILLER_BYTE
 .data._sleep_idling
                0x0000000020000501        0x1 .pio/build/adafruit_feather_m0/lib674/libfeather.a(timer.o)
                0x0000000020000501                _sleep_idling
 *fill*         0x0000000020000502        0x2 
 .data._ZN8USB_CONN13devDescriptorE
                0x0000000020000504       0x12 .pio/build/adafruit_feather_m0/lib674/libfeather.a(descriptors.o)
                0x0000000020000504                USB_CONN::devDescriptor
 *fill*         0x0000000020000516        0x2 
 .data._ZN8USB_CONN7stringsE
                0x0000000020000518        0xc .pio/build/adafruit_feather_m0/lib674/libfeather.a(descriptors.o)
                0x0000000020000518                USB_CONN::strings
 .data.debug_assoc
                0x0000000020000524        0x8 .pio/build/adafruit_feather_m0/lib674/libfeather.a(descriptors.o)
                0x0000000020000524                debug_assoc
 .data.debug_comm_desc
                0x000000002000052c       0x13 .pio/build/adafruit_feather_m0/lib674/libfeather.a(descriptors.o)
                0x000000002000052c                debug_comm_desc
 *fill*         0x000000002000053f        0x1 
 .data.debug_comm_endp
                0x0000000020000540        0x7 .pio/build/adafruit_feather_m0/lib674/libfeather.a(descriptors.o)
                0x0000000020000540                debug_comm_endp
 *fill*         0x0000000020000547        0x1 
 .data.debug_comm_iface
                0x0000000020000548        0x9 .pio/build/adafruit_feather_m0/lib674/libfeather.a(descriptors.o)
                0x0000000020000548                debug_comm_iface
 *fill*         0x0000000020000551        0x3 
 .data.debug_data_iface
                0x0000000020000554        0x9 .pio/build/adafruit_feather_m0/lib674/libfeather.a(descriptors.o)
                0x0000000020000554                debug_data_iface
 *fill*         0x000000002000055d        0x3 
 .data.debug_data_in_endp
                0x0000000020000560        0x7 .pio/build/adafruit_feather_m0/lib674/libfeather.a(descriptors.o)
                0x0000000020000560                debug_data_in_endp
 *fill*         0x0000000020000567        0x1 
 .data.debug_data_out_endp
                0x0000000020000568        0x7 .pio/build/adafruit_feather_m0/lib674/libfeather.a(descriptors.o)
                0x0000000020000568                debug_data_out_endp
 *fill*         0x000000002000056f        0x1 
 .data.serial_assoc
                0x0000000020000570        0x8 .pio/build/adafruit_feather_m0/lib674/libfeather.a(descriptors.o)
                0x0000000020000570                serial_assoc
 .data.serial_comm_desc
                0x0000000020000578       0x13 .pio/build/adafruit_feather_m0/lib674/libfeather.a(descriptors.o)
                0x0000000020000578                serial_comm_desc
 *fill*         0x000000002000058b        0x1 
 .data.serial_comm_endp
                0x000000002000058c        0x7 .pio/build/adafruit_feather_m0/lib674/libfeather.a(descriptors.o)
                0x000000002000058c                serial_comm_endp
 *fill*         0x0000000020000593        0x1 
 .data.serial_comm_iface
                0x0000000020000594        0x9 .pio/build/adafruit_feather_m0/lib674/libfeather.a(descriptors.o)
                0x0000000020000594                serial_comm_iface
 *fill*         0x000000002000059d        0x3 
 .data.serial_data_iface
                0x00000000200005a0        0x9 .pio/build/adafruit_feather_m0/lib674/libfeather.a(descriptors.o)
                0x00000000200005a0                serial_data_iface
 *fill*         0x00000000200005a9        0x3 
 .data.serial_data_in_endp
                0x00000000200005ac        0x7 .pio/build/adafruit_feather_m0/lib674/libfeather.a(descriptors.o)
                0x00000000200005ac                serial_data_in_endp
 *fill*         0x00000000200005b3        0x1 
 .data.serial_data_out_endp
                0x00000000200005b4        0x7 .pio/build/adafruit_feather_m0/lib674/libfeather.a(descriptors.o)
                0x00000000200005b4                serial_data_out_endp
 *fill*         0x00000000200005bb        0x1 
 .data.usb_cfg  0x00000000200005bc        0x9 .pio/build/adafruit_feather_m0/lib674/libfeather.a(descriptors.o)
                0x00000000200005bc                usb_cfg
 *fill*         0x00000000200005c5        0x3 
 .data._impure_ptr
                0x00000000200005c8        0x4 /Users/gregory/.platformio/packages/toolchain-gccarmnoneeabi/bin/../lib/gcc/arm-none-eabi/7.2.1/../../../../arm-none-eabi/lib/thumb/v6-m/libg_nano.a(lib_a-impure.o)
                0x00000000200005c8                _impure_ptr
 .data.impure_data
                0x00000000200005cc       0x60 /Users/gregory/.platformio/packages/toolchain-gccarmnoneeabi/bin/../lib/gcc/arm-none-eabi/7.2.1/../../../../arm-none-eabi/lib/thumb/v6-m/libg_nano.a(lib_a-impure.o)
                0x000000002000062c                . = ALIGN (0x4)
                0x000000002000062c                _erelocate = .

.bss            0x0000000020000630      0x434 load address 0x0000000000003390
                0x0000000020000630                . = ALIGN (0x4)
                0x0000000020000630                _sbss = .
                0x0000000020000630                _szero = .
 *(.bss .bss.*)
 .bss           0x0000000020000630       0x1c /Users/gregory/.platformio/packages/toolchain-gccarmnoneeabi/bin/../lib/gcc/arm-none-eabi/7.2.1/thumb/v6-m/crtbegin.o
 .bss._ZN5Debug5stateE
                0x000000002000064c        0x1 .pio/build/adafruit_feather_m0/src/debug.o
                0x000000002000064c                Debug::state
 *fill*         0x000000002000064d        0x3 
 .bss._ZN5Debug6lengthE
                0x0000000020000650        0x4 .pio/build/adafruit_feather_m0/src/debug.o
                0x0000000020000650                Debug::length
 .bss._ZN5Debug7destptrE
                0x0000000020000654        0x4 .pio/build/adafruit_feather_m0/src/debug.o
                0x0000000020000654                Debug::destptr
 .bss.bootloaderUpdate
                0x0000000020000658        0x1 .pio/build/adafruit_feather_m0/src/main.o
                0x0000000020000658                bootloaderUpdate
 *fill*         0x0000000020000659        0x3 
 .bss._ZN7Program7currentE
                0x000000002000065c        0x8 .pio/build/adafruit_feather_m0/src/programChooser.o
                0x000000002000065c                Program::current
 .bss._ZN5Input6AnalogE
                0x0000000020000664        0x4 .pio/build/adafruit_feather_m0/lib674/libfeather.a(input.o)
                0x0000000020000664                Input::Analog
 .bss.SD_DMA_TRASH
                0x0000000020000668        0x1 .pio/build/adafruit_feather_m0/lib674/libfeather.a(sd.o)
                0x0000000020000668                SD_DMA_TRASH
 *fill*         0x0000000020000669        0x3 
 .bss._ZN2SD10fatAddressE
                0x000000002000066c        0x4 .pio/build/adafruit_feather_m0/lib674/libfeather.a(sd.o)
                0x000000002000066c                SD::fatAddress
 .bss._ZN2SD10volAddressE
                0x0000000020000670        0x4 .pio/build/adafruit_feather_m0/lib674/libfeather.a(sd.o)
                0x0000000020000670                SD::volAddress
 .bss._ZN2SD11rootAddressE
                0x0000000020000674        0x4 .pio/build/adafruit_feather_m0/lib674/libfeather.a(sd.o)
                0x0000000020000674                SD::rootAddress
 .bss._ZN2SD19sectors_per_clusterE
                0x0000000020000678        0x1 .pio/build/adafruit_feather_m0/lib674/libfeather.a(sd.o)
                0x0000000020000678                SD::sectors_per_cluster
 *fill*         0x0000000020000679        0x3 
 .bss.sd_data   0x000000002000067c        0x6 .pio/build/adafruit_feather_m0/lib674/libfeather.a(sd.o)
                0x000000002000067c                sd_data
 .bss.sd_dma_state
                0x0000000020000682        0x1 .pio/build/adafruit_feather_m0/lib674/libfeather.a(sd.o)
                0x0000000020000682                sd_dma_state
 *fill*         0x0000000020000683        0x1 
 .bss.sd_long_response
                0x0000000020000684        0x4 .pio/build/adafruit_feather_m0/lib674/libfeather.a(sd.o)
                0x0000000020000684                sd_long_response
 .bss.sd_response
                0x0000000020000688        0x1 .pio/build/adafruit_feather_m0/lib674/libfeather.a(sd.o)
                0x0000000020000688                sd_response
 *fill*         0x0000000020000689        0x7 
 .bss.sd_rx_descriptors
                0x0000000020000690       0x40 .pio/build/adafruit_feather_m0/lib674/libfeather.a(sd.o)
                0x0000000020000690                sd_rx_descriptors
 .bss.sd_tx_descriptors
                0x00000000200006d0       0x40 .pio/build/adafruit_feather_m0/lib674/libfeather.a(sd.o)
                0x00000000200006d0                sd_tx_descriptors
 .bss._ZN8Serial_t5debugE
                0x0000000020000710       0x10 .pio/build/adafruit_feather_m0/lib674/libfeather.a(serial.o)
                0x0000000020000710                Serial_t::debug
 .bss._ZN8Serial_t6serialE
                0x0000000020000720       0x10 .pio/build/adafruit_feather_m0/lib674/libfeather.a(serial.o)
                0x0000000020000720                Serial_t::serial
 .bss._ZN8USB_CONN15endpoint_in_bfrE
                0x0000000020000730       0xc0 .pio/build/adafruit_feather_m0/lib674/libfeather.a(usb.o)
                0x0000000020000730                USB_CONN::endpoint_in_bfr
 .bss._ZN8USB_CONN16endpoint_out_bfrE
                0x00000000200007f0       0xc0 .pio/build/adafruit_feather_m0/lib674/libfeather.a(usb.o)
                0x00000000200007f0                USB_CONN::endpoint_out_bfr
 .bss._ZN8USB_CONN20currentConfigurationE
                0x00000000200008b0        0x1 .pio/build/adafruit_feather_m0/lib674/libfeather.a(usb.o)
                0x00000000200008b0                USB_CONN::currentConfiguration
 *fill*         0x00000000200008b1        0x3 
 .bss._ZN8USB_CONN9endpointsE
                0x00000000200008b4       0x80 .pio/build/adafruit_feather_m0/lib674/libfeather.a(usb.o)
                0x00000000200008b4                USB_CONN::endpoints
 *fill*         0x0000000020000934        0xc 
 .bss.DMACFG    0x0000000020000940       0x40 .pio/build/adafruit_feather_m0/lib674/libfeather.a(dma.o)
                0x0000000020000940                DMACFG
 .bss._DMAWRB   0x0000000020000980       0x40 .pio/build/adafruit_feather_m0/lib674/libfeather.a(dma.o)
                0x0000000020000980                _DMAWRB
 .bss._ZN8USB_CONN13cfgDescriptorE
                0x00000000200009c0       0x8d .pio/build/adafruit_feather_m0/lib674/libfeather.a(descriptors.o)
                0x00000000200009c0                USB_CONN::cfgDescriptor
 *fill*         0x0000000020000a4d        0x3 
 .bss._ZN12_GLOBAL__N_113__new_handlerE
                0x0000000020000a50        0x4 /Users/gregory/.platformio/packages/toolchain-gccarmnoneeabi/bin/../lib/gcc/arm-none-eabi/7.2.1/../../../../arm-none-eabi/lib/thumb/v6-m/libstdc++_nano.a(new_handler.o)
 .bss.__malloc_free_list
                0x0000000020000a54        0x4 /Users/gregory/.platformio/packages/toolchain-gccarmnoneeabi/bin/../lib/gcc/arm-none-eabi/7.2.1/../../../../arm-none-eabi/lib/thumb/v6-m/libg_nano.a(lib_a-nano-mallocr.o)
                0x0000000020000a54                __malloc_free_list
 .bss.__malloc_sbrk_start
                0x0000000020000a58        0x4 /Users/gregory/.platformio/packages/toolchain-gccarmnoneeabi/bin/../lib/gcc/arm-none-eabi/7.2.1/../../../../arm-none-eabi/lib/thumb/v6-m/libg_nano.a(lib_a-nano-mallocr.o)
                0x0000000020000a58                __malloc_sbrk_start
 .bss.heap_end.4102
                0x0000000020000a5c        0x4 /Users/gregory/.platformio/packages/toolchain-gccarmnoneeabi/bin/../lib/gcc/arm-none-eabi/7.2.1/../../../../arm-none-eabi/lib/thumb/v6-m/libnosys.a(sbrk.o)
 *(COMMON)
 COMMON         0x0000000020000a60        0x4 /Users/gregory/.platformio/packages/toolchain-gccarmnoneeabi/bin/../lib/gcc/arm-none-eabi/7.2.1/../../../../arm-none-eabi/lib/thumb/v6-m/libg_nano.a(lib_a-reent.o)
                0x0000000020000a60                errno
                0x0000000020000a64                . = ALIGN (0x4)
                0x0000000020000a64                _ebss = .
                0x0000000020000a64                _ezero = .

.stack          0x0000000020000a64     0x2004 load address 0x00000000000037c4
                0x0000000020000a68                . = ALIGN (0x8)
 *fill*         0x0000000020000a64        0x4 
                0x0000000020000a68                _sstack = .
                0x0000000020002a68                . = (. + STACK_SIZE)
 *fill*         0x0000000020000a68     0x2000 
                0x0000000020002a68                . = ALIGN (0x8)
                0x0000000020002a68                _estack = .
                0x0000000020002a68                . = ALIGN (0x4)
                0x0000000020002a68                _end = .
                0x0000000020002a68                end = _end
LOAD .pio/build/adafruit_feather_m0/src/debug.o
LOAD .pio/build/adafruit_feather_m0/src/help.o
LOAD .pio/build/adafruit_feather_m0/src/load.o
LOAD .pio/build/adafruit_feather_m0/src/log.o
LOAD .pio/build/adafruit_feather_m0/src/main.o
LOAD .pio/build/adafruit_feather_m0/src/program.o
LOAD .pio/build/adafruit_feather_m0/src/programChooser.o
LOAD .pio/build/adafruit_feather_m0/src/turtle.o
START GROUP
LOAD .pio/build/adafruit_feather_m0/lib674/libfeather.a
END GROUP
LOAD /Users/gregory/.platformio/packages/toolchain-gccarmnoneeabi/bin/../lib/gcc/arm-none-eabi/7.2.1/../../../../arm-none-eabi/lib/thumb/v6-m/libstdc++_nano.a
LOAD /Users/gregory/.platformio/packages/toolchain-gccarmnoneeabi/bin/../lib/gcc/arm-none-eabi/7.2.1/../../../../arm-none-eabi/lib/thumb/v6-m/libm.a
START GROUP
LOAD /Users/gregory/.platformio/packages/toolchain-gccarmnoneeabi/bin/../lib/gcc/arm-none-eabi/7.2.1/thumb/v6-m/libgcc.a
LOAD /Users/gregory/.platformio/packages/toolchain-gccarmnoneeabi/bin/../lib/gcc/arm-none-eabi/7.2.1/../../../../arm-none-eabi/lib/thumb/v6-m/libg_nano.a
LOAD /Users/gregory/.platformio/packages/toolchain-gccarmnoneeabi/bin/../lib/gcc/arm-none-eabi/7.2.1/../../../../arm-none-eabi/lib/thumb/v6-m/libc_nano.a
END GROUP
START GROUP
LOAD /Users/gregory/.platformio/packages/toolchain-gccarmnoneeabi/bin/../lib/gcc/arm-none-eabi/7.2.1/thumb/v6-m/libgcc.a
LOAD /Users/gregory/.platformio/packages/toolchain-gccarmnoneeabi/bin/../lib/gcc/arm-none-eabi/7.2.1/../../../../arm-none-eabi/lib/thumb/v6-m/libc_nano.a
LOAD /Users/gregory/.platformio/packages/toolchain-gccarmnoneeabi/bin/../lib/gcc/arm-none-eabi/7.2.1/../../../../arm-none-eabi/lib/thumb/v6-m/libnosys.a
END GROUP
START GROUP
LOAD /Users/gregory/.platformio/packages/toolchain-gccarmnoneeabi/bin/../lib/gcc/arm-none-eabi/7.2.1/thumb/v6-m/libgcc.a
LOAD /Users/gregory/.platformio/packages/toolchain-gccarmnoneeabi/bin/../lib/gcc/arm-none-eabi/7.2.1/../../../../arm-none-eabi/lib/thumb/v6-m/libc_nano.a
LOAD /Users/gregory/.platformio/packages/toolchain-gccarmnoneeabi/bin/../lib/gcc/arm-none-eabi/7.2.1/../../../../arm-none-eabi/lib/thumb/v6-m/libnosys.a
END GROUP
LOAD /Users/gregory/.platformio/packages/toolchain-gccarmnoneeabi/bin/../lib/gcc/arm-none-eabi/7.2.1/thumb/v6-m/crtend.o
LOAD /Users/gregory/.platformio/packages/toolchain-gccarmnoneeabi/bin/../lib/gcc/arm-none-eabi/7.2.1/thumb/v6-m/crtn.o
OUTPUT(.pio/build/adafruit_feather_m0/firmware.elf elf32-littlearm)

.ARM.attributes
                0x0000000000000000       0x28
 .ARM.attributes
                0x0000000000000000       0x1e /Users/gregory/.platformio/packages/toolchain-gccarmnoneeabi/bin/../lib/gcc/arm-none-eabi/7.2.1/thumb/v6-m/crti.o
 .ARM.attributes
                0x000000000000001e       0x2c /Users/gregory/.platformio/packages/toolchain-gccarmnoneeabi/bin/../lib/gcc/arm-none-eabi/7.2.1/thumb/v6-m/crtbegin.o
 .ARM.attributes
                0x000000000000004a       0x32 .pio/build/adafruit_feather_m0/src/debug.o
 .ARM.attributes
                0x000000000000007c       0x32 .pio/build/adafruit_feather_m0/src/help.o
 .ARM.attributes
                0x00000000000000ae       0x32 .pio/build/adafruit_feather_m0/src/main.o
 .ARM.attributes
                0x00000000000000e0       0x32 .pio/build/adafruit_feather_m0/src/program.o
 .ARM.attributes
                0x0000000000000112       0x32 .pio/build/adafruit_feather_m0/src/programChooser.o
 .ARM.attributes
                0x0000000000000144       0x32 .pio/build/adafruit_feather_m0/src/turtle.o
 .ARM.attributes
                0x0000000000000176       0x32 .pio/build/adafruit_feather_m0/lib674/libfeather.a(font.o)
 .ARM.attributes
                0x00000000000001a8       0x32 .pio/build/adafruit_feather_m0/lib674/libfeather.a(image.o)
 .ARM.attributes
                0x00000000000001da       0x32 .pio/build/adafruit_feather_m0/lib674/libfeather.a(init.o)
 .ARM.attributes
                0x000000000000020c       0x32 .pio/build/adafruit_feather_m0/lib674/libfeather.a(input.o)
 .ARM.attributes
                0x000000000000023e       0x32 .pio/build/adafruit_feather_m0/lib674/libfeather.a(lcd.o)
 .ARM.attributes
                0x0000000000000270       0x32 .pio/build/adafruit_feather_m0/lib674/libfeather.a(program.o)
 .ARM.attributes
                0x00000000000002a2       0x32 .pio/build/adafruit_feather_m0/lib674/libfeather.a(sd.o)
 .ARM.attributes
                0x00000000000002d4       0x32 .pio/build/adafruit_feather_m0/lib674/libfeather.a(serial.o)
 .ARM.attributes
                0x0000000000000306       0x32 .pio/build/adafruit_feather_m0/lib674/libfeather.a(startup.o)
 .ARM.attributes
                0x0000000000000338       0x32 .pio/build/adafruit_feather_m0/lib674/libfeather.a(text.o)
 .ARM.attributes
                0x000000000000036a       0x32 .pio/build/adafruit_feather_m0/lib674/libfeather.a(timer.o)
 .ARM.attributes
                0x000000000000039c       0x32 .pio/build/adafruit_feather_m0/lib674/libfeather.a(usb.o)
 .ARM.attributes
                0x00000000000003ce       0x32 .pio/build/adafruit_feather_m0/lib674/libfeather.a(dma.o)
 .ARM.attributes
                0x0000000000000400       0x32 .pio/build/adafruit_feather_m0/lib674/libfeather.a(error.o)
 .ARM.attributes
                0x0000000000000432       0x32 .pio/build/adafruit_feather_m0/lib674/libfeather.a(handlers.o)
 .ARM.attributes
                0x0000000000000464       0x32 .pio/build/adafruit_feather_m0/lib674/libfeather.a(descriptors.o)
 .ARM.attributes
                0x0000000000000496       0x2c /Users/gregory/.platformio/packages/toolchain-gccarmnoneeabi/bin/../lib/gcc/arm-none-eabi/7.2.1/../../../../arm-none-eabi/lib/thumb/v6-m/libstdc++_nano.a(new_op.o)
 .ARM.attributes
                0x00000000000004c2       0x2c /Users/gregory/.platformio/packages/toolchain-gccarmnoneeabi/bin/../lib/gcc/arm-none-eabi/7.2.1/../../../../arm-none-eabi/lib/thumb/v6-m/libstdc++_nano.a(new_handler.o)
 .ARM.attributes
                0x00000000000004ee       0x2c /Users/gregory/.platformio/packages/toolchain-gccarmnoneeabi/bin/../lib/gcc/arm-none-eabi/7.2.1/../../../../arm-none-eabi/lib/thumb/v6-m/libg_nano.a(lib_a-abort.o)
 .ARM.attributes
                0x000000000000051a       0x2c /Users/gregory/.platformio/packages/toolchain-gccarmnoneeabi/bin/../lib/gcc/arm-none-eabi/7.2.1/../../../../arm-none-eabi/lib/thumb/v6-m/libg_nano.a(lib_a-impure.o)
 .ARM.attributes
                0x0000000000000546       0x2c /Users/gregory/.platformio/packages/toolchain-gccarmnoneeabi/bin/../lib/gcc/arm-none-eabi/7.2.1/../../../../arm-none-eabi/lib/thumb/v6-m/libg_nano.a(lib_a-init.o)
 .ARM.attributes
                0x0000000000000572       0x2c /Users/gregory/.platformio/packages/toolchain-gccarmnoneeabi/bin/../lib/gcc/arm-none-eabi/7.2.1/../../../../arm-none-eabi/lib/thumb/v6-m/libg_nano.a(lib_a-malloc.o)
 .ARM.attributes
                0x000000000000059e       0x2c /Users/gregory/.platformio/packages/toolchain-gccarmnoneeabi/bin/../lib/gcc/arm-none-eabi/7.2.1/../../../../arm-none-eabi/lib/thumb/v6-m/libg_nano.a(lib_a-memcpy-stub.o)
 .ARM.attributes
                0x00000000000005ca       0x2c /Users/gregory/.platformio/packages/toolchain-gccarmnoneeabi/bin/../lib/gcc/arm-none-eabi/7.2.1/../../../../arm-none-eabi/lib/thumb/v6-m/libg_nano.a(lib_a-memset.o)
 .ARM.attributes
                0x00000000000005f6       0x2c /Users/gregory/.platformio/packages/toolchain-gccarmnoneeabi/bin/../lib/gcc/arm-none-eabi/7.2.1/../../../../arm-none-eabi/lib/thumb/v6-m/libg_nano.a(lib_a-nano-mallocr.o)
 .ARM.attributes
                0x0000000000000622       0x2c /Users/gregory/.platformio/packages/toolchain-gccarmnoneeabi/bin/../lib/gcc/arm-none-eabi/7.2.1/../../../../arm-none-eabi/lib/thumb/v6-m/libg_nano.a(lib_a-sbrkr.o)
 .ARM.attributes
                0x000000000000064e       0x2c /Users/gregory/.platformio/packages/toolchain-gccarmnoneeabi/bin/../lib/gcc/arm-none-eabi/7.2.1/../../../../arm-none-eabi/lib/thumb/v6-m/libg_nano.a(lib_a-signal.o)
 .ARM.attributes
                0x000000000000067a       0x2c /Users/gregory/.platformio/packages/toolchain-gccarmnoneeabi/bin/../lib/gcc/arm-none-eabi/7.2.1/../../../../arm-none-eabi/lib/thumb/v6-m/libg_nano.a(lib_a-signalr.o)
 .ARM.attributes
                0x00000000000006a6       0x2c /Users/gregory/.platformio/packages/toolchain-gccarmnoneeabi/bin/../lib/gcc/arm-none-eabi/7.2.1/../../../../arm-none-eabi/lib/thumb/v6-m/libg_nano.a(lib_a-mlock.o)
 .ARM.attributes
                0x00000000000006d2       0x2c /Users/gregory/.platformio/packages/toolchain-gccarmnoneeabi/bin/../lib/gcc/arm-none-eabi/7.2.1/../../../../arm-none-eabi/lib/thumb/v6-m/libg_nano.a(lib_a-reent.o)
 .ARM.attributes
                0x00000000000006fe       0x2c /Users/gregory/.platformio/packages/toolchain-gccarmnoneeabi/bin/../lib/gcc/arm-none-eabi/7.2.1/../../../../arm-none-eabi/lib/thumb/v6-m/libnosys.a(getpid.o)
 .ARM.attributes
                0x000000000000072a       0x2c /Users/gregory/.platformio/packages/toolchain-gccarmnoneeabi/bin/../lib/gcc/arm-none-eabi/7.2.1/../../../../arm-none-eabi/lib/thumb/v6-m/libnosys.a(kill.o)
 .ARM.attributes
                0x0000000000000756       0x2c /Users/gregory/.platformio/packages/toolchain-gccarmnoneeabi/bin/../lib/gcc/arm-none-eabi/7.2.1/../../../../arm-none-eabi/lib/thumb/v6-m/libnosys.a(sbrk.o)
 .ARM.attributes
                0x0000000000000782       0x2c /Users/gregory/.platformio/packages/toolchain-gccarmnoneeabi/bin/../lib/gcc/arm-none-eabi/7.2.1/../../../../arm-none-eabi/lib/thumb/v6-m/libnosys.a(_exit.o)
 .ARM.attributes
                0x00000000000007ae       0x1e /Users/gregory/.platformio/packages/toolchain-gccarmnoneeabi/bin/../lib/gcc/arm-none-eabi/7.2.1/thumb/v6-m/crtn.o

.comment        0x0000000000000000       0x7e
 .comment       0x0000000000000000       0x7e .pio/build/adafruit_feather_m0/src/debug.o
                                         0x7f (size before relaxing)
 .comment       0x000000000000007e       0x7f .pio/build/adafruit_feather_m0/src/help.o
 .comment       0x000000000000007e       0x7f .pio/build/adafruit_feather_m0/src/main.o
 .comment       0x000000000000007e       0x7f .pio/build/adafruit_feather_m0/src/program.o
 .comment       0x000000000000007e       0x7f .pio/build/adafruit_feather_m0/src/programChooser.o
 .comment       0x000000000000007e       0x7f .pio/build/adafruit_feather_m0/src/turtle.o
 .comment       0x000000000000007e       0x7f .pio/build/adafruit_feather_m0/lib674/libfeather.a(font.o)
 .comment       0x000000000000007e       0x7f .pio/build/adafruit_feather_m0/lib674/libfeather.a(image.o)
 .comment       0x000000000000007e       0x7f .pio/build/adafruit_feather_m0/lib674/libfeather.a(init.o)
 .comment       0x000000000000007e       0x7f .pio/build/adafruit_feather_m0/lib674/libfeather.a(input.o)
 .comment       0x000000000000007e       0x7f .pio/build/adafruit_feather_m0/lib674/libfeather.a(lcd.o)
 .comment       0x000000000000007e       0x7f .pio/build/adafruit_feather_m0/lib674/libfeather.a(program.o)
 .comment       0x000000000000007e       0x7f .pio/build/adafruit_feather_m0/lib674/libfeather.a(sd.o)
 .comment       0x000000000000007e       0x7f .pio/build/adafruit_feather_m0/lib674/libfeather.a(serial.o)
 .comment       0x000000000000007e       0x7f .pio/build/adafruit_feather_m0/lib674/libfeather.a(startup.o)
 .comment       0x000000000000007e       0x7f .pio/build/adafruit_feather_m0/lib674/libfeather.a(text.o)
 .comment       0x000000000000007e       0x7f .pio/build/adafruit_feather_m0/lib674/libfeather.a(timer.o)
 .comment       0x000000000000007e       0x7f .pio/build/adafruit_feather_m0/lib674/libfeather.a(usb.o)
 .comment       0x000000000000007e       0x7f .pio/build/adafruit_feather_m0/lib674/libfeather.a(dma.o)
 .comment       0x000000000000007e       0x7f .pio/build/adafruit_feather_m0/lib674/libfeather.a(error.o)
 .comment       0x000000000000007e       0x7f .pio/build/adafruit_feather_m0/lib674/libfeather.a(handlers.o)
 .comment       0x000000000000007e       0x7f .pio/build/adafruit_feather_m0/lib674/libfeather.a(descriptors.o)

.debug_info     0x0000000000000000    0x29b08
 .debug_info    0x0000000000000000     0x3358 .pio/build/adafruit_feather_m0/src/debug.o
 .debug_info    0x0000000000003358      0x47d .pio/build/adafruit_feather_m0/src/help.o
 .debug_info    0x00000000000037d5     0x1270 .pio/build/adafruit_feather_m0/src/main.o
 .debug_info    0x0000000000004a45      0x5d5 .pio/build/adafruit_feather_m0/src/program.o
 .debug_info    0x000000000000501a      0x7fe .pio/build/adafruit_feather_m0/src/programChooser.o
 .debug_info    0x0000000000005818       0x58 .pio/build/adafruit_feather_m0/src/turtle.o
 .debug_info    0x0000000000005870       0x8a .pio/build/adafruit_feather_m0/lib674/libfeather.a(font.o)
 .debug_info    0x00000000000058fa     0x288b .pio/build/adafruit_feather_m0/lib674/libfeather.a(image.o)
 .debug_info    0x0000000000008185     0x33e6 .pio/build/adafruit_feather_m0/lib674/libfeather.a(init.o)
 .debug_info    0x000000000000b56b     0x35d4 .pio/build/adafruit_feather_m0/lib674/libfeather.a(input.o)
 .debug_info    0x000000000000eb3f     0x2c71 .pio/build/adafruit_feather_m0/lib674/libfeather.a(lcd.o)
 .debug_info    0x00000000000117b0      0x2e1 .pio/build/adafruit_feather_m0/lib674/libfeather.a(program.o)
 .debug_info    0x0000000000011a91     0x4303 .pio/build/adafruit_feather_m0/lib674/libfeather.a(sd.o)
 .debug_info    0x0000000000015d94     0x2b83 .pio/build/adafruit_feather_m0/lib674/libfeather.a(serial.o)
 .debug_info    0x0000000000018917     0x3647 .pio/build/adafruit_feather_m0/lib674/libfeather.a(startup.o)
 .debug_info    0x000000000001bf5e     0x2cb8 .pio/build/adafruit_feather_m0/lib674/libfeather.a(text.o)
 .debug_info    0x000000000001ec16     0x1721 .pio/build/adafruit_feather_m0/lib674/libfeather.a(timer.o)
 .debug_info    0x0000000000020337     0x3c24 .pio/build/adafruit_feather_m0/lib674/libfeather.a(usb.o)
 .debug_info    0x0000000000023f5b     0x1609 .pio/build/adafruit_feather_m0/lib674/libfeather.a(dma.o)
 .debug_info    0x0000000000025564      0x5e4 .pio/build/adafruit_feather_m0/lib674/libfeather.a(error.o)
 .debug_info    0x0000000000025b48     0x31ff .pio/build/adafruit_feather_m0/lib674/libfeather.a(handlers.o)
 .debug_info    0x0000000000028d47      0xdc1 .pio/build/adafruit_feather_m0/lib674/libfeather.a(descriptors.o)

.debug_abbrev   0x0000000000000000     0x41ac
 .debug_abbrev  0x0000000000000000      0x4d1 .pio/build/adafruit_feather_m0/src/debug.o
 .debug_abbrev  0x00000000000004d1      0x201 .pio/build/adafruit_feather_m0/src/help.o
 .debug_abbrev  0x00000000000006d2      0x394 .pio/build/adafruit_feather_m0/src/main.o
 .debug_abbrev  0x0000000000000a66      0x2bb .pio/build/adafruit_feather_m0/src/program.o
 .debug_abbrev  0x0000000000000d21      0x30f .pio/build/adafruit_feather_m0/src/programChooser.o
 .debug_abbrev  0x0000000000001030       0x45 .pio/build/adafruit_feather_m0/src/turtle.o
 .debug_abbrev  0x0000000000001075       0x4e .pio/build/adafruit_feather_m0/lib674/libfeather.a(font.o)
 .debug_abbrev  0x00000000000010c3      0x30b .pio/build/adafruit_feather_m0/lib674/libfeather.a(image.o)
 .debug_abbrev  0x00000000000013ce      0x31f .pio/build/adafruit_feather_m0/lib674/libfeather.a(init.o)
 .debug_abbrev  0x00000000000016ed      0x445 .pio/build/adafruit_feather_m0/lib674/libfeather.a(input.o)
 .debug_abbrev  0x0000000000001b32      0x35c .pio/build/adafruit_feather_m0/lib674/libfeather.a(lcd.o)
 .debug_abbrev  0x0000000000001e8e      0x1a2 .pio/build/adafruit_feather_m0/lib674/libfeather.a(program.o)
 .debug_abbrev  0x0000000000002030      0x4fc .pio/build/adafruit_feather_m0/lib674/libfeather.a(sd.o)
 .debug_abbrev  0x000000000000252c      0x466 .pio/build/adafruit_feather_m0/lib674/libfeather.a(serial.o)
 .debug_abbrev  0x0000000000002992      0x27d .pio/build/adafruit_feather_m0/lib674/libfeather.a(startup.o)
 .debug_abbrev  0x0000000000002c0f      0x346 .pio/build/adafruit_feather_m0/lib674/libfeather.a(text.o)
 .debug_abbrev  0x0000000000002f55      0x35b .pio/build/adafruit_feather_m0/lib674/libfeather.a(timer.o)
 .debug_abbrev  0x00000000000032b0      0x3a9 .pio/build/adafruit_feather_m0/lib674/libfeather.a(usb.o)
 .debug_abbrev  0x0000000000003659      0x2a7 .pio/build/adafruit_feather_m0/lib674/libfeather.a(dma.o)
 .debug_abbrev  0x0000000000003900      0x246 .pio/build/adafruit_feather_m0/lib674/libfeather.a(error.o)
 .debug_abbrev  0x0000000000003b46      0x45a .pio/build/adafruit_feather_m0/lib674/libfeather.a(handlers.o)
 .debug_abbrev  0x0000000000003fa0      0x20c .pio/build/adafruit_feather_m0/lib674/libfeather.a(descriptors.o)

.debug_loc      0x0000000000000000     0x1a27
 .debug_loc     0x0000000000000000      0x32e .pio/build/adafruit_feather_m0/src/debug.o
 .debug_loc     0x000000000000032e      0x175 .pio/build/adafruit_feather_m0/src/main.o
 .debug_loc     0x00000000000004a3       0x3d .pio/build/adafruit_feather_m0/src/program.o
 .debug_loc     0x00000000000004e0      0x145 .pio/build/adafruit_feather_m0/src/programChooser.o
 .debug_loc     0x0000000000000625      0x180 .pio/build/adafruit_feather_m0/lib674/libfeather.a(image.o)
 .debug_loc     0x00000000000007a5       0x81 .pio/build/adafruit_feather_m0/lib674/libfeather.a(input.o)
 .debug_loc     0x0000000000000826      0x101 .pio/build/adafruit_feather_m0/lib674/libfeather.a(lcd.o)
 .debug_loc     0x0000000000000927      0x2c3 .pio/build/adafruit_feather_m0/lib674/libfeather.a(sd.o)
 .debug_loc     0x0000000000000bea      0x330 .pio/build/adafruit_feather_m0/lib674/libfeather.a(serial.o)
 .debug_loc     0x0000000000000f1a       0x88 .pio/build/adafruit_feather_m0/lib674/libfeather.a(startup.o)
 .debug_loc     0x0000000000000fa2      0x6e3 .pio/build/adafruit_feather_m0/lib674/libfeather.a(text.o)
 .debug_loc     0x0000000000001685       0x14 .pio/build/adafruit_feather_m0/lib674/libfeather.a(timer.o)
 .debug_loc     0x0000000000001699      0x1fd .pio/build/adafruit_feather_m0/lib674/libfeather.a(usb.o)
 .debug_loc     0x0000000000001896       0xa5 .pio/build/adafruit_feather_m0/lib674/libfeather.a(error.o)
 .debug_loc     0x000000000000193b       0x78 .pio/build/adafruit_feather_m0/lib674/libfeather.a(handlers.o)
 .debug_loc     0x00000000000019b3       0x74 .pio/build/adafruit_feather_m0/lib674/libfeather.a(descriptors.o)

.debug_aranges  0x0000000000000000      0x430
 .debug_aranges
                0x0000000000000000       0x28 .pio/build/adafruit_feather_m0/src/debug.o
 .debug_aranges
                0x0000000000000028       0x20 .pio/build/adafruit_feather_m0/src/help.o
 .debug_aranges
                0x0000000000000048       0x30 .pio/build/adafruit_feather_m0/src/main.o
 .debug_aranges
                0x0000000000000078       0x28 .pio/build/adafruit_feather_m0/src/program.o
 .debug_aranges
                0x00000000000000a0       0x38 .pio/build/adafruit_feather_m0/src/programChooser.o
 .debug_aranges
                0x00000000000000d8       0x18 .pio/build/adafruit_feather_m0/src/turtle.o
 .debug_aranges
                0x00000000000000f0       0x18 .pio/build/adafruit_feather_m0/lib674/libfeather.a(font.o)
 .debug_aranges
                0x0000000000000108       0x20 .pio/build/adafruit_feather_m0/lib674/libfeather.a(image.o)
 .debug_aranges
                0x0000000000000128       0x20 .pio/build/adafruit_feather_m0/lib674/libfeather.a(init.o)
 .debug_aranges
                0x0000000000000148       0x30 .pio/build/adafruit_feather_m0/lib674/libfeather.a(input.o)
 .debug_aranges
                0x0000000000000178       0x40 .pio/build/adafruit_feather_m0/lib674/libfeather.a(lcd.o)
 .debug_aranges
                0x00000000000001b8       0x28 .pio/build/adafruit_feather_m0/lib674/libfeather.a(program.o)
 .debug_aranges
                0x00000000000001e0       0x50 .pio/build/adafruit_feather_m0/lib674/libfeather.a(sd.o)
 .debug_aranges
                0x0000000000000230       0x60 .pio/build/adafruit_feather_m0/lib674/libfeather.a(serial.o)
 .debug_aranges
                0x0000000000000290       0x30 .pio/build/adafruit_feather_m0/lib674/libfeather.a(startup.o)
 .debug_aranges
                0x00000000000002c0       0x40 .pio/build/adafruit_feather_m0/lib674/libfeather.a(text.o)
 .debug_aranges
                0x0000000000000300       0x30 .pio/build/adafruit_feather_m0/lib674/libfeather.a(timer.o)
 .debug_aranges
                0x0000000000000330       0x60 .pio/build/adafruit_feather_m0/lib674/libfeather.a(usb.o)
 .debug_aranges
                0x0000000000000390       0x20 .pio/build/adafruit_feather_m0/lib674/libfeather.a(dma.o)
 .debug_aranges
                0x00000000000003b0       0x28 .pio/build/adafruit_feather_m0/lib674/libfeather.a(error.o)
 .debug_aranges
                0x00000000000003d8       0x30 .pio/build/adafruit_feather_m0/lib674/libfeather.a(handlers.o)
 .debug_aranges
                0x0000000000000408       0x28 .pio/build/adafruit_feather_m0/lib674/libfeather.a(descriptors.o)

.debug_ranges   0x0000000000000000      0x350
 .debug_ranges  0x0000000000000000       0x30 .pio/build/adafruit_feather_m0/src/debug.o
 .debug_ranges  0x0000000000000030       0x10 .pio/build/adafruit_feather_m0/src/help.o
 .debug_ranges  0x0000000000000040       0x20 .pio/build/adafruit_feather_m0/src/main.o
 .debug_ranges  0x0000000000000060       0x18 .pio/build/adafruit_feather_m0/src/program.o
 .debug_ranges  0x0000000000000078       0x28 .pio/build/adafruit_feather_m0/src/programChooser.o
 .debug_ranges  0x00000000000000a0       0x10 .pio/build/adafruit_feather_m0/lib674/libfeather.a(image.o)
 .debug_ranges  0x00000000000000b0       0x10 .pio/build/adafruit_feather_m0/lib674/libfeather.a(init.o)
 .debug_ranges  0x00000000000000c0       0x20 .pio/build/adafruit_feather_m0/lib674/libfeather.a(input.o)
 .debug_ranges  0x00000000000000e0       0x30 .pio/build/adafruit_feather_m0/lib674/libfeather.a(lcd.o)
 .debug_ranges  0x0000000000000110       0x18 .pio/build/adafruit_feather_m0/lib674/libfeather.a(program.o)
 .debug_ranges  0x0000000000000128       0x40 .pio/build/adafruit_feather_m0/lib674/libfeather.a(sd.o)
 .debug_ranges  0x0000000000000168       0x50 .pio/build/adafruit_feather_m0/lib674/libfeather.a(serial.o)
 .debug_ranges  0x00000000000001b8       0x20 .pio/build/adafruit_feather_m0/lib674/libfeather.a(startup.o)
 .debug_ranges  0x00000000000001d8       0xa8 .pio/build/adafruit_feather_m0/lib674/libfeather.a(text.o)
 .debug_ranges  0x0000000000000280       0x20 .pio/build/adafruit_feather_m0/lib674/libfeather.a(timer.o)
 .debug_ranges  0x00000000000002a0       0x50 .pio/build/adafruit_feather_m0/lib674/libfeather.a(usb.o)
 .debug_ranges  0x00000000000002f0       0x10 .pio/build/adafruit_feather_m0/lib674/libfeather.a(dma.o)
 .debug_ranges  0x0000000000000300       0x18 .pio/build/adafruit_feather_m0/lib674/libfeather.a(error.o)
 .debug_ranges  0x0000000000000318       0x20 .pio/build/adafruit_feather_m0/lib674/libfeather.a(handlers.o)
 .debug_ranges  0x0000000000000338       0x18 .pio/build/adafruit_feather_m0/lib674/libfeather.a(descriptors.o)

.debug_line     0x0000000000000000     0x4eb5
 .debug_line    0x0000000000000000      0x4b0 .pio/build/adafruit_feather_m0/src/debug.o
 .debug_line    0x00000000000004b0      0x2c6 .pio/build/adafruit_feather_m0/src/help.o
 .debug_line    0x0000000000000776      0x4cf .pio/build/adafruit_feather_m0/src/main.o
 .debug_line    0x0000000000000c45      0x40a .pio/build/adafruit_feather_m0/src/program.o
 .debug_line    0x000000000000104f      0x3de .pio/build/adafruit_feather_m0/src/programChooser.o
 .debug_line    0x000000000000142d       0x3e .pio/build/adafruit_feather_m0/src/turtle.o
 .debug_line    0x000000000000146b       0x35 .pio/build/adafruit_feather_m0/lib674/libfeather.a(font.o)
 .debug_line    0x00000000000014a0      0x3d8 .pio/build/adafruit_feather_m0/lib674/libfeather.a(image.o)
 .debug_line    0x0000000000001878      0x48e .pio/build/adafruit_feather_m0/lib674/libfeather.a(init.o)
 .debug_line    0x0000000000001d06      0x49b .pio/build/adafruit_feather_m0/lib674/libfeather.a(input.o)
 .debug_line    0x00000000000021a1      0x4af .pio/build/adafruit_feather_m0/lib674/libfeather.a(lcd.o)
 .debug_line    0x0000000000002650      0x3c0 .pio/build/adafruit_feather_m0/lib674/libfeather.a(program.o)
 .debug_line    0x0000000000002a10      0x635 .pio/build/adafruit_feather_m0/lib674/libfeather.a(sd.o)
 .debug_line    0x0000000000003045      0x34e .pio/build/adafruit_feather_m0/lib674/libfeather.a(serial.o)
 .debug_line    0x0000000000003393      0x2ba .pio/build/adafruit_feather_m0/lib674/libfeather.a(startup.o)
 .debug_line    0x000000000000364d      0x4fa .pio/build/adafruit_feather_m0/lib674/libfeather.a(text.o)
 .debug_line    0x0000000000003b47      0x437 .pio/build/adafruit_feather_m0/lib674/libfeather.a(timer.o)
 .debug_line    0x0000000000003f7e      0x38a .pio/build/adafruit_feather_m0/lib674/libfeather.a(usb.o)
 .debug_line    0x0000000000004308      0x38f .pio/build/adafruit_feather_m0/lib674/libfeather.a(dma.o)
 .debug_line    0x0000000000004697      0x2ca .pio/build/adafruit_feather_m0/lib674/libfeather.a(error.o)
 .debug_line    0x0000000000004961      0x2f0 .pio/build/adafruit_feather_m0/lib674/libfeather.a(handlers.o)
 .debug_line    0x0000000000004c51      0x264 .pio/build/adafruit_feather_m0/lib674/libfeather.a(descriptors.o)

.debug_str      0x0000000000000000     0x4cd1
 .debug_str     0x0000000000000000     0x17c8 .pio/build/adafruit_feather_m0/src/debug.o
                                       0x1e3a (size before relaxing)
 .debug_str     0x00000000000017c8       0x6c .pio/build/adafruit_feather_m0/src/help.o
                                        0x4be (size before relaxing)
 .debug_str     0x0000000000001834      0x2cf .pio/build/adafruit_feather_m0/src/main.o
                                       0x11c0 (size before relaxing)
 .debug_str     0x0000000000001b03       0xa0 .pio/build/adafruit_feather_m0/src/program.o
                                        0x5b0 (size before relaxing)
 .debug_str     0x0000000000001ba3      0x230 .pio/build/adafruit_feather_m0/src/programChooser.o
                                        0x771 (size before relaxing)
 .debug_str     0x0000000000001dd3       0x1e .pio/build/adafruit_feather_m0/src/turtle.o
                                        0x15e (size before relaxing)
 .debug_str     0x0000000000001df1       0x15 .pio/build/adafruit_feather_m0/lib674/libfeather.a(font.o)
                                        0x17e (size before relaxing)
 .debug_str     0x0000000000001e06      0x8ef .pio/build/adafruit_feather_m0/lib674/libfeather.a(image.o)
                                       0x139d (size before relaxing)
 .debug_str     0x00000000000026f5      0x754 .pio/build/adafruit_feather_m0/lib674/libfeather.a(init.o)
                                       0x1e56 (size before relaxing)
 .debug_str     0x0000000000002e49      0xd0d .pio/build/adafruit_feather_m0/lib674/libfeather.a(input.o)
                                       0x1a82 (size before relaxing)
 .debug_str     0x0000000000003b56       0xbb .pio/build/adafruit_feather_m0/lib674/libfeather.a(lcd.o)
                                       0x1582 (size before relaxing)
 .debug_str     0x0000000000003c11       0x6c .pio/build/adafruit_feather_m0/lib674/libfeather.a(program.o)
                                        0x3af (size before relaxing)
 .debug_str     0x0000000000003c7d      0x578 .pio/build/adafruit_feather_m0/lib674/libfeather.a(sd.o)
                                       0x2213 (size before relaxing)
 .debug_str     0x00000000000041f5       0xbc .pio/build/adafruit_feather_m0/lib674/libfeather.a(serial.o)
                                       0x1987 (size before relaxing)
 .debug_str     0x00000000000042b1      0x1db .pio/build/adafruit_feather_m0/lib674/libfeather.a(startup.o)
                                       0x139e (size before relaxing)
 .debug_str     0x000000000000448c       0x65 .pio/build/adafruit_feather_m0/lib674/libfeather.a(text.o)
                                       0x1410 (size before relaxing)
 .debug_str     0x00000000000044f1      0x25c .pio/build/adafruit_feather_m0/lib674/libfeather.a(timer.o)
                                        0xd26 (size before relaxing)
 .debug_str     0x000000000000474d      0x1ea .pio/build/adafruit_feather_m0/lib674/libfeather.a(usb.o)
                                       0x2206 (size before relaxing)
 .debug_str     0x0000000000004937       0x40 .pio/build/adafruit_feather_m0/lib674/libfeather.a(dma.o)
                                        0xd7a (size before relaxing)
 .debug_str     0x0000000000004977       0x30 .pio/build/adafruit_feather_m0/lib674/libfeather.a(error.o)
                                        0x4cc (size before relaxing)
 .debug_str     0x00000000000049a7      0x239 .pio/build/adafruit_feather_m0/lib674/libfeather.a(handlers.o)
                                       0x1ee1 (size before relaxing)
 .debug_str     0x0000000000004be0       0xf1 .pio/build/adafruit_feather_m0/lib674/libfeather.a(descriptors.o)
                                        0xcff (size before relaxing)

.debug_frame    0x0000000000000000      0xb90
 .debug_frame   0x0000000000000000       0x48 .pio/build/adafruit_feather_m0/src/debug.o
 .debug_frame   0x0000000000000048       0x2c .pio/build/adafruit_feather_m0/src/help.o
 .debug_frame   0x0000000000000074       0x64 .pio/build/adafruit_feather_m0/src/main.o
 .debug_frame   0x00000000000000d8       0x44 .pio/build/adafruit_feather_m0/src/program.o
 .debug_frame   0x000000000000011c       0x68 .pio/build/adafruit_feather_m0/src/programChooser.o
 .debug_frame   0x0000000000000184       0x38 .pio/build/adafruit_feather_m0/lib674/libfeather.a(image.o)
 .debug_frame   0x00000000000001bc       0x28 .pio/build/adafruit_feather_m0/lib674/libfeather.a(init.o)
 .debug_frame   0x00000000000001e4       0x50 .pio/build/adafruit_feather_m0/lib674/libfeather.a(input.o)
 .debug_frame   0x0000000000000234       0x84 .pio/build/adafruit_feather_m0/lib674/libfeather.a(lcd.o)
 .debug_frame   0x00000000000002b8       0x30 .pio/build/adafruit_feather_m0/lib674/libfeather.a(program.o)
 .debug_frame   0x00000000000002e8       0xcc .pio/build/adafruit_feather_m0/lib674/libfeather.a(sd.o)
 .debug_frame   0x00000000000003b4       0xcc .pio/build/adafruit_feather_m0/lib674/libfeather.a(serial.o)
 .debug_frame   0x0000000000000480       0x58 .pio/build/adafruit_feather_m0/lib674/libfeather.a(startup.o)
 .debug_frame   0x00000000000004d8       0xcc .pio/build/adafruit_feather_m0/lib674/libfeather.a(text.o)
 .debug_frame   0x00000000000005a4       0x40 .pio/build/adafruit_feather_m0/lib674/libfeather.a(timer.o)
 .debug_frame   0x00000000000005e4       0xe8 .pio/build/adafruit_feather_m0/lib674/libfeather.a(usb.o)
 .debug_frame   0x00000000000006cc       0x20 .pio/build/adafruit_feather_m0/lib674/libfeather.a(dma.o)
 .debug_frame   0x00000000000006ec       0x50 .pio/build/adafruit_feather_m0/lib674/libfeather.a(error.o)
 .debug_frame   0x000000000000073c       0x64 .pio/build/adafruit_feather_m0/lib674/libfeather.a(handlers.o)
 .debug_frame   0x00000000000007a0       0x48 .pio/build/adafruit_feather_m0/lib674/libfeather.a(descriptors.o)
 .debug_frame   0x00000000000007e8       0x28 /Users/gregory/.platformio/packages/toolchain-gccarmnoneeabi/bin/../lib/gcc/arm-none-eabi/7.2.1/../../../../arm-none-eabi/lib/thumb/v6-m/libstdc++_nano.a(new_op.o)
 .debug_frame   0x0000000000000810       0x30 /Users/gregory/.platformio/packages/toolchain-gccarmnoneeabi/bin/../lib/gcc/arm-none-eabi/7.2.1/../../../../arm-none-eabi/lib/thumb/v6-m/libstdc++_nano.a(new_handler.o)
 .debug_frame   0x0000000000000840       0x28 /Users/gregory/.platformio/packages/toolchain-gccarmnoneeabi/bin/../lib/gcc/arm-none-eabi/7.2.1/../../../../arm-none-eabi/lib/thumb/v6-m/libg_nano.a(lib_a-abort.o)
 .debug_frame   0x0000000000000868       0x2c /Users/gregory/.platformio/packages/toolchain-gccarmnoneeabi/bin/../lib/gcc/arm-none-eabi/7.2.1/../../../../arm-none-eabi/lib/thumb/v6-m/libg_nano.a(lib_a-init.o)
 .debug_frame   0x0000000000000894       0x40 /Users/gregory/.platformio/packages/toolchain-gccarmnoneeabi/bin/../lib/gcc/arm-none-eabi/7.2.1/../../../../arm-none-eabi/lib/thumb/v6-m/libg_nano.a(lib_a-malloc.o)
 .debug_frame   0x00000000000008d4       0x28 /Users/gregory/.platformio/packages/toolchain-gccarmnoneeabi/bin/../lib/gcc/arm-none-eabi/7.2.1/../../../../arm-none-eabi/lib/thumb/v6-m/libg_nano.a(lib_a-memcpy-stub.o)
 .debug_frame   0x00000000000008fc       0x20 /Users/gregory/.platformio/packages/toolchain-gccarmnoneeabi/bin/../lib/gcc/arm-none-eabi/7.2.1/../../../../arm-none-eabi/lib/thumb/v6-m/libg_nano.a(lib_a-memset.o)
 .debug_frame   0x000000000000091c       0x2c /Users/gregory/.platformio/packages/toolchain-gccarmnoneeabi/bin/../lib/gcc/arm-none-eabi/7.2.1/../../../../arm-none-eabi/lib/thumb/v6-m/libg_nano.a(lib_a-nano-mallocr.o)
 .debug_frame   0x0000000000000948       0x2c /Users/gregory/.platformio/packages/toolchain-gccarmnoneeabi/bin/../lib/gcc/arm-none-eabi/7.2.1/../../../../arm-none-eabi/lib/thumb/v6-m/libg_nano.a(lib_a-sbrkr.o)
 .debug_frame   0x0000000000000974       0xe0 /Users/gregory/.platformio/packages/toolchain-gccarmnoneeabi/bin/../lib/gcc/arm-none-eabi/7.2.1/../../../../arm-none-eabi/lib/thumb/v6-m/libg_nano.a(lib_a-signal.o)
 .debug_frame   0x0000000000000a54       0x44 /Users/gregory/.platformio/packages/toolchain-gccarmnoneeabi/bin/../lib/gcc/arm-none-eabi/7.2.1/../../../../arm-none-eabi/lib/thumb/v6-m/libg_nano.a(lib_a-signalr.o)
 .debug_frame   0x0000000000000a98       0x30 /Users/gregory/.platformio/packages/toolchain-gccarmnoneeabi/bin/../lib/gcc/arm-none-eabi/7.2.1/../../../../arm-none-eabi/lib/thumb/v6-m/libg_nano.a(lib_a-mlock.o)
 .debug_frame   0x0000000000000ac8       0x48 /Users/gregory/.platformio/packages/toolchain-gccarmnoneeabi/bin/../lib/gcc/arm-none-eabi/7.2.1/../../../../arm-none-eabi/lib/thumb/v6-m/libg_nano.a(lib_a-reent.o)
 .debug_frame   0x0000000000000b10       0x20 /Users/gregory/.platformio/packages/toolchain-gccarmnoneeabi/bin/../lib/gcc/arm-none-eabi/7.2.1/../../../../arm-none-eabi/lib/thumb/v6-m/libnosys.a(getpid.o)
 .debug_frame   0x0000000000000b30       0x20 /Users/gregory/.platformio/packages/toolchain-gccarmnoneeabi/bin/../lib/gcc/arm-none-eabi/7.2.1/../../../../arm-none-eabi/lib/thumb/v6-m/libnosys.a(kill.o)
 .debug_frame   0x0000000000000b50       0x20 /Users/gregory/.platformio/packages/toolchain-gccarmnoneeabi/bin/../lib/gcc/arm-none-eabi/7.2.1/../../../../arm-none-eabi/lib/thumb/v6-m/libnosys.a(sbrk.o)
 .debug_frame   0x0000000000000b70       0x20 /Users/gregory/.platformio/packages/toolchain-gccarmnoneeabi/bin/../lib/gcc/arm-none-eabi/7.2.1/../../../../arm-none-eabi/lib/thumb/v6-m/libnosys.a(_exit.o)

.stab           0x0000000000000000       0x3c
 .stab          0x0000000000000000       0x24 /Users/gregory/.platformio/packages/toolchain-gccarmnoneeabi/bin/../lib/gcc/arm-none-eabi/7.2.1/../../../../arm-none-eabi/lib/thumb/v6-m/libnosys.a(getpid.o)
 .stab          0x0000000000000024       0x18 /Users/gregory/.platformio/packages/toolchain-gccarmnoneeabi/bin/../lib/gcc/arm-none-eabi/7.2.1/../../../../arm-none-eabi/lib/thumb/v6-m/libnosys.a(kill.o)
                                         0x24 (size before relaxing)

.stabstr        0x0000000000000000       0x76
 .stabstr       0x0000000000000000       0x76 /Users/gregory/.platformio/packages/toolchain-gccarmnoneeabi/bin/../lib/gcc/arm-none-eabi/7.2.1/../../../../arm-none-eabi/lib/thumb/v6-m/libnosys.a(getpid.o)
