Archive member included to satisfy reference by file (symbol)

.pio/build/adafruit_feather_m0/lib674/libfeather.a(error.o)
                              .pio/build/adafruit_feather_m0/src/main.o (error)
.pio/build/adafruit_feather_m0/lib674/libfeather.a(font.o)
                              .pio/build/adafruit_feather_m0/src/help.o (DEFAULT_PALETTE)
.pio/build/adafruit_feather_m0/lib674/libfeather.a(image.o)
                              .pio/build/adafruit_feather_m0/src/main.o (LCD::print2bitImage(unsigned char const*, unsigned short const*, unsigned short, unsigned short, unsigned short, unsigned short))
.pio/build/adafruit_feather_m0/lib674/libfeather.a(init.o)
                              .pio/build/adafruit_feather_m0/src/main.o (Feather::init())
.pio/build/adafruit_feather_m0/lib674/libfeather.a(input.o)
                              .pio/build/adafruit_feather_m0/lib674/libfeather.a(init.o) (Input::init())
.pio/build/adafruit_feather_m0/lib674/libfeather.a(lcd.o)
                              .pio/build/adafruit_feather_m0/lib674/libfeather.a(image.o) (LCD::setWindow(unsigned short*))
.pio/build/adafruit_feather_m0/lib674/libfeather.a(program.o)
                              .pio/build/adafruit_feather_m0/src/main.o (Program::resetToProgram())
.pio/build/adafruit_feather_m0/lib674/libfeather.a(dir.o)
                              .pio/build/adafruit_feather_m0/src/list.o (FS::Dir::Dir())
.pio/build/adafruit_feather_m0/lib674/libfeather.a(file.o)
                              .pio/build/adafruit_feather_m0/src/main.o (FS::File::File(unsigned long))
.pio/build/adafruit_feather_m0/lib674/libfeather.a(sd.o)
                              .pio/build/adafruit_feather_m0/src/list.o (SD::read(unsigned long, unsigned short, unsigned short, void*))
.pio/build/adafruit_feather_m0/lib674/libfeather.a(startup.o)
                              (exception_table)
.pio/build/adafruit_feather_m0/lib674/libfeather.a(text.o)
                              .pio/build/adafruit_feather_m0/src/log.o (LCD::print(unsigned char const*, unsigned short const*, unsigned short, unsigned short, char const*, unsigned char))
.pio/build/adafruit_feather_m0/lib674/libfeather.a(timer.o)
                              .pio/build/adafruit_feather_m0/lib674/libfeather.a(init.o) (initSleep())
.pio/build/adafruit_feather_m0/lib674/libfeather.a(usb.o)
                              .pio/build/adafruit_feather_m0/lib674/libfeather.a(init.o) (USB_CONN::init())
.pio/build/adafruit_feather_m0/lib674/libfeather.a(dma.o)
                              .pio/build/adafruit_feather_m0/lib674/libfeather.a(init.o) (DMA::start())
.pio/build/adafruit_feather_m0/lib674/libfeather.a(serial.o)
                              .pio/build/adafruit_feather_m0/lib674/libfeather.a(usb.o) (Serial_t::debug)
.pio/build/adafruit_feather_m0/lib674/libfeather.a(handlers.o)
                              .pio/build/adafruit_feather_m0/lib674/libfeather.a(usb.o) (USB_CONN::Handler_OUT(Serial_t*))
.pio/build/adafruit_feather_m0/lib674/libfeather.a(debug.o)
                              .pio/build/adafruit_feather_m0/lib674/libfeather.a(serial.o) (Debug::input(Serial_t*, char*, unsigned char))
.pio/build/adafruit_feather_m0/lib674/libfeather.a(descriptors.o)
                              .pio/build/adafruit_feather_m0/lib674/libfeather.a(handlers.o) (USB_CONN::cfgDescriptor)
/Users/gregory/.platformio/packages/toolchain-gccarmnoneeabi/bin/../lib/gcc/arm-none-eabi/7.2.1/../../../../arm-none-eabi/lib/thumb/v6-m/libstdc++_nano.a(new_op.o)
                              .pio/build/adafruit_feather_m0/lib674/libfeather.a(input.o) (operator new(unsigned int))
/Users/gregory/.platformio/packages/toolchain-gccarmnoneeabi/bin/../lib/gcc/arm-none-eabi/7.2.1/../../../../arm-none-eabi/lib/thumb/v6-m/libstdc++_nano.a(new_handler.o)
                              /Users/gregory/.platformio/packages/toolchain-gccarmnoneeabi/bin/../lib/gcc/arm-none-eabi/7.2.1/../../../../arm-none-eabi/lib/thumb/v6-m/libstdc++_nano.a(new_op.o) (std::get_new_handler())
/Users/gregory/.platformio/packages/toolchain-gccarmnoneeabi/bin/../lib/gcc/arm-none-eabi/7.2.1/thumb/v6-m/libgcc.a(_udivsi3.o)
                              .pio/build/adafruit_feather_m0/src/log.o (__aeabi_uidivmod)
/Users/gregory/.platformio/packages/toolchain-gccarmnoneeabi/bin/../lib/gcc/arm-none-eabi/7.2.1/thumb/v6-m/libgcc.a(_divsi3.o)
                              .pio/build/adafruit_feather_m0/src/log.o (__aeabi_idivmod)
/Users/gregory/.platformio/packages/toolchain-gccarmnoneeabi/bin/../lib/gcc/arm-none-eabi/7.2.1/thumb/v6-m/libgcc.a(_dvmd_tls.o)
                              /Users/gregory/.platformio/packages/toolchain-gccarmnoneeabi/bin/../lib/gcc/arm-none-eabi/7.2.1/thumb/v6-m/libgcc.a(_udivsi3.o) (__aeabi_idiv0)
/Users/gregory/.platformio/packages/toolchain-gccarmnoneeabi/bin/../lib/gcc/arm-none-eabi/7.2.1/../../../../arm-none-eabi/lib/thumb/v6-m/libc_nano.a(lib_a-abort.o)
[...]
Memory Configuration

Name             Origin             Length             Attributes
rom              0x0000000000000000 0x0000000000004000 xr
ram              0x0000000020000000 0x0000000000007ffc xrw
*default*        0x0000000000000000 0xffffffffffffffff

Linker script and memory map

LOAD /Users/gregory/.platformio/packages/toolchain-gccarmnoneeabi/bin/../lib/gcc/arm-none-eabi/7.2.1/thumb/v6-m/crti.o
LOAD /Users/gregory/.platformio/packages/toolchain-gccarmnoneeabi/bin/../lib/gcc/arm-none-eabi/7.2.1/thumb/v6-m/crtbegin.o
LOAD /Users/gregory/.platformio/packages/toolchain-gccarmnoneeabi/bin/../lib/gcc/arm-none-eabi/7.2.1/../../../../arm-none-eabi/lib/thumb/v6-m/crt0.o
                0x0000000000002000                STACK_SIZE = DEFINED (STACK_SIZE)?STACK_SIZE:DEFINED (__stack_size__)?__stack_size__:0x2000
                0x0000000000000000                . = ORIGIN (rom)
                0x0000000000000000                _svectors = .

.vector         0x0000000020000000       0xb4 load address 0x0000000000000000
                0x0000000020000000                . = ALIGN (0x4)
                0x0000000020000000                _sramvectors = .
 *(.vectors .vectors.*)
 .vectors       0x0000000020000000       0xb4 .pio/build/adafruit_feather_m0/lib674/libfeather.a(startup.o)
                0x0000000020000000                exception_table
                0x00000000200000b4                _eramvectors = .

.text           0x00000000000000b4     0x3018
                0x00000000000000b4                . = ALIGN (0x4)
                0x00000000000000b4                _sfixed = .
 *(.text .text.* .gnu.linkonce.t.*)
 .text          0x00000000000000b4       0x48 /Users/gregory/.platformio/packages/toolchain-gccarmnoneeabi/bin/../lib/gcc/arm-none-eabi/7.2.1/thumb/v6-m/crtbegin.o
 .text._ZN4Help9checkHelpEv
                0x00000000000000fc       0xa4 .pio/build/adafruit_feather_m0/src/help.o
                0x00000000000000fc                Help::checkHelp()
 .text._ZN4List4initEv
                0x00000000000001a0       0x1c .pio/build/adafruit_feather_m0/src/list.o
                0x00000000000001a0                List::init()
 .text._ZN4List8drawListEv
                0x00000000000001bc      0x110 .pio/build/adafruit_feather_m0/src/list.o
                0x00000000000001bc                List::drawList()
 .text._ZN4List8scrollUpEv
                0x00000000000002cc       0x24 .pio/build/adafruit_feather_m0/src/list.o
                0x00000000000002cc                List::scrollUp()
 .text._ZN4List10scrollDownEv
                0x00000000000002f0       0x1c .pio/build/adafruit_feather_m0/src/list.o
                0x00000000000002f0                List::scrollDown()
 .text.startup._GLOBAL__sub_I__ZN4List8selectedE
                0x000000000000030c       0x10 .pio/build/adafruit_feather_m0/src/list.o
 .text._Z13drawUsbStatusv
                0x000000000000031c       0x38 .pio/build/adafruit_feather_m0/src/main.o
                0x000000000000031c                drawUsbStatus()
 .text._Z8drawHomev
                0x0000000000000354       0x68 .pio/build/adafruit_feather_m0/src/main.o
                0x0000000000000354                drawHome()
 .text.startup.main
                0x00000000000003bc      0x264 .pio/build/adafruit_feather_m0/src/main.o
                0x00000000000003bc                main
 .text._ZN7Preview29drawPreviewForSelectedProgramEv
                0x0000000000000620      0x100 .pio/build/adafruit_feather_m0/src/preview.o
                0x0000000000000620                Preview::drawPreviewForSelectedProgram()
 .text._ZN7Program10runProgramEv
                0x0000000000000720       0x30 .pio/build/adafruit_feather_m0/src/program.o
                0x0000000000000720                Program::runProgram()
 .text._ZN7Program18checkProgramAndRunEv
                0x0000000000000750       0x60 .pio/build/adafruit_feather_m0/src/program.o
                0x0000000000000750                Program::checkProgramAndRun()
 .text._ZN7Program11nextProgramEPN2FS3DirEP8ProgMetaPm
                0x00000000000007b0       0xac .pio/build/adafruit_feather_m0/src/program.o
                0x00000000000007b0                Program::nextProgram(FS::Dir*, ProgMeta*, unsigned long*)
 .text._ZN7Program19findProgramClustersEPN2FS3DirEPmPh
                0x000000000000085c       0x2c .pio/build/adafruit_feather_m0/src/program.o
                0x000000000000085c                Program::findProgramClusters(FS::Dir*, unsigned long*, unsigned char*)
 .text.error    0x0000000000000888       0x70 .pio/build/adafruit_feather_m0/lib674/libfeather.a(error.o)
                0x0000000000000888                error
 .text._Z15error_multilinePPKch
                0x00000000000008f8       0x74 .pio/build/adafruit_feather_m0/lib674/libfeather.a(error.o)
                0x00000000000008f8                error_multiline(char const**, unsigned char)
 .text._ZN3LCD14print2bitImageEPKhPKttttt
                0x000000000000096c      0x10c .pio/build/adafruit_feather_m0/lib674/libfeather.a(image.o)
                0x000000000000096c                LCD::print2bitImage(unsigned char const*, unsigned short const*, unsigned short, unsigned short, unsigned short, unsigned short)
 .text._ZN7Feather4initEv
                0x0000000000000a78       0xfc .pio/build/adafruit_feather_m0/lib674/libfeather.a(init.o)
                0x0000000000000a78                Feather::init()
 .text._ZN5Input4initEv
                0x0000000000000b74      0x138 .pio/build/adafruit_feather_m0/lib674/libfeather.a(input.o)
                0x0000000000000b74                Input::init()
 .text.startup._GLOBAL__sub_I__ZN5Input6AnalogE
                0x0000000000000cac       0x1c .pio/build/adafruit_feather_m0/lib674/libfeather.a(input.o)
 .text._ZN3LCD9setWindowEPt
                0x0000000000000cc8       0xe4 .pio/build/adafruit_feather_m0/lib674/libfeather.a(lcd.o)
                0x0000000000000cc8                LCD::setWindow(unsigned short*)
 .text._ZN3LCD10fillWindowEt
                0x0000000000000dac       0x64 .pio/build/adafruit_feather_m0/lib674/libfeather.a(lcd.o)
                0x0000000000000dac                LCD::fillWindow(unsigned short)
 .text._ZN3LCD4initEv
                0x0000000000000e10      0x114 .pio/build/adafruit_feather_m0/lib674/libfeather.a(lcd.o)
                0x0000000000000e10                LCD::init()
 .text._ZN3LCD10fillWindowEttttt
                0x0000000000000f24       0x20 .pio/build/adafruit_feather_m0/lib674/libfeather.a(lcd.o)
                0x0000000000000f24                LCD::fillWindow(unsigned short, unsigned short, unsigned short, unsigned short, unsigned short)
 .text._ZN7Program14resetToProgramEv
                0x0000000000000f44       0x28 .pio/build/adafruit_feather_m0/lib674/libfeather.a(program.o)
                0x0000000000000f44                Program::resetToProgram()
 .text._ZN2SD11nextClusterEPm
                0x0000000000000f6c       0x20 .pio/build/adafruit_feather_m0/lib674/libfeather.a(dir.o)
                0x0000000000000f6c                SD::nextCluster(unsigned long*)
 .text._ZN2FS3DirC2Ev
                0x0000000000000f8c        0xc .pio/build/adafruit_feather_m0/lib674/libfeather.a(dir.o)
                0x0000000000000f8c                FS::Dir::Dir()
                0x0000000000000f8c                FS::Dir::Dir()
 .text._ZN2FS3Dir9readEntryEPNS_8DirEntryE
                0x0000000000000f98       0x30 .pio/build/adafruit_feather_m0/lib674/libfeather.a(dir.o)
                0x0000000000000f98                FS::Dir::readEntry(FS::DirEntry*)
 .text._ZN2FS3Dir9nextEntryEv
                0x0000000000000fc8       0x44 .pio/build/adafruit_feather_m0/lib674/libfeather.a(dir.o)
                0x0000000000000fc8                FS::Dir::nextEntry()
 .text._ZN2FS4FileC2Em
                0x000000000000100c        0x8 .pio/build/adafruit_feather_m0/lib674/libfeather.a(file.o)
                0x000000000000100c                FS::File::File(unsigned long)
                0x000000000000100c                FS::File::File(unsigned long)
 .text._ZN2FS4File10readSectorEttPv
                0x0000000000001014       0x1c .pio/build/adafruit_feather_m0/lib674/libfeather.a(file.o)
                0x0000000000001014                FS::File::readSector(unsigned short, unsigned short, void*)
 .text._ZN2FS4File10nextSectorEv
                0x0000000000001030       0x58 .pio/build/adafruit_feather_m0/lib674/libfeather.a(file.o)
                0x0000000000001030                FS::File::nextSector()
 .text.DMAC_Handler
                0x0000000000001088       0x5c .pio/build/adafruit_feather_m0/lib674/libfeather.a(sd.o)
                0x0000000000001088                DMAC_Handler
 .text._Z10sd_executev
                0x00000000000010e4       0x1c .pio/build/adafruit_feather_m0/lib674/libfeather.a(sd.o)
                0x00000000000010e4                sd_execute()
 .text._Z14sd_sendCommandhmh
                0x0000000000001100       0xe8 .pio/build/adafruit_feather_m0/lib674/libfeather.a(sd.o)
                0x0000000000001100                sd_sendCommand(unsigned char, unsigned long, unsigned char)
 .text._ZN2SD4readEmttPv
                0x00000000000011e8      0x12c .pio/build/adafruit_feather_m0/lib674/libfeather.a(sd.o)
                0x00000000000011e8                SD::read(unsigned long, unsigned short, unsigned short, void*)
 .text._ZN2SD4initEv
                0x0000000000001314      0x1d4 .pio/build/adafruit_feather_m0/lib674/libfeather.a(sd.o)
                0x0000000000001314                SD::init()
 .text.Dummy_Handler
                0x00000000000014e8        0x2 .pio/build/adafruit_feather_m0/lib674/libfeather.a(startup.o)
                0x00000000000014e8                SYSCTRL_Handler
                0x00000000000014e8                AC_Handler
                0x00000000000014e8                SysTick_Handler
                0x00000000000014e8                PendSV_Handler
                0x00000000000014e8                SERCOM1_Handler
                0x00000000000014e8                ADC_Handler
                0x00000000000014e8                NonMaskableInt_Handler
                0x00000000000014e8                TCC1_Handler
                0x00000000000014e8                SERCOM2_Handler
                0x00000000000014e8                TCC0_Handler
                0x00000000000014e8                RTC_Handler
                0x00000000000014e8                EIC_Handler
                0x00000000000014e8                WDT_Handler
                0x00000000000014e8                TC4_Handler
                0x00000000000014e8                Dummy_Handler
                0x00000000000014e8                PM_Handler
                0x00000000000014e8                SERCOM5_Handler
                0x00000000000014e8                TCC2_Handler
                0x00000000000014e8                EVSYS_Handler
                0x00000000000014e8                SERCOM3_Handler
                0x00000000000014e8                SERCOM4_Handler
                0x00000000000014e8                I2S_Handler
                0x00000000000014e8                NVMCTRL_Handler
                0x00000000000014e8                SERCOM0_Handler
                0x00000000000014e8                DAC_Handler
                0x00000000000014e8                PTC_Handler
                0x00000000000014e8                TC5_Handler
                0x00000000000014e8                SVCall_Handler
 *fill*         0x00000000000014ea        0x2 
 .text.HardFault_Handler
                0x00000000000014ec       0x14 .pio/build/adafruit_feather_m0/lib674/libfeather.a(startup.o)
                0x00000000000014ec                HardFault_Handler
 .text.Reset_Handler
                0x0000000000001500       0xc0 .pio/build/adafruit_feather_m0/lib674/libfeather.a(startup.o)
                0x0000000000001500                Reset_Handler
 .text._ZN3LCD5printEPKhPKtttPKch
                0x00000000000015c0       0xc0 .pio/build/adafruit_feather_m0/lib674/libfeather.a(text.o)
                0x00000000000015c0                LCD::print(unsigned char const*, unsigned short const*, unsigned short, unsigned short, char const*, unsigned char)
 .text._ZN3LCD5printEPKhPKtttPKc
                0x0000000000001680       0x20 .pio/build/adafruit_feather_m0/lib674/libfeather.a(text.o)
                0x0000000000001680                LCD::print(unsigned char const*, unsigned short const*, unsigned short, unsigned short, char const*)
 .text._ZN3LCD8printHexEPKhPKttth
                0x00000000000016a0       0xc0 .pio/build/adafruit_feather_m0/lib674/libfeather.a(text.o)
                0x00000000000016a0                LCD::printHex(unsigned char const*, unsigned short const*, unsigned short, unsigned short, unsigned char)
 .text._ZN3LCD8printHexEPKhPKtttm
                0x0000000000001760       0xb0 .pio/build/adafruit_feather_m0/lib674/libfeather.a(text.o)
                0x0000000000001760                LCD::printHex(unsigned char const*, unsigned short const*, unsigned short, unsigned short, unsigned long)
 .text._ZN3LCD8printlnsEPKhPKtttPKc
                0x0000000000001810       0x6c .pio/build/adafruit_feather_m0/lib674/libfeather.a(text.o)
                0x0000000000001810                LCD::printlns(unsigned char const*, unsigned short const*, unsigned short, unsigned short, char const*)
 .text.TC3_Handler
                0x000000000000187c       0x18 .pio/build/adafruit_feather_m0/lib674/libfeather.a(timer.o)
                0x000000000000187c                TC3_Handler
 .text._Z9initSleepv
                0x0000000000001894       0x50 .pio/build/adafruit_feather_m0/lib674/libfeather.a(timer.o)
                0x0000000000001894                initSleep()
 .text._ZN8USB_CONN4initEv
                0x00000000000018e4       0xa8 .pio/build/adafruit_feather_m0/lib674/libfeather.a(usb.o)
                0x00000000000018e4                USB_CONN::init()
 .text._ZN8USB_CONN3zlpEv
                0x000000000000198c       0x30 .pio/build/adafruit_feather_m0/lib674/libfeather.a(usb.o)
                0x000000000000198c                USB_CONN::zlp()
 .text._ZN8USB_CONN5stallEv
                0x00000000000019bc        0xc .pio/build/adafruit_feather_m0/lib674/libfeather.a(usb.o)
                0x00000000000019bc                USB_CONN::stall()
 .text._ZN8USB_CONN5writeEPKcmh
                0x00000000000019c8       0x20 .pio/build/adafruit_feather_m0/lib674/libfeather.a(usb.o)
                0x00000000000019c8                USB_CONN::write(char const*, unsigned long, unsigned char)
 .text._ZN8USB_CONN15configureSerialEhh
                0x00000000000019e8       0x74 .pio/build/adafruit_feather_m0/lib674/libfeather.a(usb.o)
                0x00000000000019e8                USB_CONN::configureSerial(unsigned char, unsigned char)
 .text._ZN8USB_CONN11writeStringEPKcmh
                0x0000000000001a5c       0x40 .pio/build/adafruit_feather_m0/lib674/libfeather.a(usb.o)
                0x0000000000001a5c                USB_CONN::writeString(char const*, unsigned long, unsigned char)
 .text._ZN3DMA5startEv
                0x0000000000001a9c       0x20 .pio/build/adafruit_feather_m0/lib674/libfeather.a(dma.o)
                0x0000000000001a9c                DMA::start()
 .text._ZN8Serial_t13DefaultRecvCBEPS_Pch
                0x0000000000001abc        0x8 .pio/build/adafruit_feather_m0/lib674/libfeather.a(serial.o)
                0x0000000000001abc                Serial_t::DefaultRecvCB(Serial_t*, char*, unsigned char)
 .text.startup._GLOBAL__sub_I__ZN8Serial_t6serialE
                0x0000000000001ac4       0x28 .pio/build/adafruit_feather_m0/lib674/libfeather.a(serial.o)
 .text._ZN8USB_CONN13Handler_RXSTPEv
                0x0000000000001aec      0x17c .pio/build/adafruit_feather_m0/lib674/libfeather.a(handlers.o)
                0x0000000000001aec                USB_CONN::Handler_RXSTP()
 .text._ZN8USB_CONN13Handler_EORSTEv
                0x0000000000001c68       0x70 .pio/build/adafruit_feather_m0/lib674/libfeather.a(handlers.o)
                0x0000000000001c68                USB_CONN::Handler_EORST()
 .text._ZN5Debug5inputEP8Serial_tPch
                0x0000000000001cd8       0x10 .pio/build/adafruit_feather_m0/lib674/libfeather.a(debug.o)
                0x0000000000001cd8                Debug::input(Serial_t*, char*, unsigned char)
 .text.startup._GLOBAL__sub_I__ZN8USB_CONN7stringsE
                0x0000000000001ce8       0xfc .pio/build/adafruit_feather_m0/lib674/libfeather.a(descriptors.o)
 .text._Znwj    0x0000000000001de4       0x24 /Users/gregory/.platformio/packages/toolchain-gccarmnoneeabi/bin/../lib/gcc/arm-none-eabi/7.2.1/../../../../arm-none-eabi/lib/thumb/v6-m/libstdc++_nano.a(new_op.o)
                0x0000000000001de4                operator new(unsigned int)
 .text._ZSt15get_new_handlerv
                0x0000000000001e08        0xc /Users/gregory/.platformio/packages/toolchain-gccarmnoneeabi/bin/../lib/gcc/arm-none-eabi/7.2.1/../../../../arm-none-eabi/lib/thumb/v6-m/libstdc++_nano.a(new_handler.o)
                0x0000000000001e08                std::get_new_handler()
 .text.abort    0x0000000000001e14        0xe /Users/gregory/.platformio/packages/toolchain-gccarmnoneeabi/bin/../lib/gcc/arm-none-eabi/7.2.1/../../../../arm-none-eabi/lib/thumb/v6-m/libc_nano.a(lib_a-abort.o)
                0x0000000000001e14                abort
 *fill*         0x0000000000001e22        0x2 
 .text.__libc_init_array
                0x0000000000001e24       0x48 /Users/gregory/.platformio/packages/toolchain-gccarmnoneeabi/bin/../lib/gcc/arm-none-eabi/7.2.1/../../../../arm-none-eabi/lib/thumb/v6-m/libc_nano.a(lib_a-init.o)
                0x0000000000001e24                __libc_init_array
 .text.malloc   0x0000000000001e6c       0x14 /Users/gregory/.platformio/packages/toolchain-gccarmnoneeabi/bin/../lib/gcc/arm-none-eabi/7.2.1/../../../../arm-none-eabi/lib/thumb/v6-m/libc_nano.a(lib_a-malloc.o)
                0x0000000000001e6c                malloc
 .text.memcpy   0x0000000000001e80       0x12 /Users/gregory/.platformio/packages/toolchain-gccarmnoneeabi/bin/../lib/gcc/arm-none-eabi/7.2.1/../../../../arm-none-eabi/lib/thumb/v6-m/libc_nano.a(lib_a-memcpy-stub.o)
                0x0000000000001e80                memcpy
 .text.memset   0x0000000000001e92       0x10 /Users/gregory/.platformio/packages/toolchain-gccarmnoneeabi/bin/../lib/gcc/arm-none-eabi/7.2.1/../../../../arm-none-eabi/lib/thumb/v6-m/libc_nano.a(lib_a-memset.o)
                0x0000000000001e92                memset
 *fill*         0x0000000000001ea2        0x2 
 .text._malloc_r
                0x0000000000001ea4       0xbc /Users/gregory/.platformio/packages/toolchain-gccarmnoneeabi/bin/../lib/gcc/arm-none-eabi/7.2.1/../../../../arm-none-eabi/lib/thumb/v6-m/libc_nano.a(lib_a-nano-mallocr.o)
                0x0000000000001ea4                _malloc_r
 .text._sbrk_r  0x0000000000001f60       0x24 /Users/gregory/.platformio/packages/toolchain-gccarmnoneeabi/bin/../lib/gcc/arm-none-eabi/7.2.1/../../../../arm-none-eabi/lib/thumb/v6-m/libc_nano.a(lib_a-sbrkr.o)
                0x0000000000001f60                _sbrk_r
 .text._raise_r
                0x0000000000001f84       0x54 /Users/gregory/.platformio/packages/toolchain-gccarmnoneeabi/bin/../lib/gcc/arm-none-eabi/7.2.1/../../../../arm-none-eabi/lib/thumb/v6-m/libc_nano.a(lib_a-signal.o)
                0x0000000000001f84                _raise_r
 .text.raise    0x0000000000001fd8       0x14 /Users/gregory/.platformio/packages/toolchain-gccarmnoneeabi/bin/../lib/gcc/arm-none-eabi/7.2.1/../../../../arm-none-eabi/lib/thumb/v6-m/libc_nano.a(lib_a-signal.o)
                0x0000000000001fd8                raise
 .text._kill_r  0x0000000000001fec       0x24 /Users/gregory/.platformio/packages/toolchain-gccarmnoneeabi/bin/../lib/gcc/arm-none-eabi/7.2.1/../../../../arm-none-eabi/lib/thumb/v6-m/libc_nano.a(lib_a-signalr.o)
                0x0000000000001fec                _kill_r
 .text._getpid_r
                0x0000000000002010        0x8 /Users/gregory/.platformio/packages/toolchain-gccarmnoneeabi/bin/../lib/gcc/arm-none-eabi/7.2.1/../../../../arm-none-eabi/lib/thumb/v6-m/libc_nano.a(lib_a-signalr.o)
                0x0000000000002010                _getpid_r
 .text.__malloc_lock
                0x0000000000002018        0x2 /Users/gregory/.platformio/packages/toolchain-gccarmnoneeabi/bin/../lib/gcc/arm-none-eabi/7.2.1/../../../../arm-none-eabi/lib/thumb/v6-m/libc_nano.a(lib_a-mlock.o)
                0x0000000000002018                __malloc_lock
 .text.__malloc_unlock
                0x000000000000201a        0x2 /Users/gregory/.platformio/packages/toolchain-gccarmnoneeabi/bin/../lib/gcc/arm-none-eabi/7.2.1/../../../../arm-none-eabi/lib/thumb/v6-m/libc_nano.a(lib_a-mlock.o)
                0x000000000000201a                __malloc_unlock
 .text._getpid  0x000000000000201c       0x10 /Users/gregory/.platformio/packages/toolchain-gccarmnoneeabi/bin/../lib/gcc/arm-none-eabi/7.2.1/../../../../arm-none-eabi/lib/thumb/v6-m/libnosys.a(getpid.o)
                0x000000000000201c                _getpid
 .text._kill    0x000000000000202c       0x10 /Users/gregory/.platformio/packages/toolchain-gccarmnoneeabi/bin/../lib/gcc/arm-none-eabi/7.2.1/../../../../arm-none-eabi/lib/thumb/v6-m/libnosys.a(kill.o)
                0x000000000000202c                _kill
 .text._sbrk    0x000000000000203c       0x1c /Users/gregory/.platformio/packages/toolchain-gccarmnoneeabi/bin/../lib/gcc/arm-none-eabi/7.2.1/../../../../arm-none-eabi/lib/thumb/v6-m/libnosys.a(sbrk.o)
                0x000000000000203c                _sbrk
 .text._exit    0x0000000000002058        0x4 /Users/gregory/.platformio/packages/toolchain-gccarmnoneeabi/bin/../lib/gcc/arm-none-eabi/7.2.1/../../../../arm-none-eabi/lib/thumb/v6-m/libnosys.a(_exit.o)
                0x0000000000002058                _exit
 *(.rodata .rodata* .gnu.linkonce.r.*)
 .rodata._ZL10helpScreen
                0x000000000000205c      0x15c .pio/build/adafruit_feather_m0/src/help.o
 .rodata._ZL16SELECTED_PALETTE
                0x00000000000021b8        0x4 .pio/build/adafruit_feather_m0/src/list.o
 .rodata._ZN4List8drawListEv.str1.1
                0x00000000000021bc        0xc .pio/build/adafruit_feather_m0/src/list.o
                                         0x15 (size before relaxing)
 .rodata._Z13drawUsbStatusv.str1.1
                0x00000000000021c8       0x24 .pio/build/adafruit_feather_m0/src/main.o
 .rodata._Z8drawHomev.str1.1
                0x00000000000021ec       0x2c .pio/build/adafruit_feather_m0/src/main.o
 .rodata._ZL13green_palette
                0x0000000000002218        0x4 .pio/build/adafruit_feather_m0/src/main.o
 .rodata.main.str1.1
                0x000000000000221c       0x6a .pio/build/adafruit_feather_m0/src/main.o
                                         0x6b (size before relaxing)
 .rodata._ZN7Preview29drawPreviewForSelectedProgramEv.str1.1
                0x0000000000002286       0x50 .pio/build/adafruit_feather_m0/src/preview.o
 .rodata.turtle
                0x00000000000022d6      0x9ab .pio/build/adafruit_feather_m0/src/turtle.o
                0x00000000000022d6                turtle
 .rodata.error.str1.1
                0x0000000000002c81        0x7 .pio/build/adafruit_feather_m0/lib674/libfeather.a(error.o)
 .rodata.DEFAULT_FONT
                0x0000000000002c88      0x2f8 .pio/build/adafruit_feather_m0/lib674/libfeather.a(font.o)
                0x0000000000002c88                DEFAULT_FONT
 .rodata.DEFAULT_PALETTE
                0x0000000000002f80        0x4 .pio/build/adafruit_feather_m0/lib674/libfeather.a(font.o)
                0x0000000000002f80                DEFAULT_PALETTE
 .rodata        0x0000000000002f84        0x8 .pio/build/adafruit_feather_m0/lib674/libfeather.a(lcd.o)
 .rodata        0x0000000000002f8c       0x18 .pio/build/adafruit_feather_m0/lib674/libfeather.a(sd.o)
 .rodata.str1.1
                0x0000000000002fa4       0x69 .pio/build/adafruit_feather_m0/lib674/libfeather.a(sd.o)
 .rodata.HardFault_Handler.str1.1
                0x000000000000300d        0xd .pio/build/adafruit_feather_m0/lib674/libfeather.a(startup.o)
                                          0xe (size before relaxing)
 .rodata        0x000000000000301a        0x4 .pio/build/adafruit_feather_m0/lib674/libfeather.a(handlers.o)
 .rodata._ZN8USB_CONN13Handler_RXSTPEv.str1.1
                0x000000000000301e       0x2b .pio/build/adafruit_feather_m0/lib674/libfeather.a(handlers.o)
 .rodata._ZN8USB_CONNL6vendorE
                0x0000000000003049        0xd .pio/build/adafruit_feather_m0/lib674/libfeather.a(descriptors.o)
 .rodata._ZN8USB_CONNL7productE
                0x0000000000003056        0xc .pio/build/adafruit_feather_m0/lib674/libfeather.a(descriptors.o)
 .rodata._ZN8USB_CONNL8serialnoE
                0x0000000000003062        0x5 .pio/build/adafruit_feather_m0/lib674/libfeather.a(descriptors.o)
 *(.ARM.extab* .gnu.linkonce.armextab.*)
                0x0000000000003068                . = ALIGN (0x4)
 *fill*         0x0000000000003067        0x1 
 *(.init)
 .init          0x0000000000003068        0x4 /Users/gregory/.platformio/packages/toolchain-gccarmnoneeabi/bin/../lib/gcc/arm-none-eabi/7.2.1/thumb/v6-m/crti.o
                0x0000000000003068                _init
 .init          0x000000000000306c        0x8 /Users/gregory/.platformio/packages/toolchain-gccarmnoneeabi/bin/../lib/gcc/arm-none-eabi/7.2.1/thumb/v6-m/crtn.o
                0x0000000000003074                . = ALIGN (0x4)
                0x0000000000003074                __preinit_array_start = .
 *(.preinit_array)
                0x0000000000003074                __preinit_array_end = .
                0x0000000000003074                . = ALIGN (0x4)
                0x0000000000003074                __init_array_start = .
 *(SORT_BY_NAME(.init_array.*))
 *(.init_array)
 .init_array    0x0000000000003074        0x4 /Users/gregory/.platformio/packages/toolchain-gccarmnoneeabi/bin/../lib/gcc/arm-none-eabi/7.2.1/thumb/v6-m/crtbegin.o
 .init_array    0x0000000000003078        0x4 .pio/build/adafruit_feather_m0/src/list.o
 .init_array    0x000000000000307c        0x4 .pio/build/adafruit_feather_m0/lib674/libfeather.a(input.o)
 .init_array    0x0000000000003080        0x4 .pio/build/adafruit_feather_m0/lib674/libfeather.a(serial.o)
 .init_array    0x0000000000003084        0x4 .pio/build/adafruit_feather_m0/lib674/libfeather.a(descriptors.o)
                0x0000000000003088                __init_array_end = .
                0x0000000000003088                . = ALIGN (0x4)
 *crtbegin.o(.ctors)
 *(EXCLUDE_FILE(*crtend.o) .ctors)
 *(SORT_BY_NAME(.ctors.*))
 *crtend.o(.ctors)
                0x0000000000003088                . = ALIGN (0x4)
 *(.fini)
 .fini          0x0000000000003088        0x4 /Users/gregory/.platformio/packages/toolchain-gccarmnoneeabi/bin/../lib/gcc/arm-none-eabi/7.2.1/thumb/v6-m/crti.o
                0x0000000000003088                _fini
 .fini          0x000000000000308c        0x8 /Users/gregory/.platformio/packages/toolchain-gccarmnoneeabi/bin/../lib/gcc/arm-none-eabi/7.2.1/thumb/v6-m/crtn.o
 *fill*         0x0000000000003094        0x4 
 .fini.__stub   0x0000000000003098       0x30 linker stubs
                0x00000000000030c8                . = ALIGN (0x4)
                0x00000000000030c8                __fini_array_start = .
 *(.fini_array)
 .fini_array    0x00000000000030c8        0x4 /Users/gregory/.platformio/packages/toolchain-gccarmnoneeabi/bin/../lib/gcc/arm-none-eabi/7.2.1/thumb/v6-m/crtbegin.o
 *(SORT_BY_NAME(.fini_array.*))
                0x00000000000030cc                __fini_array_end = .
 *crtbegin.o(.dtors)
 *(EXCLUDE_FILE(*crtend.o) .dtors)
 *(SORT_BY_NAME(.dtors.*))
 *crtend.o(.dtors)
                0x00000000000030cc                . = ALIGN (0x4)
                0x00000000000030cc                _efixed = .
                [!provide]                        PROVIDE (__exidx_start, .)

.glue_7         0x00000000000030cc        0x0
 .glue_7        0x00000000000030cc        0x0 linker stubs

.glue_7t        0x00000000000030cc        0x0
 .glue_7t       0x00000000000030cc        0x0 linker stubs

.vfp11_veneer   0x00000000000030cc        0x0
 .vfp11_veneer  0x00000000000030cc        0x0 linker stubs

.v4_bx          0x00000000000030cc        0x0
 .v4_bx         0x00000000000030cc        0x0 linker stubs

.iplt           0x00000000000030cc        0x0
 .iplt          0x00000000000030cc        0x0 /Users/gregory/.platformio/packages/toolchain-gccarmnoneeabi/bin/../lib/gcc/arm-none-eabi/7.2.1/thumb/v6-m/crtbegin.o

.igot.plt       0x00000000000030cc        0x0
 .igot.plt      0x00000000000030cc        0x0 /Users/gregory/.platformio/packages/toolchain-gccarmnoneeabi/bin/../lib/gcc/arm-none-eabi/7.2.1/thumb/v6-m/crtbegin.o

.eh_frame       0x00000000000030cc        0x0
 .eh_frame      0x00000000000030cc        0x0 /Users/gregory/.platformio/packages/toolchain-gccarmnoneeabi/bin/../lib/gcc/arm-none-eabi/7.2.1/thumb/v6-m/crtbegin.o

.rel.dyn        0x00000000000030cc        0x0
 .rel.iplt      0x00000000000030cc        0x0 /Users/gregory/.platformio/packages/toolchain-gccarmnoneeabi/bin/../lib/gcc/arm-none-eabi/7.2.1/thumb/v6-m/crtbegin.o

.ARM.exidx
 *(.ARM.exidx* .gnu.linkonce.armexidx.*)
                [!provide]                        PROVIDE (__exidx_end, .)
                0x00000000000030cc                . = ALIGN (0x4)
                0x00000000000030cc                _etext = .

.relocate       0x00000000200000b8      0x278 load address 0x00000000000030cc
                0x00000000200000b8                . = ALIGN (0x4)
                0x00000000200000b8                _srelocate = .
 *(.ramfunc .ramfunc.*)
 *(.ramfuncBLOnly .ramfuncBLOnly.*)
 .ramfuncBLOnly
                0x00000000200000b8       0x20 .pio/build/adafruit_feather_m0/src/debug.o
                0x00000000200000b8                Debug::updateBootloader()
 .ramfuncBLOnly
                0x00000000200000d8       0x28 .pio/build/adafruit_feather_m0/lib674/libfeather.a(program.o)
                0x00000000200000d8                Program::resetToBootloader()
 .ramfuncBLOnly
                0x0000000020000100       0x84 .pio/build/adafruit_feather_m0/lib674/libfeather.a(usb.o)
                0x0000000020000100                USB_CONN::writeAsync(char const*, unsigned long, unsigned char)
                0x0000000020000138                USB_Handler
 .ramfuncBLOnly
                0x0000000020000184       0x64 .pio/build/adafruit_feather_m0/lib674/libfeather.a(handlers.o)
                0x0000000020000184                USB_CONN::Handler_OUT(Serial_t*)
 .ramfuncBLOnly.__stub
                0x00000000200001e8       0x20 linker stubs
 *(.data .data.*)
 .data._ZN4List14programsOnPageE
                0x0000000020000208        0x1 .pio/build/adafruit_feather_m0/src/list.o
                0x0000000020000208                List::programsOnPage
 *fill*         0x0000000020000209        0x3 
 .data._ZN4List8selectedE
                0x000000002000020c        0x4 .pio/build/adafruit_feather_m0/src/list.o
                0x000000002000020c                List::selected
 .data._ZN5Input7DigitalE
                0x0000000020000210        0x4 .pio/build/adafruit_feather_m0/lib674/libfeather.a(input.o)
                0x0000000020000210                Input::Digital
 .data.numPixels
                0x0000000020000214        0x4 .pio/build/adafruit_feather_m0/lib674/libfeather.a(lcd.o)
                0x0000000020000214                numPixels
 .data.SD_FILLER_BYTE
                0x0000000020000218        0x1 .pio/build/adafruit_feather_m0/lib674/libfeather.a(sd.o)
                0x0000000020000218                SD_FILLER_BYTE
 .data._sleep_idling
                0x0000000020000219        0x1 .pio/build/adafruit_feather_m0/lib674/libfeather.a(timer.o)
                0x0000000020000219                _sleep_idling
 .data._ZN8USB_CONN11debug_assocE
                0x000000002000021a        0x8 .pio/build/adafruit_feather_m0/lib674/libfeather.a(descriptors.o)
                0x000000002000021a                USB_CONN::debug_assoc
 .data._ZN8USB_CONN12serial_assocE
                0x0000000020000222        0x8 .pio/build/adafruit_feather_m0/lib674/libfeather.a(descriptors.o)
                0x0000000020000222                USB_CONN::serial_assoc
 *fill*         0x000000002000022a        0x2 
 .data._ZN8USB_CONN13devDescriptorE
                0x000000002000022c       0x12 .pio/build/adafruit_feather_m0/lib674/libfeather.a(descriptors.o)
                0x000000002000022c                USB_CONN::devDescriptor
 .data._ZN8USB_CONN15debug_comm_descE
                0x000000002000023e       0x13 .pio/build/adafruit_feather_m0/lib674/libfeather.a(descriptors.o)
                0x000000002000023e                USB_CONN::debug_comm_desc
 .data._ZN8USB_CONN15debug_comm_endpE
                0x0000000020000251        0x7 .pio/build/adafruit_feather_m0/lib674/libfeather.a(descriptors.o)
                0x0000000020000251                USB_CONN::debug_comm_endp
 .data._ZN8USB_CONN16debug_comm_ifaceE
                0x0000000020000258        0x9 .pio/build/adafruit_feather_m0/lib674/libfeather.a(descriptors.o)
                0x0000000020000258                USB_CONN::debug_comm_iface
 .data._ZN8USB_CONN16debug_data_ifaceE
                0x0000000020000261        0x9 .pio/build/adafruit_feather_m0/lib674/libfeather.a(descriptors.o)
                0x0000000020000261                USB_CONN::debug_data_iface
 .data._ZN8USB_CONN16serial_comm_descE
                0x000000002000026a       0x13 .pio/build/adafruit_feather_m0/lib674/libfeather.a(descriptors.o)
                0x000000002000026a                USB_CONN::serial_comm_desc
 .data._ZN8USB_CONN16serial_comm_endpE
                0x000000002000027d        0x7 .pio/build/adafruit_feather_m0/lib674/libfeather.a(descriptors.o)
                0x000000002000027d                USB_CONN::serial_comm_endp
 .data._ZN8USB_CONN17serial_comm_ifaceE
                0x0000000020000284        0x9 .pio/build/adafruit_feather_m0/lib674/libfeather.a(descriptors.o)
                0x0000000020000284                USB_CONN::serial_comm_iface
 .data._ZN8USB_CONN17serial_data_ifaceE
                0x000000002000028d        0x9 .pio/build/adafruit_feather_m0/lib674/libfeather.a(descriptors.o)
                0x000000002000028d                USB_CONN::serial_data_iface
 .data._ZN8USB_CONN18debug_data_in_endpE
                0x0000000020000296        0x7 .pio/build/adafruit_feather_m0/lib674/libfeather.a(descriptors.o)
                0x0000000020000296                USB_CONN::debug_data_in_endp
 .data._ZN8USB_CONN19debug_data_out_endpE
                0x000000002000029d        0x7 .pio/build/adafruit_feather_m0/lib674/libfeather.a(descriptors.o)
                0x000000002000029d                USB_CONN::debug_data_out_endp
 .data._ZN8USB_CONN19serial_data_in_endpE
                0x00000000200002a4        0x7 .pio/build/adafruit_feather_m0/lib674/libfeather.a(descriptors.o)
                0x00000000200002a4                USB_CONN::serial_data_in_endp
 .data._ZN8USB_CONN20serial_data_out_endpE
                0x00000000200002ab        0x7 .pio/build/adafruit_feather_m0/lib674/libfeather.a(descriptors.o)
                0x00000000200002ab                USB_CONN::serial_data_out_endp
 *fill*         0x00000000200002b2        0x2 
 .data._ZN8USB_CONN7stringsE
                0x00000000200002b4        0xc .pio/build/adafruit_feather_m0/lib674/libfeather.a(descriptors.o)
                0x00000000200002b4                USB_CONN::strings
 .data._ZN8USB_CONN7usb_cfgE
                0x00000000200002c0        0x9 .pio/build/adafruit_feather_m0/lib674/libfeather.a(descriptors.o)
                0x00000000200002c0                USB_CONN::usb_cfg
 *fill*         0x00000000200002c9        0x3 
 .data._impure_ptr
                0x00000000200002cc        0x4 /Users/gregory/.platformio/packages/toolchain-gccarmnoneeabi/bin/../lib/gcc/arm-none-eabi/7.2.1/../../../../arm-none-eabi/lib/thumb/v6-m/libc_nano.a(lib_a-impure.o)
                0x00000000200002cc                _impure_ptr
 .data.impure_data
                0x00000000200002d0       0x60 /Users/gregory/.platformio/packages/toolchain-gccarmnoneeabi/bin/../lib/gcc/arm-none-eabi/7.2.1/../../../../arm-none-eabi/lib/thumb/v6-m/libc_nano.a(lib_a-impure.o)
                0x0000000020000330                . = ALIGN (0x4)
                0x0000000020000330                _erelocate = .

.bss            0x0000000020000330      0x824 load address 0x0000000000003350
                0x0000000020000330                . = ALIGN (0x4)
                0x0000000020000330                _sbss = .
                0x0000000020000330                _szero = .
 *(.bss .bss.*)
 .bss           0x0000000020000330       0x1c /Users/gregory/.platformio/packages/toolchain-gccarmnoneeabi/bin/../lib/gcc/arm-none-eabi/7.2.1/thumb/v6-m/crtbegin.o
 .bss._ZN4List10currentDirE
                0x000000002000034c        0xc .pio/build/adafruit_feather_m0/src/list.o
                0x000000002000034c                List::currentDir
 .bss._ZN4List15programClustersE
                0x0000000020000358       0x20 .pio/build/adafruit_feather_m0/src/list.o
                0x0000000020000358                List::programClusters
 .bss._ZN4List4metaE
                0x0000000020000378      0x1f0 .pio/build/adafruit_feather_m0/src/list.o
                0x0000000020000378                List::meta
 .bss.bootloaderUpdate
                0x0000000020000568        0x1 .pio/build/adafruit_feather_m0/src/main.o
                0x0000000020000568                bootloaderUpdate
 .bss._ZN7Preview4metaE
                0x0000000020000569      0x1f0 .pio/build/adafruit_feather_m0/src/preview.o
                0x0000000020000569                Preview::meta
 *fill*         0x0000000020000759        0x3 
 .bss._ZN5Input6AnalogE
                0x000000002000075c        0x4 .pio/build/adafruit_feather_m0/lib674/libfeather.a(input.o)
                0x000000002000075c                Input::Analog
 .bss.SD_DMA_TRASH
                0x0000000020000760        0x1 .pio/build/adafruit_feather_m0/lib674/libfeather.a(sd.o)
                0x0000000020000760                SD_DMA_TRASH
 *fill*         0x0000000020000761        0x3 
 .bss._ZN2SD10fatAddressE
                0x0000000020000764        0x4 .pio/build/adafruit_feather_m0/lib674/libfeather.a(sd.o)
                0x0000000020000764                SD::fatAddress
 .bss._ZN2SD10volAddressE
                0x0000000020000768        0x4 .pio/build/adafruit_feather_m0/lib674/libfeather.a(sd.o)
                0x0000000020000768                SD::volAddress
 .bss._ZN2SD11rootAddressE
                0x000000002000076c        0x4 .pio/build/adafruit_feather_m0/lib674/libfeather.a(sd.o)
                0x000000002000076c                SD::rootAddress
 .bss._ZN2SD19sectors_per_clusterE
                0x0000000020000770        0x1 .pio/build/adafruit_feather_m0/lib674/libfeather.a(sd.o)
                0x0000000020000770                SD::sectors_per_cluster
 .bss.sd_data   0x0000000020000771        0x6 .pio/build/adafruit_feather_m0/lib674/libfeather.a(sd.o)
                0x0000000020000771                sd_data
 .bss.sd_debug  0x0000000020000777        0x1 .pio/build/adafruit_feather_m0/lib674/libfeather.a(sd.o)
                0x0000000020000777                sd_debug
 .bss.sd_dma_state
                0x0000000020000778        0x1 .pio/build/adafruit_feather_m0/lib674/libfeather.a(sd.o)
                0x0000000020000778                sd_dma_state
 .bss.sd_long_response
                0x0000000020000779        0x4 .pio/build/adafruit_feather_m0/lib674/libfeather.a(sd.o)
                0x0000000020000779                sd_long_response
 .bss.sd_response
                0x000000002000077d        0x1 .pio/build/adafruit_feather_m0/lib674/libfeather.a(sd.o)
                0x000000002000077d                sd_response
 *fill*         0x000000002000077e        0x2 
 .bss.sd_rx_descriptors
                0x0000000020000780       0x40 .pio/build/adafruit_feather_m0/lib674/libfeather.a(sd.o)
                0x0000000020000780                sd_rx_descriptors
 .bss.sd_tx_descriptors
                0x00000000200007c0       0x40 .pio/build/adafruit_feather_m0/lib674/libfeather.a(sd.o)
                0x00000000200007c0                sd_tx_descriptors
 .bss._ZN8USB_CONN15endpoint_in_bfrE
                0x0000000020000800       0xc0 .pio/build/adafruit_feather_m0/lib674/libfeather.a(usb.o)
                0x0000000020000800                USB_CONN::endpoint_in_bfr
 .bss._ZN8USB_CONN16endpoint_out_bfrE
                0x00000000200008c0       0xc0 .pio/build/adafruit_feather_m0/lib674/libfeather.a(usb.o)
                0x00000000200008c0                USB_CONN::endpoint_out_bfr
 .bss._ZN8USB_CONN20currentConfigurationE
                0x0000000020000980        0x1 .pio/build/adafruit_feather_m0/lib674/libfeather.a(usb.o)
                0x0000000020000980                USB_CONN::currentConfiguration
 *fill*         0x0000000020000981        0x3 
 .bss._ZN8USB_CONN9endpointsE
                0x0000000020000984       0xa0 .pio/build/adafruit_feather_m0/lib674/libfeather.a(usb.o)
                0x0000000020000984                USB_CONN::endpoints
 .bss.usb_debug
                0x0000000020000a24        0x1 .pio/build/adafruit_feather_m0/lib674/libfeather.a(usb.o)
                0x0000000020000a24                usb_debug
 *fill*         0x0000000020000a25        0xb 
 .bss.DMACFG    0x0000000020000a30       0x30 .pio/build/adafruit_feather_m0/lib674/libfeather.a(dma.o)
                0x0000000020000a30                DMACFG
 .bss._DMAWRB   0x0000000020000a60       0x30 .pio/build/adafruit_feather_m0/lib674/libfeather.a(dma.o)
                0x0000000020000a60                _DMAWRB
 .bss._ZN8Serial_t5debugE
                0x0000000020000a90       0x10 .pio/build/adafruit_feather_m0/lib674/libfeather.a(serial.o)
                0x0000000020000a90                Serial_t::debug
 .bss._ZN8Serial_t6serialE
                0x0000000020000aa0       0x10 .pio/build/adafruit_feather_m0/lib674/libfeather.a(serial.o)
                0x0000000020000aa0                Serial_t::serial
 .bss._ZN8USB_CONN13cfgDescriptorE
                0x0000000020000ab0       0x8d .pio/build/adafruit_feather_m0/lib674/libfeather.a(descriptors.o)
                0x0000000020000ab0                USB_CONN::cfgDescriptor
 *fill*         0x0000000020000b3d        0x3 
 .bss._ZN12_GLOBAL__N_113__new_handlerE
                0x0000000020000b40        0x4 /Users/gregory/.platformio/packages/toolchain-gccarmnoneeabi/bin/../lib/gcc/arm-none-eabi/7.2.1/../../../../arm-none-eabi/lib/thumb/v6-m/libstdc++_nano.a(new_handler.o)
 .bss.__malloc_free_list
                0x0000000020000b44        0x4 /Users/gregory/.platformio/packages/toolchain-gccarmnoneeabi/bin/../lib/gcc/arm-none-eabi/7.2.1/../../../../arm-none-eabi/lib/thumb/v6-m/libc_nano.a(lib_a-nano-mallocr.o)
                0x0000000020000b44                __malloc_free_list
 .bss.__malloc_sbrk_start
                0x0000000020000b48        0x4 /Users/gregory/.platformio/packages/toolchain-gccarmnoneeabi/bin/../lib/gcc/arm-none-eabi/7.2.1/../../../../arm-none-eabi/lib/thumb/v6-m/libc_nano.a(lib_a-nano-mallocr.o)
                0x0000000020000b48                __malloc_sbrk_start
 .bss.heap_end.4102
                0x0000000020000b4c        0x4 /Users/gregory/.platformio/packages/toolchain-gccarmnoneeabi/bin/../lib/gcc/arm-none-eabi/7.2.1/../../../../arm-none-eabi/lib/thumb/v6-m/libnosys.a(sbrk.o)
 *(COMMON)
 COMMON         0x0000000020000b50        0x4 /Users/gregory/.platformio/packages/toolchain-gccarmnoneeabi/bin/../lib/gcc/arm-none-eabi/7.2.1/../../../../arm-none-eabi/lib/thumb/v6-m/libc_nano.a(lib_a-reent.o)
                0x0000000020000b50                errno
                0x0000000020000b54                . = ALIGN (0x4)
                0x0000000020000b54                _ebss = .
                0x0000000020000b54                _ezero = .

.stack          0x0000000020000b54     0x2004 load address 0x0000000000003b74
                0x0000000020000b58                . = ALIGN (0x8)
 *fill*         0x0000000020000b54        0x4 
                0x0000000020000b58                _sstack = .
                0x0000000020002b58                . = (. + STACK_SIZE)
 *fill*         0x0000000020000b58     0x2000 
                0x0000000020002b58                . = ALIGN (0x8)
                0x0000000020002b58                _estack = .
                0x0000000020002b58                . = ALIGN (0x4)
                0x0000000020002b58                _end = .
                0x0000000020002b58                end = _end
LOAD .pio/build/adafruit_feather_m0/src/debug.o
LOAD .pio/build/adafruit_feather_m0/src/help.o
LOAD .pio/build/adafruit_feather_m0/src/list.o
LOAD .pio/build/adafruit_feather_m0/src/load.o
LOAD .pio/build/adafruit_feather_m0/src/log.o
LOAD .pio/build/adafruit_feather_m0/src/main.o
LOAD .pio/build/adafruit_feather_m0/src/menu.o
LOAD .pio/build/adafruit_feather_m0/src/preview.o
LOAD .pio/build/adafruit_feather_m0/src/program.o
LOAD .pio/build/adafruit_feather_m0/src/turtle.o
START GROUP
LOAD .pio/build/adafruit_feather_m0/lib674/libfeather.a
END GROUP
LOAD /Users/gregory/.platformio/packages/toolchain-gccarmnoneeabi/bin/../lib/gcc/arm-none-eabi/7.2.1/../../../../arm-none-eabi/lib/thumb/v6-m/libstdc++_nano.a
LOAD /Users/gregory/.platformio/packages/toolchain-gccarmnoneeabi/bin/../lib/gcc/arm-none-eabi/7.2.1/../../../../arm-none-eabi/lib/thumb/v6-m/libm.a
START GROUP
LOAD /Users/gregory/.platformio/packages/toolchain-gccarmnoneeabi/bin/../lib/gcc/arm-none-eabi/7.2.1/thumb/v6-m/libgcc.a
LOAD /Users/gregory/.platformio/packages/toolchain-gccarmnoneeabi/bin/../lib/gcc/arm-none-eabi/7.2.1/../../../../arm-none-eabi/lib/thumb/v6-m/libc_nano.a
END GROUP
START GROUP
LOAD /Users/gregory/.platformio/packages/toolchain-gccarmnoneeabi/bin/../lib/gcc/arm-none-eabi/7.2.1/thumb/v6-m/libgcc.a
LOAD /Users/gregory/.platformio/packages/toolchain-gccarmnoneeabi/bin/../lib/gcc/arm-none-eabi/7.2.1/../../../../arm-none-eabi/lib/thumb/v6-m/libc_nano.a
LOAD /Users/gregory/.platformio/packages/toolchain-gccarmnoneeabi/bin/../lib/gcc/arm-none-eabi/7.2.1/../../../../arm-none-eabi/lib/thumb/v6-m/libnosys.a
END GROUP
START GROUP
LOAD /Users/gregory/.platformio/packages/toolchain-gccarmnoneeabi/bin/../lib/gcc/arm-none-eabi/7.2.1/thumb/v6-m/libgcc.a
LOAD /Users/gregory/.platformio/packages/toolchain-gccarmnoneeabi/bin/../lib/gcc/arm-none-eabi/7.2.1/../../../../arm-none-eabi/lib/thumb/v6-m/libc_nano.a
LOAD /Users/gregory/.platformio/packages/toolchain-gccarmnoneeabi/bin/../lib/gcc/arm-none-eabi/7.2.1/../../../../arm-none-eabi/lib/thumb/v6-m/libnosys.a
END GROUP
LOAD /Users/gregory/.platformio/packages/toolchain-gccarmnoneeabi/bin/../lib/gcc/arm-none-eabi/7.2.1/thumb/v6-m/crtend.o
LOAD /Users/gregory/.platformio/packages/toolchain-gccarmnoneeabi/bin/../lib/gcc/arm-none-eabi/7.2.1/thumb/v6-m/crtn.o
OUTPUT(.pio/build/adafruit_feather_m0/firmware.elf elf32-littlearm)

.ARM.attributes
                0x0000000000000000       0x28
 .ARM.attributes
                0x0000000000000000       0x1e /Users/gregory/.platformio/packages/toolchain-gccarmnoneeabi/bin/../lib/gcc/arm-none-eabi/7.2.1/thumb/v6-m/crti.o
 .ARM.attributes
                0x000000000000001e       0x2c /Users/gregory/.platformio/packages/toolchain-gccarmnoneeabi/bin/../lib/gcc/arm-none-eabi/7.2.1/thumb/v6-m/crtbegin.o
 .ARM.attributes
                0x000000000000004a       0x32 .pio/build/adafruit_feather_m0/src/debug.o
 .ARM.attributes
                0x000000000000007c       0x32 .pio/build/adafruit_feather_m0/src/help.o
 .ARM.attributes
                0x00000000000000ae       0x32 .pio/build/adafruit_feather_m0/src/list.o
 .ARM.attributes
                0x00000000000000e0       0x32 .pio/build/adafruit_feather_m0/src/main.o
 .ARM.attributes
                0x0000000000000112       0x32 .pio/build/adafruit_feather_m0/src/preview.o
 .ARM.attributes
                0x0000000000000144       0x32 .pio/build/adafruit_feather_m0/src/program.o
 .ARM.attributes
                0x0000000000000176       0x32 .pio/build/adafruit_feather_m0/src/turtle.o
 .ARM.attributes
                0x00000000000001a8       0x32 .pio/build/adafruit_feather_m0/lib674/libfeather.a(error.o)
 .ARM.attributes
                0x00000000000001da       0x32 .pio/build/adafruit_feather_m0/lib674/libfeather.a(font.o)
 .ARM.attributes
                0x000000000000020c       0x32 .pio/build/adafruit_feather_m0/lib674/libfeather.a(image.o)
 .ARM.attributes
                0x000000000000023e       0x32 .pio/build/adafruit_feather_m0/lib674/libfeather.a(init.o)
 .ARM.attributes
                0x0000000000000270       0x32 .pio/build/adafruit_feather_m0/lib674/libfeather.a(input.o)
 .ARM.attributes
                0x00000000000002a2       0x32 .pio/build/adafruit_feather_m0/lib674/libfeather.a(lcd.o)
 .ARM.attributes
                0x00000000000002d4       0x32 .pio/build/adafruit_feather_m0/lib674/libfeather.a(program.o)
 .ARM.attributes
                0x0000000000000306       0x32 .pio/build/adafruit_feather_m0/lib674/libfeather.a(dir.o)
 .ARM.attributes
                0x0000000000000338       0x32 .pio/build/adafruit_feather_m0/lib674/libfeather.a(file.o)
 .ARM.attributes
                0x000000000000036a       0x32 .pio/build/adafruit_feather_m0/lib674/libfeather.a(sd.o)
 .ARM.attributes
                0x000000000000039c       0x32 .pio/build/adafruit_feather_m0/lib674/libfeather.a(startup.o)
 .ARM.attributes
                0x00000000000003ce       0x32 .pio/build/adafruit_feather_m0/lib674/libfeather.a(text.o)
 .ARM.attributes
                0x0000000000000400       0x32 .pio/build/adafruit_feather_m0/lib674/libfeather.a(timer.o)
 .ARM.attributes
                0x0000000000000432       0x32 .pio/build/adafruit_feather_m0/lib674/libfeather.a(usb.o)
 .ARM.attributes
                0x0000000000000464       0x32 .pio/build/adafruit_feather_m0/lib674/libfeather.a(dma.o)
 .ARM.attributes
                0x0000000000000496       0x32 .pio/build/adafruit_feather_m0/lib674/libfeather.a(serial.o)
 .ARM.attributes
                0x00000000000004c8       0x32 .pio/build/adafruit_feather_m0/lib674/libfeather.a(handlers.o)
 .ARM.attributes
                0x00000000000004fa       0x32 .pio/build/adafruit_feather_m0/lib674/libfeather.a(debug.o)
 .ARM.attributes
                0x000000000000052c       0x32 .pio/build/adafruit_feather_m0/lib674/libfeather.a(descriptors.o)
 .ARM.attributes
                0x000000000000055e       0x2c /Users/gregory/.platformio/packages/toolchain-gccarmnoneeabi/bin/../lib/gcc/arm-none-eabi/7.2.1/../../../../arm-none-eabi/lib/thumb/v6-m/libstdc++_nano.a(new_op.o)
 .ARM.attributes
                0x000000000000058a       0x2c /Users/gregory/.platformio/packages/toolchain-gccarmnoneeabi/bin/../lib/gcc/arm-none-eabi/7.2.1/../../../../arm-none-eabi/lib/thumb/v6-m/libstdc++_nano.a(new_handler.o)
 .ARM.attributes
                0x00000000000005b6       0x2c /Users/gregory/.platformio/packages/toolchain-gccarmnoneeabi/bin/../lib/gcc/arm-none-eabi/7.2.1/../../../../arm-none-eabi/lib/thumb/v6-m/libc_nano.a(lib_a-abort.o)
 .ARM.attributes
                0x00000000000005e2       0x2c /Users/gregory/.platformio/packages/toolchain-gccarmnoneeabi/bin/../lib/gcc/arm-none-eabi/7.2.1/../../../../arm-none-eabi/lib/thumb/v6-m/libc_nano.a(lib_a-impure.o)
 .ARM.attributes
                0x000000000000060e       0x2c /Users/gregory/.platformio/packages/toolchain-gccarmnoneeabi/bin/../lib/gcc/arm-none-eabi/7.2.1/../../../../arm-none-eabi/lib/thumb/v6-m/libc_nano.a(lib_a-init.o)
 .ARM.attributes
                0x000000000000063a       0x2c /Users/gregory/.platformio/packages/toolchain-gccarmnoneeabi/bin/../lib/gcc/arm-none-eabi/7.2.1/../../../../arm-none-eabi/lib/thumb/v6-m/libc_nano.a(lib_a-malloc.o)
 .ARM.attributes
                0x0000000000000666       0x2c /Users/gregory/.platformio/packages/toolchain-gccarmnoneeabi/bin/../lib/gcc/arm-none-eabi/7.2.1/../../../../arm-none-eabi/lib/thumb/v6-m/libc_nano.a(lib_a-memcpy-stub.o)
 .ARM.attributes
                0x0000000000000692       0x2c /Users/gregory/.platformio/packages/toolchain-gccarmnoneeabi/bin/../lib/gcc/arm-none-eabi/7.2.1/../../../../arm-none-eabi/lib/thumb/v6-m/libc_nano.a(lib_a-memset.o)
 .ARM.attributes
                0x00000000000006be       0x2c /Users/gregory/.platformio/packages/toolchain-gccarmnoneeabi/bin/../lib/gcc/arm-none-eabi/7.2.1/../../../../arm-none-eabi/lib/thumb/v6-m/libc_nano.a(lib_a-nano-mallocr.o)
 .ARM.attributes
                0x00000000000006ea       0x2c /Users/gregory/.platformio/packages/toolchain-gccarmnoneeabi/bin/../lib/gcc/arm-none-eabi/7.2.1/../../../../arm-none-eabi/lib/thumb/v6-m/libc_nano.a(lib_a-sbrkr.o)
 .ARM.attributes
                0x0000000000000716       0x2c /Users/gregory/.platformio/packages/toolchain-gccarmnoneeabi/bin/../lib/gcc/arm-none-eabi/7.2.1/../../../../arm-none-eabi/lib/thumb/v6-m/libc_nano.a(lib_a-signal.o)
 .ARM.attributes
                0x0000000000000742       0x2c /Users/gregory/.platformio/packages/toolchain-gccarmnoneeabi/bin/../lib/gcc/arm-none-eabi/7.2.1/../../../../arm-none-eabi/lib/thumb/v6-m/libc_nano.a(lib_a-signalr.o)
 .ARM.attributes
                0x000000000000076e       0x2c /Users/gregory/.platformio/packages/toolchain-gccarmnoneeabi/bin/../lib/gcc/arm-none-eabi/7.2.1/../../../../arm-none-eabi/lib/thumb/v6-m/libc_nano.a(lib_a-mlock.o)
 .ARM.attributes
                0x000000000000079a       0x2c /Users/gregory/.platformio/packages/toolchain-gccarmnoneeabi/bin/../lib/gcc/arm-none-eabi/7.2.1/../../../../arm-none-eabi/lib/thumb/v6-m/libc_nano.a(lib_a-reent.o)
 .ARM.attributes
                0x00000000000007c6       0x2c /Users/gregory/.platformio/packages/toolchain-gccarmnoneeabi/bin/../lib/gcc/arm-none-eabi/7.2.1/../../../../arm-none-eabi/lib/thumb/v6-m/libnosys.a(getpid.o)
 .ARM.attributes
                0x00000000000007f2       0x2c /Users/gregory/.platformio/packages/toolchain-gccarmnoneeabi/bin/../lib/gcc/arm-none-eabi/7.2.1/../../../../arm-none-eabi/lib/thumb/v6-m/libnosys.a(kill.o)
 .ARM.attributes
                0x000000000000081e       0x2c /Users/gregory/.platformio/packages/toolchain-gccarmnoneeabi/bin/../lib/gcc/arm-none-eabi/7.2.1/../../../../arm-none-eabi/lib/thumb/v6-m/libnosys.a(sbrk.o)
 .ARM.attributes
                0x000000000000084a       0x2c /Users/gregory/.platformio/packages/toolchain-gccarmnoneeabi/bin/../lib/gcc/arm-none-eabi/7.2.1/../../../../arm-none-eabi/lib/thumb/v6-m/libnosys.a(_exit.o)
 .ARM.attributes
                0x0000000000000876       0x1e /Users/gregory/.platformio/packages/toolchain-gccarmnoneeabi/bin/../lib/gcc/arm-none-eabi/7.2.1/thumb/v6-m/crtn.o

.comment        0x0000000000000000       0x7e
 .comment       0x0000000000000000       0x7e .pio/build/adafruit_feather_m0/src/debug.o
                                         0x7f (size before relaxing)
 .comment       0x000000000000007e       0x7f .pio/build/adafruit_feather_m0/src/help.o
 .comment       0x000000000000007e       0x7f .pio/build/adafruit_feather_m0/src/list.o
 .comment       0x000000000000007e       0x7f .pio/build/adafruit_feather_m0/src/main.o
 .comment       0x000000000000007e       0x7f .pio/build/adafruit_feather_m0/src/preview.o
 .comment       0x000000000000007e       0x7f .pio/build/adafruit_feather_m0/src/program.o
 .comment       0x000000000000007e       0x7f .pio/build/adafruit_feather_m0/src/turtle.o
 .comment       0x000000000000007e       0x7f .pio/build/adafruit_feather_m0/lib674/libfeather.a(error.o)
 .comment       0x000000000000007e       0x7f .pio/build/adafruit_feather_m0/lib674/libfeather.a(font.o)
 .comment       0x000000000000007e       0x7f .pio/build/adafruit_feather_m0/lib674/libfeather.a(image.o)
 .comment       0x000000000000007e       0x7f .pio/build/adafruit_feather_m0/lib674/libfeather.a(init.o)
 .comment       0x000000000000007e       0x7f .pio/build/adafruit_feather_m0/lib674/libfeather.a(input.o)
 .comment       0x000000000000007e       0x7f .pio/build/adafruit_feather_m0/lib674/libfeather.a(lcd.o)
 .comment       0x000000000000007e       0x7f .pio/build/adafruit_feather_m0/lib674/libfeather.a(program.o)
 .comment       0x000000000000007e       0x7f .pio/build/adafruit_feather_m0/lib674/libfeather.a(dir.o)
 .comment       0x000000000000007e       0x7f .pio/build/adafruit_feather_m0/lib674/libfeather.a(file.o)
 .comment       0x000000000000007e       0x7f .pio/build/adafruit_feather_m0/lib674/libfeather.a(sd.o)
 .comment       0x000000000000007e       0x7f .pio/build/adafruit_feather_m0/lib674/libfeather.a(startup.o)
 .comment       0x000000000000007e       0x7f .pio/build/adafruit_feather_m0/lib674/libfeather.a(text.o)
 .comment       0x000000000000007e       0x7f .pio/build/adafruit_feather_m0/lib674/libfeather.a(timer.o)
 .comment       0x000000000000007e       0x7f .pio/build/adafruit_feather_m0/lib674/libfeather.a(usb.o)
 .comment       0x000000000000007e       0x7f .pio/build/adafruit_feather_m0/lib674/libfeather.a(dma.o)
 .comment       0x000000000000007e       0x7f .pio/build/adafruit_feather_m0/lib674/libfeather.a(serial.o)
 .comment       0x000000000000007e       0x7f .pio/build/adafruit_feather_m0/lib674/libfeather.a(handlers.o)
 .comment       0x000000000000007e       0x7f .pio/build/adafruit_feather_m0/lib674/libfeather.a(debug.o)
 .comment       0x000000000000007e       0x7f .pio/build/adafruit_feather_m0/lib674/libfeather.a(descriptors.o)

.debug_frame    0x0000000000000000      0x3a8
 .debug_frame   0x0000000000000000       0x28 /Users/gregory/.platformio/packages/toolchain-gccarmnoneeabi/bin/../lib/gcc/arm-none-eabi/7.2.1/../../../../arm-none-eabi/lib/thumb/v6-m/libstdc++_nano.a(new_op.o)
 .debug_frame   0x0000000000000028       0x30 /Users/gregory/.platformio/packages/toolchain-gccarmnoneeabi/bin/../lib/gcc/arm-none-eabi/7.2.1/../../../../arm-none-eabi/lib/thumb/v6-m/libstdc++_nano.a(new_handler.o)
 .debug_frame   0x0000000000000058       0x28 /Users/gregory/.platformio/packages/toolchain-gccarmnoneeabi/bin/../lib/gcc/arm-none-eabi/7.2.1/../../../../arm-none-eabi/lib/thumb/v6-m/libc_nano.a(lib_a-abort.o)
 .debug_frame   0x0000000000000080       0x2c /Users/gregory/.platformio/packages/toolchain-gccarmnoneeabi/bin/../lib/gcc/arm-none-eabi/7.2.1/../../../../arm-none-eabi/lib/thumb/v6-m/libc_nano.a(lib_a-init.o)
 .debug_frame   0x00000000000000ac       0x40 /Users/gregory/.platformio/packages/toolchain-gccarmnoneeabi/bin/../lib/gcc/arm-none-eabi/7.2.1/../../../../arm-none-eabi/lib/thumb/v6-m/libc_nano.a(lib_a-malloc.o)
 .debug_frame   0x00000000000000ec       0x28 /Users/gregory/.platformio/packages/toolchain-gccarmnoneeabi/bin/../lib/gcc/arm-none-eabi/7.2.1/../../../../arm-none-eabi/lib/thumb/v6-m/libc_nano.a(lib_a-memcpy-stub.o)
 .debug_frame   0x0000000000000114       0x20 /Users/gregory/.platformio/packages/toolchain-gccarmnoneeabi/bin/../lib/gcc/arm-none-eabi/7.2.1/../../../../arm-none-eabi/lib/thumb/v6-m/libc_nano.a(lib_a-memset.o)
 .debug_frame   0x0000000000000134       0x2c /Users/gregory/.platformio/packages/toolchain-gccarmnoneeabi/bin/../lib/gcc/arm-none-eabi/7.2.1/../../../../arm-none-eabi/lib/thumb/v6-m/libc_nano.a(lib_a-nano-mallocr.o)
 .debug_frame   0x0000000000000160       0x2c /Users/gregory/.platformio/packages/toolchain-gccarmnoneeabi/bin/../lib/gcc/arm-none-eabi/7.2.1/../../../../arm-none-eabi/lib/thumb/v6-m/libc_nano.a(lib_a-sbrkr.o)
 .debug_frame   0x000000000000018c       0xe0 /Users/gregory/.platformio/packages/toolchain-gccarmnoneeabi/bin/../lib/gcc/arm-none-eabi/7.2.1/../../../../arm-none-eabi/lib/thumb/v6-m/libc_nano.a(lib_a-signal.o)
 .debug_frame   0x000000000000026c       0x44 /Users/gregory/.platformio/packages/toolchain-gccarmnoneeabi/bin/../lib/gcc/arm-none-eabi/7.2.1/../../../../arm-none-eabi/lib/thumb/v6-m/libc_nano.a(lib_a-signalr.o)
 .debug_frame   0x00000000000002b0       0x30 /Users/gregory/.platformio/packages/toolchain-gccarmnoneeabi/bin/../lib/gcc/arm-none-eabi/7.2.1/../../../../arm-none-eabi/lib/thumb/v6-m/libc_nano.a(lib_a-mlock.o)
 .debug_frame   0x00000000000002e0       0x48 /Users/gregory/.platformio/packages/toolchain-gccarmnoneeabi/bin/../lib/gcc/arm-none-eabi/7.2.1/../../../../arm-none-eabi/lib/thumb/v6-m/libc_nano.a(lib_a-reent.o)
 .debug_frame   0x0000000000000328       0x20 /Users/gregory/.platformio/packages/toolchain-gccarmnoneeabi/bin/../lib/gcc/arm-none-eabi/7.2.1/../../../../arm-none-eabi/lib/thumb/v6-m/libnosys.a(getpid.o)
 .debug_frame   0x0000000000000348       0x20 /Users/gregory/.platformio/packages/toolchain-gccarmnoneeabi/bin/../lib/gcc/arm-none-eabi/7.2.1/../../../../arm-none-eabi/lib/thumb/v6-m/libnosys.a(kill.o)
 .debug_frame   0x0000000000000368       0x20 /Users/gregory/.platformio/packages/toolchain-gccarmnoneeabi/bin/../lib/gcc/arm-none-eabi/7.2.1/../../../../arm-none-eabi/lib/thumb/v6-m/libnosys.a(sbrk.o)
 .debug_frame   0x0000000000000388       0x20 /Users/gregory/.platformio/packages/toolchain-gccarmnoneeabi/bin/../lib/gcc/arm-none-eabi/7.2.1/../../../../arm-none-eabi/lib/thumb/v6-m/libnosys.a(_exit.o)

.stab           0x0000000000000000       0x3c
 .stab          0x0000000000000000       0x24 /Users/gregory/.platformio/packages/toolchain-gccarmnoneeabi/bin/../lib/gcc/arm-none-eabi/7.2.1/../../../../arm-none-eabi/lib/thumb/v6-m/libnosys.a(getpid.o)
 .stab          0x0000000000000024       0x18 /Users/gregory/.platformio/packages/toolchain-gccarmnoneeabi/bin/../lib/gcc/arm-none-eabi/7.2.1/../../../../arm-none-eabi/lib/thumb/v6-m/libnosys.a(kill.o)
                                         0x24 (size before relaxing)

.stabstr        0x0000000000000000       0x76
 .stabstr       0x0000000000000000       0x76 /Users/gregory/.platformio/packages/toolchain-gccarmnoneeabi/bin/../lib/gcc/arm-none-eabi/7.2.1/../../../../arm-none-eabi/lib/thumb/v6-m/libnosys.a(getpid.o)
