Archive member included to satisfy reference by file (symbol)

.pio/build/adafruit_feather_m0/libf4c/libfeather.a(font.o)
                              .pio/build/adafruit_feather_m0/src/log.o (DEFAULT_PALETTE)
.pio/build/adafruit_feather_m0/libf4c/libfeather.a(init.o)
                              .pio/build/adafruit_feather_m0/src/main.o (Feather::init())
.pio/build/adafruit_feather_m0/libf4c/libfeather.a(input.o)
                              .pio/build/adafruit_feather_m0/libf4c/libfeather.a(init.o) (Input::init())
.pio/build/adafruit_feather_m0/libf4c/libfeather.a(lcd.o)
                              .pio/build/adafruit_feather_m0/libf4c/libfeather.a(init.o) (LCD::init())
.pio/build/adafruit_feather_m0/libf4c/libfeather.a(sd.o)
                              .pio/build/adafruit_feather_m0/libf4c/libfeather.a(init.o) (SD::init())
.pio/build/adafruit_feather_m0/libf4c/libfeather.a(startup.o)
                              (Reset_Handler)
.pio/build/adafruit_feather_m0/libf4c/libfeather.a(text.o)
                              .pio/build/adafruit_feather_m0/src/log.o (LCD::print(unsigned char const*, unsigned short const*, unsigned short, unsigned short, char const*))
.pio/build/adafruit_feather_m0/libf4c/libfeather.a(timer.o)
                              .pio/build/adafruit_feather_m0/libf4c/libfeather.a(init.o) (initSleep())
.pio/build/adafruit_feather_m0/libf4c/libfeather.a(dma.o)
                              .pio/build/adafruit_feather_m0/libf4c/libfeather.a(init.o) (DMA::start())
.pio/build/adafruit_feather_m0/libf4c/libfeather.a(error.o)
                              .pio/build/adafruit_feather_m0/libf4c/libfeather.a(sd.o) (error(char const*, char const*))
/Users/gregory/.platformio/packages/toolchain-gccarmnoneeabi/bin/../lib/gcc/arm-none-eabi/7.2.1/../../../../arm-none-eabi/lib/thumb/v6-m/libstdc++_nano.a(new_op.o)
                              .pio/build/adafruit_feather_m0/libf4c/libfeather.a(input.o) (operator new(unsigned int))
/Users/gregory/.platformio/packages/toolchain-gccarmnoneeabi/bin/../lib/gcc/arm-none-eabi/7.2.1/../../../../arm-none-eabi/lib/thumb/v6-m/libstdc++_nano.a(new_handler.o)
                              /Users/gregory/.platformio/packages/toolchain-gccarmnoneeabi/bin/../lib/gcc/arm-none-eabi/7.2.1/../../../../arm-none-eabi/lib/thumb/v6-m/libstdc++_nano.a(new_op.o) (std::get_new_handler())
/Users/gregory/.platformio/packages/toolchain-gccarmnoneeabi/bin/../lib/gcc/arm-none-eabi/7.2.1/thumb/v6-m/libgcc.a(_udivsi3.o)
                              .pio/build/adafruit_feather_m0/src/log.o (__aeabi_uidivmod)
/Users/gregory/.platformio/packages/toolchain-gccarmnoneeabi/bin/../lib/gcc/arm-none-eabi/7.2.1/thumb/v6-m/libgcc.a(_divsi3.o)
                              .pio/build/adafruit_feather_m0/src/log.o (__aeabi_idivmod)
/Users/gregory/.platformio/packages/toolchain-gccarmnoneeabi/bin/../lib/gcc/arm-none-eabi/7.2.1/thumb/v6-m/libgcc.a(_dvmd_tls.o)
                              /Users/gregory/.platformio/packages/toolchain-gccarmnoneeabi/bin/../lib/gcc/arm-none-eabi/7.2.1/thumb/v6-m/libgcc.a(_udivsi3.o) (__aeabi_idiv0)
/Users/gregory/.platformio/packages/toolchain-gccarmnoneeabi/bin/../lib/gcc/arm-none-eabi/7.2.1/../../../../arm-none-eabi/lib/thumb/v6-m/libc_nano.a(lib_a-abort.o)
                              /Users/gregory/.platformio/packages/toolchain-gccarmnoneeabi/bin/../lib/gcc/arm-none-eabi/7.2.1/../../../../arm-none-eabi/lib/thumb/v6-m/libstdc++_nano.a(new_op.o) (abort)
/Users/gregory/.platformio/packages/toolchain-gccarmnoneeabi/bin/../lib/gcc/arm-none-eabi/7.2.1/../../../../arm-none-eabi/lib/thumb/v6-m/libc_nano.a(lib_a-exit.o)
                              /Users/gregory/.platformio/packages/toolchain-gccarmnoneeabi/bin/../lib/gcc/arm-none-eabi/7.2.1/../../../../arm-none-eabi/lib/thumb/v6-m/crt0.o (exit)
/Users/gregory/.platformio/packages/toolchain-gccarmnoneeabi/bin/../lib/gcc/arm-none-eabi/7.2.1/../../../../arm-none-eabi/lib/thumb/v6-m/libc_nano.a(lib_a-impure.o)
                              /Users/gregory/.platformio/packages/toolchain-gccarmnoneeabi/bin/../lib/gcc/arm-none-eabi/7.2.1/../../../../arm-none-eabi/lib/thumb/v6-m/libc_nano.a(lib_a-exit.o) (_global_impure_ptr)
/Users/gregory/.platformio/packages/toolchain-gccarmnoneeabi/bin/../lib/gcc/arm-none-eabi/7.2.1/../../../../arm-none-eabi/lib/thumb/v6-m/libc_nano.a(lib_a-init.o)
                              /Users/gregory/.platformio/packages/toolchain-gccarmnoneeabi/bin/../lib/gcc/arm-none-eabi/7.2.1/../../../../arm-none-eabi/lib/thumb/v6-m/crt0.o (__libc_init_array)
/Users/gregory/.platformio/packages/toolchain-gccarmnoneeabi/bin/../lib/gcc/arm-none-eabi/7.2.1/../../../../arm-none-eabi/lib/thumb/v6-m/libc_nano.a(lib_a-malloc.o)
                              /Users/gregory/.platformio/packages/toolchain-gccarmnoneeabi/bin/../lib/gcc/arm-none-eabi/7.2.1/../../../../arm-none-eabi/lib/thumb/v6-m/libstdc++_nano.a(new_op.o) (malloc)
/Users/gregory/.platformio/packages/toolchain-gccarmnoneeabi/bin/../lib/gcc/arm-none-eabi/7.2.1/../../../../arm-none-eabi/lib/thumb/v6-m/libc_nano.a(lib_a-memcpy-stub.o)
                              .pio/build/adafruit_feather_m0/src/usb_handlers.o (memcpy)
/Users/gregory/.platformio/packages/toolchain-gccarmnoneeabi/bin/../lib/gcc/arm-none-eabi/7.2.1/../../../../arm-none-eabi/lib/thumb/v6-m/libc_nano.a(lib_a-memset.o)
                              /Users/gregory/.platformio/packages/toolchain-gccarmnoneeabi/bin/../lib/gcc/arm-none-eabi/7.2.1/../../../../arm-none-eabi/lib/thumb/v6-m/crt0.o (memset)
/Users/gregory/.platformio/packages/toolchain-gccarmnoneeabi/bin/../lib/gcc/arm-none-eabi/7.2.1/../../../../arm-none-eabi/lib/thumb/v6-m/libc_nano.a(lib_a-nano-freer.o)
                              /Users/gregory/.platformio/packages/toolchain-gccarmnoneeabi/bin/../lib/gcc/arm-none-eabi/7.2.1/../../../../arm-none-eabi/lib/thumb/v6-m/libc_nano.a(lib_a-malloc.o) (_free_r)
/Users/gregory/.platformio/packages/toolchain-gccarmnoneeabi/bin/../lib/gcc/arm-none-eabi/7.2.1/../../../../arm-none-eabi/lib/thumb/v6-m/libc_nano.a(lib_a-nano-mallocr.o)
                              /Users/gregory/.platformio/packages/toolchain-gccarmnoneeabi/bin/../lib/gcc/arm-none-eabi/7.2.1/../../../../arm-none-eabi/lib/thumb/v6-m/libc_nano.a(lib_a-malloc.o) (_malloc_r)
/Users/gregory/.platformio/packages/toolchain-gccarmnoneeabi/bin/../lib/gcc/arm-none-eabi/7.2.1/../../../../arm-none-eabi/lib/thumb/v6-m/libc_nano.a(lib_a-sbrkr.o)
                              /Users/gregory/.platformio/packages/toolchain-gccarmnoneeabi/bin/../lib/gcc/arm-none-eabi/7.2.1/../../../../arm-none-eabi/lib/thumb/v6-m/libc_nano.a(lib_a-nano-mallocr.o) (_sbrk_r)
/Users/gregory/.platformio/packages/toolchain-gccarmnoneeabi/bin/../lib/gcc/arm-none-eabi/7.2.1/../../../../arm-none-eabi/lib/thumb/v6-m/libc_nano.a(lib_a-signal.o)
                              /Users/gregory/.platformio/packages/toolchain-gccarmnoneeabi/bin/../lib/gcc/arm-none-eabi/7.2.1/../../../../arm-none-eabi/lib/thumb/v6-m/libc_nano.a(lib_a-abort.o) (raise)
/Users/gregory/.platformio/packages/toolchain-gccarmnoneeabi/bin/../lib/gcc/arm-none-eabi/7.2.1/../../../../arm-none-eabi/lib/thumb/v6-m/libc_nano.a(lib_a-signalr.o)
                              /Users/gregory/.platformio/packages/toolchain-gccarmnoneeabi/bin/../lib/gcc/arm-none-eabi/7.2.1/../../../../arm-none-eabi/lib/thumb/v6-m/libc_nano.a(lib_a-signal.o) (_kill_r)
/Users/gregory/.platformio/packages/toolchain-gccarmnoneeabi/bin/../lib/gcc/arm-none-eabi/7.2.1/../../../../arm-none-eabi/lib/thumb/v6-m/libc_nano.a(lib_a-mlock.o)
                              /Users/gregory/.platformio/packages/toolchain-gccarmnoneeabi/bin/../lib/gcc/arm-none-eabi/7.2.1/../../../../arm-none-eabi/lib/thumb/v6-m/libc_nano.a(lib_a-nano-freer.o) (__malloc_lock)
/Users/gregory/.platformio/packages/toolchain-gccarmnoneeabi/bin/../lib/gcc/arm-none-eabi/7.2.1/../../../../arm-none-eabi/lib/thumb/v6-m/libc_nano.a(lib_a-reent.o)
                              /Users/gregory/.platformio/packages/toolchain-gccarmnoneeabi/bin/../lib/gcc/arm-none-eabi/7.2.1/../../../../arm-none-eabi/lib/thumb/v6-m/libc_nano.a(lib_a-sbrkr.o) (errno)
/Users/gregory/.platformio/packages/toolchain-gccarmnoneeabi/bin/../lib/gcc/arm-none-eabi/7.2.1/../../../../arm-none-eabi/lib/thumb/v6-m/libnosys.a(getpid.o)
                              /Users/gregory/.platformio/packages/toolchain-gccarmnoneeabi/bin/../lib/gcc/arm-none-eabi/7.2.1/../../../../arm-none-eabi/lib/thumb/v6-m/libc_nano.a(lib_a-signalr.o) (_getpid)
/Users/gregory/.platformio/packages/toolchain-gccarmnoneeabi/bin/../lib/gcc/arm-none-eabi/7.2.1/../../../../arm-none-eabi/lib/thumb/v6-m/libnosys.a(kill.o)
                              /Users/gregory/.platformio/packages/toolchain-gccarmnoneeabi/bin/../lib/gcc/arm-none-eabi/7.2.1/../../../../arm-none-eabi/lib/thumb/v6-m/libc_nano.a(lib_a-signalr.o) (_kill)
/Users/gregory/.platformio/packages/toolchain-gccarmnoneeabi/bin/../lib/gcc/arm-none-eabi/7.2.1/../../../../arm-none-eabi/lib/thumb/v6-m/libnosys.a(sbrk.o)
                              /Users/gregory/.platformio/packages/toolchain-gccarmnoneeabi/bin/../lib/gcc/arm-none-eabi/7.2.1/../../../../arm-none-eabi/lib/thumb/v6-m/libc_nano.a(lib_a-sbrkr.o) (_sbrk)
/Users/gregory/.platformio/packages/toolchain-gccarmnoneeabi/bin/../lib/gcc/arm-none-eabi/7.2.1/../../../../arm-none-eabi/lib/thumb/v6-m/libnosys.a(_exit.o)
                              /Users/gregory/.platformio/packages/toolchain-gccarmnoneeabi/bin/../lib/gcc/arm-none-eabi/7.2.1/../../../../arm-none-eabi/lib/thumb/v6-m/libc_nano.a(lib_a-abort.o) (_exit)

Allocating common symbols
Common symbol       size              file

errno               0x4               /Users/gregory/.platformio/packages/toolchain-gccarmnoneeabi/bin/../lib/gcc/arm-none-eabi/7.2.1/../../../../arm-none-eabi/lib/thumb/v6-m/libc_nano.a(lib_a-reent.o)

Discarded input sections

 .text          0x0000000000000000        0x0 /Users/gregory/.platformio/packages/toolchain-gccarmnoneeabi/bin/../lib/gcc/arm-none-eabi/7.2.1/thumb/v6-m/crti.o
 .data          0x0000000000000000        0x0 /Users/gregory/.platformio/packages/toolchain-gccarmnoneeabi/bin/../lib/gcc/arm-none-eabi/7.2.1/thumb/v6-m/crti.o
 .bss           0x0000000000000000        0x0 /Users/gregory/.platformio/packages/toolchain-gccarmnoneeabi/bin/../lib/gcc/arm-none-eabi/7.2.1/thumb/v6-m/crti.o
 .data          0x0000000000000000        0x4 /Users/gregory/.platformio/packages/toolchain-gccarmnoneeabi/bin/../lib/gcc/arm-none-eabi/7.2.1/thumb/v6-m/crtbegin.o
 .text          0x0000000000000000       0x78 /Users/gregory/.platformio/packages/toolchain-gccarmnoneeabi/bin/../lib/gcc/arm-none-eabi/7.2.1/../../../../arm-none-eabi/lib/thumb/v6-m/crt0.o
 .data          0x0000000000000000        0x0 /Users/gregory/.platformio/packages/toolchain-gccarmnoneeabi/bin/../lib/gcc/arm-none-eabi/7.2.1/../../../../arm-none-eabi/lib/thumb/v6-m/crt0.o
 .bss           0x0000000000000000        0x0 /Users/gregory/.platformio/packages/toolchain-gccarmnoneeabi/bin/../lib/gcc/arm-none-eabi/7.2.1/../../../../arm-none-eabi/lib/thumb/v6-m/crt0.o
 .ARM.extab     0x0000000000000000        0x0 /Users/gregory/.platformio/packages/toolchain-gccarmnoneeabi/bin/../lib/gcc/arm-none-eabi/7.2.1/../../../../arm-none-eabi/lib/thumb/v6-m/crt0.o
 .ARM.exidx     0x0000000000000000        0x8 /Users/gregory/.platformio/packages/toolchain-gccarmnoneeabi/bin/../lib/gcc/arm-none-eabi/7.2.1/../../../../arm-none-eabi/lib/thumb/v6-m/crt0.o
 .ARM.attributes
                0x0000000000000000       0x1b /Users/gregory/.platformio/packages/toolchain-gccarmnoneeabi/bin/../lib/gcc/arm-none-eabi/7.2.1/../../../../arm-none-eabi/lib/thumb/v6-m/crt0.o
 .text          0x0000000000000000        0x0 .pio/build/adafruit_feather_m0/src/log.o
 .data          0x0000000000000000        0x0 .pio/build/adafruit_feather_m0/src/log.o
 .bss           0x0000000000000000        0x0 .pio/build/adafruit_feather_m0/src/log.o
 .text._ZN3Log7printlnEh
                0x0000000000000000       0x40 .pio/build/adafruit_feather_m0/src/log.o
 .text          0x0000000000000000        0x0 .pio/build/adafruit_feather_m0/src/main.o
 .data          0x0000000000000000        0x0 .pio/build/adafruit_feather_m0/src/main.o
 .bss           0x0000000000000000        0x0 .pio/build/adafruit_feather_m0/src/main.o
 .text          0x0000000000000000        0x0 .pio/build/adafruit_feather_m0/src/program.o
 .data          0x0000000000000000        0x0 .pio/build/adafruit_feather_m0/src/program.o
 .bss           0x0000000000000000        0x0 .pio/build/adafruit_feather_m0/src/program.o
 .text._Z10runProgramv
                0x0000000000000000       0x4c .pio/build/adafruit_feather_m0/src/program.o
 .comment       0x0000000000000000       0x7f .pio/build/adafruit_feather_m0/src/program.o
 .ARM.attributes
                0x0000000000000000       0x32 .pio/build/adafruit_feather_m0/src/program.o
 .text          0x0000000000000000        0x0 .pio/build/adafruit_feather_m0/src/turtle.o
 .data          0x0000000000000000        0x0 .pio/build/adafruit_feather_m0/src/turtle.o
 .bss           0x0000000000000000        0x0 .pio/build/adafruit_feather_m0/src/turtle.o
 .rodata.turtle
                0x0000000000000000      0x9ab .pio/build/adafruit_feather_m0/src/turtle.o
 .comment       0x0000000000000000       0x7f .pio/build/adafruit_feather_m0/src/turtle.o
 .ARM.attributes
                0x0000000000000000       0x32 .pio/build/adafruit_feather_m0/src/turtle.o
 .text          0x0000000000000000        0x0 .pio/build/adafruit_feather_m0/src/usb.o
 .data          0x0000000000000000        0x0 .pio/build/adafruit_feather_m0/src/usb.o
 .bss           0x0000000000000000        0x0 .pio/build/adafruit_feather_m0/src/usb.o
 .text          0x0000000000000000        0x0 .pio/build/adafruit_feather_m0/src/usb_descriptors.o
 .data          0x0000000000000000        0x0 .pio/build/adafruit_feather_m0/src/usb_descriptors.o
 .bss           0x0000000000000000        0x0 .pio/build/adafruit_feather_m0/src/usb_descriptors.o
 .text          0x0000000000000000        0x0 .pio/build/adafruit_feather_m0/src/usb_handlers.o
 .data          0x0000000000000000        0x0 .pio/build/adafruit_feather_m0/src/usb_handlers.o
 .bss           0x0000000000000000        0x0 .pio/build/adafruit_feather_m0/src/usb_handlers.o
 .text          0x0000000000000000        0x0 .pio/build/adafruit_feather_m0/libf4c/libfeather.a(font.o)
 .data          0x0000000000000000        0x0 .pio/build/adafruit_feather_m0/libf4c/libfeather.a(font.o)
 .bss           0x0000000000000000        0x0 .pio/build/adafruit_feather_m0/libf4c/libfeather.a(font.o)
 .text          0x0000000000000000        0x0 .pio/build/adafruit_feather_m0/libf4c/libfeather.a(init.o)
 .data          0x0000000000000000        0x0 .pio/build/adafruit_feather_m0/libf4c/libfeather.a(init.o)
 .bss           0x0000000000000000        0x0 .pio/build/adafruit_feather_m0/libf4c/libfeather.a(init.o)
 .text          0x0000000000000000        0x0 .pio/build/adafruit_feather_m0/libf4c/libfeather.a(input.o)
 .data          0x0000000000000000        0x0 .pio/build/adafruit_feather_m0/libf4c/libfeather.a(input.o)
 .bss           0x0000000000000000        0x0 .pio/build/adafruit_feather_m0/libf4c/libfeather.a(input.o)
 .data._ZN5Input7DigitalE
                0x0000000000000000        0x4 .pio/build/adafruit_feather_m0/libf4c/libfeather.a(input.o)
 .text          0x0000000000000000        0x0 .pio/build/adafruit_feather_m0/libf4c/libfeather.a(lcd.o)
 .data          0x0000000000000000        0x0 .pio/build/adafruit_feather_m0/libf4c/libfeather.a(lcd.o)
 .bss           0x0000000000000000        0x0 .pio/build/adafruit_feather_m0/libf4c/libfeather.a(lcd.o)
 .group         0x0000000000000000        0xc .pio/build/adafruit_feather_m0/libf4c/libfeather.a(sd.o)
 .text          0x0000000000000000        0x0 .pio/build/adafruit_feather_m0/libf4c/libfeather.a(sd.o)
 .data          0x0000000000000000        0x0 .pio/build/adafruit_feather_m0/libf4c/libfeather.a(sd.o)
 .bss           0x0000000000000000        0x0 .pio/build/adafruit_feather_m0/libf4c/libfeather.a(sd.o)
 .text._ZN2SD7readFatEPm
                0x0000000000000000       0x20 .pio/build/adafruit_feather_m0/libf4c/libfeather.a(sd.o)
 .text._ZN2SD12nextDirEntryEP5FSDir
                0x0000000000000000       0x3c .pio/build/adafruit_feather_m0/libf4c/libfeather.a(sd.o)
 .text._ZN2SD12prevDirEntryEP5FSDirm
                0x0000000000000000       0x4c .pio/build/adafruit_feather_m0/libf4c/libfeather.a(sd.o)
 .text          0x0000000000000000        0x0 .pio/build/adafruit_feather_m0/libf4c/libfeather.a(startup.o)
 .data          0x0000000000000000        0x0 .pio/build/adafruit_feather_m0/libf4c/libfeather.a(startup.o)
 .bss           0x0000000000000000        0x0 .pio/build/adafruit_feather_m0/libf4c/libfeather.a(startup.o)
 .text          0x0000000000000000        0x0 .pio/build/adafruit_feather_m0/libf4c/libfeather.a(text.o)
 .data          0x0000000000000000        0x0 .pio/build/adafruit_feather_m0/libf4c/libfeather.a(text.o)
 .bss           0x0000000000000000        0x0 .pio/build/adafruit_feather_m0/libf4c/libfeather.a(text.o)
 .text._ZN3LCD8printHexEPKhPKttth
                0x0000000000000000       0xc0 .pio/build/adafruit_feather_m0/libf4c/libfeather.a(text.o)
 .text          0x0000000000000000        0x0 .pio/build/adafruit_feather_m0/libf4c/libfeather.a(timer.o)
 .data          0x0000000000000000        0x0 .pio/build/adafruit_feather_m0/libf4c/libfeather.a(timer.o)
 .bss           0x0000000000000000        0x0 .pio/build/adafruit_feather_m0/libf4c/libfeather.a(timer.o)
 .text._Z8sleep_mst
                0x0000000000000000       0x28 .pio/build/adafruit_feather_m0/libf4c/libfeather.a(timer.o)
 .text          0x0000000000000000        0x0 .pio/build/adafruit_feather_m0/libf4c/libfeather.a(dma.o)
 .data          0x0000000000000000        0x0 .pio/build/adafruit_feather_m0/libf4c/libfeather.a(dma.o)
 .bss           0x0000000000000000        0x0 .pio/build/adafruit_feather_m0/libf4c/libfeather.a(dma.o)
 .text          0x0000000000000000        0x0 .pio/build/adafruit_feather_m0/libf4c/libfeather.a(error.o)
 .data          0x0000000000000000        0x0 .pio/build/adafruit_feather_m0/libf4c/libfeather.a(error.o)
 .bss           0x0000000000000000        0x0 .pio/build/adafruit_feather_m0/libf4c/libfeather.a(error.o)
 .text          0x0000000000000000        0x0 /Users/gregory/.platformio/packages/toolchain-gccarmnoneeabi/bin/../lib/gcc/arm-none-eabi/7.2.1/../../../../arm-none-eabi/lib/thumb/v6-m/libstdc++_nano.a(new_op.o)
 .data          0x0000000000000000        0x0 /Users/gregory/.platformio/packages/toolchain-gccarmnoneeabi/bin/../lib/gcc/arm-none-eabi/7.2.1/../../../../arm-none-eabi/lib/thumb/v6-m/libstdc++_nano.a(new_op.o)
 .bss           0x0000000000000000        0x0 /Users/gregory/.platformio/packages/toolchain-gccarmnoneeabi/bin/../lib/gcc/arm-none-eabi/7.2.1/../../../../arm-none-eabi/lib/thumb/v6-m/libstdc++_nano.a(new_op.o)
 .text          0x0000000000000000        0x0 /Users/gregory/.platformio/packages/toolchain-gccarmnoneeabi/bin/../lib/gcc/arm-none-eabi/7.2.1/../../../../arm-none-eabi/lib/thumb/v6-m/libstdc++_nano.a(new_handler.o)
 .data          0x0000000000000000        0x0 /Users/gregory/.platformio/packages/toolchain-gccarmnoneeabi/bin/../lib/gcc/arm-none-eabi/7.2.1/../../../../arm-none-eabi/lib/thumb/v6-m/libstdc++_nano.a(new_handler.o)
 .bss           0x0000000000000000        0x0 /Users/gregory/.platformio/packages/toolchain-gccarmnoneeabi/bin/../lib/gcc/arm-none-eabi/7.2.1/../../../../arm-none-eabi/lib/thumb/v6-m/libstdc++_nano.a(new_handler.o)
 .text._ZSt15set_new_handlerPFvvE
                0x0000000000000000       0x10 /Users/gregory/.platformio/packages/toolchain-gccarmnoneeabi/bin/../lib/gcc/arm-none-eabi/7.2.1/../../../../arm-none-eabi/lib/thumb/v6-m/libstdc++_nano.a(new_handler.o)
 .rodata._ZSt7nothrow
                0x0000000000000000        0x1 /Users/gregory/.platformio/packages/toolchain-gccarmnoneeabi/bin/../lib/gcc/arm-none-eabi/7.2.1/../../../../arm-none-eabi/lib/thumb/v6-m/libstdc++_nano.a(new_handler.o)
 .text          0x0000000000000000      0x114 /Users/gregory/.platformio/packages/toolchain-gccarmnoneeabi/bin/../lib/gcc/arm-none-eabi/7.2.1/thumb/v6-m/libgcc.a(_udivsi3.o)
 .data          0x0000000000000000        0x0 /Users/gregory/.platformio/packages/toolchain-gccarmnoneeabi/bin/../lib/gcc/arm-none-eabi/7.2.1/thumb/v6-m/libgcc.a(_udivsi3.o)
 .bss           0x0000000000000000        0x0 /Users/gregory/.platformio/packages/toolchain-gccarmnoneeabi/bin/../lib/gcc/arm-none-eabi/7.2.1/thumb/v6-m/libgcc.a(_udivsi3.o)
 .debug_frame   0x0000000000000000       0x20 /Users/gregory/.platformio/packages/toolchain-gccarmnoneeabi/bin/../lib/gcc/arm-none-eabi/7.2.1/thumb/v6-m/libgcc.a(_udivsi3.o)
 .ARM.attributes
                0x0000000000000000       0x1e /Users/gregory/.platformio/packages/toolchain-gccarmnoneeabi/bin/../lib/gcc/arm-none-eabi/7.2.1/thumb/v6-m/libgcc.a(_udivsi3.o)
 .data          0x0000000000000000        0x0 /Users/gregory/.platformio/packages/toolchain-gccarmnoneeabi/bin/../lib/gcc/arm-none-eabi/7.2.1/thumb/v6-m/libgcc.a(_divsi3.o)
 .bss           0x0000000000000000        0x0 /Users/gregory/.platformio/packages/toolchain-gccarmnoneeabi/bin/../lib/gcc/arm-none-eabi/7.2.1/thumb/v6-m/libgcc.a(_divsi3.o)
 .data          0x0000000000000000        0x0 /Users/gregory/.platformio/packages/toolchain-gccarmnoneeabi/bin/../lib/gcc/arm-none-eabi/7.2.1/thumb/v6-m/libgcc.a(_dvmd_tls.o)
 .bss           0x0000000000000000        0x0 /Users/gregory/.platformio/packages/toolchain-gccarmnoneeabi/bin/../lib/gcc/arm-none-eabi/7.2.1/thumb/v6-m/libgcc.a(_dvmd_tls.o)
 .text          0x0000000000000000        0x0 /Users/gregory/.platformio/packages/toolchain-gccarmnoneeabi/bin/../lib/gcc/arm-none-eabi/7.2.1/../../../../arm-none-eabi/lib/thumb/v6-m/libc_nano.a(lib_a-abort.o)
 .data          0x0000000000000000        0x0 /Users/gregory/.platformio/packages/toolchain-gccarmnoneeabi/bin/../lib/gcc/arm-none-eabi/7.2.1/../../../../arm-none-eabi/lib/thumb/v6-m/libc_nano.a(lib_a-abort.o)
 .bss           0x0000000000000000        0x0 /Users/gregory/.platformio/packages/toolchain-gccarmnoneeabi/bin/../lib/gcc/arm-none-eabi/7.2.1/../../../../arm-none-eabi/lib/thumb/v6-m/libc_nano.a(lib_a-abort.o)
 .text          0x0000000000000000        0x0 /Users/gregory/.platformio/packages/toolchain-gccarmnoneeabi/bin/../lib/gcc/arm-none-eabi/7.2.1/../../../../arm-none-eabi/lib/thumb/v6-m/libc_nano.a(lib_a-exit.o)
 .data          0x0000000000000000        0x0 /Users/gregory/.platformio/packages/toolchain-gccarmnoneeabi/bin/../lib/gcc/arm-none-eabi/7.2.1/../../../../arm-none-eabi/lib/thumb/v6-m/libc_nano.a(lib_a-exit.o)
 .bss           0x0000000000000000        0x0 /Users/gregory/.platformio/packages/toolchain-gccarmnoneeabi/bin/../lib/gcc/arm-none-eabi/7.2.1/../../../../arm-none-eabi/lib/thumb/v6-m/libc_nano.a(lib_a-exit.o)
 .text.exit     0x0000000000000000       0x2c /Users/gregory/.platformio/packages/toolchain-gccarmnoneeabi/bin/../lib/gcc/arm-none-eabi/7.2.1/../../../../arm-none-eabi/lib/thumb/v6-m/libc_nano.a(lib_a-exit.o)
 .debug_frame   0x0000000000000000       0x28 /Users/gregory/.platformio/packages/toolchain-gccarmnoneeabi/bin/../lib/gcc/arm-none-eabi/7.2.1/../../../../arm-none-eabi/lib/thumb/v6-m/libc_nano.a(lib_a-exit.o)
 .ARM.attributes
                0x0000000000000000       0x2c /Users/gregory/.platformio/packages/toolchain-gccarmnoneeabi/bin/../lib/gcc/arm-none-eabi/7.2.1/../../../../arm-none-eabi/lib/thumb/v6-m/libc_nano.a(lib_a-exit.o)
 .text          0x0000000000000000        0x0 /Users/gregory/.platformio/packages/toolchain-gccarmnoneeabi/bin/../lib/gcc/arm-none-eabi/7.2.1/../../../../arm-none-eabi/lib/thumb/v6-m/libc_nano.a(lib_a-impure.o)
 .data          0x0000000000000000        0x0 /Users/gregory/.platformio/packages/toolchain-gccarmnoneeabi/bin/../lib/gcc/arm-none-eabi/7.2.1/../../../../arm-none-eabi/lib/thumb/v6-m/libc_nano.a(lib_a-impure.o)
 .bss           0x0000000000000000        0x0 /Users/gregory/.platformio/packages/toolchain-gccarmnoneeabi/bin/../lib/gcc/arm-none-eabi/7.2.1/../../../../arm-none-eabi/lib/thumb/v6-m/libc_nano.a(lib_a-impure.o)
 .rodata._global_impure_ptr
                0x0000000000000000        0x4 /Users/gregory/.platformio/packages/toolchain-gccarmnoneeabi/bin/../lib/gcc/arm-none-eabi/7.2.1/../../../../arm-none-eabi/lib/thumb/v6-m/libc_nano.a(lib_a-impure.o)
 .text          0x0000000000000000        0x0 /Users/gregory/.platformio/packages/toolchain-gccarmnoneeabi/bin/../lib/gcc/arm-none-eabi/7.2.1/../../../../arm-none-eabi/lib/thumb/v6-m/libc_nano.a(lib_a-init.o)
 .data          0x0000000000000000        0x0 /Users/gregory/.platformio/packages/toolchain-gccarmnoneeabi/bin/../lib/gcc/arm-none-eabi/7.2.1/../../../../arm-none-eabi/lib/thumb/v6-m/libc_nano.a(lib_a-init.o)
 .bss           0x0000000000000000        0x0 /Users/gregory/.platformio/packages/toolchain-gccarmnoneeabi/bin/../lib/gcc/arm-none-eabi/7.2.1/../../../../arm-none-eabi/lib/thumb/v6-m/libc_nano.a(lib_a-init.o)
 .text          0x0000000000000000        0x0 /Users/gregory/.platformio/packages/toolchain-gccarmnoneeabi/bin/../lib/gcc/arm-none-eabi/7.2.1/../../../../arm-none-eabi/lib/thumb/v6-m/libc_nano.a(lib_a-malloc.o)
 .data          0x0000000000000000        0x0 /Users/gregory/.platformio/packages/toolchain-gccarmnoneeabi/bin/../lib/gcc/arm-none-eabi/7.2.1/../../../../arm-none-eabi/lib/thumb/v6-m/libc_nano.a(lib_a-malloc.o)
 .bss           0x0000000000000000        0x0 /Users/gregory/.platformio/packages/toolchain-gccarmnoneeabi/bin/../lib/gcc/arm-none-eabi/7.2.1/../../../../arm-none-eabi/lib/thumb/v6-m/libc_nano.a(lib_a-malloc.o)
 .text.free     0x0000000000000000       0x14 /Users/gregory/.platformio/packages/toolchain-gccarmnoneeabi/bin/../lib/gcc/arm-none-eabi/7.2.1/../../../../arm-none-eabi/lib/thumb/v6-m/libc_nano.a(lib_a-malloc.o)
 .text          0x0000000000000000        0x0 /Users/gregory/.platformio/packages/toolchain-gccarmnoneeabi/bin/../lib/gcc/arm-none-eabi/7.2.1/../../../../arm-none-eabi/lib/thumb/v6-m/libc_nano.a(lib_a-memcpy-stub.o)
 .data          0x0000000000000000        0x0 /Users/gregory/.platformio/packages/toolchain-gccarmnoneeabi/bin/../lib/gcc/arm-none-eabi/7.2.1/../../../../arm-none-eabi/lib/thumb/v6-m/libc_nano.a(lib_a-memcpy-stub.o)
 .bss           0x0000000000000000        0x0 /Users/gregory/.platformio/packages/toolchain-gccarmnoneeabi/bin/../lib/gcc/arm-none-eabi/7.2.1/../../../../arm-none-eabi/lib/thumb/v6-m/libc_nano.a(lib_a-memcpy-stub.o)
 .text          0x0000000000000000        0x0 /Users/gregory/.platformio/packages/toolchain-gccarmnoneeabi/bin/../lib/gcc/arm-none-eabi/7.2.1/../../../../arm-none-eabi/lib/thumb/v6-m/libc_nano.a(lib_a-memset.o)
 .data          0x0000000000000000        0x0 /Users/gregory/.platformio/packages/toolchain-gccarmnoneeabi/bin/../lib/gcc/arm-none-eabi/7.2.1/../../../../arm-none-eabi/lib/thumb/v6-m/libc_nano.a(lib_a-memset.o)
 .bss           0x0000000000000000        0x0 /Users/gregory/.platformio/packages/toolchain-gccarmnoneeabi/bin/../lib/gcc/arm-none-eabi/7.2.1/../../../../arm-none-eabi/lib/thumb/v6-m/libc_nano.a(lib_a-memset.o)
 .text          0x0000000000000000        0x0 /Users/gregory/.platformio/packages/toolchain-gccarmnoneeabi/bin/../lib/gcc/arm-none-eabi/7.2.1/../../../../arm-none-eabi/lib/thumb/v6-m/libc_nano.a(lib_a-nano-freer.o)
 .data          0x0000000000000000        0x0 /Users/gregory/.platformio/packages/toolchain-gccarmnoneeabi/bin/../lib/gcc/arm-none-eabi/7.2.1/../../../../arm-none-eabi/lib/thumb/v6-m/libc_nano.a(lib_a-nano-freer.o)
 .bss           0x0000000000000000        0x0 /Users/gregory/.platformio/packages/toolchain-gccarmnoneeabi/bin/../lib/gcc/arm-none-eabi/7.2.1/../../../../arm-none-eabi/lib/thumb/v6-m/libc_nano.a(lib_a-nano-freer.o)
 .text._free_r  0x0000000000000000       0x94 /Users/gregory/.platformio/packages/toolchain-gccarmnoneeabi/bin/../lib/gcc/arm-none-eabi/7.2.1/../../../../arm-none-eabi/lib/thumb/v6-m/libc_nano.a(lib_a-nano-freer.o)
 .debug_frame   0x0000000000000000       0x2c /Users/gregory/.platformio/packages/toolchain-gccarmnoneeabi/bin/../lib/gcc/arm-none-eabi/7.2.1/../../../../arm-none-eabi/lib/thumb/v6-m/libc_nano.a(lib_a-nano-freer.o)
 .ARM.attributes
                0x0000000000000000       0x2c /Users/gregory/.platformio/packages/toolchain-gccarmnoneeabi/bin/../lib/gcc/arm-none-eabi/7.2.1/../../../../arm-none-eabi/lib/thumb/v6-m/libc_nano.a(lib_a-nano-freer.o)
 .text          0x0000000000000000        0x0 /Users/gregory/.platformio/packages/toolchain-gccarmnoneeabi/bin/../lib/gcc/arm-none-eabi/7.2.1/../../../../arm-none-eabi/lib/thumb/v6-m/libc_nano.a(lib_a-nano-mallocr.o)
 .data          0x0000000000000000        0x0 /Users/gregory/.platformio/packages/toolchain-gccarmnoneeabi/bin/../lib/gcc/arm-none-eabi/7.2.1/../../../../arm-none-eabi/lib/thumb/v6-m/libc_nano.a(lib_a-nano-mallocr.o)
 .bss           0x0000000000000000        0x0 /Users/gregory/.platformio/packages/toolchain-gccarmnoneeabi/bin/../lib/gcc/arm-none-eabi/7.2.1/../../../../arm-none-eabi/lib/thumb/v6-m/libc_nano.a(lib_a-nano-mallocr.o)
 .text          0x0000000000000000        0x0 /Users/gregory/.platformio/packages/toolchain-gccarmnoneeabi/bin/../lib/gcc/arm-none-eabi/7.2.1/../../../../arm-none-eabi/lib/thumb/v6-m/libc_nano.a(lib_a-sbrkr.o)
 .data          0x0000000000000000        0x0 /Users/gregory/.platformio/packages/toolchain-gccarmnoneeabi/bin/../lib/gcc/arm-none-eabi/7.2.1/../../../../arm-none-eabi/lib/thumb/v6-m/libc_nano.a(lib_a-sbrkr.o)
 .bss           0x0000000000000000        0x0 /Users/gregory/.platformio/packages/toolchain-gccarmnoneeabi/bin/../lib/gcc/arm-none-eabi/7.2.1/../../../../arm-none-eabi/lib/thumb/v6-m/libc_nano.a(lib_a-sbrkr.o)
 .text          0x0000000000000000        0x0 /Users/gregory/.platformio/packages/toolchain-gccarmnoneeabi/bin/../lib/gcc/arm-none-eabi/7.2.1/../../../../arm-none-eabi/lib/thumb/v6-m/libc_nano.a(lib_a-signal.o)
 .data          0x0000000000000000        0x0 /Users/gregory/.platformio/packages/toolchain-gccarmnoneeabi/bin/../lib/gcc/arm-none-eabi/7.2.1/../../../../arm-none-eabi/lib/thumb/v6-m/libc_nano.a(lib_a-signal.o)
 .bss           0x0000000000000000        0x0 /Users/gregory/.platformio/packages/toolchain-gccarmnoneeabi/bin/../lib/gcc/arm-none-eabi/7.2.1/../../../../arm-none-eabi/lib/thumb/v6-m/libc_nano.a(lib_a-signal.o)
 .text._init_signal_r
                0x0000000000000000       0x2a /Users/gregory/.platformio/packages/toolchain-gccarmnoneeabi/bin/../lib/gcc/arm-none-eabi/7.2.1/../../../../arm-none-eabi/lib/thumb/v6-m/libc_nano.a(lib_a-signal.o)
 .text._signal_r
                0x0000000000000000       0x32 /Users/gregory/.platformio/packages/toolchain-gccarmnoneeabi/bin/../lib/gcc/arm-none-eabi/7.2.1/../../../../arm-none-eabi/lib/thumb/v6-m/libc_nano.a(lib_a-signal.o)
 .text.__sigtramp_r
                0x0000000000000000       0x46 /Users/gregory/.platformio/packages/toolchain-gccarmnoneeabi/bin/../lib/gcc/arm-none-eabi/7.2.1/../../../../arm-none-eabi/lib/thumb/v6-m/libc_nano.a(lib_a-signal.o)
 .text.signal   0x0000000000000000       0x14 /Users/gregory/.platformio/packages/toolchain-gccarmnoneeabi/bin/../lib/gcc/arm-none-eabi/7.2.1/../../../../arm-none-eabi/lib/thumb/v6-m/libc_nano.a(lib_a-signal.o)
 .text._init_signal
                0x0000000000000000       0x10 /Users/gregory/.platformio/packages/toolchain-gccarmnoneeabi/bin/../lib/gcc/arm-none-eabi/7.2.1/../../../../arm-none-eabi/lib/thumb/v6-m/libc_nano.a(lib_a-signal.o)
 .text.__sigtramp
                0x0000000000000000       0x14 /Users/gregory/.platformio/packages/toolchain-gccarmnoneeabi/bin/../lib/gcc/arm-none-eabi/7.2.1/../../../../arm-none-eabi/lib/thumb/v6-m/libc_nano.a(lib_a-signal.o)
 .text          0x0000000000000000        0x0 /Users/gregory/.platformio/packages/toolchain-gccarmnoneeabi/bin/../lib/gcc/arm-none-eabi/7.2.1/../../../../arm-none-eabi/lib/thumb/v6-m/libc_nano.a(lib_a-signalr.o)
 .data          0x0000000000000000        0x0 /Users/gregory/.platformio/packages/toolchain-gccarmnoneeabi/bin/../lib/gcc/arm-none-eabi/7.2.1/../../../../arm-none-eabi/lib/thumb/v6-m/libc_nano.a(lib_a-signalr.o)
 .bss           0x0000000000000000        0x0 /Users/gregory/.platformio/packages/toolchain-gccarmnoneeabi/bin/../lib/gcc/arm-none-eabi/7.2.1/../../../../arm-none-eabi/lib/thumb/v6-m/libc_nano.a(lib_a-signalr.o)
 .text          0x0000000000000000        0x0 /Users/gregory/.platformio/packages/toolchain-gccarmnoneeabi/bin/../lib/gcc/arm-none-eabi/7.2.1/../../../../arm-none-eabi/lib/thumb/v6-m/libc_nano.a(lib_a-mlock.o)
 .data          0x0000000000000000        0x0 /Users/gregory/.platformio/packages/toolchain-gccarmnoneeabi/bin/../lib/gcc/arm-none-eabi/7.2.1/../../../../arm-none-eabi/lib/thumb/v6-m/libc_nano.a(lib_a-mlock.o)
 .bss           0x0000000000000000        0x0 /Users/gregory/.platformio/packages/toolchain-gccarmnoneeabi/bin/../lib/gcc/arm-none-eabi/7.2.1/../../../../arm-none-eabi/lib/thumb/v6-m/libc_nano.a(lib_a-mlock.o)
 .text          0x0000000000000000        0x0 /Users/gregory/.platformio/packages/toolchain-gccarmnoneeabi/bin/../lib/gcc/arm-none-eabi/7.2.1/../../../../arm-none-eabi/lib/thumb/v6-m/libc_nano.a(lib_a-reent.o)
 .data          0x0000000000000000        0x0 /Users/gregory/.platformio/packages/toolchain-gccarmnoneeabi/bin/../lib/gcc/arm-none-eabi/7.2.1/../../../../arm-none-eabi/lib/thumb/v6-m/libc_nano.a(lib_a-reent.o)
 .bss           0x0000000000000000        0x0 /Users/gregory/.platformio/packages/toolchain-gccarmnoneeabi/bin/../lib/gcc/arm-none-eabi/7.2.1/../../../../arm-none-eabi/lib/thumb/v6-m/libc_nano.a(lib_a-reent.o)
 .text.cleanup_glue
                0x0000000000000000       0x1a /Users/gregory/.platformio/packages/toolchain-gccarmnoneeabi/bin/../lib/gcc/arm-none-eabi/7.2.1/../../../../arm-none-eabi/lib/thumb/v6-m/libc_nano.a(lib_a-reent.o)
 .text._reclaim_reent
                0x0000000000000000       0xcc /Users/gregory/.platformio/packages/toolchain-gccarmnoneeabi/bin/../lib/gcc/arm-none-eabi/7.2.1/../../../../arm-none-eabi/lib/thumb/v6-m/libc_nano.a(lib_a-reent.o)
 .text          0x0000000000000000        0x0 /Users/gregory/.platformio/packages/toolchain-gccarmnoneeabi/bin/../lib/gcc/arm-none-eabi/7.2.1/../../../../arm-none-eabi/lib/thumb/v6-m/libnosys.a(getpid.o)
 .data          0x0000000000000000        0x0 /Users/gregory/.platformio/packages/toolchain-gccarmnoneeabi/bin/../lib/gcc/arm-none-eabi/7.2.1/../../../../arm-none-eabi/lib/thumb/v6-m/libnosys.a(getpid.o)
 .bss           0x0000000000000000        0x0 /Users/gregory/.platformio/packages/toolchain-gccarmnoneeabi/bin/../lib/gcc/arm-none-eabi/7.2.1/../../../../arm-none-eabi/lib/thumb/v6-m/libnosys.a(getpid.o)
 .text          0x0000000000000000        0x0 /Users/gregory/.platformio/packages/toolchain-gccarmnoneeabi/bin/../lib/gcc/arm-none-eabi/7.2.1/../../../../arm-none-eabi/lib/thumb/v6-m/libnosys.a(kill.o)
 .data          0x0000000000000000        0x0 /Users/gregory/.platformio/packages/toolchain-gccarmnoneeabi/bin/../lib/gcc/arm-none-eabi/7.2.1/../../../../arm-none-eabi/lib/thumb/v6-m/libnosys.a(kill.o)
 .bss           0x0000000000000000        0x0 /Users/gregory/.platformio/packages/toolchain-gccarmnoneeabi/bin/../lib/gcc/arm-none-eabi/7.2.1/../../../../arm-none-eabi/lib/thumb/v6-m/libnosys.a(kill.o)
 .text          0x0000000000000000        0x0 /Users/gregory/.platformio/packages/toolchain-gccarmnoneeabi/bin/../lib/gcc/arm-none-eabi/7.2.1/../../../../arm-none-eabi/lib/thumb/v6-m/libnosys.a(sbrk.o)
 .data          0x0000000000000000        0x0 /Users/gregory/.platformio/packages/toolchain-gccarmnoneeabi/bin/../lib/gcc/arm-none-eabi/7.2.1/../../../../arm-none-eabi/lib/thumb/v6-m/libnosys.a(sbrk.o)
 .bss           0x0000000000000000        0x0 /Users/gregory/.platformio/packages/toolchain-gccarmnoneeabi/bin/../lib/gcc/arm-none-eabi/7.2.1/../../../../arm-none-eabi/lib/thumb/v6-m/libnosys.a(sbrk.o)
 .text          0x0000000000000000        0x0 /Users/gregory/.platformio/packages/toolchain-gccarmnoneeabi/bin/../lib/gcc/arm-none-eabi/7.2.1/../../../../arm-none-eabi/lib/thumb/v6-m/libnosys.a(_exit.o)
 .data          0x0000000000000000        0x0 /Users/gregory/.platformio/packages/toolchain-gccarmnoneeabi/bin/../lib/gcc/arm-none-eabi/7.2.1/../../../../arm-none-eabi/lib/thumb/v6-m/libnosys.a(_exit.o)
 .bss           0x0000000000000000        0x0 /Users/gregory/.platformio/packages/toolchain-gccarmnoneeabi/bin/../lib/gcc/arm-none-eabi/7.2.1/../../../../arm-none-eabi/lib/thumb/v6-m/libnosys.a(_exit.o)
 .text          0x0000000000000000        0x0 /Users/gregory/.platformio/packages/toolchain-gccarmnoneeabi/bin/../lib/gcc/arm-none-eabi/7.2.1/thumb/v6-m/crtend.o
 .data          0x0000000000000000        0x0 /Users/gregory/.platformio/packages/toolchain-gccarmnoneeabi/bin/../lib/gcc/arm-none-eabi/7.2.1/thumb/v6-m/crtend.o
 .bss           0x0000000000000000        0x0 /Users/gregory/.platformio/packages/toolchain-gccarmnoneeabi/bin/../lib/gcc/arm-none-eabi/7.2.1/thumb/v6-m/crtend.o
 .eh_frame      0x0000000000000000        0x4 /Users/gregory/.platformio/packages/toolchain-gccarmnoneeabi/bin/../lib/gcc/arm-none-eabi/7.2.1/thumb/v6-m/crtend.o
 .ARM.attributes
                0x0000000000000000       0x2c /Users/gregory/.platformio/packages/toolchain-gccarmnoneeabi/bin/../lib/gcc/arm-none-eabi/7.2.1/thumb/v6-m/crtend.o
 .text          0x0000000000000000        0x0 /Users/gregory/.platformio/packages/toolchain-gccarmnoneeabi/bin/../lib/gcc/arm-none-eabi/7.2.1/thumb/v6-m/crtn.o
 .data          0x0000000000000000        0x0 /Users/gregory/.platformio/packages/toolchain-gccarmnoneeabi/bin/../lib/gcc/arm-none-eabi/7.2.1/thumb/v6-m/crtn.o
 .bss           0x0000000000000000        0x0 /Users/gregory/.platformio/packages/toolchain-gccarmnoneeabi/bin/../lib/gcc/arm-none-eabi/7.2.1/thumb/v6-m/crtn.o

Memory Configuration

Name             Origin             Length             Attributes
rom              0x0000000000000000 0x0000000000008000 xr
ram              0x0000000020000000 0x0000000000008000 xrw
*default*        0x0000000000000000 0xffffffffffffffff

Linker script and memory map

LOAD /Users/gregory/.platformio/packages/toolchain-gccarmnoneeabi/bin/../lib/gcc/arm-none-eabi/7.2.1/thumb/v6-m/crti.o
LOAD /Users/gregory/.platformio/packages/toolchain-gccarmnoneeabi/bin/../lib/gcc/arm-none-eabi/7.2.1/thumb/v6-m/crtbegin.o
LOAD /Users/gregory/.platformio/packages/toolchain-gccarmnoneeabi/bin/../lib/gcc/arm-none-eabi/7.2.1/../../../../arm-none-eabi/lib/thumb/v6-m/crt0.o
                0x0000000000002000                STACK_SIZE = DEFINED (STACK_SIZE)?STACK_SIZE:DEFINED (__stack_size__)?__stack_size__:0x2000
                0x0000000000008000                PROVIDE (__prog_vectors_ptr, (ORIGIN (rom) + LENGTH (rom)))
                0x0000000000000000                . = ORIGIN (rom)
                0x0000000000000000                _svectors = .

.vector         0x0000000020000000       0xb4 load address 0x0000000000000000
                0x0000000020000000                . = ALIGN (0x4)
                0x0000000020000000                _sramvectors = .
 *(.vectors .vectors.*)
 .vectors       0x0000000020000000       0xb4 .pio/build/adafruit_feather_m0/libf4c/libfeather.a(startup.o)
                0x0000000020000000                exception_table
                0x00000000200000b4                _eramvectors = .

.text           0x00000000000000b4     0x19fc
                0x00000000000000b4                . = ALIGN (0x4)
                0x00000000000000b4                _sfixed = .
 *(.text .text.* .gnu.linkonce.t.*)
 .text          0x00000000000000b4       0x48 /Users/gregory/.platformio/packages/toolchain-gccarmnoneeabi/bin/../lib/gcc/arm-none-eabi/7.2.1/thumb/v6-m/crtbegin.o
 .text._ZN3LogC2Ev
                0x00000000000000fc       0x1c .pio/build/adafruit_feather_m0/src/log.o
                0x00000000000000fc                Log::Log()
                0x00000000000000fc                Log::Log()
 .text._ZN3Log7printlnEPKc
                0x0000000000000118       0x40 .pio/build/adafruit_feather_m0/src/log.o
                0x0000000000000118                Log::println(char const*)
 .text._ZN3Log7printlnEm
                0x0000000000000158       0x40 .pio/build/adafruit_feather_m0/src/log.o
                0x0000000000000158                Log::println(unsigned long)
 .text.startup.main
                0x0000000000000198       0x30 .pio/build/adafruit_feather_m0/src/main.o
                0x0000000000000198                main
 .text._ZN8USB_TypeC2EP3Log
                0x00000000000001c8       0xc8 .pio/build/adafruit_feather_m0/src/usb.o
                0x00000000000001c8                USB_Type::USB_Type(Log*)
                0x00000000000001c8                USB_Type::USB_Type(Log*)
 .text._ZN8USB_Type3zlpEv
                0x0000000000000290       0x28 .pio/build/adafruit_feather_m0/src/usb.o
                0x0000000000000290                USB_Type::zlp()
 .text._ZN8USB_Type5stallEv
                0x00000000000002b8        0xc .pio/build/adafruit_feather_m0/src/usb.o
                0x00000000000002b8                USB_Type::stall()
 .text._ZN8USB_Type5writeEPKcmh
                0x00000000000002c4       0x6c .pio/build/adafruit_feather_m0/src/usb.o
                0x00000000000002c4                USB_Type::write(char const*, unsigned long, unsigned char)
 .text._ZN8USB_Type9configureEv
                0x0000000000000330       0x64 .pio/build/adafruit_feather_m0/src/usb.o
                0x0000000000000330                USB_Type::configure()
 .text._ZN8USB_Type11writeStringEPKch
                0x0000000000000394       0x3c .pio/build/adafruit_feather_m0/src/usb.o
                0x0000000000000394                USB_Type::writeString(char const*, unsigned char)
 .text._ZN8USB_Type13Handler_RXSTPEv
                0x00000000000003d0      0x138 .pio/build/adafruit_feather_m0/src/usb_handlers.o
                0x00000000000003d0                USB_Type::Handler_RXSTP()
 .text._ZN8USB_Type13Handler_EORSTEv
                0x0000000000000508       0x80 .pio/build/adafruit_feather_m0/src/usb_handlers.o
                0x0000000000000508                USB_Type::Handler_EORST()
 .text._ZN7Feather4initEv
                0x0000000000000588      0x100 .pio/build/adafruit_feather_m0/libf4c/libfeather.a(init.o)
                0x0000000000000588                Feather::init()
 .text._ZN5Input4initEv
                0x0000000000000688      0x13c .pio/build/adafruit_feather_m0/libf4c/libfeather.a(input.o)
                0x0000000000000688                Input::init()
 .text.startup._GLOBAL__sub_I__ZN5Input6AnalogE
                0x00000000000007c4       0x1c .pio/build/adafruit_feather_m0/libf4c/libfeather.a(input.o)
 .text._ZN3LCD9setWindowEPt
                0x00000000000007e0       0xe4 .pio/build/adafruit_feather_m0/libf4c/libfeather.a(lcd.o)
                0x00000000000007e0                LCD::setWindow(unsigned short*)
 .text._ZN3LCD10fillWindowEt
                0x00000000000008c4       0x64 .pio/build/adafruit_feather_m0/libf4c/libfeather.a(lcd.o)
                0x00000000000008c4                LCD::fillWindow(unsigned short)
 .text._ZN3LCD4initEv
                0x0000000000000928      0x10c .pio/build/adafruit_feather_m0/libf4c/libfeather.a(lcd.o)
                0x0000000000000928                LCD::init()
 .text._ZN3LCD10fillWindowEttttt
                0x0000000000000a34       0x20 .pio/build/adafruit_feather_m0/libf4c/libfeather.a(lcd.o)
                0x0000000000000a34                LCD::fillWindow(unsigned short, unsigned short, unsigned short, unsigned short, unsigned short)
 .text.HardFault_Handler
                0x0000000000000a54       0x14 .pio/build/adafruit_feather_m0/libf4c/libfeather.a(sd.o)
                0x0000000000000a54                HardFault_Handler
 .text.DMAC_Handler
                0x0000000000000a68       0x54 .pio/build/adafruit_feather_m0/libf4c/libfeather.a(sd.o)
                0x0000000000000a68                DMAC_Handler
 .text._Z10sd_executev
                0x0000000000000abc       0x1c .pio/build/adafruit_feather_m0/libf4c/libfeather.a(sd.o)
                0x0000000000000abc                sd_execute()
 .text._Z14sd_sendCommandhmh
                0x0000000000000ad8       0xe8 .pio/build/adafruit_feather_m0/libf4c/libfeather.a(sd.o)
                0x0000000000000ad8                sd_sendCommand(unsigned char, unsigned long, unsigned char)
 .text._ZN2SD4readEmttPv
                0x0000000000000bc0      0x12c .pio/build/adafruit_feather_m0/libf4c/libfeather.a(sd.o)
                0x0000000000000bc0                SD::read(unsigned long, unsigned short, unsigned short, void*)
 .text._ZN2SD4initEv
                0x0000000000000cec      0x1d0 .pio/build/adafruit_feather_m0/libf4c/libfeather.a(sd.o)
                0x0000000000000cec                SD::init()
 .text.Dummy_Handler
                0x0000000000000ebc        0x2 .pio/build/adafruit_feather_m0/libf4c/libfeather.a(startup.o)
                0x0000000000000ebc                SYSCTRL_Handler
                0x0000000000000ebc                AC_Handler
                0x0000000000000ebc                SysTick_Handler
                0x0000000000000ebc                PendSV_Handler
                0x0000000000000ebc                SERCOM1_Handler
                0x0000000000000ebc                ADC_Handler
                0x0000000000000ebc                NonMaskableInt_Handler
                0x0000000000000ebc                TCC1_Handler
                0x0000000000000ebc                SERCOM2_Handler
                0x0000000000000ebc                TCC0_Handler
                0x0000000000000ebc                RTC_Handler
                0x0000000000000ebc                EIC_Handler
                0x0000000000000ebc                WDT_Handler
                0x0000000000000ebc                TC4_Handler
                0x0000000000000ebc                USB_Handler
                0x0000000000000ebc                Dummy_Handler
                0x0000000000000ebc                PM_Handler
                0x0000000000000ebc                SERCOM5_Handler
                0x0000000000000ebc                TCC2_Handler
                0x0000000000000ebc                EVSYS_Handler
                0x0000000000000ebc                SERCOM3_Handler
                0x0000000000000ebc                SERCOM4_Handler
                0x0000000000000ebc                I2S_Handler
                0x0000000000000ebc                NVMCTRL_Handler
                0x0000000000000ebc                SERCOM0_Handler
                0x0000000000000ebc                DAC_Handler
                0x0000000000000ebc                PTC_Handler
                0x0000000000000ebc                TC5_Handler
                0x0000000000000ebc                SVCall_Handler
 *fill*         0x0000000000000ebe        0x2 
 .text.Reset_Handler
                0x0000000000000ec0       0xcc .pio/build/adafruit_feather_m0/libf4c/libfeather.a(startup.o)
                0x0000000000000ec0                Reset_Handler
 .text._ZN3LCD5printEPKhPKtttPKch
                0x0000000000000f8c       0xbc .pio/build/adafruit_feather_m0/libf4c/libfeather.a(text.o)
                0x0000000000000f8c                LCD::print(unsigned char const*, unsigned short const*, unsigned short, unsigned short, char const*, unsigned char)
 .text._ZN3LCD5printEPKhPKtttPKc
                0x0000000000001048       0x20 .pio/build/adafruit_feather_m0/libf4c/libfeather.a(text.o)
                0x0000000000001048                LCD::print(unsigned char const*, unsigned short const*, unsigned short, unsigned short, char const*)
 .text._ZN3LCD8printHexEPKhPKtttm
                0x0000000000001068       0xb0 .pio/build/adafruit_feather_m0/libf4c/libfeather.a(text.o)
                0x0000000000001068                LCD::printHex(unsigned char const*, unsigned short const*, unsigned short, unsigned short, unsigned long)
 .text.TC3_Handler
                0x0000000000001118        0xc .pio/build/adafruit_feather_m0/libf4c/libfeather.a(timer.o)
                0x0000000000001118                TC3_Handler
 .text._Z9initSleepv
                0x0000000000001124       0x50 .pio/build/adafruit_feather_m0/libf4c/libfeather.a(timer.o)
                0x0000000000001124                initSleep()
 .text._ZN3DMA5startEv
                0x0000000000001174       0x20 .pio/build/adafruit_feather_m0/libf4c/libfeather.a(dma.o)
                0x0000000000001174                DMA::start()
 .text._Z5errorPKcS0_
                0x0000000000001194       0x70 .pio/build/adafruit_feather_m0/libf4c/libfeather.a(error.o)
                0x0000000000001194                error(char const*, char const*)
 .text._Z5errorPPKch
                0x0000000000001204       0x74 .pio/build/adafruit_feather_m0/libf4c/libfeather.a(error.o)
                0x0000000000001204                error(char const**, unsigned char)
 .text._Znwj    0x0000000000001278       0x24 /Users/gregory/.platformio/packages/toolchain-gccarmnoneeabi/bin/../lib/gcc/arm-none-eabi/7.2.1/../../../../arm-none-eabi/lib/thumb/v6-m/libstdc++_nano.a(new_op.o)
                0x0000000000001278                operator new(unsigned int)
 .text._ZSt15get_new_handlerv
                0x000000000000129c        0xc /Users/gregory/.platformio/packages/toolchain-gccarmnoneeabi/bin/../lib/gcc/arm-none-eabi/7.2.1/../../../../arm-none-eabi/lib/thumb/v6-m/libstdc++_nano.a(new_handler.o)
                0x000000000000129c                std::get_new_handler()
 .text          0x00000000000012a8      0x1d4 /Users/gregory/.platformio/packages/toolchain-gccarmnoneeabi/bin/../lib/gcc/arm-none-eabi/7.2.1/thumb/v6-m/libgcc.a(_divsi3.o)
                0x00000000000012a8                __aeabi_idiv
                0x00000000000012a8                __divsi3
                0x0000000000001474                __aeabi_idivmod
 .text          0x000000000000147c        0x4 /Users/gregory/.platformio/packages/toolchain-gccarmnoneeabi/bin/../lib/gcc/arm-none-eabi/7.2.1/thumb/v6-m/libgcc.a(_dvmd_tls.o)
                0x000000000000147c                __aeabi_ldiv0
                0x000000000000147c                __aeabi_idiv0
 .text.abort    0x0000000000001480        0xe /Users/gregory/.platformio/packages/toolchain-gccarmnoneeabi/bin/../lib/gcc/arm-none-eabi/7.2.1/../../../../arm-none-eabi/lib/thumb/v6-m/libc_nano.a(lib_a-abort.o)
                0x0000000000001480                abort
 *fill*         0x000000000000148e        0x2 
 .text.__libc_init_array
                0x0000000000001490       0x48 /Users/gregory/.platformio/packages/toolchain-gccarmnoneeabi/bin/../lib/gcc/arm-none-eabi/7.2.1/../../../../arm-none-eabi/lib/thumb/v6-m/libc_nano.a(lib_a-init.o)
                0x0000000000001490                __libc_init_array
 .text.malloc   0x00000000000014d8       0x14 /Users/gregory/.platformio/packages/toolchain-gccarmnoneeabi/bin/../lib/gcc/arm-none-eabi/7.2.1/../../../../arm-none-eabi/lib/thumb/v6-m/libc_nano.a(lib_a-malloc.o)
                0x00000000000014d8                malloc
 .text.memcpy   0x00000000000014ec       0x12 /Users/gregory/.platformio/packages/toolchain-gccarmnoneeabi/bin/../lib/gcc/arm-none-eabi/7.2.1/../../../../arm-none-eabi/lib/thumb/v6-m/libc_nano.a(lib_a-memcpy-stub.o)
                0x00000000000014ec                memcpy
 .text.memset   0x00000000000014fe       0x10 /Users/gregory/.platformio/packages/toolchain-gccarmnoneeabi/bin/../lib/gcc/arm-none-eabi/7.2.1/../../../../arm-none-eabi/lib/thumb/v6-m/libc_nano.a(lib_a-memset.o)
                0x00000000000014fe                memset
 *fill*         0x000000000000150e        0x2 
 .text._malloc_r
                0x0000000000001510       0xbc /Users/gregory/.platformio/packages/toolchain-gccarmnoneeabi/bin/../lib/gcc/arm-none-eabi/7.2.1/../../../../arm-none-eabi/lib/thumb/v6-m/libc_nano.a(lib_a-nano-mallocr.o)
                0x0000000000001510                _malloc_r
 .text._sbrk_r  0x00000000000015cc       0x24 /Users/gregory/.platformio/packages/toolchain-gccarmnoneeabi/bin/../lib/gcc/arm-none-eabi/7.2.1/../../../../arm-none-eabi/lib/thumb/v6-m/libc_nano.a(lib_a-sbrkr.o)
                0x00000000000015cc                _sbrk_r
 .text._raise_r
                0x00000000000015f0       0x54 /Users/gregory/.platformio/packages/toolchain-gccarmnoneeabi/bin/../lib/gcc/arm-none-eabi/7.2.1/../../../../arm-none-eabi/lib/thumb/v6-m/libc_nano.a(lib_a-signal.o)
                0x00000000000015f0                _raise_r
 .text.raise    0x0000000000001644       0x14 /Users/gregory/.platformio/packages/toolchain-gccarmnoneeabi/bin/../lib/gcc/arm-none-eabi/7.2.1/../../../../arm-none-eabi/lib/thumb/v6-m/libc_nano.a(lib_a-signal.o)
                0x0000000000001644                raise
 .text._kill_r  0x0000000000001658       0x24 /Users/gregory/.platformio/packages/toolchain-gccarmnoneeabi/bin/../lib/gcc/arm-none-eabi/7.2.1/../../../../arm-none-eabi/lib/thumb/v6-m/libc_nano.a(lib_a-signalr.o)
                0x0000000000001658                _kill_r
 .text._getpid_r
                0x000000000000167c        0x8 /Users/gregory/.platformio/packages/toolchain-gccarmnoneeabi/bin/../lib/gcc/arm-none-eabi/7.2.1/../../../../arm-none-eabi/lib/thumb/v6-m/libc_nano.a(lib_a-signalr.o)
                0x000000000000167c                _getpid_r
 .text.__malloc_lock
                0x0000000000001684        0x2 /Users/gregory/.platformio/packages/toolchain-gccarmnoneeabi/bin/../lib/gcc/arm-none-eabi/7.2.1/../../../../arm-none-eabi/lib/thumb/v6-m/libc_nano.a(lib_a-mlock.o)
                0x0000000000001684                __malloc_lock
 .text.__malloc_unlock
                0x0000000000001686        0x2 /Users/gregory/.platformio/packages/toolchain-gccarmnoneeabi/bin/../lib/gcc/arm-none-eabi/7.2.1/../../../../arm-none-eabi/lib/thumb/v6-m/libc_nano.a(lib_a-mlock.o)
                0x0000000000001686                __malloc_unlock
 .text._getpid  0x0000000000001688       0x10 /Users/gregory/.platformio/packages/toolchain-gccarmnoneeabi/bin/../lib/gcc/arm-none-eabi/7.2.1/../../../../arm-none-eabi/lib/thumb/v6-m/libnosys.a(getpid.o)
                0x0000000000001688                _getpid
 .text._kill    0x0000000000001698       0x10 /Users/gregory/.platformio/packages/toolchain-gccarmnoneeabi/bin/../lib/gcc/arm-none-eabi/7.2.1/../../../../arm-none-eabi/lib/thumb/v6-m/libnosys.a(kill.o)
                0x0000000000001698                _kill
 .text._sbrk    0x00000000000016a8       0x1c /Users/gregory/.platformio/packages/toolchain-gccarmnoneeabi/bin/../lib/gcc/arm-none-eabi/7.2.1/../../../../arm-none-eabi/lib/thumb/v6-m/libnosys.a(sbrk.o)
                0x00000000000016a8                _sbrk
 .text._exit    0x00000000000016c4        0x4 /Users/gregory/.platformio/packages/toolchain-gccarmnoneeabi/bin/../lib/gcc/arm-none-eabi/7.2.1/../../../../arm-none-eabi/lib/thumb/v6-m/libnosys.a(_exit.o)
                0x00000000000016c4                _exit
 *(.rodata .rodata* .gnu.linkonce.r.*)
 .rodata.main.str1.1
                0x00000000000016c8       0x12 .pio/build/adafruit_feather_m0/src/main.o
 .rodata._ZL6vendor
                0x00000000000016da        0xd .pio/build/adafruit_feather_m0/src/usb_descriptors.o
 .rodata._ZL7product
                0x00000000000016e7        0xc .pio/build/adafruit_feather_m0/src/usb_descriptors.o
 .rodata._ZL8serialno
                0x00000000000016f3        0x7 .pio/build/adafruit_feather_m0/src/usb_descriptors.o
 .rodata        0x00000000000016fa        0x4 .pio/build/adafruit_feather_m0/src/usb_handlers.o
 .rodata.DEFAULT_FONT
                0x00000000000016fe      0x2f8 .pio/build/adafruit_feather_m0/libf4c/libfeather.a(font.o)
                0x00000000000016fe                DEFAULT_FONT
 .rodata.DEFAULT_PALETTE
                0x00000000000019f6        0x4 .pio/build/adafruit_feather_m0/libf4c/libfeather.a(font.o)
                0x00000000000019f6                DEFAULT_PALETTE
 .rodata        0x00000000000019fa        0x8 .pio/build/adafruit_feather_m0/libf4c/libfeather.a(lcd.o)
 *fill*         0x0000000000001a02        0x2 
 .rodata        0x0000000000001a04       0x18 .pio/build/adafruit_feather_m0/libf4c/libfeather.a(sd.o)
 .rodata.HardFault_Handler.str1.1
                0x0000000000001a1c        0xd .pio/build/adafruit_feather_m0/libf4c/libfeather.a(sd.o)
 .rodata.str1.1
                0x0000000000001a29       0x5c .pio/build/adafruit_feather_m0/libf4c/libfeather.a(sd.o)
                                         0x5d (size before relaxing)
 .rodata._Z5errorPKcS0_.str1.1
                0x0000000000001a85        0x7 .pio/build/adafruit_feather_m0/libf4c/libfeather.a(error.o)
 *(.ARM.extab* .gnu.linkonce.armextab.*)
                0x0000000000001a8c                . = ALIGN (0x4)
 *(.init)
 .init          0x0000000000001a8c        0x4 /Users/gregory/.platformio/packages/toolchain-gccarmnoneeabi/bin/../lib/gcc/arm-none-eabi/7.2.1/thumb/v6-m/crti.o
                0x0000000000001a8c                _init
 .init          0x0000000000001a90        0x8 /Users/gregory/.platformio/packages/toolchain-gccarmnoneeabi/bin/../lib/gcc/arm-none-eabi/7.2.1/thumb/v6-m/crtn.o
                0x0000000000001a98                . = ALIGN (0x4)
                0x0000000000001a98                __preinit_array_start = .
 *(.preinit_array)
                0x0000000000001a98                __preinit_array_end = .
                0x0000000000001a98                . = ALIGN (0x4)
                0x0000000000001a98                __init_array_start = .
 *(SORT_BY_NAME(.init_array.*))
 *(.init_array)
 .init_array    0x0000000000001a98        0x4 /Users/gregory/.platformio/packages/toolchain-gccarmnoneeabi/bin/../lib/gcc/arm-none-eabi/7.2.1/thumb/v6-m/crtbegin.o
 .init_array    0x0000000000001a9c        0x4 .pio/build/adafruit_feather_m0/libf4c/libfeather.a(input.o)
                0x0000000000001aa0                __init_array_end = .
                0x0000000000001aa0                . = ALIGN (0x4)
 *crtbegin.o(.ctors)
 *(EXCLUDE_FILE(*crtend.o) .ctors)
 *(SORT_BY_NAME(.ctors.*))
 *crtend.o(.ctors)
                0x0000000000001aa0                . = ALIGN (0x4)
 *(.fini)
 .fini          0x0000000000001aa0        0x4 /Users/gregory/.platformio/packages/toolchain-gccarmnoneeabi/bin/../lib/gcc/arm-none-eabi/7.2.1/thumb/v6-m/crti.o
                0x0000000000001aa0                _fini
 .fini          0x0000000000001aa4        0x8 /Users/gregory/.platformio/packages/toolchain-gccarmnoneeabi/bin/../lib/gcc/arm-none-eabi/7.2.1/thumb/v6-m/crtn.o
                0x0000000000001aac                . = ALIGN (0x4)
                0x0000000000001aac                __fini_array_start = .
 *(.fini_array)
 .fini_array    0x0000000000001aac        0x4 /Users/gregory/.platformio/packages/toolchain-gccarmnoneeabi/bin/../lib/gcc/arm-none-eabi/7.2.1/thumb/v6-m/crtbegin.o
 *(SORT_BY_NAME(.fini_array.*))
                0x0000000000001ab0                __fini_array_end = .
 *crtbegin.o(.dtors)
 *(EXCLUDE_FILE(*crtend.o) .dtors)
 *(SORT_BY_NAME(.dtors.*))
 *crtend.o(.dtors)
                0x0000000000001ab0                . = ALIGN (0x4)
                0x0000000000001ab0                _efixed = .
                [!provide]                        PROVIDE (__exidx_start, .)

.glue_7         0x0000000000001ab0        0x0
 .glue_7        0x0000000000001ab0        0x0 linker stubs

.glue_7t        0x0000000000001ab0        0x0
 .glue_7t       0x0000000000001ab0        0x0 linker stubs

.vfp11_veneer   0x0000000000001ab0        0x0
 .vfp11_veneer  0x0000000000001ab0        0x0 linker stubs

.v4_bx          0x0000000000001ab0        0x0
 .v4_bx         0x0000000000001ab0        0x0 linker stubs

.iplt           0x0000000000001ab0        0x0
 .iplt          0x0000000000001ab0        0x0 /Users/gregory/.platformio/packages/toolchain-gccarmnoneeabi/bin/../lib/gcc/arm-none-eabi/7.2.1/thumb/v6-m/crtbegin.o

.igot.plt       0x0000000000001ab0        0x0
 .igot.plt      0x0000000000001ab0        0x0 /Users/gregory/.platformio/packages/toolchain-gccarmnoneeabi/bin/../lib/gcc/arm-none-eabi/7.2.1/thumb/v6-m/crtbegin.o

.eh_frame       0x0000000000001ab0        0x0
 .eh_frame      0x0000000000001ab0        0x0 /Users/gregory/.platformio/packages/toolchain-gccarmnoneeabi/bin/../lib/gcc/arm-none-eabi/7.2.1/thumb/v6-m/crtbegin.o

.rel.dyn        0x0000000000001ab0        0x0
 .rel.iplt      0x0000000000001ab0        0x0 /Users/gregory/.platformio/packages/toolchain-gccarmnoneeabi/bin/../lib/gcc/arm-none-eabi/7.2.1/thumb/v6-m/crtbegin.o

.ARM.exidx
 *(.ARM.exidx* .gnu.linkonce.armexidx.*)
                [!provide]                        PROVIDE (__exidx_end, .)
                0x0000000000001ab0                . = ALIGN (0x4)
                0x0000000000001ab0                _etext = .

.relocate       0x00000000200000b4       0xd0 load address 0x0000000000001ab0
                0x00000000200000b4                . = ALIGN (0x4)
                0x00000000200000b4                _srelocate = .
 *(.ramfunc .ramfunc.*)
 *(.data .data.*)
 .data._ZN8USB_Type13cfgDescriptorE
                0x00000000200000b4       0x43 .pio/build/adafruit_feather_m0/src/usb_descriptors.o
                0x00000000200000b4                USB_Type::cfgDescriptor
 *fill*         0x00000000200000f7        0x1 
 .data._ZN8USB_Type13devDescriptorE
                0x00000000200000f8       0x12 .pio/build/adafruit_feather_m0/src/usb_descriptors.o
                0x00000000200000f8                USB_Type::devDescriptor
 *fill*         0x000000002000010a        0x2 
 .data._ZN8USB_Type7stringsE
                0x000000002000010c        0xc .pio/build/adafruit_feather_m0/src/usb_descriptors.o
                0x000000002000010c                USB_Type::strings
 .data.numPixels
                0x0000000020000118        0x4 .pio/build/adafruit_feather_m0/libf4c/libfeather.a(lcd.o)
                0x0000000020000118                numPixels
 .data.SD_FILLER_BYTE
                0x000000002000011c        0x1 .pio/build/adafruit_feather_m0/libf4c/libfeather.a(sd.o)
                0x000000002000011c                SD_FILLER_BYTE
 *fill*         0x000000002000011d        0x3 
 .data._impure_ptr
                0x0000000020000120        0x4 /Users/gregory/.platformio/packages/toolchain-gccarmnoneeabi/bin/../lib/gcc/arm-none-eabi/7.2.1/../../../../arm-none-eabi/lib/thumb/v6-m/libc_nano.a(lib_a-impure.o)
                0x0000000020000120                _impure_ptr
 .data.impure_data
                0x0000000020000124       0x60 /Users/gregory/.platformio/packages/toolchain-gccarmnoneeabi/bin/../lib/gcc/arm-none-eabi/7.2.1/../../../../arm-none-eabi/lib/thumb/v6-m/libc_nano.a(lib_a-impure.o)
                0x0000000020000184                . = ALIGN (0x4)
                0x0000000020000184                _erelocate = .

.bss            0x0000000020000190      0x144 load address 0x0000000000001b90
                0x0000000020000190                . = ALIGN (0x4)
                0x0000000020000190                _sbss = .
                0x0000000020000190                _szero = .
 *(.bss .bss.*)
 .bss           0x0000000020000190       0x1c /Users/gregory/.platformio/packages/toolchain-gccarmnoneeabi/bin/../lib/gcc/arm-none-eabi/7.2.1/thumb/v6-m/crtbegin.o
 .bss._ZN8USB_Type3usbE
                0x00000000200001ac        0x4 .pio/build/adafruit_feather_m0/src/usb.o
                0x00000000200001ac                USB_Type::usb
 .bss._ZN5Input6AnalogE
                0x00000000200001b0        0x4 .pio/build/adafruit_feather_m0/libf4c/libfeather.a(input.o)
                0x00000000200001b0                Input::Analog
 .bss.SD_DMA_TRASH
                0x00000000200001b4        0x1 .pio/build/adafruit_feather_m0/libf4c/libfeather.a(sd.o)
                0x00000000200001b4                SD_DMA_TRASH
 *fill*         0x00000000200001b5        0x3 
 .bss._ZN2SD10fatAddressE
                0x00000000200001b8        0x4 .pio/build/adafruit_feather_m0/libf4c/libfeather.a(sd.o)
                0x00000000200001b8                SD::fatAddress
 .bss._ZN2SD10volAddressE
                0x00000000200001bc        0x4 .pio/build/adafruit_feather_m0/libf4c/libfeather.a(sd.o)
                0x00000000200001bc                SD::volAddress
 .bss._ZN2SD11rootAddressE
                0x00000000200001c0        0x4 .pio/build/adafruit_feather_m0/libf4c/libfeather.a(sd.o)
                0x00000000200001c0                SD::rootAddress
 .bss._ZN2SD19sectors_per_clusterE
                0x00000000200001c4        0x1 .pio/build/adafruit_feather_m0/libf4c/libfeather.a(sd.o)
                0x00000000200001c4                SD::sectors_per_cluster
 .bss.sd_data   0x00000000200001c5        0x6 .pio/build/adafruit_feather_m0/libf4c/libfeather.a(sd.o)
                0x00000000200001c5                sd_data
 .bss.sd_dma_state
                0x00000000200001cb        0x1 .pio/build/adafruit_feather_m0/libf4c/libfeather.a(sd.o)
                0x00000000200001cb                sd_dma_state
 .bss.sd_long_response
                0x00000000200001cc        0x4 .pio/build/adafruit_feather_m0/libf4c/libfeather.a(sd.o)
                0x00000000200001cc                sd_long_response
 .bss.sd_response
                0x00000000200001d0        0x1 .pio/build/adafruit_feather_m0/libf4c/libfeather.a(sd.o)
                0x00000000200001d0                sd_response
 *fill*         0x00000000200001d1        0xf 
 .bss.sd_rx_descriptors
                0x00000000200001e0       0x40 .pio/build/adafruit_feather_m0/libf4c/libfeather.a(sd.o)
                0x00000000200001e0                sd_rx_descriptors
 .bss.sd_tx_descriptors
                0x0000000020000220       0x40 .pio/build/adafruit_feather_m0/libf4c/libfeather.a(sd.o)
                0x0000000020000220                sd_tx_descriptors
 .bss.DMACFG    0x0000000020000260       0x30 .pio/build/adafruit_feather_m0/libf4c/libfeather.a(dma.o)
                0x0000000020000260                DMACFG
 .bss._DMAWRB   0x0000000020000290       0x30 .pio/build/adafruit_feather_m0/libf4c/libfeather.a(dma.o)
                0x0000000020000290                _DMAWRB
 .bss._ZN12_GLOBAL__N_113__new_handlerE
                0x00000000200002c0        0x4 /Users/gregory/.platformio/packages/toolchain-gccarmnoneeabi/bin/../lib/gcc/arm-none-eabi/7.2.1/../../../../arm-none-eabi/lib/thumb/v6-m/libstdc++_nano.a(new_handler.o)
 .bss.__malloc_free_list
                0x00000000200002c4        0x4 /Users/gregory/.platformio/packages/toolchain-gccarmnoneeabi/bin/../lib/gcc/arm-none-eabi/7.2.1/../../../../arm-none-eabi/lib/thumb/v6-m/libc_nano.a(lib_a-nano-mallocr.o)
                0x00000000200002c4                __malloc_free_list
 .bss.__malloc_sbrk_start
                0x00000000200002c8        0x4 /Users/gregory/.platformio/packages/toolchain-gccarmnoneeabi/bin/../lib/gcc/arm-none-eabi/7.2.1/../../../../arm-none-eabi/lib/thumb/v6-m/libc_nano.a(lib_a-nano-mallocr.o)
                0x00000000200002c8                __malloc_sbrk_start
 .bss.heap_end.4102
                0x00000000200002cc        0x4 /Users/gregory/.platformio/packages/toolchain-gccarmnoneeabi/bin/../lib/gcc/arm-none-eabi/7.2.1/../../../../arm-none-eabi/lib/thumb/v6-m/libnosys.a(sbrk.o)
 *(COMMON)
 COMMON         0x00000000200002d0        0x4 /Users/gregory/.platformio/packages/toolchain-gccarmnoneeabi/bin/../lib/gcc/arm-none-eabi/7.2.1/../../../../arm-none-eabi/lib/thumb/v6-m/libc_nano.a(lib_a-reent.o)
                0x00000000200002d0                errno
                0x00000000200002d4                . = ALIGN (0x4)
                0x00000000200002d4                _ebss = .
                0x00000000200002d4                _ezero = .

.stack          0x00000000200002d4     0x2004 load address 0x0000000000001cd4
                0x00000000200002d8                . = ALIGN (0x8)
 *fill*         0x00000000200002d4        0x4 
                0x00000000200002d8                _sstack = .
                0x00000000200022d8                . = (. + STACK_SIZE)
 *fill*         0x00000000200002d8     0x2000 
                0x00000000200022d8                . = ALIGN (0x8)
                0x00000000200022d8                _estack = .
                0x00000000200022d8                . = ALIGN (0x4)
                0x00000000200022d8                _end = .
                0x00000000200022d8                end = _end
LOAD .pio/build/adafruit_feather_m0/src/log.o
LOAD .pio/build/adafruit_feather_m0/src/main.o
LOAD .pio/build/adafruit_feather_m0/src/program.o
LOAD .pio/build/adafruit_feather_m0/src/turtle.o
LOAD .pio/build/adafruit_feather_m0/src/usb.o
LOAD .pio/build/adafruit_feather_m0/src/usb_descriptors.o
LOAD .pio/build/adafruit_feather_m0/src/usb_handlers.o
START GROUP
LOAD .pio/build/adafruit_feather_m0/libf4c/libfeather.a
END GROUP
LOAD /Users/gregory/.platformio/packages/toolchain-gccarmnoneeabi/bin/../lib/gcc/arm-none-eabi/7.2.1/../../../../arm-none-eabi/lib/thumb/v6-m/libstdc++_nano.a
LOAD /Users/gregory/.platformio/packages/toolchain-gccarmnoneeabi/bin/../lib/gcc/arm-none-eabi/7.2.1/../../../../arm-none-eabi/lib/thumb/v6-m/libm.a
START GROUP
LOAD /Users/gregory/.platformio/packages/toolchain-gccarmnoneeabi/bin/../lib/gcc/arm-none-eabi/7.2.1/thumb/v6-m/libgcc.a
LOAD /Users/gregory/.platformio/packages/toolchain-gccarmnoneeabi/bin/../lib/gcc/arm-none-eabi/7.2.1/../../../../arm-none-eabi/lib/thumb/v6-m/libc_nano.a
END GROUP
START GROUP
LOAD /Users/gregory/.platformio/packages/toolchain-gccarmnoneeabi/bin/../lib/gcc/arm-none-eabi/7.2.1/thumb/v6-m/libgcc.a
LOAD /Users/gregory/.platformio/packages/toolchain-gccarmnoneeabi/bin/../lib/gcc/arm-none-eabi/7.2.1/../../../../arm-none-eabi/lib/thumb/v6-m/libc_nano.a
LOAD /Users/gregory/.platformio/packages/toolchain-gccarmnoneeabi/bin/../lib/gcc/arm-none-eabi/7.2.1/../../../../arm-none-eabi/lib/thumb/v6-m/libnosys.a
END GROUP
START GROUP
LOAD /Users/gregory/.platformio/packages/toolchain-gccarmnoneeabi/bin/../lib/gcc/arm-none-eabi/7.2.1/thumb/v6-m/libgcc.a
LOAD /Users/gregory/.platformio/packages/toolchain-gccarmnoneeabi/bin/../lib/gcc/arm-none-eabi/7.2.1/../../../../arm-none-eabi/lib/thumb/v6-m/libc_nano.a
LOAD /Users/gregory/.platformio/packages/toolchain-gccarmnoneeabi/bin/../lib/gcc/arm-none-eabi/7.2.1/../../../../arm-none-eabi/lib/thumb/v6-m/libnosys.a
END GROUP
LOAD /Users/gregory/.platformio/packages/toolchain-gccarmnoneeabi/bin/../lib/gcc/arm-none-eabi/7.2.1/thumb/v6-m/crtend.o
LOAD /Users/gregory/.platformio/packages/toolchain-gccarmnoneeabi/bin/../lib/gcc/arm-none-eabi/7.2.1/thumb/v6-m/crtn.o
OUTPUT(.pio/build/adafruit_feather_m0/firmware.elf elf32-littlearm)

.ARM.attributes
                0x0000000000000000       0x28
 .ARM.attributes
                0x0000000000000000       0x1e /Users/gregory/.platformio/packages/toolchain-gccarmnoneeabi/bin/../lib/gcc/arm-none-eabi/7.2.1/thumb/v6-m/crti.o
 .ARM.attributes
                0x000000000000001e       0x2c /Users/gregory/.platformio/packages/toolchain-gccarmnoneeabi/bin/../lib/gcc/arm-none-eabi/7.2.1/thumb/v6-m/crtbegin.o
 .ARM.attributes
                0x000000000000004a       0x32 .pio/build/adafruit_feather_m0/src/log.o
 .ARM.attributes
                0x000000000000007c       0x32 .pio/build/adafruit_feather_m0/src/main.o
 .ARM.attributes
                0x00000000000000ae       0x32 .pio/build/adafruit_feather_m0/src/usb.o
 .ARM.attributes
                0x00000000000000e0       0x32 .pio/build/adafruit_feather_m0/src/usb_descriptors.o
 .ARM.attributes
                0x0000000000000112       0x32 .pio/build/adafruit_feather_m0/src/usb_handlers.o
 .ARM.attributes
                0x0000000000000144       0x32 .pio/build/adafruit_feather_m0/libf4c/libfeather.a(font.o)
 .ARM.attributes
                0x0000000000000176       0x32 .pio/build/adafruit_feather_m0/libf4c/libfeather.a(init.o)
 .ARM.attributes
                0x00000000000001a8       0x32 .pio/build/adafruit_feather_m0/libf4c/libfeather.a(input.o)
 .ARM.attributes
                0x00000000000001da       0x32 .pio/build/adafruit_feather_m0/libf4c/libfeather.a(lcd.o)
 .ARM.attributes
                0x000000000000020c       0x32 .pio/build/adafruit_feather_m0/libf4c/libfeather.a(sd.o)
 .ARM.attributes
                0x000000000000023e       0x32 .pio/build/adafruit_feather_m0/libf4c/libfeather.a(startup.o)
 .ARM.attributes
                0x0000000000000270       0x32 .pio/build/adafruit_feather_m0/libf4c/libfeather.a(text.o)
 .ARM.attributes
                0x00000000000002a2       0x32 .pio/build/adafruit_feather_m0/libf4c/libfeather.a(timer.o)
 .ARM.attributes
                0x00000000000002d4       0x32 .pio/build/adafruit_feather_m0/libf4c/libfeather.a(dma.o)
 .ARM.attributes
                0x0000000000000306       0x32 .pio/build/adafruit_feather_m0/libf4c/libfeather.a(error.o)
 .ARM.attributes
                0x0000000000000338       0x2c /Users/gregory/.platformio/packages/toolchain-gccarmnoneeabi/bin/../lib/gcc/arm-none-eabi/7.2.1/../../../../arm-none-eabi/lib/thumb/v6-m/libstdc++_nano.a(new_op.o)
 .ARM.attributes
                0x0000000000000364       0x2c /Users/gregory/.platformio/packages/toolchain-gccarmnoneeabi/bin/../lib/gcc/arm-none-eabi/7.2.1/../../../../arm-none-eabi/lib/thumb/v6-m/libstdc++_nano.a(new_handler.o)
 .ARM.attributes
                0x0000000000000390       0x1e /Users/gregory/.platformio/packages/toolchain-gccarmnoneeabi/bin/../lib/gcc/arm-none-eabi/7.2.1/thumb/v6-m/libgcc.a(_divsi3.o)
 .ARM.attributes
                0x00000000000003ae       0x1e /Users/gregory/.platformio/packages/toolchain-gccarmnoneeabi/bin/../lib/gcc/arm-none-eabi/7.2.1/thumb/v6-m/libgcc.a(_dvmd_tls.o)
 .ARM.attributes
                0x00000000000003cc       0x2c /Users/gregory/.platformio/packages/toolchain-gccarmnoneeabi/bin/../lib/gcc/arm-none-eabi/7.2.1/../../../../arm-none-eabi/lib/thumb/v6-m/libc_nano.a(lib_a-abort.o)
 .ARM.attributes
                0x00000000000003f8       0x2c /Users/gregory/.platformio/packages/toolchain-gccarmnoneeabi/bin/../lib/gcc/arm-none-eabi/7.2.1/../../../../arm-none-eabi/lib/thumb/v6-m/libc_nano.a(lib_a-impure.o)
 .ARM.attributes
                0x0000000000000424       0x2c /Users/gregory/.platformio/packages/toolchain-gccarmnoneeabi/bin/../lib/gcc/arm-none-eabi/7.2.1/../../../../arm-none-eabi/lib/thumb/v6-m/libc_nano.a(lib_a-init.o)
 .ARM.attributes
                0x0000000000000450       0x2c /Users/gregory/.platformio/packages/toolchain-gccarmnoneeabi/bin/../lib/gcc/arm-none-eabi/7.2.1/../../../../arm-none-eabi/lib/thumb/v6-m/libc_nano.a(lib_a-malloc.o)
 .ARM.attributes
                0x000000000000047c       0x2c /Users/gregory/.platformio/packages/toolchain-gccarmnoneeabi/bin/../lib/gcc/arm-none-eabi/7.2.1/../../../../arm-none-eabi/lib/thumb/v6-m/libc_nano.a(lib_a-memcpy-stub.o)
 .ARM.attributes
                0x00000000000004a8       0x2c /Users/gregory/.platformio/packages/toolchain-gccarmnoneeabi/bin/../lib/gcc/arm-none-eabi/7.2.1/../../../../arm-none-eabi/lib/thumb/v6-m/libc_nano.a(lib_a-memset.o)
 .ARM.attributes
                0x00000000000004d4       0x2c /Users/gregory/.platformio/packages/toolchain-gccarmnoneeabi/bin/../lib/gcc/arm-none-eabi/7.2.1/../../../../arm-none-eabi/lib/thumb/v6-m/libc_nano.a(lib_a-nano-mallocr.o)
 .ARM.attributes
                0x0000000000000500       0x2c /Users/gregory/.platformio/packages/toolchain-gccarmnoneeabi/bin/../lib/gcc/arm-none-eabi/7.2.1/../../../../arm-none-eabi/lib/thumb/v6-m/libc_nano.a(lib_a-sbrkr.o)
 .ARM.attributes
                0x000000000000052c       0x2c /Users/gregory/.platformio/packages/toolchain-gccarmnoneeabi/bin/../lib/gcc/arm-none-eabi/7.2.1/../../../../arm-none-eabi/lib/thumb/v6-m/libc_nano.a(lib_a-signal.o)
 .ARM.attributes
                0x0000000000000558       0x2c /Users/gregory/.platformio/packages/toolchain-gccarmnoneeabi/bin/../lib/gcc/arm-none-eabi/7.2.1/../../../../arm-none-eabi/lib/thumb/v6-m/libc_nano.a(lib_a-signalr.o)
 .ARM.attributes
                0x0000000000000584       0x2c /Users/gregory/.platformio/packages/toolchain-gccarmnoneeabi/bin/../lib/gcc/arm-none-eabi/7.2.1/../../../../arm-none-eabi/lib/thumb/v6-m/libc_nano.a(lib_a-mlock.o)
 .ARM.attributes
                0x00000000000005b0       0x2c /Users/gregory/.platformio/packages/toolchain-gccarmnoneeabi/bin/../lib/gcc/arm-none-eabi/7.2.1/../../../../arm-none-eabi/lib/thumb/v6-m/libc_nano.a(lib_a-reent.o)
 .ARM.attributes
                0x00000000000005dc       0x2c /Users/gregory/.platformio/packages/toolchain-gccarmnoneeabi/bin/../lib/gcc/arm-none-eabi/7.2.1/../../../../arm-none-eabi/lib/thumb/v6-m/libnosys.a(getpid.o)
 .ARM.attributes
                0x0000000000000608       0x2c /Users/gregory/.platformio/packages/toolchain-gccarmnoneeabi/bin/../lib/gcc/arm-none-eabi/7.2.1/../../../../arm-none-eabi/lib/thumb/v6-m/libnosys.a(kill.o)
 .ARM.attributes
                0x0000000000000634       0x2c /Users/gregory/.platformio/packages/toolchain-gccarmnoneeabi/bin/../lib/gcc/arm-none-eabi/7.2.1/../../../../arm-none-eabi/lib/thumb/v6-m/libnosys.a(sbrk.o)
 .ARM.attributes
                0x0000000000000660       0x2c /Users/gregory/.platformio/packages/toolchain-gccarmnoneeabi/bin/../lib/gcc/arm-none-eabi/7.2.1/../../../../arm-none-eabi/lib/thumb/v6-m/libnosys.a(_exit.o)
 .ARM.attributes
                0x000000000000068c       0x1e /Users/gregory/.platformio/packages/toolchain-gccarmnoneeabi/bin/../lib/gcc/arm-none-eabi/7.2.1/thumb/v6-m/crtn.o

.comment        0x0000000000000000       0x7e
 .comment       0x0000000000000000       0x7e .pio/build/adafruit_feather_m0/src/log.o
                                         0x7f (size before relaxing)
 .comment       0x000000000000007e       0x7f .pio/build/adafruit_feather_m0/src/main.o
 .comment       0x000000000000007e       0x7f .pio/build/adafruit_feather_m0/src/usb.o
 .comment       0x000000000000007e       0x7f .pio/build/adafruit_feather_m0/src/usb_descriptors.o
 .comment       0x000000000000007e       0x7f .pio/build/adafruit_feather_m0/src/usb_handlers.o
 .comment       0x000000000000007e       0x7f .pio/build/adafruit_feather_m0/libf4c/libfeather.a(font.o)
 .comment       0x000000000000007e       0x7f .pio/build/adafruit_feather_m0/libf4c/libfeather.a(init.o)
 .comment       0x000000000000007e       0x7f .pio/build/adafruit_feather_m0/libf4c/libfeather.a(input.o)
 .comment       0x000000000000007e       0x7f .pio/build/adafruit_feather_m0/libf4c/libfeather.a(lcd.o)
 .comment       0x000000000000007e       0x7f .pio/build/adafruit_feather_m0/libf4c/libfeather.a(sd.o)
 .comment       0x000000000000007e       0x7f .pio/build/adafruit_feather_m0/libf4c/libfeather.a(startup.o)
 .comment       0x000000000000007e       0x7f .pio/build/adafruit_feather_m0/libf4c/libfeather.a(text.o)
 .comment       0x000000000000007e       0x7f .pio/build/adafruit_feather_m0/libf4c/libfeather.a(timer.o)
 .comment       0x000000000000007e       0x7f .pio/build/adafruit_feather_m0/libf4c/libfeather.a(dma.o)
 .comment       0x000000000000007e       0x7f .pio/build/adafruit_feather_m0/libf4c/libfeather.a(error.o)

.debug_frame    0x0000000000000000      0x3c8
 .debug_frame   0x0000000000000000       0x28 /Users/gregory/.platformio/packages/toolchain-gccarmnoneeabi/bin/../lib/gcc/arm-none-eabi/7.2.1/../../../../arm-none-eabi/lib/thumb/v6-m/libstdc++_nano.a(new_op.o)
 .debug_frame   0x0000000000000028       0x30 /Users/gregory/.platformio/packages/toolchain-gccarmnoneeabi/bin/../lib/gcc/arm-none-eabi/7.2.1/../../../../arm-none-eabi/lib/thumb/v6-m/libstdc++_nano.a(new_handler.o)
 .debug_frame   0x0000000000000058       0x20 /Users/gregory/.platformio/packages/toolchain-gccarmnoneeabi/bin/../lib/gcc/arm-none-eabi/7.2.1/thumb/v6-m/libgcc.a(_divsi3.o)
 .debug_frame   0x0000000000000078       0x28 /Users/gregory/.platformio/packages/toolchain-gccarmnoneeabi/bin/../lib/gcc/arm-none-eabi/7.2.1/../../../../arm-none-eabi/lib/thumb/v6-m/libc_nano.a(lib_a-abort.o)
 .debug_frame   0x00000000000000a0       0x2c /Users/gregory/.platformio/packages/toolchain-gccarmnoneeabi/bin/../lib/gcc/arm-none-eabi/7.2.1/../../../../arm-none-eabi/lib/thumb/v6-m/libc_nano.a(lib_a-init.o)
 .debug_frame   0x00000000000000cc       0x40 /Users/gregory/.platformio/packages/toolchain-gccarmnoneeabi/bin/../lib/gcc/arm-none-eabi/7.2.1/../../../../arm-none-eabi/lib/thumb/v6-m/libc_nano.a(lib_a-malloc.o)
 .debug_frame   0x000000000000010c       0x28 /Users/gregory/.platformio/packages/toolchain-gccarmnoneeabi/bin/../lib/gcc/arm-none-eabi/7.2.1/../../../../arm-none-eabi/lib/thumb/v6-m/libc_nano.a(lib_a-memcpy-stub.o)
 .debug_frame   0x0000000000000134       0x20 /Users/gregory/.platformio/packages/toolchain-gccarmnoneeabi/bin/../lib/gcc/arm-none-eabi/7.2.1/../../../../arm-none-eabi/lib/thumb/v6-m/libc_nano.a(lib_a-memset.o)
 .debug_frame   0x0000000000000154       0x2c /Users/gregory/.platformio/packages/toolchain-gccarmnoneeabi/bin/../lib/gcc/arm-none-eabi/7.2.1/../../../../arm-none-eabi/lib/thumb/v6-m/libc_nano.a(lib_a-nano-mallocr.o)
 .debug_frame   0x0000000000000180       0x2c /Users/gregory/.platformio/packages/toolchain-gccarmnoneeabi/bin/../lib/gcc/arm-none-eabi/7.2.1/../../../../arm-none-eabi/lib/thumb/v6-m/libc_nano.a(lib_a-sbrkr.o)
 .debug_frame   0x00000000000001ac       0xe0 /Users/gregory/.platformio/packages/toolchain-gccarmnoneeabi/bin/../lib/gcc/arm-none-eabi/7.2.1/../../../../arm-none-eabi/lib/thumb/v6-m/libc_nano.a(lib_a-signal.o)
 .debug_frame   0x000000000000028c       0x44 /Users/gregory/.platformio/packages/toolchain-gccarmnoneeabi/bin/../lib/gcc/arm-none-eabi/7.2.1/../../../../arm-none-eabi/lib/thumb/v6-m/libc_nano.a(lib_a-signalr.o)
 .debug_frame   0x00000000000002d0       0x30 /Users/gregory/.platformio/packages/toolchain-gccarmnoneeabi/bin/../lib/gcc/arm-none-eabi/7.2.1/../../../../arm-none-eabi/lib/thumb/v6-m/libc_nano.a(lib_a-mlock.o)
 .debug_frame   0x0000000000000300       0x48 /Users/gregory/.platformio/packages/toolchain-gccarmnoneeabi/bin/../lib/gcc/arm-none-eabi/7.2.1/../../../../arm-none-eabi/lib/thumb/v6-m/libc_nano.a(lib_a-reent.o)
 .debug_frame   0x0000000000000348       0x20 /Users/gregory/.platformio/packages/toolchain-gccarmnoneeabi/bin/../lib/gcc/arm-none-eabi/7.2.1/../../../../arm-none-eabi/lib/thumb/v6-m/libnosys.a(getpid.o)
 .debug_frame   0x0000000000000368       0x20 /Users/gregory/.platformio/packages/toolchain-gccarmnoneeabi/bin/../lib/gcc/arm-none-eabi/7.2.1/../../../../arm-none-eabi/lib/thumb/v6-m/libnosys.a(kill.o)
 .debug_frame   0x0000000000000388       0x20 /Users/gregory/.platformio/packages/toolchain-gccarmnoneeabi/bin/../lib/gcc/arm-none-eabi/7.2.1/../../../../arm-none-eabi/lib/thumb/v6-m/libnosys.a(sbrk.o)
 .debug_frame   0x00000000000003a8       0x20 /Users/gregory/.platformio/packages/toolchain-gccarmnoneeabi/bin/../lib/gcc/arm-none-eabi/7.2.1/../../../../arm-none-eabi/lib/thumb/v6-m/libnosys.a(_exit.o)

.stab           0x0000000000000000       0x3c
 .stab          0x0000000000000000       0x24 /Users/gregory/.platformio/packages/toolchain-gccarmnoneeabi/bin/../lib/gcc/arm-none-eabi/7.2.1/../../../../arm-none-eabi/lib/thumb/v6-m/libnosys.a(getpid.o)
 .stab          0x0000000000000024       0x18 /Users/gregory/.platformio/packages/toolchain-gccarmnoneeabi/bin/../lib/gcc/arm-none-eabi/7.2.1/../../../../arm-none-eabi/lib/thumb/v6-m/libnosys.a(kill.o)
                                         0x24 (size before relaxing)

.stabstr        0x0000000000000000       0x76
 .stabstr       0x0000000000000000       0x76 /Users/gregory/.platformio/packages/toolchain-gccarmnoneeabi/bin/../lib/gcc/arm-none-eabi/7.2.1/../../../../arm-none-eabi/lib/thumb/v6-m/libnosys.a(getpid.o)
