Archive member included to satisfy reference by file (symbol)

.pio/build/adafruit_feather_m0/lib674/libfeather.a(error.o)
                              .pio/build/adafruit_feather_m0/src/main.o (error)
.pio/build/adafruit_feather_m0/lib674/libfeather.a(font.o)
                              .pio/build/adafruit_feather_m0/src/debug.o (DEFAULT_PALETTE)
.pio/build/adafruit_feather_m0/lib674/libfeather.a(image.o)
                              .pio/build/adafruit_feather_m0/src/main.o (LCD::print2bitImage(unsigned char const*, unsigned short const*, unsigned short, unsigned short, unsigned short, unsigned short))
.pio/build/adafruit_feather_m0/lib674/libfeather.a(init.o)
                              .pio/build/adafruit_feather_m0/src/main.o (Feather::init())
.pio/build/adafruit_feather_m0/lib674/libfeather.a(input.o)
                              .pio/build/adafruit_feather_m0/lib674/libfeather.a(init.o) (Input::init())
.pio/build/adafruit_feather_m0/lib674/libfeather.a(lcd.o)
                              .pio/build/adafruit_feather_m0/lib674/libfeather.a(image.o) (LCD::setWindow(unsigned short*))
.pio/build/adafruit_feather_m0/lib674/libfeather.a(program.o)
                              .pio/build/adafruit_feather_m0/src/debug.o (Program::resetToProgram())
.pio/build/adafruit_feather_m0/lib674/libfeather.a(dir.o)
                              .pio/build/adafruit_feather_m0/src/list.o (FS::Dir::Dir())
.pio/build/adafruit_feather_m0/lib674/libfeather.a(file.o)
                              .pio/build/adafruit_feather_m0/src/main.o (FS::File::File(unsigned long))
.pio/build/adafruit_feather_m0/lib674/libfeather.a(sd.o)
                              .pio/build/adafruit_feather_m0/src/list.o (SD::read(unsigned long, unsigned short, unsigned short, void*))
.pio/build/adafruit_feather_m0/lib674/libfeather.a(serial.o)
                              .pio/build/adafruit_feather_m0/src/debug.o (Serial_t::send(char const*))
.pio/build/adafruit_feather_m0/lib674/libfeather.a(startup.o)
                              (exception_table)
.pio/build/adafruit_feather_m0/lib674/libfeather.a(text.o)
                              .pio/build/adafruit_feather_m0/src/log.o (LCD::print(unsigned char const*, unsigned short const*, unsigned short, unsigned short, char const*, unsigned char))
.pio/build/adafruit_feather_m0/lib674/libfeather.a(timer.o)
                              .pio/build/adafruit_feather_m0/lib674/libfeather.a(init.o) (initSleep())
.pio/build/adafruit_feather_m0/lib674/libfeather.a(usb.o)
                              .pio/build/adafruit_feather_m0/lib674/libfeather.a(init.o) (USB_CONN::init())
.pio/build/adafruit_feather_m0/lib674/libfeather.a(dma.o)
                              .pio/build/adafruit_feather_m0/lib674/libfeather.a(init.o) (DMA::start())
.pio/build/adafruit_feather_m0/lib674/libfeather.a(handlers.o)
                              .pio/build/adafruit_feather_m0/lib674/libfeather.a(usb.o) (USB_CONN::Handler_OUT(Serial_t*))
.pio/build/adafruit_feather_m0/lib674/libfeather.a(descriptors.o)
                              .pio/build/adafruit_feather_m0/lib674/libfeather.a(handlers.o) (USB_CONN::cfgDescriptor)
/Users/gregory/.platformio/packages/toolchain-gccarmnoneeabi/bin/../lib/gcc/arm-none-eabi/7.2.1/../../../../arm-none-eabi/lib/thumb/v6-m/libstdc++_nano.a(new_op.o)
                              .pio/build/adafruit_feather_m0/lib674/libfeather.a(input.o) (operator new(unsigned int))
/Users/gregory/.platformio/packages/toolchain-gccarmnoneeabi/bin/../lib/gcc/arm-none-eabi/7.2.1/../../../../arm-none-eabi/lib/thumb/v6-m/libstdc++_nano.a(new_handler.o)
                              /Users/gregory/.platformio/packages/toolchain-gccarmnoneeabi/bin/../lib/gcc/arm-none-eabi/7.2.1/../../../../arm-none-eabi/lib/thumb/v6-m/libstdc++_nano.a(new_op.o) (std::get_new_handler())
/Users/gregory/.platformio/packages/toolchain-gccarmnoneeabi/bin/../lib/gcc/arm-none-eabi/7.2.1/thumb/v6-m/libgcc.a(_thumb1_case_uqi.o)
                              .pio/build/adafruit_feather_m0/src/debug.o (__gnu_thumb1_case_uqi)
/Users/gregory/.platformio/packages/toolchain-gccarmnoneeabi/bin/../lib/gcc/arm-none-eabi/7.2.1/thumb/v6-m/libgcc.a(_udivsi3.o)
                              .pio/build/adafruit_feather_m0/src/log.o (__aeabi_uidivmod)
/Users/gregory/.platformio/packages/toolchain-gccarmnoneeabi/bin/../lib/gcc/arm-none-eabi/7.2.1/thumb/v6-m/libgcc.a(_divsi3.o)
                              .pio/build/adafruit_feather_m0/src/log.o (__aeabi_idivmod)
/Users/gregory/.platformio/packages/toolchain-gccarmnoneeabi/bin/../lib/gcc/arm-none-eabi/7.2.1/thumb/v6-m/libgcc.a(_dvmd_tls.o)
                              /Users/gregory/.platformio/packages/toolchain-gccarmnoneeabi/bin/../lib/gcc/arm-none-eabi/7.2.1/thumb/v6-m/libgcc.a(_udivsi3.o) (__aeabi_idiv0)
/Users/gregory/.platformio/packages/toolchain-gccarmnoneeabi/bin/../lib/gcc/arm-none-eabi/7.2.1/../../../../arm-none-eabi/lib/thumb/v6-m/libc_nano.a(lib_a-abort.o)
[...]
Memory Configuration

Name             Origin             Length             Attributes
rom              0x0000000000000000 0x0000000000004000 xr
ram              0x0000000020000000 0x0000000000007ffc xrw
*default*        0x0000000000000000 0xffffffffffffffff

Linker script and memory map

LOAD /Users/gregory/.platformio/packages/toolchain-gccarmnoneeabi/bin/../lib/gcc/arm-none-eabi/7.2.1/thumb/v6-m/crti.o
LOAD /Users/gregory/.platformio/packages/toolchain-gccarmnoneeabi/bin/../lib/gcc/arm-none-eabi/7.2.1/thumb/v6-m/crtbegin.o
LOAD /Users/gregory/.platformio/packages/toolchain-gccarmnoneeabi/bin/../lib/gcc/arm-none-eabi/7.2.1/../../../../arm-none-eabi/lib/thumb/v6-m/crt0.o
                0x0000000000002000                STACK_SIZE = DEFINED (STACK_SIZE)?STACK_SIZE:DEFINED (__stack_size__)?__stack_size__:0x2000
                0x0000000000000000                . = ORIGIN (rom)
                0x0000000000000000                _svectors = .

.vector         0x0000000020000000       0xb4 load address 0x0000000000000000
                0x0000000020000000                . = ALIGN (0x4)
                0x0000000020000000                _sramvectors = .
 *(.vectors .vectors.*)
 .vectors       0x0000000020000000       0xb4 .pio/build/adafruit_feather_m0/lib674/libfeather.a(startup.o)
                0x0000000020000000                exception_table
                0x00000000200000b4                _eramvectors = .

.text           0x00000000000000b4     0x2d30
                0x00000000000000b4                . = ALIGN (0x4)
                0x00000000000000b4                _sfixed = .
 *(.text .text.* .gnu.linkonce.t.*)
 .text          0x00000000000000b4       0x48 /Users/gregory/.platformio/packages/toolchain-gccarmnoneeabi/bin/../lib/gcc/arm-none-eabi/7.2.1/thumb/v6-m/crtbegin.o
 .text._ZN3LCD10fillScreenEt
                0x00000000000000fc       0x14 .pio/build/adafruit_feather_m0/src/debug.o
                0x00000000000000fc                LCD::fillScreen(unsigned short)
 .text._ZN4Help9checkHelpEv
                0x0000000000000110       0x6c .pio/build/adafruit_feather_m0/src/help.o
                0x0000000000000110                Help::checkHelp()
 .text._ZN4List4initEv
                0x000000000000017c       0x1c .pio/build/adafruit_feather_m0/src/list.o
                0x000000000000017c                List::init()
 .text._ZN4List8drawListEv
                0x0000000000000198      0x108 .pio/build/adafruit_feather_m0/src/list.o
                0x0000000000000198                List::drawList()
 .text._ZN4List8scrollUpEv
                0x00000000000002a0       0x24 .pio/build/adafruit_feather_m0/src/list.o
                0x00000000000002a0                List::scrollUp()
 .text._ZN4List10scrollDownEv
                0x00000000000002c4       0x1c .pio/build/adafruit_feather_m0/src/list.o
                0x00000000000002c4                List::scrollDown()
 .text.startup._GLOBAL__sub_I__ZN4List8selectedE
                0x00000000000002e0       0x10 .pio/build/adafruit_feather_m0/src/list.o
 .text._Z13drawUsbStatusv
                0x00000000000002f0       0x38 .pio/build/adafruit_feather_m0/src/main.o
                0x00000000000002f0                drawUsbStatus()
 .text._Z8drawHomev
                0x0000000000000328       0x68 .pio/build/adafruit_feather_m0/src/main.o
                0x0000000000000328                drawHome()
 .text.startup.main
                0x0000000000000390      0x1d4 .pio/build/adafruit_feather_m0/src/main.o
                0x0000000000000390                main
 .text._ZN7Program10runProgramEv
                0x0000000000000564       0x34 .pio/build/adafruit_feather_m0/src/program.o
                0x0000000000000564                Program::runProgram()
 .text._ZN7Program18checkProgramAndRunEv
                0x0000000000000598       0x60 .pio/build/adafruit_feather_m0/src/program.o
                0x0000000000000598                Program::checkProgramAndRun()
 .text._ZN7Program11nextProgramEPN2FS3DirEP8ProgMetaPm
                0x00000000000005f8       0xa8 .pio/build/adafruit_feather_m0/src/program.o
                0x00000000000005f8                Program::nextProgram(FS::Dir*, ProgMeta*, unsigned long*)
 .text._ZN7Program19findProgramClustersEPN2FS3DirEPmPh
                0x00000000000006a0       0x2c .pio/build/adafruit_feather_m0/src/program.o
                0x00000000000006a0                Program::findProgramClusters(FS::Dir*, unsigned long*, unsigned char*)
 .text.error    0x00000000000006cc       0x70 .pio/build/adafruit_feather_m0/lib674/libfeather.a(error.o)
                0x00000000000006cc                error
 .text._Z15error_multilinePPKch
                0x000000000000073c       0x74 .pio/build/adafruit_feather_m0/lib674/libfeather.a(error.o)
                0x000000000000073c                error_multiline(char const**, unsigned char)
 .text._ZN3LCD14print2bitImageEPKhPKttttt
                0x00000000000007b0       0xac .pio/build/adafruit_feather_m0/lib674/libfeather.a(image.o)
                0x00000000000007b0                LCD::print2bitImage(unsigned char const*, unsigned short const*, unsigned short, unsigned short, unsigned short, unsigned short)
 .text._ZN7Feather4initEv
                0x000000000000085c       0xfc .pio/build/adafruit_feather_m0/lib674/libfeather.a(init.o)
                0x000000000000085c                Feather::init()
 .text._ZN5Input4initEv
                0x0000000000000958      0x138 .pio/build/adafruit_feather_m0/lib674/libfeather.a(input.o)
                0x0000000000000958                Input::init()
 .text.startup._GLOBAL__sub_I__ZN5Input6AnalogE
                0x0000000000000a90       0x1c .pio/build/adafruit_feather_m0/lib674/libfeather.a(input.o)
 .text._ZN3LCD9setWindowEPt
                0x0000000000000aac       0xd4 .pio/build/adafruit_feather_m0/lib674/libfeather.a(lcd.o)
                0x0000000000000aac                LCD::setWindow(unsigned short*)
 .text._ZN3LCD10fillWindowEt
                0x0000000000000b80       0x64 .pio/build/adafruit_feather_m0/lib674/libfeather.a(lcd.o)
                0x0000000000000b80                LCD::fillWindow(unsigned short)
 .text._ZN3LCD4initEv
                0x0000000000000be4      0x114 .pio/build/adafruit_feather_m0/lib674/libfeather.a(lcd.o)
                0x0000000000000be4                LCD::init()
 .text._ZN3LCD10fillWindowEttttt
                0x0000000000000cf8       0x20 .pio/build/adafruit_feather_m0/lib674/libfeather.a(lcd.o)
                0x0000000000000cf8                LCD::fillWindow(unsigned short, unsigned short, unsigned short, unsigned short, unsigned short)
 .text._ZN7Program14resetToProgramEv
                0x0000000000000d18       0x28 .pio/build/adafruit_feather_m0/lib674/libfeather.a(program.o)
                0x0000000000000d18                Program::resetToProgram()
 .text._ZN2SD11nextClusterEPm
                0x0000000000000d40       0x20 .pio/build/adafruit_feather_m0/lib674/libfeather.a(dir.o)
                0x0000000000000d40                SD::nextCluster(unsigned long*)
 .text._ZN2FS3DirC2Ev
                0x0000000000000d60        0xc .pio/build/adafruit_feather_m0/lib674/libfeather.a(dir.o)
                0x0000000000000d60                FS::Dir::Dir()
                0x0000000000000d60                FS::Dir::Dir()
 .text._ZN2FS3Dir9readEntryEPNS_8DirEntryE
                0x0000000000000d6c       0x30 .pio/build/adafruit_feather_m0/lib674/libfeather.a(dir.o)
                0x0000000000000d6c                FS::Dir::readEntry(FS::DirEntry*)
 .text._ZN2FS3Dir9nextEntryEv
                0x0000000000000d9c       0x44 .pio/build/adafruit_feather_m0/lib674/libfeather.a(dir.o)
                0x0000000000000d9c                FS::Dir::nextEntry()
 .text._ZN2FS4FileC2Em
                0x0000000000000de0        0x8 .pio/build/adafruit_feather_m0/lib674/libfeather.a(file.o)
                0x0000000000000de0                FS::File::File(unsigned long)
                0x0000000000000de0                FS::File::File(unsigned long)
 .text._ZN2FS4File10readSectorEttPv
                0x0000000000000de8       0x1c .pio/build/adafruit_feather_m0/lib674/libfeather.a(file.o)
                0x0000000000000de8                FS::File::readSector(unsigned short, unsigned short, void*)
 .text._ZN2FS4File10nextSectorEv
                0x0000000000000e04       0x58 .pio/build/adafruit_feather_m0/lib674/libfeather.a(file.o)
                0x0000000000000e04                FS::File::nextSector()
 .text.DMAC_Handler
                0x0000000000000e5c       0x54 .pio/build/adafruit_feather_m0/lib674/libfeather.a(sd.o)
                0x0000000000000e5c                DMAC_Handler
 .text._Z10sd_executev
                0x0000000000000eb0       0x1c .pio/build/adafruit_feather_m0/lib674/libfeather.a(sd.o)
                0x0000000000000eb0                sd_execute()
 .text._Z14sd_sendCommandhmh
                0x0000000000000ecc       0xe8 .pio/build/adafruit_feather_m0/lib674/libfeather.a(sd.o)
                0x0000000000000ecc                sd_sendCommand(unsigned char, unsigned long, unsigned char)
 .text._ZN2SD4readEmttPv
                0x0000000000000fb4      0x12c .pio/build/adafruit_feather_m0/lib674/libfeather.a(sd.o)
                0x0000000000000fb4                SD::read(unsigned long, unsigned short, unsigned short, void*)
 .text._ZN2SD4initEv
                0x00000000000010e0      0x1d4 .pio/build/adafruit_feather_m0/lib674/libfeather.a(sd.o)
                0x00000000000010e0                SD::init()
 .text._ZN8Serial_t13DefaultRecvCBEPS_Pch
                0x00000000000012b4        0x8 .pio/build/adafruit_feather_m0/lib674/libfeather.a(serial.o)
                0x00000000000012b4                Serial_t::DefaultRecvCB(Serial_t*, char*, unsigned char)
 .text.startup._GLOBAL__sub_I__ZN8Serial_t6serialE
                0x00000000000012bc       0x28 .pio/build/adafruit_feather_m0/lib674/libfeather.a(serial.o)
 .text.Dummy_Handler
                0x00000000000012e4        0x2 .pio/build/adafruit_feather_m0/lib674/libfeather.a(startup.o)
                0x00000000000012e4                SYSCTRL_Handler
                0x00000000000012e4                AC_Handler
                0x00000000000012e4                SysTick_Handler
                0x00000000000012e4                PendSV_Handler
                0x00000000000012e4                SERCOM1_Handler
                0x00000000000012e4                ADC_Handler
                0x00000000000012e4                NonMaskableInt_Handler
                0x00000000000012e4                TCC1_Handler
                0x00000000000012e4                SERCOM2_Handler
                0x00000000000012e4                TCC0_Handler
                0x00000000000012e4                RTC_Handler
                0x00000000000012e4                EIC_Handler
                0x00000000000012e4                WDT_Handler
                0x00000000000012e4                TC4_Handler
                0x00000000000012e4                Dummy_Handler
                0x00000000000012e4                PM_Handler
                0x00000000000012e4                SERCOM5_Handler
                0x00000000000012e4                TCC2_Handler
                0x00000000000012e4                EVSYS_Handler
                0x00000000000012e4                SERCOM3_Handler
                0x00000000000012e4                SERCOM4_Handler
                0x00000000000012e4                I2S_Handler
                0x00000000000012e4                NVMCTRL_Handler
                0x00000000000012e4                SERCOM0_Handler
                0x00000000000012e4                DAC_Handler
                0x00000000000012e4                PTC_Handler
                0x00000000000012e4                TC5_Handler
                0x00000000000012e4                SVCall_Handler
 *fill*         0x00000000000012e6        0x2 
 .text.HardFault_Handler
                0x00000000000012e8       0x14 .pio/build/adafruit_feather_m0/lib674/libfeather.a(startup.o)
                0x00000000000012e8                HardFault_Handler
 .text.Reset_Handler
                0x00000000000012fc       0xcc .pio/build/adafruit_feather_m0/lib674/libfeather.a(startup.o)
                0x00000000000012fc                Reset_Handler
 .text._ZN3LCD5printEPKhPKtttPKch
                0x00000000000013c8       0xbc .pio/build/adafruit_feather_m0/lib674/libfeather.a(text.o)
                0x00000000000013c8                LCD::print(unsigned char const*, unsigned short const*, unsigned short, unsigned short, char const*, unsigned char)
 .text._ZN3LCD5printEPKhPKtttPKc
                0x0000000000001484       0x20 .pio/build/adafruit_feather_m0/lib674/libfeather.a(text.o)
                0x0000000000001484                LCD::print(unsigned char const*, unsigned short const*, unsigned short, unsigned short, char const*)
 .text._ZN3LCD8printHexEPKhPKtttm
                0x00000000000014a4       0xb0 .pio/build/adafruit_feather_m0/lib674/libfeather.a(text.o)
                0x00000000000014a4                LCD::printHex(unsigned char const*, unsigned short const*, unsigned short, unsigned short, unsigned long)
 .text._ZN3LCD8printlnsEPKhPKtttPKc
                0x0000000000001554       0x6c .pio/build/adafruit_feather_m0/lib674/libfeather.a(text.o)
                0x0000000000001554                LCD::printlns(unsigned char const*, unsigned short const*, unsigned short, unsigned short, char const*)
 .text.TC3_Handler
                0x00000000000015c0       0x18 .pio/build/adafruit_feather_m0/lib674/libfeather.a(timer.o)
                0x00000000000015c0                TC3_Handler
 .text._Z9initSleepv
                0x00000000000015d8       0x50 .pio/build/adafruit_feather_m0/lib674/libfeather.a(timer.o)
                0x00000000000015d8                initSleep()
 .text._ZN8USB_CONN4initEv
                0x0000000000001628       0xa0 .pio/build/adafruit_feather_m0/lib674/libfeather.a(usb.o)
                0x0000000000001628                USB_CONN::init()
 .text._ZN8USB_CONN3zlpEv
                0x00000000000016c8       0x30 .pio/build/adafruit_feather_m0/lib674/libfeather.a(usb.o)
                0x00000000000016c8                USB_CONN::zlp()
 .text._ZN8USB_CONN5stallEv
                0x00000000000016f8        0xc .pio/build/adafruit_feather_m0/lib674/libfeather.a(usb.o)
                0x00000000000016f8                USB_CONN::stall()
 .text._ZN8USB_CONN5writeEPKcmh
                0x0000000000001704       0x20 .pio/build/adafruit_feather_m0/lib674/libfeather.a(usb.o)
                0x0000000000001704                USB_CONN::write(char const*, unsigned long, unsigned char)
 .text._ZN8USB_CONN15configureSerialEhh
                0x0000000000001724       0x74 .pio/build/adafruit_feather_m0/lib674/libfeather.a(usb.o)
                0x0000000000001724                USB_CONN::configureSerial(unsigned char, unsigned char)
 .text._ZN8USB_CONN11writeStringEPKcmh
                0x0000000000001798       0x40 .pio/build/adafruit_feather_m0/lib674/libfeather.a(usb.o)
                0x0000000000001798                USB_CONN::writeString(char const*, unsigned long, unsigned char)
 .text._ZN3DMA5startEv
                0x00000000000017d8       0x20 .pio/build/adafruit_feather_m0/lib674/libfeather.a(dma.o)
                0x00000000000017d8                DMA::start()
 .text._ZN8USB_CONN13Handler_RXSTPEv
                0x00000000000017f8      0x18c .pio/build/adafruit_feather_m0/lib674/libfeather.a(handlers.o)
                0x00000000000017f8                USB_CONN::Handler_RXSTP()
 .text._ZN8USB_CONN13Handler_EORSTEv
                0x0000000000001984       0x70 .pio/build/adafruit_feather_m0/lib674/libfeather.a(handlers.o)
                0x0000000000001984                USB_CONN::Handler_EORST()
 .text.startup._GLOBAL__sub_I__ZN8USB_CONN7stringsE
                0x00000000000019f4       0xfc .pio/build/adafruit_feather_m0/lib674/libfeather.a(descriptors.o)
 .text._Znwj    0x0000000000001af0       0x24 /Users/gregory/.platformio/packages/toolchain-gccarmnoneeabi/bin/../lib/gcc/arm-none-eabi/7.2.1/../../../../arm-none-eabi/lib/thumb/v6-m/libstdc++_nano.a(new_op.o)
                0x0000000000001af0                operator new(unsigned int)
 .text._ZSt15get_new_handlerv
                0x0000000000001b14        0xc /Users/gregory/.platformio/packages/toolchain-gccarmnoneeabi/bin/../lib/gcc/arm-none-eabi/7.2.1/../../../../arm-none-eabi/lib/thumb/v6-m/libstdc++_nano.a(new_handler.o)
                0x0000000000001b14                std::get_new_handler()
 .text          0x0000000000001b20       0x14 /Users/gregory/.platformio/packages/toolchain-gccarmnoneeabi/bin/../lib/gcc/arm-none-eabi/7.2.1/thumb/v6-m/libgcc.a(_thumb1_case_uqi.o)
                0x0000000000001b20                __gnu_thumb1_case_uqi
 .text.abort    0x0000000000001b34        0xe /Users/gregory/.platformio/packages/toolchain-gccarmnoneeabi/bin/../lib/gcc/arm-none-eabi/7.2.1/../../../../arm-none-eabi/lib/thumb/v6-m/libc_nano.a(lib_a-abort.o)
                0x0000000000001b34                abort
 *fill*         0x0000000000001b42        0x2 
 .text.__libc_init_array
                0x0000000000001b44       0x48 /Users/gregory/.platformio/packages/toolchain-gccarmnoneeabi/bin/../lib/gcc/arm-none-eabi/7.2.1/../../../../arm-none-eabi/lib/thumb/v6-m/libc_nano.a(lib_a-init.o)
                0x0000000000001b44                __libc_init_array
 .text.malloc   0x0000000000001b8c       0x14 /Users/gregory/.platformio/packages/toolchain-gccarmnoneeabi/bin/../lib/gcc/arm-none-eabi/7.2.1/../../../../arm-none-eabi/lib/thumb/v6-m/libc_nano.a(lib_a-malloc.o)
                0x0000000000001b8c                malloc
 .text.memcpy   0x0000000000001ba0       0x12 /Users/gregory/.platformio/packages/toolchain-gccarmnoneeabi/bin/../lib/gcc/arm-none-eabi/7.2.1/../../../../arm-none-eabi/lib/thumb/v6-m/libc_nano.a(lib_a-memcpy-stub.o)
                0x0000000000001ba0                memcpy
 .text.memset   0x0000000000001bb2       0x10 /Users/gregory/.platformio/packages/toolchain-gccarmnoneeabi/bin/../lib/gcc/arm-none-eabi/7.2.1/../../../../arm-none-eabi/lib/thumb/v6-m/libc_nano.a(lib_a-memset.o)
                0x0000000000001bb2                memset
 *fill*         0x0000000000001bc2        0x2 
 .text._malloc_r
                0x0000000000001bc4       0xbc /Users/gregory/.platformio/packages/toolchain-gccarmnoneeabi/bin/../lib/gcc/arm-none-eabi/7.2.1/../../../../arm-none-eabi/lib/thumb/v6-m/libc_nano.a(lib_a-nano-mallocr.o)
                0x0000000000001bc4                _malloc_r
 .text._sbrk_r  0x0000000000001c80       0x24 /Users/gregory/.platformio/packages/toolchain-gccarmnoneeabi/bin/../lib/gcc/arm-none-eabi/7.2.1/../../../../arm-none-eabi/lib/thumb/v6-m/libc_nano.a(lib_a-sbrkr.o)
                0x0000000000001c80                _sbrk_r
 .text._raise_r
                0x0000000000001ca4       0x54 /Users/gregory/.platformio/packages/toolchain-gccarmnoneeabi/bin/../lib/gcc/arm-none-eabi/7.2.1/../../../../arm-none-eabi/lib/thumb/v6-m/libc_nano.a(lib_a-signal.o)
                0x0000000000001ca4                _raise_r
 .text.raise    0x0000000000001cf8       0x14 /Users/gregory/.platformio/packages/toolchain-gccarmnoneeabi/bin/../lib/gcc/arm-none-eabi/7.2.1/../../../../arm-none-eabi/lib/thumb/v6-m/libc_nano.a(lib_a-signal.o)
                0x0000000000001cf8                raise
 .text._kill_r  0x0000000000001d0c       0x24 /Users/gregory/.platformio/packages/toolchain-gccarmnoneeabi/bin/../lib/gcc/arm-none-eabi/7.2.1/../../../../arm-none-eabi/lib/thumb/v6-m/libc_nano.a(lib_a-signalr.o)
                0x0000000000001d0c                _kill_r
 .text._getpid_r
                0x0000000000001d30        0x8 /Users/gregory/.platformio/packages/toolchain-gccarmnoneeabi/bin/../lib/gcc/arm-none-eabi/7.2.1/../../../../arm-none-eabi/lib/thumb/v6-m/libc_nano.a(lib_a-signalr.o)
                0x0000000000001d30                _getpid_r
 .text.__malloc_lock
                0x0000000000001d38        0x2 /Users/gregory/.platformio/packages/toolchain-gccarmnoneeabi/bin/../lib/gcc/arm-none-eabi/7.2.1/../../../../arm-none-eabi/lib/thumb/v6-m/libc_nano.a(lib_a-mlock.o)
                0x0000000000001d38                __malloc_lock
 .text.__malloc_unlock
                0x0000000000001d3a        0x2 /Users/gregory/.platformio/packages/toolchain-gccarmnoneeabi/bin/../lib/gcc/arm-none-eabi/7.2.1/../../../../arm-none-eabi/lib/thumb/v6-m/libc_nano.a(lib_a-mlock.o)
                0x0000000000001d3a                __malloc_unlock
 .text._getpid  0x0000000000001d3c       0x10 /Users/gregory/.platformio/packages/toolchain-gccarmnoneeabi/bin/../lib/gcc/arm-none-eabi/7.2.1/../../../../arm-none-eabi/lib/thumb/v6-m/libnosys.a(getpid.o)
                0x0000000000001d3c                _getpid
 .text._kill    0x0000000000001d4c       0x10 /Users/gregory/.platformio/packages/toolchain-gccarmnoneeabi/bin/../lib/gcc/arm-none-eabi/7.2.1/../../../../arm-none-eabi/lib/thumb/v6-m/libnosys.a(kill.o)
                0x0000000000001d4c                _kill
 .text._sbrk    0x0000000000001d5c       0x1c /Users/gregory/.platformio/packages/toolchain-gccarmnoneeabi/bin/../lib/gcc/arm-none-eabi/7.2.1/../../../../arm-none-eabi/lib/thumb/v6-m/libnosys.a(sbrk.o)
                0x0000000000001d5c                _sbrk
 .text._exit    0x0000000000001d78        0x4 /Users/gregory/.platformio/packages/toolchain-gccarmnoneeabi/bin/../lib/gcc/arm-none-eabi/7.2.1/../../../../arm-none-eabi/lib/thumb/v6-m/libnosys.a(_exit.o)
                0x0000000000001d78                _exit
 *(.rodata .rodata* .gnu.linkonce.r.*)
 .rodata.str1.1
                0x0000000000001d7c       0x5c .pio/build/adafruit_feather_m0/src/debug.o
 .rodata._ZL10helpScreen
                0x0000000000001dd8      0x15c .pio/build/adafruit_feather_m0/src/help.o
 .rodata._ZL16SELECTED_PALETTE
                0x0000000000001f34        0x4 .pio/build/adafruit_feather_m0/src/list.o
 .rodata._ZN4List8drawListEv.str1.1
                0x0000000000001f38        0xc .pio/build/adafruit_feather_m0/src/list.o
                                         0x15 (size before relaxing)
 .rodata._Z13drawUsbStatusv.str1.1
                0x0000000000001f44       0x24 .pio/build/adafruit_feather_m0/src/main.o
 .rodata._Z8drawHomev.str1.1
                0x0000000000001f68       0x2c .pio/build/adafruit_feather_m0/src/main.o
 .rodata._ZL13green_palette
                0x0000000000001f94        0x4 .pio/build/adafruit_feather_m0/src/main.o
 .rodata.main.str1.1
                0x0000000000001f98       0x6a .pio/build/adafruit_feather_m0/src/main.o
                                         0x6b (size before relaxing)
 .rodata.turtle
                0x0000000000002002      0x9ab .pio/build/adafruit_feather_m0/src/turtle.o
                0x0000000000002002                turtle
 .rodata.error.str1.1
                0x00000000000029ad        0x7 .pio/build/adafruit_feather_m0/lib674/libfeather.a(error.o)
 .rodata.DEFAULT_FONT
                0x00000000000029ad      0x2f8 .pio/build/adafruit_feather_m0/lib674/libfeather.a(font.o)
                0x00000000000029ad                DEFAULT_FONT
 *fill*         0x0000000000002ca5        0x1 
 .rodata.DEFAULT_PALETTE
                0x0000000000002ca6        0x4 .pio/build/adafruit_feather_m0/lib674/libfeather.a(font.o)
                0x0000000000002ca6                DEFAULT_PALETTE
 .rodata        0x0000000000002caa        0x8 .pio/build/adafruit_feather_m0/lib674/libfeather.a(lcd.o)
 *fill*         0x0000000000002cb2        0x2 
 .rodata        0x0000000000002cb4       0x18 .pio/build/adafruit_feather_m0/lib674/libfeather.a(sd.o)
 .rodata.str1.1
                0x0000000000002ccc       0x69 .pio/build/adafruit_feather_m0/lib674/libfeather.a(sd.o)
 .rodata.HardFault_Handler.str1.1
                0x0000000000002d35        0xd .pio/build/adafruit_feather_m0/lib674/libfeather.a(startup.o)
                                          0xe (size before relaxing)
 .rodata        0x0000000000002d42        0x4 .pio/build/adafruit_feather_m0/lib674/libfeather.a(handlers.o)
 .rodata._ZN8USB_CONN13Handler_RXSTPEv.str1.1
                0x0000000000002d46       0x2b .pio/build/adafruit_feather_m0/lib674/libfeather.a(handlers.o)
 .rodata._ZL6vendor
                0x0000000000002d71        0xd .pio/build/adafruit_feather_m0/lib674/libfeather.a(descriptors.o)
 .rodata._ZL7product
                0x0000000000002d7e        0xc .pio/build/adafruit_feather_m0/lib674/libfeather.a(descriptors.o)
 .rodata._ZL8serialno
                0x0000000000002d8a        0x5 .pio/build/adafruit_feather_m0/lib674/libfeather.a(descriptors.o)
 *(.ARM.extab* .gnu.linkonce.armextab.*)
                0x0000000000002d90                . = ALIGN (0x4)
 *fill*         0x0000000000002d8f        0x1 
 *(.init)
 .init          0x0000000000002d90        0x4 /Users/gregory/.platformio/packages/toolchain-gccarmnoneeabi/bin/../lib/gcc/arm-none-eabi/7.2.1/thumb/v6-m/crti.o
                0x0000000000002d90                _init
 .init          0x0000000000002d94        0x8 /Users/gregory/.platformio/packages/toolchain-gccarmnoneeabi/bin/../lib/gcc/arm-none-eabi/7.2.1/thumb/v6-m/crtn.o
                0x0000000000002d9c                . = ALIGN (0x4)
                0x0000000000002d9c                __preinit_array_start = .
 *(.preinit_array)
                0x0000000000002d9c                __preinit_array_end = .
                0x0000000000002d9c                . = ALIGN (0x4)
                0x0000000000002d9c                __init_array_start = .
 *(SORT_BY_NAME(.init_array.*))
 *(.init_array)
 .init_array    0x0000000000002d9c        0x4 /Users/gregory/.platformio/packages/toolchain-gccarmnoneeabi/bin/../lib/gcc/arm-none-eabi/7.2.1/thumb/v6-m/crtbegin.o
 .init_array    0x0000000000002da0        0x4 .pio/build/adafruit_feather_m0/src/list.o
 .init_array    0x0000000000002da4        0x4 .pio/build/adafruit_feather_m0/lib674/libfeather.a(input.o)
 .init_array    0x0000000000002da8        0x4 .pio/build/adafruit_feather_m0/lib674/libfeather.a(serial.o)
 .init_array    0x0000000000002dac        0x4 .pio/build/adafruit_feather_m0/lib674/libfeather.a(descriptors.o)
                0x0000000000002db0                __init_array_end = .
                0x0000000000002db0                . = ALIGN (0x4)
 *crtbegin.o(.ctors)
 *(EXCLUDE_FILE(*crtend.o) .ctors)
 *(SORT_BY_NAME(.ctors.*))
 *crtend.o(.ctors)
                0x0000000000002db0                . = ALIGN (0x4)
 *(.fini)
 .fini          0x0000000000002db0        0x4 /Users/gregory/.platformio/packages/toolchain-gccarmnoneeabi/bin/../lib/gcc/arm-none-eabi/7.2.1/thumb/v6-m/crti.o
                0x0000000000002db0                _fini
 .fini          0x0000000000002db4        0x8 /Users/gregory/.platformio/packages/toolchain-gccarmnoneeabi/bin/../lib/gcc/arm-none-eabi/7.2.1/thumb/v6-m/crtn.o
 *fill*         0x0000000000002dbc        0x4 
 .fini.__stub   0x0000000000002dc0       0x20 linker stubs
                0x0000000000002de0                . = ALIGN (0x4)
                0x0000000000002de0                __fini_array_start = .
 *(.fini_array)
 .fini_array    0x0000000000002de0        0x4 /Users/gregory/.platformio/packages/toolchain-gccarmnoneeabi/bin/../lib/gcc/arm-none-eabi/7.2.1/thumb/v6-m/crtbegin.o
 *(SORT_BY_NAME(.fini_array.*))
                0x0000000000002de4                __fini_array_end = .
 *crtbegin.o(.dtors)
 *(EXCLUDE_FILE(*crtend.o) .dtors)
 *(SORT_BY_NAME(.dtors.*))
 *crtend.o(.dtors)
                0x0000000000002de4                . = ALIGN (0x4)
                0x0000000000002de4                _efixed = .
                [!provide]                        PROVIDE (__exidx_start, .)

.glue_7         0x0000000000002de4        0x0
 .glue_7        0x0000000000002de4        0x0 linker stubs

.glue_7t        0x0000000000002de4        0x0
 .glue_7t       0x0000000000002de4        0x0 linker stubs

.vfp11_veneer   0x0000000000002de4        0x0
 .vfp11_veneer  0x0000000000002de4        0x0 linker stubs

.v4_bx          0x0000000000002de4        0x0
 .v4_bx         0x0000000000002de4        0x0 linker stubs

.iplt           0x0000000000002de4        0x0
 .iplt          0x0000000000002de4        0x0 /Users/gregory/.platformio/packages/toolchain-gccarmnoneeabi/bin/../lib/gcc/arm-none-eabi/7.2.1/thumb/v6-m/crtbegin.o

.igot.plt       0x0000000000002de4        0x0
 .igot.plt      0x0000000000002de4        0x0 /Users/gregory/.platformio/packages/toolchain-gccarmnoneeabi/bin/../lib/gcc/arm-none-eabi/7.2.1/thumb/v6-m/crtbegin.o

.eh_frame       0x0000000000002de4        0x0
 .eh_frame      0x0000000000002de4        0x0 /Users/gregory/.platformio/packages/toolchain-gccarmnoneeabi/bin/../lib/gcc/arm-none-eabi/7.2.1/thumb/v6-m/crtbegin.o

.rel.dyn        0x0000000000002de4        0x0
 .rel.iplt      0x0000000000002de4        0x0 /Users/gregory/.platformio/packages/toolchain-gccarmnoneeabi/bin/../lib/gcc/arm-none-eabi/7.2.1/thumb/v6-m/crtbegin.o

.ARM.exidx
 *(.ARM.exidx* .gnu.linkonce.armexidx.*)
                [!provide]                        PROVIDE (__exidx_end, .)
                0x0000000000002de4                . = ALIGN (0x4)
                0x0000000000002de4                _etext = .

.relocate       0x00000000200000b8      0x518 load address 0x0000000000002de4
                0x00000000200000b8                . = ALIGN (0x4)
                0x00000000200000b8                _srelocate = .
 *(.ramfunc .ramfunc.*)
 *(.ramfuncBLOnly .ramfuncBLOnly.*)
 .ramfuncBLOnly
                0x00000000200000b8      0x228 .pio/build/adafruit_feather_m0/src/debug.o
                0x00000000200000b8                Debug::input(Serial_t*, char*, unsigned char)
                0x00000000200002c0                Debug::updateBootloader()
 .ramfuncBLOnly.data
                0x00000000200002e0        0x4 .pio/build/adafruit_feather_m0/src/debug.o
                0x00000000200002e0                gotDataStr
 .ramfuncBLOnly
                0x00000000200002e4       0x28 .pio/build/adafruit_feather_m0/lib674/libfeather.a(program.o)
                0x00000000200002e4                Program::resetToBootloader()
 .ramfuncBLOnly
                0x000000002000030c       0x30 .pio/build/adafruit_feather_m0/lib674/libfeather.a(serial.o)
                0x000000002000030c                Serial_t::send(char const*)
 .ramfuncBLOnly
                0x000000002000033c       0x84 .pio/build/adafruit_feather_m0/lib674/libfeather.a(usb.o)
                0x000000002000033c                USB_CONN::writeAsync(char const*, unsigned long, unsigned char)
                0x0000000020000374                USB_Handler
 .ramfuncBLOnly
                0x00000000200003c0       0x64 .pio/build/adafruit_feather_m0/lib674/libfeather.a(handlers.o)
                0x00000000200003c0                USB_CONN::Handler_OUT(Serial_t*)
 *fill*         0x0000000020000424        0x4 
 .ramfuncBLOnly.__stub
                0x0000000020000428       0x80 linker stubs
 *(.data .data.*)
 .data._ZN4List14programsOnPageE
                0x00000000200004a8        0x1 .pio/build/adafruit_feather_m0/src/list.o
                0x00000000200004a8                List::programsOnPage
 *fill*         0x00000000200004a9        0x3 
 .data._ZN4List8selectedE
                0x00000000200004ac        0x4 .pio/build/adafruit_feather_m0/src/list.o
                0x00000000200004ac                List::selected
 .data._ZN5Input7DigitalE
                0x00000000200004b0        0x4 .pio/build/adafruit_feather_m0/lib674/libfeather.a(input.o)
                0x00000000200004b0                Input::Digital
 .data.numPixels
                0x00000000200004b4        0x4 .pio/build/adafruit_feather_m0/lib674/libfeather.a(lcd.o)
                0x00000000200004b4                numPixels
 .data.SD_FILLER_BYTE
                0x00000000200004b8        0x1 .pio/build/adafruit_feather_m0/lib674/libfeather.a(sd.o)
                0x00000000200004b8                SD_FILLER_BYTE
 .data._sleep_idling
                0x00000000200004b9        0x1 .pio/build/adafruit_feather_m0/lib674/libfeather.a(timer.o)
                0x00000000200004b9                _sleep_idling
 *fill*         0x00000000200004ba        0x2 
 .data._ZN8USB_CONN13devDescriptorE
                0x00000000200004bc       0x12 .pio/build/adafruit_feather_m0/lib674/libfeather.a(descriptors.o)
                0x00000000200004bc                USB_CONN::devDescriptor
 *fill*         0x00000000200004ce        0x2 
 .data._ZN8USB_CONN7stringsE
                0x00000000200004d0        0xc .pio/build/adafruit_feather_m0/lib674/libfeather.a(descriptors.o)
                0x00000000200004d0                USB_CONN::strings
 .data.debug_assoc
                0x00000000200004dc        0x8 .pio/build/adafruit_feather_m0/lib674/libfeather.a(descriptors.o)
                0x00000000200004dc                debug_assoc
 .data.debug_comm_desc
                0x00000000200004e4       0x13 .pio/build/adafruit_feather_m0/lib674/libfeather.a(descriptors.o)
                0x00000000200004e4                debug_comm_desc
 .data.debug_comm_endp
                0x00000000200004f7        0x7 .pio/build/adafruit_feather_m0/lib674/libfeather.a(descriptors.o)
                0x00000000200004f7                debug_comm_endp
 .data.debug_comm_iface
                0x00000000200004fe        0x9 .pio/build/adafruit_feather_m0/lib674/libfeather.a(descriptors.o)
                0x00000000200004fe                debug_comm_iface
 .data.debug_data_iface
                0x0000000020000507        0x9 .pio/build/adafruit_feather_m0/lib674/libfeather.a(descriptors.o)
                0x0000000020000507                debug_data_iface
 .data.debug_data_in_endp
                0x0000000020000510        0x7 .pio/build/adafruit_feather_m0/lib674/libfeather.a(descriptors.o)
                0x0000000020000510                debug_data_in_endp
 .data.debug_data_out_endp
                0x0000000020000517        0x7 .pio/build/adafruit_feather_m0/lib674/libfeather.a(descriptors.o)
                0x0000000020000517                debug_data_out_endp
 .data.serial_assoc
                0x000000002000051e        0x8 .pio/build/adafruit_feather_m0/lib674/libfeather.a(descriptors.o)
                0x000000002000051e                serial_assoc
 .data.serial_comm_desc
                0x0000000020000526       0x13 .pio/build/adafruit_feather_m0/lib674/libfeather.a(descriptors.o)
                0x0000000020000526                serial_comm_desc
 .data.serial_comm_endp
                0x0000000020000539        0x7 .pio/build/adafruit_feather_m0/lib674/libfeather.a(descriptors.o)
                0x0000000020000539                serial_comm_endp
 .data.serial_comm_iface
                0x0000000020000540        0x9 .pio/build/adafruit_feather_m0/lib674/libfeather.a(descriptors.o)
                0x0000000020000540                serial_comm_iface
 .data.serial_data_iface
                0x0000000020000549        0x9 .pio/build/adafruit_feather_m0/lib674/libfeather.a(descriptors.o)
                0x0000000020000549                serial_data_iface
 .data.serial_data_in_endp
                0x0000000020000552        0x7 .pio/build/adafruit_feather_m0/lib674/libfeather.a(descriptors.o)
                0x0000000020000552                serial_data_in_endp
 .data.serial_data_out_endp
                0x0000000020000559        0x7 .pio/build/adafruit_feather_m0/lib674/libfeather.a(descriptors.o)
                0x0000000020000559                serial_data_out_endp
 .data.usb_cfg  0x0000000020000560        0x9 .pio/build/adafruit_feather_m0/lib674/libfeather.a(descriptors.o)
                0x0000000020000560                usb_cfg
 *fill*         0x0000000020000569        0x3 
 .data._impure_ptr
                0x000000002000056c        0x4 /Users/gregory/.platformio/packages/toolchain-gccarmnoneeabi/bin/../lib/gcc/arm-none-eabi/7.2.1/../../../../arm-none-eabi/lib/thumb/v6-m/libc_nano.a(lib_a-impure.o)
                0x000000002000056c                _impure_ptr
 .data.impure_data
                0x0000000020000570       0x60 /Users/gregory/.platformio/packages/toolchain-gccarmnoneeabi/bin/../lib/gcc/arm-none-eabi/7.2.1/../../../../arm-none-eabi/lib/thumb/v6-m/libc_nano.a(lib_a-impure.o)
                0x00000000200005d0                . = ALIGN (0x4)
                0x00000000200005d0                _erelocate = .

.bss            0x00000000200005d0      0x474 load address 0x0000000000003300
                0x00000000200005d0                . = ALIGN (0x4)
                0x00000000200005d0                _sbss = .
                0x00000000200005d0                _szero = .
 *(.bss .bss.*)
 .bss           0x00000000200005d0       0x1c /Users/gregory/.platformio/packages/toolchain-gccarmnoneeabi/bin/../lib/gcc/arm-none-eabi/7.2.1/thumb/v6-m/crtbegin.o
 .bss._ZN5Debug5stateE
                0x00000000200005ec        0x1 .pio/build/adafruit_feather_m0/src/debug.o
                0x00000000200005ec                Debug::state
 *fill*         0x00000000200005ed        0x3 
 .bss._ZN5Debug6lengthE
                0x00000000200005f0        0x4 .pio/build/adafruit_feather_m0/src/debug.o
                0x00000000200005f0                Debug::length
 .bss._ZN5Debug7destptrE
                0x00000000200005f4        0x4 .pio/build/adafruit_feather_m0/src/debug.o
                0x00000000200005f4                Debug::destptr
 .bss._ZN4List10currentDirE
                0x00000000200005f8        0xc .pio/build/adafruit_feather_m0/src/list.o
                0x00000000200005f8                List::currentDir
 .bss._ZN4List15programClustersE
                0x0000000020000604       0x20 .pio/build/adafruit_feather_m0/src/list.o
                0x0000000020000604                List::programClusters
 .bss._ZN4List4metaE
                0x0000000020000624       0x25 .pio/build/adafruit_feather_m0/src/list.o
                0x0000000020000624                List::meta
 .bss.bootloaderUpdate
                0x0000000020000649        0x1 .pio/build/adafruit_feather_m0/src/main.o
                0x0000000020000649                bootloaderUpdate
 *fill*         0x000000002000064a        0x2 
 .bss._ZN5Input6AnalogE
                0x000000002000064c        0x4 .pio/build/adafruit_feather_m0/lib674/libfeather.a(input.o)
                0x000000002000064c                Input::Analog
 .bss.SD_DMA_TRASH
                0x0000000020000650        0x1 .pio/build/adafruit_feather_m0/lib674/libfeather.a(sd.o)
                0x0000000020000650                SD_DMA_TRASH
 *fill*         0x0000000020000651        0x3 
 .bss._ZN2SD10fatAddressE
                0x0000000020000654        0x4 .pio/build/adafruit_feather_m0/lib674/libfeather.a(sd.o)
                0x0000000020000654                SD::fatAddress
 .bss._ZN2SD10volAddressE
                0x0000000020000658        0x4 .pio/build/adafruit_feather_m0/lib674/libfeather.a(sd.o)
                0x0000000020000658                SD::volAddress
 .bss._ZN2SD11rootAddressE
                0x000000002000065c        0x4 .pio/build/adafruit_feather_m0/lib674/libfeather.a(sd.o)
                0x000000002000065c                SD::rootAddress
 .bss._ZN2SD19sectors_per_clusterE
                0x0000000020000660        0x1 .pio/build/adafruit_feather_m0/lib674/libfeather.a(sd.o)
                0x0000000020000660                SD::sectors_per_cluster
 .bss.sd_data   0x0000000020000661        0x6 .pio/build/adafruit_feather_m0/lib674/libfeather.a(sd.o)
                0x0000000020000661                sd_data
 .bss.sd_dma_state
                0x0000000020000667        0x1 .pio/build/adafruit_feather_m0/lib674/libfeather.a(sd.o)
                0x0000000020000667                sd_dma_state
 .bss.sd_long_response
                0x0000000020000668        0x4 .pio/build/adafruit_feather_m0/lib674/libfeather.a(sd.o)
                0x0000000020000668                sd_long_response
 .bss.sd_response
                0x000000002000066c        0x1 .pio/build/adafruit_feather_m0/lib674/libfeather.a(sd.o)
                0x000000002000066c                sd_response
 *fill*         0x000000002000066d        0x3 
 .bss.sd_rx_descriptors
                0x0000000020000670       0x40 .pio/build/adafruit_feather_m0/lib674/libfeather.a(sd.o)
                0x0000000020000670                sd_rx_descriptors
 .bss.sd_tx_descriptors
                0x00000000200006b0       0x40 .pio/build/adafruit_feather_m0/lib674/libfeather.a(sd.o)
                0x00000000200006b0                sd_tx_descriptors
 .bss._ZN8Serial_t5debugE
                0x00000000200006f0       0x10 .pio/build/adafruit_feather_m0/lib674/libfeather.a(serial.o)
                0x00000000200006f0                Serial_t::debug
 .bss._ZN8Serial_t6serialE
                0x0000000020000700       0x10 .pio/build/adafruit_feather_m0/lib674/libfeather.a(serial.o)
                0x0000000020000700                Serial_t::serial
 .bss._ZN8USB_CONN15endpoint_in_bfrE
                0x0000000020000710       0xc0 .pio/build/adafruit_feather_m0/lib674/libfeather.a(usb.o)
                0x0000000020000710                USB_CONN::endpoint_in_bfr
 .bss._ZN8USB_CONN16endpoint_out_bfrE
                0x00000000200007d0       0xc0 .pio/build/adafruit_feather_m0/lib674/libfeather.a(usb.o)
                0x00000000200007d0                USB_CONN::endpoint_out_bfr
 .bss._ZN8USB_CONN20currentConfigurationE
                0x0000000020000890        0x1 .pio/build/adafruit_feather_m0/lib674/libfeather.a(usb.o)
                0x0000000020000890                USB_CONN::currentConfiguration
 *fill*         0x0000000020000891        0x3 
 .bss._ZN8USB_CONN9endpointsE
                0x0000000020000894       0x80 .pio/build/adafruit_feather_m0/lib674/libfeather.a(usb.o)
                0x0000000020000894                USB_CONN::endpoints
 *fill*         0x0000000020000914        0xc 
 .bss.DMACFG    0x0000000020000920       0x40 .pio/build/adafruit_feather_m0/lib674/libfeather.a(dma.o)
                0x0000000020000920                DMACFG
 .bss._DMAWRB   0x0000000020000960       0x40 .pio/build/adafruit_feather_m0/lib674/libfeather.a(dma.o)
                0x0000000020000960                _DMAWRB
 .bss._ZN8USB_CONN13cfgDescriptorE
                0x00000000200009a0       0x8d .pio/build/adafruit_feather_m0/lib674/libfeather.a(descriptors.o)
                0x00000000200009a0                USB_CONN::cfgDescriptor
 *fill*         0x0000000020000a2d        0x3 
 .bss._ZN12_GLOBAL__N_113__new_handlerE
                0x0000000020000a30        0x4 /Users/gregory/.platformio/packages/toolchain-gccarmnoneeabi/bin/../lib/gcc/arm-none-eabi/7.2.1/../../../../arm-none-eabi/lib/thumb/v6-m/libstdc++_nano.a(new_handler.o)
 .bss.__malloc_free_list
                0x0000000020000a34        0x4 /Users/gregory/.platformio/packages/toolchain-gccarmnoneeabi/bin/../lib/gcc/arm-none-eabi/7.2.1/../../../../arm-none-eabi/lib/thumb/v6-m/libc_nano.a(lib_a-nano-mallocr.o)
                0x0000000020000a34                __malloc_free_list
 .bss.__malloc_sbrk_start
                0x0000000020000a38        0x4 /Users/gregory/.platformio/packages/toolchain-gccarmnoneeabi/bin/../lib/gcc/arm-none-eabi/7.2.1/../../../../arm-none-eabi/lib/thumb/v6-m/libc_nano.a(lib_a-nano-mallocr.o)
                0x0000000020000a38                __malloc_sbrk_start
 .bss.heap_end.4102
                0x0000000020000a3c        0x4 /Users/gregory/.platformio/packages/toolchain-gccarmnoneeabi/bin/../lib/gcc/arm-none-eabi/7.2.1/../../../../arm-none-eabi/lib/thumb/v6-m/libnosys.a(sbrk.o)
 *(COMMON)
 COMMON         0x0000000020000a40        0x4 /Users/gregory/.platformio/packages/toolchain-gccarmnoneeabi/bin/../lib/gcc/arm-none-eabi/7.2.1/../../../../arm-none-eabi/lib/thumb/v6-m/libc_nano.a(lib_a-reent.o)
                0x0000000020000a40                errno
                0x0000000020000a44                . = ALIGN (0x4)
                0x0000000020000a44                _ebss = .
                0x0000000020000a44                _ezero = .

.stack          0x0000000020000a44     0x2004 load address 0x0000000000003774
                0x0000000020000a48                . = ALIGN (0x8)
 *fill*         0x0000000020000a44        0x4 
                0x0000000020000a48                _sstack = .
                0x0000000020002a48                . = (. + STACK_SIZE)
 *fill*         0x0000000020000a48     0x2000 
                0x0000000020002a48                . = ALIGN (0x8)
                0x0000000020002a48                _estack = .
                0x0000000020002a48                . = ALIGN (0x4)
                0x0000000020002a48                _end = .
                0x0000000020002a48                end = _end
LOAD .pio/build/adafruit_feather_m0/src/debug.o
LOAD .pio/build/adafruit_feather_m0/src/help.o
LOAD .pio/build/adafruit_feather_m0/src/list.o
LOAD .pio/build/adafruit_feather_m0/src/load.o
LOAD .pio/build/adafruit_feather_m0/src/log.o
LOAD .pio/build/adafruit_feather_m0/src/main.o
LOAD .pio/build/adafruit_feather_m0/src/program.o
LOAD .pio/build/adafruit_feather_m0/src/turtle.o
START GROUP
LOAD .pio/build/adafruit_feather_m0/lib674/libfeather.a
END GROUP
LOAD /Users/gregory/.platformio/packages/toolchain-gccarmnoneeabi/bin/../lib/gcc/arm-none-eabi/7.2.1/../../../../arm-none-eabi/lib/thumb/v6-m/libstdc++_nano.a
LOAD /Users/gregory/.platformio/packages/toolchain-gccarmnoneeabi/bin/../lib/gcc/arm-none-eabi/7.2.1/../../../../arm-none-eabi/lib/thumb/v6-m/libm.a
START GROUP
LOAD /Users/gregory/.platformio/packages/toolchain-gccarmnoneeabi/bin/../lib/gcc/arm-none-eabi/7.2.1/thumb/v6-m/libgcc.a
LOAD /Users/gregory/.platformio/packages/toolchain-gccarmnoneeabi/bin/../lib/gcc/arm-none-eabi/7.2.1/../../../../arm-none-eabi/lib/thumb/v6-m/libc_nano.a
END GROUP
START GROUP
LOAD /Users/gregory/.platformio/packages/toolchain-gccarmnoneeabi/bin/../lib/gcc/arm-none-eabi/7.2.1/thumb/v6-m/libgcc.a
LOAD /Users/gregory/.platformio/packages/toolchain-gccarmnoneeabi/bin/../lib/gcc/arm-none-eabi/7.2.1/../../../../arm-none-eabi/lib/thumb/v6-m/libc_nano.a
LOAD /Users/gregory/.platformio/packages/toolchain-gccarmnoneeabi/bin/../lib/gcc/arm-none-eabi/7.2.1/../../../../arm-none-eabi/lib/thumb/v6-m/libnosys.a
END GROUP
START GROUP
LOAD /Users/gregory/.platformio/packages/toolchain-gccarmnoneeabi/bin/../lib/gcc/arm-none-eabi/7.2.1/thumb/v6-m/libgcc.a
LOAD /Users/gregory/.platformio/packages/toolchain-gccarmnoneeabi/bin/../lib/gcc/arm-none-eabi/7.2.1/../../../../arm-none-eabi/lib/thumb/v6-m/libc_nano.a
LOAD /Users/gregory/.platformio/packages/toolchain-gccarmnoneeabi/bin/../lib/gcc/arm-none-eabi/7.2.1/../../../../arm-none-eabi/lib/thumb/v6-m/libnosys.a
END GROUP
LOAD /Users/gregory/.platformio/packages/toolchain-gccarmnoneeabi/bin/../lib/gcc/arm-none-eabi/7.2.1/thumb/v6-m/crtend.o
LOAD /Users/gregory/.platformio/packages/toolchain-gccarmnoneeabi/bin/../lib/gcc/arm-none-eabi/7.2.1/thumb/v6-m/crtn.o
OUTPUT(.pio/build/adafruit_feather_m0/firmware.elf elf32-littlearm)

.ARM.attributes
                0x0000000000000000       0x28
 .ARM.attributes
                0x0000000000000000       0x1e /Users/gregory/.platformio/packages/toolchain-gccarmnoneeabi/bin/../lib/gcc/arm-none-eabi/7.2.1/thumb/v6-m/crti.o
 .ARM.attributes
                0x000000000000001e       0x2c /Users/gregory/.platformio/packages/toolchain-gccarmnoneeabi/bin/../lib/gcc/arm-none-eabi/7.2.1/thumb/v6-m/crtbegin.o
 .ARM.attributes
                0x000000000000004a       0x32 .pio/build/adafruit_feather_m0/src/debug.o
 .ARM.attributes
                0x000000000000007c       0x32 .pio/build/adafruit_feather_m0/src/help.o
 .ARM.attributes
                0x00000000000000ae       0x32 .pio/build/adafruit_feather_m0/src/list.o
 .ARM.attributes
                0x00000000000000e0       0x32 .pio/build/adafruit_feather_m0/src/main.o
 .ARM.attributes
                0x0000000000000112       0x32 .pio/build/adafruit_feather_m0/src/program.o
 .ARM.attributes
                0x0000000000000144       0x32 .pio/build/adafruit_feather_m0/src/turtle.o
 .ARM.attributes
                0x0000000000000176       0x32 .pio/build/adafruit_feather_m0/lib674/libfeather.a(error.o)
 .ARM.attributes
                0x00000000000001a8       0x32 .pio/build/adafruit_feather_m0/lib674/libfeather.a(font.o)
 .ARM.attributes
                0x00000000000001da       0x32 .pio/build/adafruit_feather_m0/lib674/libfeather.a(image.o)
 .ARM.attributes
                0x000000000000020c       0x32 .pio/build/adafruit_feather_m0/lib674/libfeather.a(init.o)
 .ARM.attributes
                0x000000000000023e       0x32 .pio/build/adafruit_feather_m0/lib674/libfeather.a(input.o)
 .ARM.attributes
                0x0000000000000270       0x32 .pio/build/adafruit_feather_m0/lib674/libfeather.a(lcd.o)
 .ARM.attributes
                0x00000000000002a2       0x32 .pio/build/adafruit_feather_m0/lib674/libfeather.a(program.o)
 .ARM.attributes
                0x00000000000002d4       0x32 .pio/build/adafruit_feather_m0/lib674/libfeather.a(dir.o)
 .ARM.attributes
                0x0000000000000306       0x32 .pio/build/adafruit_feather_m0/lib674/libfeather.a(file.o)
 .ARM.attributes
                0x0000000000000338       0x32 .pio/build/adafruit_feather_m0/lib674/libfeather.a(sd.o)
 .ARM.attributes
                0x000000000000036a       0x32 .pio/build/adafruit_feather_m0/lib674/libfeather.a(serial.o)
 .ARM.attributes
                0x000000000000039c       0x32 .pio/build/adafruit_feather_m0/lib674/libfeather.a(startup.o)
 .ARM.attributes
                0x00000000000003ce       0x32 .pio/build/adafruit_feather_m0/lib674/libfeather.a(text.o)
 .ARM.attributes
                0x0000000000000400       0x32 .pio/build/adafruit_feather_m0/lib674/libfeather.a(timer.o)
 .ARM.attributes
                0x0000000000000432       0x32 .pio/build/adafruit_feather_m0/lib674/libfeather.a(usb.o)
 .ARM.attributes
                0x0000000000000464       0x32 .pio/build/adafruit_feather_m0/lib674/libfeather.a(dma.o)
 .ARM.attributes
                0x0000000000000496       0x32 .pio/build/adafruit_feather_m0/lib674/libfeather.a(handlers.o)
 .ARM.attributes
                0x00000000000004c8       0x32 .pio/build/adafruit_feather_m0/lib674/libfeather.a(descriptors.o)
 .ARM.attributes
                0x00000000000004fa       0x2c /Users/gregory/.platformio/packages/toolchain-gccarmnoneeabi/bin/../lib/gcc/arm-none-eabi/7.2.1/../../../../arm-none-eabi/lib/thumb/v6-m/libstdc++_nano.a(new_op.o)
 .ARM.attributes
                0x0000000000000526       0x2c /Users/gregory/.platformio/packages/toolchain-gccarmnoneeabi/bin/../lib/gcc/arm-none-eabi/7.2.1/../../../../arm-none-eabi/lib/thumb/v6-m/libstdc++_nano.a(new_handler.o)
 .ARM.attributes
                0x0000000000000552       0x1e /Users/gregory/.platformio/packages/toolchain-gccarmnoneeabi/bin/../lib/gcc/arm-none-eabi/7.2.1/thumb/v6-m/libgcc.a(_thumb1_case_uqi.o)
 .ARM.attributes
                0x0000000000000570       0x2c /Users/gregory/.platformio/packages/toolchain-gccarmnoneeabi/bin/../lib/gcc/arm-none-eabi/7.2.1/../../../../arm-none-eabi/lib/thumb/v6-m/libc_nano.a(lib_a-abort.o)
 .ARM.attributes
                0x000000000000059c       0x2c /Users/gregory/.platformio/packages/toolchain-gccarmnoneeabi/bin/../lib/gcc/arm-none-eabi/7.2.1/../../../../arm-none-eabi/lib/thumb/v6-m/libc_nano.a(lib_a-impure.o)
 .ARM.attributes
                0x00000000000005c8       0x2c /Users/gregory/.platformio/packages/toolchain-gccarmnoneeabi/bin/../lib/gcc/arm-none-eabi/7.2.1/../../../../arm-none-eabi/lib/thumb/v6-m/libc_nano.a(lib_a-init.o)
 .ARM.attributes
                0x00000000000005f4       0x2c /Users/gregory/.platformio/packages/toolchain-gccarmnoneeabi/bin/../lib/gcc/arm-none-eabi/7.2.1/../../../../arm-none-eabi/lib/thumb/v6-m/libc_nano.a(lib_a-malloc.o)
 .ARM.attributes
                0x0000000000000620       0x2c /Users/gregory/.platformio/packages/toolchain-gccarmnoneeabi/bin/../lib/gcc/arm-none-eabi/7.2.1/../../../../arm-none-eabi/lib/thumb/v6-m/libc_nano.a(lib_a-memcpy-stub.o)
 .ARM.attributes
                0x000000000000064c       0x2c /Users/gregory/.platformio/packages/toolchain-gccarmnoneeabi/bin/../lib/gcc/arm-none-eabi/7.2.1/../../../../arm-none-eabi/lib/thumb/v6-m/libc_nano.a(lib_a-memset.o)
 .ARM.attributes
                0x0000000000000678       0x2c /Users/gregory/.platformio/packages/toolchain-gccarmnoneeabi/bin/../lib/gcc/arm-none-eabi/7.2.1/../../../../arm-none-eabi/lib/thumb/v6-m/libc_nano.a(lib_a-nano-mallocr.o)
 .ARM.attributes
                0x00000000000006a4       0x2c /Users/gregory/.platformio/packages/toolchain-gccarmnoneeabi/bin/../lib/gcc/arm-none-eabi/7.2.1/../../../../arm-none-eabi/lib/thumb/v6-m/libc_nano.a(lib_a-sbrkr.o)
 .ARM.attributes
                0x00000000000006d0       0x2c /Users/gregory/.platformio/packages/toolchain-gccarmnoneeabi/bin/../lib/gcc/arm-none-eabi/7.2.1/../../../../arm-none-eabi/lib/thumb/v6-m/libc_nano.a(lib_a-signal.o)
 .ARM.attributes
                0x00000000000006fc       0x2c /Users/gregory/.platformio/packages/toolchain-gccarmnoneeabi/bin/../lib/gcc/arm-none-eabi/7.2.1/../../../../arm-none-eabi/lib/thumb/v6-m/libc_nano.a(lib_a-signalr.o)
 .ARM.attributes
                0x0000000000000728       0x2c /Users/gregory/.platformio/packages/toolchain-gccarmnoneeabi/bin/../lib/gcc/arm-none-eabi/7.2.1/../../../../arm-none-eabi/lib/thumb/v6-m/libc_nano.a(lib_a-mlock.o)
 .ARM.attributes
                0x0000000000000754       0x2c /Users/gregory/.platformio/packages/toolchain-gccarmnoneeabi/bin/../lib/gcc/arm-none-eabi/7.2.1/../../../../arm-none-eabi/lib/thumb/v6-m/libc_nano.a(lib_a-reent.o)
 .ARM.attributes
                0x0000000000000780       0x2c /Users/gregory/.platformio/packages/toolchain-gccarmnoneeabi/bin/../lib/gcc/arm-none-eabi/7.2.1/../../../../arm-none-eabi/lib/thumb/v6-m/libnosys.a(getpid.o)
 .ARM.attributes
                0x00000000000007ac       0x2c /Users/gregory/.platformio/packages/toolchain-gccarmnoneeabi/bin/../lib/gcc/arm-none-eabi/7.2.1/../../../../arm-none-eabi/lib/thumb/v6-m/libnosys.a(kill.o)
 .ARM.attributes
                0x00000000000007d8       0x2c /Users/gregory/.platformio/packages/toolchain-gccarmnoneeabi/bin/../lib/gcc/arm-none-eabi/7.2.1/../../../../arm-none-eabi/lib/thumb/v6-m/libnosys.a(sbrk.o)
 .ARM.attributes
                0x0000000000000804       0x2c /Users/gregory/.platformio/packages/toolchain-gccarmnoneeabi/bin/../lib/gcc/arm-none-eabi/7.2.1/../../../../arm-none-eabi/lib/thumb/v6-m/libnosys.a(_exit.o)
 .ARM.attributes
                0x0000000000000830       0x1e /Users/gregory/.platformio/packages/toolchain-gccarmnoneeabi/bin/../lib/gcc/arm-none-eabi/7.2.1/thumb/v6-m/crtn.o

.comment        0x0000000000000000       0x7e
 .comment       0x0000000000000000       0x7e .pio/build/adafruit_feather_m0/src/debug.o
                                         0x7f (size before relaxing)
 .comment       0x000000000000007e       0x7f .pio/build/adafruit_feather_m0/src/help.o
 .comment       0x000000000000007e       0x7f .pio/build/adafruit_feather_m0/src/list.o
 .comment       0x000000000000007e       0x7f .pio/build/adafruit_feather_m0/src/main.o
 .comment       0x000000000000007e       0x7f .pio/build/adafruit_feather_m0/src/program.o
 .comment       0x000000000000007e       0x7f .pio/build/adafruit_feather_m0/src/turtle.o
 .comment       0x000000000000007e       0x7f .pio/build/adafruit_feather_m0/lib674/libfeather.a(error.o)
 .comment       0x000000000000007e       0x7f .pio/build/adafruit_feather_m0/lib674/libfeather.a(font.o)
 .comment       0x000000000000007e       0x7f .pio/build/adafruit_feather_m0/lib674/libfeather.a(image.o)
 .comment       0x000000000000007e       0x7f .pio/build/adafruit_feather_m0/lib674/libfeather.a(init.o)
 .comment       0x000000000000007e       0x7f .pio/build/adafruit_feather_m0/lib674/libfeather.a(input.o)
 .comment       0x000000000000007e       0x7f .pio/build/adafruit_feather_m0/lib674/libfeather.a(lcd.o)
 .comment       0x000000000000007e       0x7f .pio/build/adafruit_feather_m0/lib674/libfeather.a(program.o)
 .comment       0x000000000000007e       0x7f .pio/build/adafruit_feather_m0/lib674/libfeather.a(dir.o)
 .comment       0x000000000000007e       0x7f .pio/build/adafruit_feather_m0/lib674/libfeather.a(file.o)
 .comment       0x000000000000007e       0x7f .pio/build/adafruit_feather_m0/lib674/libfeather.a(sd.o)
 .comment       0x000000000000007e       0x7f .pio/build/adafruit_feather_m0/lib674/libfeather.a(serial.o)
 .comment       0x000000000000007e       0x7f .pio/build/adafruit_feather_m0/lib674/libfeather.a(startup.o)
 .comment       0x000000000000007e       0x7f .pio/build/adafruit_feather_m0/lib674/libfeather.a(text.o)
 .comment       0x000000000000007e       0x7f .pio/build/adafruit_feather_m0/lib674/libfeather.a(timer.o)
 .comment       0x000000000000007e       0x7f .pio/build/adafruit_feather_m0/lib674/libfeather.a(usb.o)
 .comment       0x000000000000007e       0x7f .pio/build/adafruit_feather_m0/lib674/libfeather.a(dma.o)
 .comment       0x000000000000007e       0x7f .pio/build/adafruit_feather_m0/lib674/libfeather.a(handlers.o)
 .comment       0x000000000000007e       0x7f .pio/build/adafruit_feather_m0/lib674/libfeather.a(descriptors.o)

.debug_frame    0x0000000000000000      0x3a8
 .debug_frame   0x0000000000000000       0x28 /Users/gregory/.platformio/packages/toolchain-gccarmnoneeabi/bin/../lib/gcc/arm-none-eabi/7.2.1/../../../../arm-none-eabi/lib/thumb/v6-m/libstdc++_nano.a(new_op.o)
 .debug_frame   0x0000000000000028       0x30 /Users/gregory/.platformio/packages/toolchain-gccarmnoneeabi/bin/../lib/gcc/arm-none-eabi/7.2.1/../../../../arm-none-eabi/lib/thumb/v6-m/libstdc++_nano.a(new_handler.o)
 .debug_frame   0x0000000000000058       0x28 /Users/gregory/.platformio/packages/toolchain-gccarmnoneeabi/bin/../lib/gcc/arm-none-eabi/7.2.1/../../../../arm-none-eabi/lib/thumb/v6-m/libc_nano.a(lib_a-abort.o)
 .debug_frame   0x0000000000000080       0x2c /Users/gregory/.platformio/packages/toolchain-gccarmnoneeabi/bin/../lib/gcc/arm-none-eabi/7.2.1/../../../../arm-none-eabi/lib/thumb/v6-m/libc_nano.a(lib_a-init.o)
 .debug_frame   0x00000000000000ac       0x40 /Users/gregory/.platformio/packages/toolchain-gccarmnoneeabi/bin/../lib/gcc/arm-none-eabi/7.2.1/../../../../arm-none-eabi/lib/thumb/v6-m/libc_nano.a(lib_a-malloc.o)
 .debug_frame   0x00000000000000ec       0x28 /Users/gregory/.platformio/packages/toolchain-gccarmnoneeabi/bin/../lib/gcc/arm-none-eabi/7.2.1/../../../../arm-none-eabi/lib/thumb/v6-m/libc_nano.a(lib_a-memcpy-stub.o)
 .debug_frame   0x0000000000000114       0x20 /Users/gregory/.platformio/packages/toolchain-gccarmnoneeabi/bin/../lib/gcc/arm-none-eabi/7.2.1/../../../../arm-none-eabi/lib/thumb/v6-m/libc_nano.a(lib_a-memset.o)
 .debug_frame   0x0000000000000134       0x2c /Users/gregory/.platformio/packages/toolchain-gccarmnoneeabi/bin/../lib/gcc/arm-none-eabi/7.2.1/../../../../arm-none-eabi/lib/thumb/v6-m/libc_nano.a(lib_a-nano-mallocr.o)
 .debug_frame   0x0000000000000160       0x2c /Users/gregory/.platformio/packages/toolchain-gccarmnoneeabi/bin/../lib/gcc/arm-none-eabi/7.2.1/../../../../arm-none-eabi/lib/thumb/v6-m/libc_nano.a(lib_a-sbrkr.o)
 .debug_frame   0x000000000000018c       0xe0 /Users/gregory/.platformio/packages/toolchain-gccarmnoneeabi/bin/../lib/gcc/arm-none-eabi/7.2.1/../../../../arm-none-eabi/lib/thumb/v6-m/libc_nano.a(lib_a-signal.o)
 .debug_frame   0x000000000000026c       0x44 /Users/gregory/.platformio/packages/toolchain-gccarmnoneeabi/bin/../lib/gcc/arm-none-eabi/7.2.1/../../../../arm-none-eabi/lib/thumb/v6-m/libc_nano.a(lib_a-signalr.o)
 .debug_frame   0x00000000000002b0       0x30 /Users/gregory/.platformio/packages/toolchain-gccarmnoneeabi/bin/../lib/gcc/arm-none-eabi/7.2.1/../../../../arm-none-eabi/lib/thumb/v6-m/libc_nano.a(lib_a-mlock.o)
 .debug_frame   0x00000000000002e0       0x48 /Users/gregory/.platformio/packages/toolchain-gccarmnoneeabi/bin/../lib/gcc/arm-none-eabi/7.2.1/../../../../arm-none-eabi/lib/thumb/v6-m/libc_nano.a(lib_a-reent.o)
 .debug_frame   0x0000000000000328       0x20 /Users/gregory/.platformio/packages/toolchain-gccarmnoneeabi/bin/../lib/gcc/arm-none-eabi/7.2.1/../../../../arm-none-eabi/lib/thumb/v6-m/libnosys.a(getpid.o)
 .debug_frame   0x0000000000000348       0x20 /Users/gregory/.platformio/packages/toolchain-gccarmnoneeabi/bin/../lib/gcc/arm-none-eabi/7.2.1/../../../../arm-none-eabi/lib/thumb/v6-m/libnosys.a(kill.o)
 .debug_frame   0x0000000000000368       0x20 /Users/gregory/.platformio/packages/toolchain-gccarmnoneeabi/bin/../lib/gcc/arm-none-eabi/7.2.1/../../../../arm-none-eabi/lib/thumb/v6-m/libnosys.a(sbrk.o)
 .debug_frame   0x0000000000000388       0x20 /Users/gregory/.platformio/packages/toolchain-gccarmnoneeabi/bin/../lib/gcc/arm-none-eabi/7.2.1/../../../../arm-none-eabi/lib/thumb/v6-m/libnosys.a(_exit.o)

.stab           0x0000000000000000       0x3c
 .stab          0x0000000000000000       0x24 /Users/gregory/.platformio/packages/toolchain-gccarmnoneeabi/bin/../lib/gcc/arm-none-eabi/7.2.1/../../../../arm-none-eabi/lib/thumb/v6-m/libnosys.a(getpid.o)
 .stab          0x0000000000000024       0x18 /Users/gregory/.platformio/packages/toolchain-gccarmnoneeabi/bin/../lib/gcc/arm-none-eabi/7.2.1/../../../../arm-none-eabi/lib/thumb/v6-m/libnosys.a(kill.o)
                                         0x24 (size before relaxing)

.stabstr        0x0000000000000000       0x76
 .stabstr       0x0000000000000000       0x76 /Users/gregory/.platformio/packages/toolchain-gccarmnoneeabi/bin/../lib/gcc/arm-none-eabi/7.2.1/../../../../arm-none-eabi/lib/thumb/v6-m/libnosys.a(getpid.o)
